BethanyBethanyBethanyBethanyBethanyBethanyBethanyBethanyBethanyBethanyBethanyBethanyBethanyBethanyBethanyBethanyBethanyBethanyBethanyBethanyBethanyBethanyBethanyBethanyBethanyBethanyBethanyBethanyBethanyBethanyBethanyBethanyBethanyBethanyBethanyBethanyBethanyBethanyBethanyBethanyBethanyBethanyBethanyBethanyBethanyBethanyBethanyBethanyBethanyBethanyBethanyBethanyBethanyBethanyBethanyBethanyBethanyBethanyBethanyBethanyBethanyBethanyBethanyBethanyBethanyBethanyBethanyBethanyBethanyBethanyBethanyBethanyBethanyBethanyBethanyBethanyBethanyBethanyBethanyBethanyBethanyBethanyBethanyBethanyBethanyBethanyBethanyBethanyBethanyBethanyBethanyadminadminadminadminadminadminadminadminadminadminadminadminadminadminadminadminadminadminadminadminadminadminadminadminadminadminadminadminadminadminadminadminadminadminadminadminadminadminadminadminadminadminadminadminadminadminadminadminadminadminadminadminadminadminadminadminadminadminadminadminadminadminadminadminadminadminadminadminadminadminadminadminadminadminadminadminadminadminadminadminadminadminadminadminadminadminadminadminadminadminadmincforstercforstercforstercforstercforstercforstercforstercforstercforstercforstercforstercforstercforstercforstercforstercforstercforstercforstercforstercforstercforstercforstercforstercforstercforstercforstercforstercforstercforstercforstercforstercforstercforstercforstercforstercforstercforstercforstercforstercforstercforstercforstercforstercforstercforstercforstercforstercforstercforstercforstercforstercforstercforstercforstercforstercforstercforstercforstercforstercforstercforstercforstercforstercforstercforstercforstercforstercforstercforstercforstercforstercforstercforstercforstercforstercforstercforstercforstercforstercforstercforstercforstercforstercforstercforstercforstercforstercforstercforstercforstercforsterzes9bxzes9bxzes9bxzes9bxzes9bxzes9bxzes9bxzes9bxzes9bxzes9bxzes9bxzes9bxzes9bxzes9bxzes9bxzes9bxzes9bxzes9bxzes9bxzes9bxzes9bxzes9bxzes9bxzes9bxzes9bxzes9bxzes9bxzes9bxzes9bxzes9bxzes9bxzes9bxzes9bxzes9bxzes9bxzes9bxzes9bxzes9bxzes9bxzes9bxzes9bxzes9bxzes9bxzes9bxzes9bxzes9bxzes9bxzes9bxzes9bxzes9bxzes9bxzes9bxzes9bxzes9bxzes9bxzes9bxzes9bxzes9bxzes9bxzes9bxzes9bxzes9bxzes9bxzes9bxzes9bxzes9bxzes9bxzes9bxzes9bxzes9bxzes9bxzes9bxzes9bxzes9bxzes9bxzes9bxzes9bxzes9bxzes9bxzes9bxzes9bxzes9bxzes9bxzes9bxzes9bxzes9bxzes9bxzes9bxzes9bxzes9bxzes9bxspyrosspyrosspyrosspyrosspyrosspyrosspyrosspyrosspyrosspyrosspyrosspyrosspyrosspyrosspyrosspyrosspyrosspyrosspyrosspyrosspyrosspyrosspyrosspyrosspyrosspyrosspyrosspyrosspyrosspyrosspyrosspyrosspyrosspyrosspyrosspyrosspyrosspyrosspyrosspyrosspyrosspyrosspyrosspyrosspyrosspyrosspyrosspyrosspyrosspyrosspyrosspyrosspyrosspyrosspyrosspyrosspyrosspyrosspyrosspyrosspyrosspyrosspyrosspyrosspyrosspyrosspyrosspyrosspyrosspyrosspyrosspyrosspyrosspyrosspyrosspyrosspyrosspyrosspyrosspyrosspyrosspyrosspyrosspyrosspyrosspyrosspyrosspyrosspyrosspyrosspyrosadminadminadminadminadminadminadminadminadminadminadminadminadminadminadminadminadminadminadminadminadminadminadminadminadminadminadminadminadminadminadminadminadminadminadminadminadminadminadminadminadminadminadminadminadminadminadminadminadminadminadminadminadminadminadminadminadminadminadminadminadminadminadminadminadminadminadminadminadminadminadminadminadminadminadminadminadminadminadminadminadminadminadminadminadminadminadminadminadminadminadminjabauerjabauerjabauerjabauerjabauerjabauerjabauerjabauerjabauerjabauerjabauerjabauerjabauerjabauerjabauerjabauerjabauerjabauerjabauerjabauerjabauerjabauerjabauerjabauerjabauerjabauerjabauerjabauerjabauerjabauerjabauerjabauerjabauerjabauerjabauerjabauerjabauerjabauerjabauerjabauerjabauerjabauerjabauerjabauerjabauerjabauerjabauerjabauerjabauerjabauerjabauerjabauerjabauerjabauerjabauerjabauerjabauerjabauerjabauerjabauerjabauerjabauerjabauerjabauerjabauerjabauerjabauerjabauerjabauerjabauerjabauerjabauerjabauerjabauerjabauerjabauerjabauerjabauerjabauerjabauerjabauerjabauerjabauerjabauerjabauerjabauerjabauerjabauerjabauerjabauerjabauerjabauerjabauerjabauerjabauerjabauerjabauerjabauerjabauerjabauerjabauerjabauerjabauerjabauerjabauerjabauerjabauerjabauerjabauerjabauerjabauerjabauerjabauerjabauerjabauerjabauerjabauerjabauerjabauerjabauerjabauerjabauerjabauerjabauerjabauerjabauerjabauerjabauerjabauerjabauerjabauerjabauerjabauerjabauerjabauerjabauerjabauerjabauerjabauerjabauerjabauerjabauerjabauerjabauerjabauerjabauerjabauerjabauerjabauerjabauerjabauerjabauerjabauerjabauerjabauerjabauerjabauerjabauerjabauerjabauerjabauerjabauerjabauerjabauerjabauerjabauerjabauerjabauerjabauerjabauerjabauerjabauerjabauerjabauerjabauerjabauerjabauerjabauerjabauerjabauerjabauerjabaueradminadminadminadminadminadminadminadminadminadminadminadminadminadminadminadminadminadminadminadminadminadminadminadminadminadminadminadminadminadminadminadminadminadminadminadminadminadminadminadminadminadminadminadminadminadminadminadminadminadminadminadminadminadminadminadminadminadminadminadminadminadminadminadminadminadminadminadminadminadminadminadminadminadminadminadminadminadminadminadminadminadminadminadminadminadminadminadminadminadminadminmam3tcmam3tcmam3tcmam3tcmam3tcmam3tcmam3tcmam3tcmam3tcmam3tcmam3tcmam3tcmam3tcmam3tcmam3tcmam3tcmam3tcmam3tcmam3tcmam3tcmam3tcmam3tcmam3tcmam3tcmam3tcmam3tcmam3tcmam3tcmam3tcmam3tcmam3tcmam3tcmam3tcmam3tcmam3tcmam3tcmam3tcmam3tcmam3tcmam3tcmam3tcmam3tcmam3tcmam3tcmam3tcmam3tcmam3tcmam3tcmam3tcmam3tcmam3tcmam3tcmam3tcmam3tcmam3tcmam3tcmam3tcmam3tcmam3tcmam3tcmam3tcmam3tcmam3tcmam3tcmam3tcmam3tcmam3tcmam3tcmam3tcmam3tcmam3tcmam3tcmam3tcmam3tcmam3tcmam3tcmam3tcmam3tcmam3tcmam3tcmam3tcmam3tcmam3tcmam3tcmam3tcmam3tcmam3tcmam3tcmam3tcmam3tcmam3tcalh3falh3falh3falh3falh3falh3falh3falh3falh3falh3falh3falh3falh3falh3falh3falh3falh3falh3falh3falh3falh3falh3falh3falh3falh3falh3falh3falh3falh3falh3falh3falh3falh3falh3falh3falh3falh3falh3falh3falh3falh3falh3falh3falh3falh3falh3falh3falh3falh3falh3falh3falh3falh3falh3falh3falh3falh3falh3falh3falh3falh3falh3falh3falh3falh3falh3falh3falh3falh3falh3falh3falh3falh3falh3falh3falh3falh3falh3falh3falh3falh3falh3falh3falh3falh3falh3falh3falh3falh3falh3falh3fadminadminadminadminadminadminadminadminadminadminadminadminadminadminadminadminadminadminadminadminadminadminadminadminadminadminadminadminadminadminadminadminadminadminadminadminadminadminadminadminadminadminadminadminadminadminadminadminadminadminadminadminadminadminadminadminadminadminadminadminadminadminadminadminadminadminadminadminadminadminadminadminadminadminadminadminadminadminadminadminadminadminadminadminadminadminadminadminadminadminadminjbk3yjbk3yjbk3yjbk3yjbk3yjbk3yjbk3yjbk3yjbk3yjbk3yjbk3yjbk3yjbk3yjbk3yjbk3yjbk3yjbk3yjbk3yjbk3yjbk3yjbk3yjbk3yjbk3yjbk3yjbk3yjbk3yjbk3yjbk3yjbk3yjbk3yjbk3yjbk3yjbk3yjbk3yjbk3yjbk3yjbk3yjbk3yjbk3yjbk3yjbk3yjbk3yjbk3yjbk3yjbk3yjbk3yjbk3yjbk3yjbk3yjbk3yjbk3yjbk3yjbk3yjbk3yjbk3yjbk3yjbk3yjbk3yjbk3yjbk3yjbk3yjbk3yjbk3yjbk3yjbk3yjbk3yjbk3yjbk3yjbk3yjbk3yjbk3yjbk3yjbk3yjbk3yjbk3yjbk3yjbk3yjbk3yjbk3yjbk3yjbk3yjbk3yjbk3yjbk3yjbk3yjbk3yjbk3yjbk3yjbk3yjbk3yjbk3ygbp2qgbp2qgbp2qgbp2qgbp2qgbp2qgbp2qgbp2qgbp2qgbp2qgbp2qgbp2qgbp2qgbp2qgbp2qgbp2qgbp2qgbp2qgbp2qgbp2qgbp2qgbp2qgbp2qgbp2qgbp2qgbp2qgbp2qgbp2qgbp2qgbp2qgbp2qgbp2qgbp2qgbp2qgbp2qgbp2qgbp2qgbp2qgbp2qgbp2qgbp2qgbp2qgbp2qgbp2qgbp2qgbp2qgbp2qgbp2qgbp2qgbp2qgbp2qgbp2qgbp2qgbp2qgbp2qgbp2qgbp2qgbp2qgbp2qgbp2qgbp2qgbp2qgbp2qgbp2qgbp2qgbp2qgbp2qgbp2qgbp2qgbp2qgbp2qgbp2qgbp2qgbp2qgbp2qgbp2qgbp2qgbp2qgbp2qgbp2qgbp2qgbp2qgbp2qgbp2qgbp2qgbp2qgbp2qgbp2qgbp2qgbp2qgbp2qwmr8ewmr8ewmr8ewmr8ewmr8ewmr8ewmr8ewmr8ewmr8ewmr8ewmr8ewmr8ewmr8ewmr8ewmr8ewmr8ewmr8ewmr8ewmr8ewmr8ewmr8ewmr8ewmr8ewmr8ewmr8ewmr8ewmr8ewmr8ewmr8ewmr8ewmr8ewmr8ewmr8ewmr8ewmr8ewmr8ewmr8ewmr8ewmr8ewmr8ewmr8ewmr8ewmr8ewmr8ewmr8ewmr8ewmr8ewmr8ewmr8ewmr8ewmr8ewmr8ewmr8ewmr8ewmr8ewmr8ewmr8ewmr8ewmr8ewmr8ewmr8ewmr8ewmr8ewmr8ewmr8ewmr8ewmr8ewmr8ewmr8ewmr8ewmr8ewmr8ewmr8ewmr8ewmr8ewmr8ewmr8ewmr8ewmr8ewmr8ewmr8ewmr8ewmr8ewmr8ewmr8ewmr8ewmr8ewmr8ewmr8ewmr8ewmr8eadminadminadminadminadminadminadminadminadminadminadminadminadminadminadminadminadminadminadminadminadminadminadminadminadminadminadminadminadminadminadminadminadminadminadminadminadminadminadminadminadminadminadminadminadminadminadminadminadminadminadminadminadminadminadminadminadminadminadminadminadminadminadminadminadminadminadminadminadminadminadminadminadminadminadminadminadminadminadminadminadminadminadminadminadminadminadminadminadminadminadminwendyhsuwendyhsuwendyhsuwendyhsuwendyhsuwendyhsuwendyhsuwendyhsuwendyhsuwendyhsuwendyhsuwendyhsuwendyhsuwendyhsuwendyhsuwendyhsuwendyhsuwendyhsuwendyhsuwendyhsuwendyhsuwendyhsuwendyhsuwendyhsuwendyhsuwendyhsuwendyhsuwendyhsuwendyhsuwendyhsuwendyhsuwendyhsuwendyhsuwendyhsuwendyhsuwendyhsuwendyhsuwendyhsuwendyhsuwendyhsuwendyhsuwendyhsuwendyhsuwendyhsuwendyhsuwendyhsuwendyhsuwendyhsuwendyhsuwendyhsuwendyhsuwendyhsuwendyhsuwendyhsuwendyhsuwendyhsuwendyhsuwendyhsuwendyhsuwendyhsuwendyhsuwendyhsuwendyhsuwendyhsuwendyhsuwendyhsuwendyhsuwendyhsuwendyhsuwendyhsuwendyhsuwendyhsuwendyhsuwendyhsuwendyhsuwendyhsuwendyhsuwendyhsuwendyhsuwendyhsuwendyhsuwendyhsuwendyhsuwendyhsuwendyhsuwendyhsuwendyhsuwendyhsuwendyhsuwendyhsuwendyhsufsg8zfsg8zfsg8zfsg8zfsg8zfsg8zfsg8zfsg8zfsg8zfsg8zfsg8zfsg8zfsg8zfsg8zfsg8zfsg8zfsg8zfsg8zfsg8zfsg8zfsg8zfsg8zfsg8zfsg8zfsg8zfsg8zfsg8zfsg8zfsg8zfsg8zfsg8zfsg8zfsg8zfsg8zfsg8zfsg8zfsg8zfsg8zfsg8zfsg8zfsg8zfsg8zfsg8zfsg8zfsg8zfsg8zfsg8zfsg8zfsg8zfsg8zfsg8zfsg8zfsg8zfsg8zfsg8zfsg8zfsg8zfsg8zfsg8zfsg8zfsg8zfsg8zfsg8zfsg8zfsg8zfsg8zfsg8zfsg8zfsg8zfsg8zfsg8zfsg8zfsg8zfsg8zfsg8zfsg8zfsg8zfsg8zfsg8zfsg8zfsg8zfsg8zfsg8zfsg8zfsg8zfsg8zfsg8zfsg8zfsg8zfsg8zfsg8zeos8deos8deos8deos8deos8deos8deos8deos8deos8deos8deos8deos8deos8deos8deos8deos8deos8deos8deos8deos8deos8deos8deos8deos8deos8deos8deos8deos8deos8deos8deos8deos8deos8deos8deos8deos8deos8deos8deos8deos8deos8deos8deos8deos8deos8deos8deos8deos8deos8deos8deos8deos8deos8deos8deos8deos8deos8deos8deos8deos8deos8deos8deos8deos8deos8deos8deos8deos8deos8deos8deos8deos8deos8deos8deos8deos8deos8deos8deos8deos8deos8deos8deos8deos8deos8deos8deos8deos8deos8deos8deos8dwendyhsuwendyhsuwendyhsuwendyhsuwendyhsuwendyhsuwendyhsuwendyhsuwendyhsuwendyhsuwendyhsuwendyhsuwendyhsuwendyhsuwendyhsuwendyhsuwendyhsuwendyhsuwendyhsuwendyhsuwendyhsuwendyhsuwendyhsuwendyhsuwendyhsuwendyhsuwendyhsuwendyhsuwendyhsuwendyhsuwendyhsuwendyhsuwendyhsuwendyhsuwendyhsuwendyhsuwendyhsuwendyhsuwendyhsuwendyhsuwendyhsuwendyhsuwendyhsuwendyhsuwendyhsuwendyhsuwendyhsuwendyhsuwendyhsuwendyhsuwendyhsuwendyhsuwendyhsuwendyhsuwendyhsuwendyhsuwendyhsuwendyhsuwendyhsuwendyhsuwendyhsuwendyhsuwendyhsuwendyhsuwendyhsuwendyhsuwendyhsuwendyhsuwendyhsuwendyhsuwendyhsuwendyhsuwendyhsuwendyhsuwendyhsuwendyhsuwendyhsuwendyhsuwendyhsuwendyhsuwendyhsuwendyhsuwendyhsuwendyhsuwendyhsuwendyhsuwendyhsuwendyhsuwendyhsuwendyhsuwendyhsuwmr8ewmr8ewmr8ewmr8ewmr8ewmr8ewmr8ewmr8ewmr8ewmr8ewmr8ewmr8ewmr8ewmr8ewmr8ewmr8ewmr8ewmr8ewmr8ewmr8ewmr8ewmr8ewmr8ewmr8ewmr8ewmr8ewmr8ewmr8ewmr8ewmr8ewmr8ewmr8ewmr8ewmr8ewmr8ewmr8ewmr8ewmr8ewmr8ewmr8ewmr8ewmr8ewmr8ewmr8ewmr8ewmr8ewmr8ewmr8ewmr8ewmr8ewmr8ewmr8ewmr8ewmr8ewmr8ewmr8ewmr8ewmr8ewmr8ewmr8ewmr8ewmr8ewmr8ewmr8ewmr8ewmr8ewmr8ewmr8ewmr8ewmr8ewmr8ewmr8ewmr8ewmr8ewmr8ewmr8ewmr8ewmr8ewmr8ewmr8ewmr8ewmr8ewmr8ewmr8ewmr8ewmr8ewmr8ewmr8ewmr8ewmr8ewmr8eewg4xewg4xewg4xewg4xewg4xewg4xewg4xewg4xewg4xewg4xewg4xewg4xewg4xewg4xewg4xewg4xewg4xewg4xewg4xewg4xewg4xewg4xewg4xewg4xewg4xewg4xewg4xewg4xewg4xewg4xewg4xewg4xewg4xewg4xewg4xewg4xewg4xewg4xewg4xewg4xewg4xewg4xewg4xewg4xewg4xewg4xewg4xewg4xewg4xewg4xewg4xewg4xewg4xewg4xewg4xewg4xewg4xewg4xewg4xewg4xewg4xewg4xewg4xewg4xewg4xewg4xewg4xewg4xewg4xewg4xewg4xewg4xewg4xewg4xewg4xewg4xewg4xewg4xewg4xewg4xewg4xewg4xewg4xewg4xewg4xewg4xewg4xewg4xewg4xewg4xewg4xadminadminadminadminadminadminadminadminadminadminadminadminadminadminadminadminadminadminadminadminadminadminadminadminadminadminadminadminadminadminadminadminadminadminadminadminadminadminadminadminadminadminadminadminadminadminadminadminadminadminadminadminadminadminadminadminadminadminadminadminadminadminadminadminadminadminadminadminadminadminadminadminadminadminadminadminadminadminadminadminadminadminadminadminadminadminadminadminadminadminadminmam3tcmam3tcmam3tcmam3tcmam3tcmam3tcmam3tcmam3tcmam3tcmam3tcmam3tcmam3tcmam3tcmam3tcmam3tcmam3tcmam3tcmam3tcmam3tcmam3tcmam3tcmam3tcmam3tcmam3tcmam3tcmam3tcmam3tcmam3tcmam3tcmam3tcmam3tcmam3tcmam3tcmam3tcmam3tcmam3tcmam3tcmam3tcmam3tcmam3tcmam3tcmam3tcmam3tcmam3tcmam3tcmam3tcmam3tcmam3tcmam3tcmam3tcmam3tcmam3tcmam3tcmam3tcmam3tcmam3tcmam3tcmam3tcmam3tcmam3tcmam3tcmam3tcmam3tcmam3tcmam3tcmam3tcmam3tcmam3tcmam3tcmam3tcmam3tcmam3tcmam3tcmam3tcmam3tcmam3tcmam3tcmam3tcmam3tcmam3tcmam3tcmam3tcmam3tcmam3tcmam3tcmam3tcmam3tcmam3tcmam3tcmam3tcmam3tcfsg8zfsg8zfsg8zfsg8zfsg8zfsg8zfsg8zfsg8zfsg8zfsg8zfsg8zfsg8zfsg8zfsg8zfsg8zfsg8zfsg8zfsg8zfsg8zfsg8zfsg8zfsg8zfsg8zfsg8zfsg8zfsg8zfsg8zfsg8zfsg8zfsg8zfsg8zfsg8zfsg8zfsg8zfsg8zfsg8zfsg8zfsg8zfsg8zfsg8zfsg8zfsg8zfsg8zfsg8zfsg8zfsg8zfsg8zfsg8zfsg8zfsg8zfsg8zfsg8zfsg8zfsg8zfsg8zfsg8zfsg8zfsg8zfsg8zfsg8zfsg8zfsg8zfsg8zfsg8zfsg8zfsg8zfsg8zfsg8zfsg8zfsg8zfsg8zfsg8zfsg8zfsg8zfsg8zfsg8zfsg8zfsg8zfsg8zfsg8zfsg8zfsg8zfsg8zfsg8zfsg8zfsg8zfsg8zfsg8zfsg8zfsg8zfsg8zfsg8zfsg8zfsg8zfsg8zfsg8zfsg8zfsg8zfsg8zfsg8zfsg8zfsg8zfsg8zfsg8zfsg8zfsg8zfsg8zfsg8zfsg8zfsg8zfsg8zfsg8zfsg8zfsg8zfsg8zfsg8zfsg8zfsg8zfsg8zfsg8zfsg8zfsg8zfsg8zfsg8zfsg8zfsg8zfsg8zfsg8zfsg8zfsg8zfsg8zfsg8zfsg8zfsg8zfsg8zfsg8zfsg8zfsg8zfsg8zfsg8zfsg8zfsg8zfsg8zfsg8zfsg8zfsg8zfsg8zfsg8zfsg8zfsg8zfsg8zfsg8zfsg8zfsg8zfsg8zfsg8zfsg8zfsg8zfsg8zfsg8zfsg8zfsg8zfsg8zfsg8zfsg8zfsg8zfsg8zfsg8zfsg8zfsg8zfsg8zfsg8zfsg8zfsg8zfsg8zfsg8zfsg8zfsg8zfsg8zfsg8zfsg8zfsg8zwmr8ewmr8ewmr8ewmr8ewmr8ewmr8ewmr8ewmr8ewmr8ewmr8ewmr8ewmr8ewmr8ewmr8ewmr8ewmr8ewmr8ewmr8ewmr8ewmr8ewmr8ewmr8ewmr8ewmr8ewmr8ewmr8ewmr8ewmr8ewmr8ewmr8ewmr8ewmr8ewmr8ewmr8ewmr8ewmr8ewmr8ewmr8ewmr8ewmr8ewmr8ewmr8ewmr8ewmr8ewmr8ewmr8ewmr8ewmr8ewmr8ewmr8ewmr8ewmr8ewmr8ewmr8ewmr8ewmr8ewmr8ewmr8ewmr8ewmr8ewmr8ewmr8ewmr8ewmr8ewmr8ewmr8ewmr8ewmr8ewmr8ewmr8ewmr8ewmr8ewmr8ewmr8ewmr8ewmr8ewmr8ewmr8ewmr8ewmr8ewmr8ewmr8ewmr8ewmr8ewmr8ewmr8ewmr8ewmr8ewmr8ewmr8ewmr8emam3tcmam3tcmam3tcmam3tcmam3tcmam3tcmam3tcmam3tcmam3tcmam3tcmam3tcmam3tcmam3tcmam3tcmam3tcmam3tcmam3tcmam3tcmam3tcmam3tcmam3tcmam3tcmam3tcmam3tcmam3tcmam3tcmam3tcmam3tcmam3tcmam3tcmam3tcmam3tcmam3tcmam3tcmam3tcmam3tcmam3tcmam3tcmam3tcmam3tcmam3tcmam3tcmam3tcmam3tcmam3tcmam3tcmam3tcmam3tcmam3tcmam3tcmam3tcmam3tcmam3tcmam3tcmam3tcmam3tcmam3tcmam3tcmam3tcmam3tcmam3tcmam3tcmam3tcmam3tcmam3tcmam3tcmam3tcmam3tcmam3tcmam3tcmam3tcmam3tcmam3tcmam3tcmam3tcmam3tcmam3tcmam3tcmam3tcmam3tcmam3tcmam3tcmam3tcmam3tcmam3tcmam3tcmam3tcmam3tcmam3tcmam3tcmam3tcsh3vrsh3vrsh3vrsh3vrsh3vrsh3vrsh3vrsh3vrsh3vrsh3vrsh3vrsh3vrsh3vrsh3vrsh3vrsh3vrsh3vrsh3vrsh3vrsh3vrsh3vrsh3vrsh3vrsh3vrsh3vrsh3vrsh3vrsh3vrsh3vrsh3vrsh3vrsh3vrsh3vrsh3vrsh3vrsh3vrsh3vrsh3vrsh3vrsh3vrsh3vrsh3vrsh3vrsh3vrsh3vrsh3vrsh3vrsh3vrsh3vrsh3vrsh3vrsh3vrsh3vrsh3vrsh3vrsh3vrsh3vrsh3vrsh3vrsh3vrsh3vrsh3vrsh3vrsh3vrsh3vrsh3vrsh3vrsh3vrsh3vrsh3vrsh3vrsh3vrsh3vrsh3vrsh3vrsh3vrsh3vrsh3vrsh3vrsh3vrsh3vrsh3vrsh3vrsh3vrsh3vrsh3vrsh3vrsh3vrsh3vrsh3vrsh3vrBethanyBethanyBethanyBethanyBethanyBethanyBethanyBethanyBethanyBethanyBethanyBethanyBethanyBethanyBethanyBethanyBethanyBethanyBethanyBethanyBethanyBethanyBethanyBethanyBethanyBethanyBethanyBethanyBethanyBethanyBethanyBethanyBethanyBethanyBethanyBethanyBethanyBethanyBethanyBethanyBethanyBethanyBethanyBethanyBethanyBethanyBethanyBethanyBethanyBethanyBethanyBethanyBethanyBethanyBethanyBethanyBethanyBethanyBethanyBethanyBethanyBethanyBethanyBethanyBethanyBethanyBethanyBethanyBethanyBethanyBethanyBethanyBethanyBethanyBethanyBethanyBethanyBethanyBethanyBethanyBethanyBethanyBethanyBethanyBethanyBethanyBethanyBethanyBethanyBethanyBethanyBethanyBethanyBethanyBethanyBethanyBethanyBethanyBethanyBethanyBethanyBethanyBethanyBethanyBethanyBethanyBethanyBethanyBethanyBethanyBethanyBethanyBethanyBethanyBethanyBethanyBethanyBethanyBethanyBethanyBethanyBethanyBethanyBethanyBethanyBethanyBethanyBethanyBethanyBethanyBethanyBethanyBethanyBethanyBethanyBethanyBethanyBethanyBethanyBethanyBethanyBethanyBethanyBethanyBethanyBethanyBethanyBethanyBethanyBethanyBethanyBethanyBethanyBethanyBethanyBethanyBethanyBethanyBethanyBethanyBethanyBethanyBethanyBethanyBethanyBethanyBethanyBethanyBethanyBethanyBethanyBethanyBethanyBethanyBethanyBethanyBethanyBethanyBethanyBethanyBethanyBethanyfsg8zfsg8zfsg8zfsg8zfsg8zfsg8zfsg8zfsg8zfsg8zfsg8zfsg8zfsg8zfsg8zfsg8zfsg8zfsg8zfsg8zfsg8zfsg8zfsg8zfsg8zfsg8zfsg8zfsg8zfsg8zfsg8zfsg8zfsg8zfsg8zfsg8zfsg8zfsg8zfsg8zfsg8zfsg8zfsg8zfsg8zfsg8zfsg8zfsg8zfsg8zfsg8zfsg8zfsg8zfsg8zfsg8zfsg8zfsg8zfsg8zfsg8zfsg8zfsg8zfsg8zfsg8zfsg8zfsg8zfsg8zfsg8zfsg8zfsg8zfsg8zfsg8zfsg8zfsg8zfsg8zfsg8zfsg8zfsg8zfsg8zfsg8zfsg8zfsg8zfsg8zfsg8zfsg8zfsg8zfsg8zfsg8zfsg8zfsg8zfsg8zfsg8zfsg8zfsg8zfsg8zfsg8zfsg8zfsg8zfsg8zfsg8zfsg8zjbk3yjbk3yjbk3yjbk3yjbk3yjbk3yjbk3yjbk3yjbk3yjbk3yjbk3yjbk3yjbk3yjbk3yjbk3yjbk3yjbk3yjbk3yjbk3yjbk3yjbk3yjbk3yjbk3yjbk3yjbk3yjbk3yjbk3yjbk3yjbk3yjbk3yjbk3yjbk3yjbk3yjbk3yjbk3yjbk3yjbk3yjbk3yjbk3yjbk3yjbk3yjbk3yjbk3yjbk3yjbk3yjbk3yjbk3yjbk3yjbk3yjbk3yjbk3yjbk3yjbk3yjbk3yjbk3yjbk3yjbk3yjbk3yjbk3yjbk3yjbk3yjbk3yjbk3yjbk3yjbk3yjbk3yjbk3yjbk3yjbk3yjbk3yjbk3yjbk3yjbk3yjbk3yjbk3yjbk3yjbk3yjbk3yjbk3yjbk3yjbk3yjbk3yjbk3yjbk3yjbk3yjbk3yjbk3yjbk3yjbk3yjbk3yjbk3yewg4xewg4xewg4xewg4xewg4xewg4xewg4xewg4xewg4xewg4xewg4xewg4xewg4xewg4xewg4xewg4xewg4xewg4xewg4xewg4xewg4xewg4xewg4xewg4xewg4xewg4xewg4xewg4xewg4xewg4xewg4xewg4xewg4xewg4xewg4xewg4xewg4xewg4xewg4xewg4xewg4xewg4xewg4xewg4xewg4xewg4xewg4xewg4xewg4xewg4xewg4xewg4xewg4xewg4xewg4xewg4xewg4xewg4xewg4xewg4xewg4xewg4xewg4xewg4xewg4xewg4xewg4xewg4xewg4xewg4xewg4xewg4xewg4xewg4xewg4xewg4xewg4xewg4xewg4xewg4xewg4xewg4xewg4xewg4xewg4xewg4xewg4xewg4xewg4xewg4xewg4xwendyhsuwendyhsuwendyhsuwendyhsuwendyhsuwendyhsuwendyhsuwendyhsuwendyhsuwendyhsuwendyhsuwendyhsuwendyhsuwendyhsuwendyhsuwendyhsuwendyhsuwendyhsuwendyhsuwendyhsuwendyhsuwendyhsuwendyhsuwendyhsuwendyhsuwendyhsuwendyhsuwendyhsuwendyhsuwendyhsuwendyhsuwendyhsuwendyhsuwendyhsuwendyhsuwendyhsuwendyhsuwendyhsuwendyhsuwendyhsuwendyhsuwendyhsuwendyhsuwendyhsuwendyhsuwendyhsuwendyhsuwendyhsuwendyhsuwendyhsuwendyhsuwendyhsuwendyhsuwendyhsuwendyhsuwendyhsuwendyhsuwendyhsuwendyhsuwendyhsuwendyhsuwendyhsuwendyhsuwendyhsuwendyhsuwendyhsuwendyhsuwendyhsuwendyhsuwendyhsuwendyhsuwendyhsuwendyhsuwendyhsuwendyhsuwendyhsuwendyhsuwendyhsuwendyhsuwendyhsuwendyhsuwendyhsuwendyhsuwendyhsuwendyhsuwendyhsuwendyhsuwendyhsuwendyhsuwendyhsuwendyhsuBethanyBethanyBethanyBethanyBethanyBethanyBethanyBethanyBethanyBethanyBethanyBethanyBethanyBethanyBethanyBethanyBethanyBethanyBethanyBethanyBethanyBethanyBethanyBethanyBethanyBethanyBethanyBethanyBethanyBethanyBethanyBethanyBethanyBethanyBethanyBethanyBethanyBethanyBethanyBethanyBethanyBethanyBethanyBethanyBethanyBethanyBethanyBethanyBethanyBethanyBethanyBethanyBethanyBethanyBethanyBethanyBethanyBethanyBethanyBethanyBethanyBethanyBethanyBethanyBethanyBethanyBethanyBethanyBethanyBethanyBethanyBethanyBethanyBethanyBethanyBethanyBethanyBethanyBethanyBethanyBethanyBethanyBethanyBethanyBethanyBethanyBethanyBethanyBethanyBethanyBethanyewg4xewg4xewg4xewg4xewg4xewg4xewg4xewg4xewg4xewg4xewg4xewg4xewg4xewg4xewg4xewg4xewg4xewg4xewg4xewg4xewg4xewg4xewg4xewg4xewg4xewg4xewg4xewg4xewg4xewg4xewg4xewg4xewg4xewg4xewg4xewg4xewg4xewg4xewg4xewg4xewg4xewg4xewg4xewg4xewg4xewg4xewg4xewg4xewg4xewg4xewg4xewg4xewg4xewg4xewg4xewg4xewg4xewg4xewg4xewg4xewg4xewg4xewg4xewg4xewg4xewg4xewg4xewg4xewg4xewg4xewg4xewg4xewg4xewg4xewg4xewg4xewg4xewg4xewg4xewg4xewg4xewg4xewg4xewg4xewg4xewg4xewg4xewg4xewg4xewg4xewg4xjabauerjabauerjabauerjabauerjabauerjabauerjabauerjabauerjabauerjabauerjabauerjabauerjabauerjabauerjabauerjabauerjabauerjabauerjabauerjabauerjabauerjabauerjabauerjabauerjabauerjabauerjabauerjabauerjabauerjabauerjabauerjabauerjabauerjabauerjabauerjabauerjabauerjabauerjabauerjabauerjabauerjabauerjabauerjabauerjabauerjabauerjabauerjabauerjabauerjabauerjabauerjabauerjabauerjabauerjabauerjabauerjabauerjabauerjabauerjabauerjabauerjabauerjabauerjabauerjabauerjabauerjabauerjabauerjabauerjabauerjabauerjabauerjabauerjabauerjabauerjabauerjabauerjabauerjabauerjabauerjabauerjabauerjabauerjabauerjabauerjabauerjabauerjabauerjabauerjabauerjabauerrondarondarondarondarondarondarondarondarondarondarondarondarondarondarondarondarondarondarondarondarondarondarondarondarondarondarondarondarondarondarondarondarondarondarondarondarondarondarondarondarondarondarondarondarondarondarondarondarondarondarondarondarondarondarondarondarondarondarondarondarondarondarondarondarondarondarondarondarondarondarondarondarondarondarondarondarondarondarondarondarondarondarondarondarondarondarondarondarondarondarondarondarondarondarondarondarondarondarondarondarondarondarondarondarondarondarondarondarondarondarondarondarondarondarondarondarondarondarondarondarondarondarondarondarondarondarondarondarondarondarondarondarondarondarondarondarondarondarondarondarondarondarondarondarondarondarondarondarondarondarondarondarondarondarondarondarondarondarondarondarondarondarondarondarondarondarondarondarondarondarondarondarondarondarondarondarondarondarondarondarondarondarondarondarondarondarondarondarondarondarondarondarondarondarondarondarondarondarondarondarondarondarondarondarondarondarondarondarondarondarondarondarondarondarondarondarondarondarondarondarondarondarondarondarondarondarondarondarondarondarondarondarondarondarondarondarondarondarondarondarondarondarondarondarondarondarondarondarondarondarondarondarondarondarondarondarondarondarondarondarondarondarondarondarondarondarondarondarondarondarondarondarondarondarondarondarondarondarondarondarondarondarondarondarondarondarondarondarondarondarondarondarondarondarondarondarondarondarondarondarondarondarondarondarondarondarondarondarondarondarondarondarondarondarondarondarondarondarondarondarondarondarondarondarondarondarondarondarondarondarondarondarondarondarondarondarondarondarondarondarondarondarondarondarondarondarondarondarondarondarondarondarondarondarondarondarondarondarondarondarondarondarondarondarondarondarondarondarondarondarondarondarondarondarondarondarondarondarondarondarondarondarondarondarondarondarondarondarondarondarondarondarondarondarondarondarondarondarondarondarondarondarondarondarondarondarondarondarondarondarondarondarondarondarondarondarondarondarondarondarondarondarondarondarondarondarondarondarondarondarondarondarondarondarondarondarondarondarondarondarondarondarondarondarondarondarondarondarondarondarondarondarondarondarondarondarondarondarondarondarondarondarondarondarondarondarondarondarondarondarondarondarondarondarondarondarondarondarondarondarondarondarondarondarondarondarondarondarondarondarondarondarondarondarondarondarondarondarondarondarondarondarondarondarondarondarondarondarondarondarondarondarondarondarondarondarondarondarondarondarondarondarondarondarondarondarondarondarondarondarondarondarondarondarondarondarondarondarondarondarondarondarondarondarondarondarondarondarondarondarondarondarondarondarondarondarondarondarondarondarondarondarondarondarondarondarondarondarondarondarondarondarondarondarondarondarondarondarondarondarondarondarondarondarondarondarondarondarondarondarondarondarondarondarondarondarondarondarondarondarondarondarondarondarondarondarondarondarondarondarondarondarondarondarondarondarondarondarondarondarondarondarondarondarondarondarondarondarondarondajbk3yjbk3yjbk3yjbk3yjbk3yjbk3yjbk3yjbk3yjbk3yjbk3yjbk3yjbk3yjbk3yjbk3yjbk3yjbk3yjbk3yjbk3yjbk3yjbk3yjbk3yjbk3yjbk3yjbk3yjbk3yjbk3yjbk3yjbk3yjbk3yjbk3yjbk3yjbk3yjbk3yjbk3yjbk3yjbk3yjbk3yjbk3yjbk3yjbk3yjbk3yjbk3yjbk3yjbk3yjbk3yjbk3yjbk3yjbk3yjbk3yjbk3yjbk3yjbk3yjbk3yjbk3yjbk3yjbk3yjbk3yjbk3yjbk3yjbk3yjbk3yjbk3yjbk3yjbk3yjbk3yjbk3yjbk3yjbk3yjbk3yjbk3yjbk3yjbk3yjbk3yjbk3yjbk3yjbk3yjbk3yjbk3yjbk3yjbk3yjbk3yjbk3yjbk3yjbk3yjbk3yjbk3yjbk3yjbk3yjbk3yjbk3yjbk3yBethanyBethanyBethanyBethanyBethanyBethanyBethanyBethanyBethanyBethanyBethanyBethanyBethanyBethanyBethanyBethanyBethanyBethanyBethanyBethanyBethanyBethanyBethanyBethanyBethanyBethanyBethanyBethanyBethanyBethanyBethanyBethanyBethanyBethanyBethanyBethanyBethanyBethanyBethanyBethanyBethanyBethanyBethanyBethanyBethanyBethanyBethanyBethanyBethanyBethanyBethanyBethanyBethanyBethanyBethanyBethanyBethanyBethanyBethanyBethanyBethanyBethanyBethanyBethanyBethanyBethanyBethanyBethanyBethanyBethanyBethanyBethanyBethanyBethanyBethanyBethanyBethanyBethanyBethanyBethanyBethanyBethanyBethanyBethanyBethanyBethanyBethanyBethanyBethanyBethanyBethanywsg4wwsg4wwsg4wwsg4wwsg4wwsg4wwsg4wwsg4wwsg4wwsg4wwsg4wwsg4wwsg4wwsg4wwsg4wwsg4wwsg4wwsg4wwsg4wwsg4wwsg4wwsg4wwsg4wwsg4wwsg4wwsg4wwsg4wwsg4wwsg4wwsg4wwsg4wwsg4wwsg4wwsg4wwsg4wwsg4wwsg4wwsg4wwsg4wwsg4wwsg4wwsg4wwsg4wwsg4wwsg4wwsg4wwsg4wwsg4wwsg4wwsg4wwsg4wwsg4wwsg4wwsg4wwsg4wwsg4wwsg4wwsg4wwsg4wwsg4wwsg4wwsg4wwsg4wwsg4wwsg4wwsg4wwsg4wwsg4wwsg4wwsg4wwsg4wwsg4wwsg4wwsg4wwsg4wwsg4wwsg4wwsg4wwsg4wwsg4wwsg4wwsg4wwsg4wwsg4wwsg4wwsg4wwsg4wwsg4wwsg4wwsg4wwsg4wkgj3tkgj3tkgj3tkgj3tkgj3tkgj3tkgj3tkgj3tkgj3tkgj3tkgj3tkgj3tkgj3tkgj3tkgj3tkgj3tkgj3tkgj3tkgj3tkgj3tkgj3tkgj3tkgj3tkgj3tkgj3tkgj3tkgj3tkgj3tkgj3tkgj3tkgj3tkgj3tkgj3tkgj3tkgj3tkgj3tkgj3tkgj3tkgj3tkgj3tkgj3tkgj3tkgj3tkgj3tkgj3tkgj3tkgj3tkgj3tkgj3tkgj3tkgj3tkgj3tkgj3tkgj3tkgj3tkgj3tkgj3tkgj3tkgj3tkgj3tkgj3tkgj3tkgj3tkgj3tkgj3tkgj3tkgj3tkgj3tkgj3tkgj3tkgj3tkgj3tkgj3tkgj3tkgj3tkgj3tkgj3tkgj3tkgj3tkgj3tkgj3tkgj3tkgj3tkgj3tkgj3tkgj3tkgj3tkgj3tkgj3tkgj3tkgj3tdlr2ndlr2ndlr2ndlr2ndlr2ndlr2ndlr2ndlr2ndlr2ndlr2ndlr2ndlr2ndlr2ndlr2ndlr2ndlr2ndlr2ndlr2ndlr2ndlr2ndlr2ndlr2ndlr2ndlr2ndlr2ndlr2ndlr2ndlr2ndlr2ndlr2ndlr2ndlr2ndlr2ndlr2ndlr2ndlr2ndlr2ndlr2ndlr2ndlr2ndlr2ndlr2ndlr2ndlr2ndlr2ndlr2ndlr2ndlr2ndlr2ndlr2ndlr2ndlr2ndlr2ndlr2ndlr2ndlr2ndlr2ndlr2ndlr2ndlr2ndlr2ndlr2ndlr2ndlr2ndlr2ndlr2ndlr2ndlr2ndlr2ndlr2ndlr2ndlr2ndlr2ndlr2ndlr2ndlr2ndlr2ndlr2ndlr2ndlr2ndlr2ndlr2ndlr2ndlr2ndlr2ndlr2ndlr2ndlr2ndlr2ndlr2ndlr2ndlr2ndlr2ndlr2ndlr2ndlr2ndlr2ndlr2ndlr2ndlr2ndlr2ndlr2ndlr2ndlr2ndlr2ndlr2ndlr2ndlr2ndlr2ndlr2ndlr2ndlr2ndlr2ndlr2ndlr2ndlr2ndlr2ndlr2ndlr2ndlr2ndlr2ndlr2ndlr2ndlr2ndlr2ndlr2ndlr2ndlr2ndlr2ndlr2ndlr2ndlr2ndlr2ndlr2ndlr2ndlr2ndlr2ndlr2ndlr2ndlr2ndlr2ndlr2ndlr2ndlr2ndlr2ndlr2ndlr2ndlr2ndlr2ndlr2ndlr2ndlr2ndlr2ndlr2ndlr2ndlr2ndlr2ndlr2ndlr2ndlr2ndlr2ndlr2ndlr2ndlr2ndlr2ndlr2ndlr2ndlr2ndlr2ndlr2ndlr2ndlr2ndlr2ndlr2ndlr2ndlr2ndlr2ndlr2ndlr2ndlr2ndlr2ndlr2nrondarondarondarondarondarondarondarondarondarondarondarondarondarondarondarondarondarondarondarondarondarondarondarondarondarondarondarondarondarondarondarondarondarondarondarondarondarondarondarondarondarondarondarondarondarondarondarondarondarondarondarondarondarondarondarondarondarondarondarondarondarondarondarondarondarondarondarondarondarondarondarondarondarondarondarondarondarondarondarondarondarondarondarondarondarondarondarondarondarondarondarondarondarondarondarondarondarondarondarondarondarondarondarondarondarondarondarondarondarondarondarondarondarondarondarondarondarondarondarondarondarondarondarondarondarondarondarondarondarondarondarondarondarondarondarondarondarondarondarondarondarondarondarondarondarondarondarondarondarondarondarondarondarondarondarondarondarondarondarondarondarondarondarondarondarondarondarondarondarondarondarondarondarondarondarondarondarondarondarondawsg4wwsg4wwsg4wwsg4wwsg4wwsg4wwsg4wwsg4wwsg4wwsg4wwsg4wwsg4wwsg4wwsg4wwsg4wwsg4wwsg4wwsg4wwsg4wwsg4wwsg4wwsg4wwsg4wwsg4wwsg4wwsg4wwsg4wwsg4wwsg4wwsg4wwsg4wwsg4wwsg4wwsg4wwsg4wwsg4wwsg4wwsg4wwsg4wwsg4wwsg4wwsg4wwsg4wwsg4wwsg4wwsg4wwsg4wwsg4wwsg4wwsg4wwsg4wwsg4wwsg4wwsg4wwsg4wwsg4wwsg4wwsg4wwsg4wwsg4wwsg4wwsg4wwsg4wwsg4wwsg4wwsg4wwsg4wwsg4wwsg4wwsg4wwsg4wwsg4wwsg4wwsg4wwsg4wwsg4wwsg4wwsg4wwsg4wwsg4wwsg4wwsg4wwsg4wwsg4wwsg4wwsg4wwsg4wwsg4wwsg4wwsg4wwsg4wkgj3tkgj3tkgj3tkgj3tkgj3tkgj3tkgj3tkgj3tkgj3tkgj3tkgj3tkgj3tkgj3tkgj3tkgj3tkgj3tkgj3tkgj3tkgj3tkgj3tkgj3tkgj3tkgj3tkgj3tkgj3tkgj3tkgj3tkgj3tkgj3tkgj3tkgj3tkgj3tkgj3tkgj3tkgj3tkgj3tkgj3tkgj3tkgj3tkgj3tkgj3tkgj3tkgj3tkgj3tkgj3tkgj3tkgj3tkgj3tkgj3tkgj3tkgj3tkgj3tkgj3tkgj3tkgj3tkgj3tkgj3tkgj3tkgj3tkgj3tkgj3tkgj3tkgj3tkgj3tkgj3tkgj3tkgj3tkgj3tkgj3tkgj3tkgj3tkgj3tkgj3tkgj3tkgj3tkgj3tkgj3tkgj3tkgj3tkgj3tkgj3tkgj3tkgj3tkgj3tkgj3tkgj3tkgj3tkgj3tkgj3tkgj3tkgj3twsg4wwsg4wwsg4wwsg4wwsg4wwsg4wwsg4wwsg4wwsg4wwsg4wwsg4wwsg4wwsg4wwsg4wwsg4wwsg4wwsg4wwsg4wwsg4wwsg4wwsg4wwsg4wwsg4wwsg4wwsg4wwsg4wwsg4wwsg4wwsg4wwsg4wwsg4wwsg4wwsg4wwsg4wwsg4wwsg4wwsg4wwsg4wwsg4wwsg4wwsg4wwsg4wwsg4wwsg4wwsg4wwsg4wwsg4wwsg4wwsg4wwsg4wwsg4wwsg4wwsg4wwsg4wwsg4wwsg4wwsg4wwsg4wwsg4wwsg4wwsg4wwsg4wwsg4wwsg4wwsg4wwsg4wwsg4wwsg4wwsg4wwsg4wwsg4wwsg4wwsg4wwsg4wwsg4wwsg4wwsg4wwsg4wwsg4wwsg4wwsg4wwsg4wwsg4wwsg4wwsg4wwsg4wwsg4wwsg4wwsg4wwsg4wwsg4wrondarondarondarondarondarondarondarondarondarondarondarondarondarondarondarondarondarondarondarondarondarondarondarondarondarondarondarondarondarondarondarondarondarondarondarondarondarondarondarondarondarondarondarondarondarondarondarondarondarondarondarondarondarondarondarondarondarondarondarondarondarondarondarondarondarondarondarondarondarondarondarondarondarondarondarondarondarondarondarondarondarondarondarondarondarondarondarondarondarondajabauerjabauerjabauerjabauerjabauerjabauerjabauerjabauerjabauerjabauerjabauerjabauerjabauerjabauerjabauerjabauerjabauerjabauerjabauerjabauerjabauerjabauerjabauerjabauerjabauerjabauerjabauerjabauerjabauerjabauerjabauerjabauerjabauerjabauerjabauerjabauerjabauerjabauerjabauerjabauerjabauerjabauerjabauerjabauerjabauerjabauerjabauerjabauerjabauerjabauerjabauerjabauerjabauerjabauerjabauerjabauerjabauerjabauerjabauerjabauerjabauerjabauerjabauerjabauerjabauerjabauerjabauerjabauerjabauerjabauerjabauerjabauerjabauerjabauerjabauerjabauerjabauerjabauerjabauerjabauerjabauerjabauerjabauerjabauerjabauerjabauerjabauerjabauerjabauerjabauerjabauerwsg4wwsg4wwsg4wwsg4wwsg4wwsg4wwsg4wwsg4wwsg4wwsg4wwsg4wwsg4wwsg4wwsg4wwsg4wwsg4wwsg4wwsg4wwsg4wwsg4wwsg4wwsg4wwsg4wwsg4wwsg4wwsg4wwsg4wwsg4wwsg4wwsg4wwsg4wwsg4wwsg4wwsg4wwsg4wwsg4wwsg4wwsg4wwsg4wwsg4wwsg4wwsg4wwsg4wwsg4wwsg4wwsg4wwsg4wwsg4wwsg4wwsg4wwsg4wwsg4wwsg4wwsg4wwsg4wwsg4wwsg4wwsg4wwsg4wwsg4wwsg4wwsg4wwsg4wwsg4wwsg4wwsg4wwsg4wwsg4wwsg4wwsg4wwsg4wwsg4wwsg4wwsg4wwsg4wwsg4wwsg4wwsg4wwsg4wwsg4wwsg4wwsg4wwsg4wwsg4wwsg4wwsg4wwsg4wwsg4wwsg4wwsg4wwsg4wrondarondarondarondarondarondarondarondarondarondarondarondarondarondarondarondarondarondarondarondarondarondarondarondarondarondarondarondarondarondarondarondarondarondarondarondarondarondarondarondarondarondarondarondarondarondarondarondarondarondarondarondarondarondarondarondarondarondarondarondarondarondarondarondarondarondarondarondarondarondarondarondarondarondarondarondarondarondarondarondarondarondarondarondarondarondarondarondarondarondaBethanyBethanyBethanyBethanyBethanyBethanyBethanyBethanyBethanyBethanyBethanyBethanyBethanyBethanyBethanyBethanyBethanyBethanyBethanyBethanyBethanyBethanyBethanyBethanyBethanyBethanyBethanyBethanyBethanyBethanyBethanyBethanyBethanyBethanyBethanyBethanyBethanyBethanyBethanyBethanyBethanyBethanyBethanyBethanyBethanyBethanyBethanyBethanyBethanyBethanyBethanyBethanyBethanyBethanyBethanyBethanyBethanyBethanyBethanyBethanyBethanyBethanyBethanyBethanyBethanyBethanyBethanyBethanyBethanyBethanyBethanyBethanyBethanyBethanyBethanyBethanyBethanyBethanyBethanyBethanyBethanyBethanyBethanyBethanyBethanyBethanyBethanyBethanyBethanyBethanyBethanyjoejoejoejoejoejoejoejoejoejoejoejoejoejoejoejoejoejoejoejoejoejoejoejoejoejoejoejoejoejoejoejoejoejoejoejoejoejoejoejoejoejoejoejoejoejoejoejoejoejoejoejoejoejoejoejoejoejoejoejoejoejoejoejoejoejoejoejoejoejoejoejoejoejoejoejoejoejoejoejoejoejoejoejoejoejoejoejoejoejoejoeewg4xewg4xewg4xewg4xewg4xewg4xewg4xewg4xewg4xewg4xewg4xewg4xewg4xewg4xewg4xewg4xewg4xewg4xewg4xewg4xewg4xewg4xewg4xewg4xewg4xewg4xewg4xewg4xewg4xewg4xewg4xewg4xewg4xewg4xewg4xewg4xewg4xewg4xewg4xewg4xewg4xewg4xewg4xewg4xewg4xewg4xewg4xewg4xewg4xewg4xewg4xewg4xewg4xewg4xewg4xewg4xewg4xewg4xewg4xewg4xewg4xewg4xewg4xewg4xewg4xewg4xewg4xewg4xewg4xewg4xewg4xewg4xewg4xewg4xewg4xewg4xewg4xewg4xewg4xewg4xewg4xewg4xewg4xewg4xewg4xewg4xewg4xewg4xewg4xewg4xewg4xajs6fajs6fajs6fajs6fajs6fajs6fajs6fajs6fajs6fajs6fajs6fajs6fajs6fajs6fajs6fajs6fajs6fajs6fajs6fajs6fajs6fajs6fajs6fajs6fajs6fajs6fajs6fajs6fajs6fajs6fajs6fajs6fajs6fajs6fajs6fajs6fajs6fajs6fajs6fajs6fajs6fajs6fajs6fajs6fajs6fajs6fajs6fajs6fajs6fajs6fajs6fajs6fajs6fajs6fajs6fajs6fajs6fajs6fajs6fajs6fajs6fajs6fajs6fajs6fajs6fajs6fajs6fajs6fajs6fajs6fajs6fajs6fajs6fajs6fajs6fajs6fajs6fajs6fajs6fajs6fajs6fajs6fajs6fajs6fajs6fajs6fajs6fajs6fajs6fajs6fajs6fewg4xewg4xewg4xewg4xewg4xewg4xewg4xewg4xewg4xewg4xewg4xewg4xewg4xewg4xewg4xewg4xewg4xewg4xewg4xewg4xewg4xewg4xewg4xewg4xewg4xewg4xewg4xewg4xewg4xewg4xewg4xewg4xewg4xewg4xewg4xewg4xewg4xewg4xewg4xewg4xewg4xewg4xewg4xewg4xewg4xewg4xewg4xewg4xewg4xewg4xewg4xewg4xewg4xewg4xewg4xewg4xewg4xewg4xewg4xewg4xewg4xewg4xewg4xewg4xewg4xewg4xewg4xewg4xewg4xewg4xewg4xewg4xewg4xewg4xewg4xewg4xewg4xewg4xewg4xewg4xewg4xewg4xewg4xewg4xewg4xewg4xewg4xewg4xewg4xewg4xewg4xwsg4wwsg4wwsg4wwsg4wwsg4wwsg4wwsg4wwsg4wwsg4wwsg4wwsg4wwsg4wwsg4wwsg4wwsg4wwsg4wwsg4wwsg4wwsg4wwsg4wwsg4wwsg4wwsg4wwsg4wwsg4wwsg4wwsg4wwsg4wwsg4wwsg4wwsg4wwsg4wwsg4wwsg4wwsg4wwsg4wwsg4wwsg4wwsg4wwsg4wwsg4wwsg4wwsg4wwsg4wwsg4wwsg4wwsg4wwsg4wwsg4wwsg4wwsg4wwsg4wwsg4wwsg4wwsg4wwsg4wwsg4wwsg4wwsg4wwsg4wwsg4wwsg4wwsg4wwsg4wwsg4wwsg4wwsg4wwsg4wwsg4wwsg4wwsg4wwsg4wwsg4wwsg4wwsg4wwsg4wwsg4wwsg4wwsg4wwsg4wwsg4wwsg4wwsg4wwsg4wwsg4wwsg4wwsg4wwsg4wwsg4wwsg4wwsg4wewg4xewg4xewg4xewg4xewg4xewg4xewg4xewg4xewg4xewg4xewg4xewg4xewg4xewg4xewg4xewg4xewg4xewg4xewg4xewg4xewg4xewg4xewg4xewg4xewg4xewg4xewg4xewg4xewg4xewg4xewg4xewg4xewg4xewg4xewg4xewg4xewg4xewg4xewg4xewg4xewg4xewg4xewg4xewg4xewg4xewg4xewg4xewg4xewg4xewg4xewg4xewg4xewg4xewg4xewg4xewg4xewg4xewg4xewg4xewg4xewg4xewg4xewg4xewg4xewg4xewg4xewg4xewg4xewg4xewg4xewg4xewg4xewg4xewg4xewg4xewg4xewg4xewg4xewg4xewg4xewg4xewg4xewg4xewg4xewg4xewg4xewg4xewg4xewg4xewg4xewg4xBethanyBethanyBethanyBethanyBethanyBethanyBethanyBethanyBethanyBethanyBethanyBethanyBethanyBethanyBethanyBethanyBethanyBethanyBethanyBethanyBethanyBethanyBethanyBethanyBethanyBethanyBethanyBethanyBethanyBethanyBethanyBethanyBethanyBethanyBethanyBethanyBethanyBethanyBethanyBethanyBethanyBethanyBethanyBethanyBethanyBethanyBethanyBethanyBethanyBethanyBethanyBethanyBethanyBethanyBethanyBethanyBethanyBethanyBethanyBethanyBethanyBethanyBethanyBethanyBethanyBethanyBethanyBethanyBethanyBethanyBethanyBethanyBethanyBethanyBethanyBethanyBethanyBethanyBethanyBethanyBethanyBethanyBethanyBethanyBethanyBethanyBethanyBethanyBethanyBethanyBethanyrondarondarondarondarondarondarondarondarondarondarondarondarondarondarondarondarondarondarondarondarondarondarondarondarondarondarondarondarondarondarondarondarondarondarondarondarondarondarondarondarondarondarondarondarondarondarondarondarondarondarondarondarondarondarondarondarondarondarondarondarondarondarondarondarondarondarondarondarondarondarondarondarondarondarondarondarondarondarondarondarondarondarondarondarondarondarondarondarondarondaBethanyBethanyBethanyBethanyBethanyBethanyBethanyBethanyBethanyBethanyBethanyBethanyBethanyBethanyBethanyBethanyBethanyBethanyBethanyBethanyBethanyBethanyBethanyBethanyBethanyBethanyBethanyBethanyBethanyBethanyBethanyBethanyBethanyBethanyBethanyBethanyBethanyBethanyBethanyBethanyBethanyBethanyBethanyBethanyBethanyBethanyBethanyBethanyBethanyBethanyBethanyBethanyBethanyBethanyBethanyBethanyBethanyBethanyBethanyBethanyBethanyBethanyBethanyBethanyBethanyBethanyBethanyBethanyBethanyBethanyBethanyBethanyBethanyBethanyBethanyBethanyBethanyBethanyBethanyBethanyBethanyBethanyBethanyBethanyBethanyBethanyBethanyBethanyBethanyBethanyBethanywsg4wwsg4wwsg4wwsg4wwsg4wwsg4wwsg4wwsg4wwsg4wwsg4wwsg4wwsg4wwsg4wwsg4wwsg4wwsg4wwsg4wwsg4wwsg4wwsg4wwsg4wwsg4wwsg4wwsg4wwsg4wwsg4wwsg4wwsg4wwsg4wwsg4wwsg4wwsg4wwsg4wwsg4wwsg4wwsg4wwsg4wwsg4wwsg4wwsg4wwsg4wwsg4wwsg4wwsg4wwsg4wwsg4wwsg4wwsg4wwsg4wwsg4wwsg4wwsg4wwsg4wwsg4wwsg4wwsg4wwsg4wwsg4wwsg4wwsg4wwsg4wwsg4wwsg4wwsg4wwsg4wwsg4wwsg4wwsg4wwsg4wwsg4wwsg4wwsg4wwsg4wwsg4wwsg4wwsg4wwsg4wwsg4wwsg4wwsg4wwsg4wwsg4wwsg4wwsg4wwsg4wwsg4wwsg4wwsg4wwsg4wwsg4wwsg4wdcg6bdcg6bdcg6bdcg6bdcg6bdcg6bdcg6bdcg6bdcg6bdcg6bdcg6bdcg6bdcg6bdcg6bdcg6bdcg6bdcg6bdcg6bdcg6bdcg6bdcg6bdcg6bdcg6bdcg6bdcg6bdcg6bdcg6bdcg6bdcg6bdcg6bdcg6bdcg6bdcg6bdcg6bdcg6bdcg6bdcg6bdcg6bdcg6bdcg6bdcg6bdcg6bdcg6bdcg6bdcg6bdcg6bdcg6bdcg6bdcg6bdcg6bdcg6bdcg6bdcg6bdcg6bdcg6bdcg6bdcg6bdcg6bdcg6bdcg6bdcg6bdcg6bdcg6bdcg6bdcg6bdcg6bdcg6bdcg6bdcg6bdcg6bdcg6bdcg6bdcg6bdcg6bdcg6bdcg6bdcg6bdcg6bdcg6bdcg6bdcg6bdcg6bdcg6bdcg6bdcg6bdcg6bdcg6bdcg6bdcg6bdcg6bdcg6bBethanyBethanyBethanyBethanyBethanyBethanyBethanyBethanyBethanyBethanyBethanyBethanyBethanyBethanyBethanyBethanyBethanyBethanyBethanyBethanyBethanyBethanyBethanyBethanyBethanyBethanyBethanyBethanyBethanyBethanyBethanyBethanyBethanyBethanyBethanyBethanyBethanyBethanyBethanyBethanyBethanyBethanyBethanyBethanyBethanyBethanyBethanyBethanyBethanyBethanyBethanyBethanyBethanyBethanyBethanyBethanyBethanyBethanyBethanyBethanyBethanyBethanyBethanyBethanyBethanyBethanyBethanyBethanyBethanyBethanyBethanyBethanyBethanyBethanyBethanyBethanyBethanyBethanyBethanyBethanyBethanyBethanyBethanyBethanyBethanyBethanyBethanyBethanyBethanyBethanyBethanyjabauerjabauerjabauerjabauerjabauerjabauerjabauerjabauerjabauerjabauerjabauerjabauerjabauerjabauerjabauerjabauerjabauerjabauerjabauerjabauerjabauerjabauerjabauerjabauerjabauerjabauerjabauerjabauerjabauerjabauerjabauerjabauerjabauerjabauerjabauerjabauerjabauerjabauerjabauerjabauerjabauerjabauerjabauerjabauerjabauerjabauerjabauerjabauerjabauerjabauerjabauerjabauerjabauerjabauerjabauerjabauerjabauerjabauerjabauerjabauerjabauerjabauerjabauerjabauerjabauerjabauerjabauerjabauerjabauerjabauerjabauerjabauerjabauerjabauerjabauerjabauerjabauerjabauerjabauerjabauerjabauerjabauerjabauerjabauerjabauerjabauerjabauerjabauerjabauerjabauerjabaueradminadminadminadminadminadminadminadminadminadminadminadminadminadminadminadminadminadminadminadminadminadminadminadminadminadminadminadminadminadminadminadminadminadminadminadminadminadminadminadminadminadminadminadminadminadminadminadminadminadminadminadminadminadminadminadminadminadminadminadminadminadminadminadminadminadminadminadminadminadminadminadminadminadminadminadminadminadminadminadminadminadminadminadminadminadminadminadminadminadminadminkgj3tkgj3tkgj3tkgj3tkgj3tkgj3tkgj3tkgj3tkgj3tkgj3tkgj3tkgj3tkgj3tkgj3tkgj3tkgj3tkgj3tkgj3tkgj3tkgj3tkgj3tkgj3tkgj3tkgj3tkgj3tkgj3tkgj3tkgj3tkgj3tkgj3tkgj3tkgj3tkgj3tkgj3tkgj3tkgj3tkgj3tkgj3tkgj3tkgj3tkgj3tkgj3tkgj3tkgj3tkgj3tkgj3tkgj3tkgj3tkgj3tkgj3tkgj3tkgj3tkgj3tkgj3tkgj3tkgj3tkgj3tkgj3tkgj3tkgj3tkgj3tkgj3tkgj3tkgj3tkgj3tkgj3tkgj3tkgj3tkgj3tkgj3tkgj3tkgj3tkgj3tkgj3tkgj3tkgj3tkgj3tkgj3tkgj3tkgj3tkgj3tkgj3tkgj3tkgj3tkgj3tkgj3tkgj3tkgj3tkgj3tkgj3tkgj3twsg4wwsg4wwsg4wwsg4wwsg4wwsg4wwsg4wwsg4wwsg4wwsg4wwsg4wwsg4wwsg4wwsg4wwsg4wwsg4wwsg4wwsg4wwsg4wwsg4wwsg4wwsg4wwsg4wwsg4wwsg4wwsg4wwsg4wwsg4wwsg4wwsg4wwsg4wwsg4wwsg4wwsg4wwsg4wwsg4wwsg4wwsg4wwsg4wwsg4wwsg4wwsg4wwsg4wwsg4wwsg4wwsg4wwsg4wwsg4wwsg4wwsg4wwsg4wwsg4wwsg4wwsg4wwsg4wwsg4wwsg4wwsg4wwsg4wwsg4wwsg4wwsg4wwsg4wwsg4wwsg4wwsg4wwsg4wwsg4wwsg4wwsg4wwsg4wwsg4wwsg4wwsg4wwsg4wwsg4wwsg4wwsg4wwsg4wwsg4wwsg4wwsg4wwsg4wwsg4wwsg4wwsg4wwsg4wwsg4wwsg4wwsg4wwsg4wBethanyBethanyBethanyBethanyBethanyBethanyBethanyBethanyBethanyBethanyBethanyBethanyBethanyBethanyBethanyBethanyBethanyBethanyBethanyBethanyBethanyBethanyBethanyBethanyBethanyBethanyBethanyBethanyBethanyBethanyBethanyBethanyBethanyBethanyBethanyBethanyBethanyBethanyBethanyBethanyBethanyBethanyBethanyBethanyBethanyBethanyBethanyBethanyBethanyBethanyBethanyBethanyBethanyBethanyBethanyBethanyBethanyBethanyBethanyBethanyBethanyBethanyBethanyBethanyBethanyBethanyBethanyBethanyBethanyBethanyBethanyBethanyBethanyBethanyBethanyBethanyBethanyBethanyBethanyBethanyBethanyBethanyBethanyBethanyBethanyBethanyBethanyBethanyBethanyBethanyBethanyrondarondarondarondarondarondarondarondarondarondarondarondarondarondarondarondarondarondarondarondarondarondarondarondarondarondarondarondarondarondarondarondarondarondarondarondarondarondarondarondarondarondarondarondarondarondarondarondarondarondarondarondarondarondarondarondarondarondarondarondarondarondarondarondarondarondarondarondarondarondarondarondarondarondarondarondarondarondarondarondarondarondarondarondarondarondarondarondarondarondarondarondarondarondarondarondarondarondarondarondarondarondarondarondarondarondarondarondarondarondarondarondarondarondarondarondarondarondarondarondarondarondarondarondarondarondarondarondarondarondarondarondarondarondarondarondarondarondarondarondarondarondarondarondarondarondarondarondarondarondarondarondarondarondarondarondarondarondarondarondarondarondarondarondarondarondarondarondarondarondarondarondarondarondarondarondarondarondarondarondaewg4xewg4xewg4xewg4xewg4xewg4xewg4xewg4xewg4xewg4xewg4xewg4xewg4xewg4xewg4xewg4xewg4xewg4xewg4xewg4xewg4xewg4xewg4xewg4xewg4xewg4xewg4xewg4xewg4xewg4xewg4xewg4xewg4xewg4xewg4xewg4xewg4xewg4xewg4xewg4xewg4xewg4xewg4xewg4xewg4xewg4xewg4xewg4xewg4xewg4xewg4xewg4xewg4xewg4xewg4xewg4xewg4xewg4xewg4xewg4xewg4xewg4xewg4xewg4xewg4xewg4xewg4xewg4xewg4xewg4xewg4xewg4xewg4xewg4xewg4xewg4xewg4xewg4xewg4xewg4xewg4xewg4xewg4xewg4xewg4xewg4xewg4xewg4xewg4xewg4xewg4xwendyhsuwendyhsuwendyhsuwendyhsuwendyhsuwendyhsuwendyhsuwendyhsuwendyhsuwendyhsuwendyhsuwendyhsuwendyhsuwendyhsuwendyhsuwendyhsuwendyhsuwendyhsuwendyhsuwendyhsuwendyhsuwendyhsuwendyhsuwendyhsuwendyhsuwendyhsuwendyhsuwendyhsuwendyhsuwendyhsuwendyhsuwendyhsuwendyhsuwendyhsuwendyhsuwendyhsuwendyhsuwendyhsuwendyhsuwendyhsuwendyhsuwendyhsuwendyhsuwendyhsuwendyhsuwendyhsuwendyhsuwendyhsuwendyhsuwendyhsuwendyhsuwendyhsuwendyhsuwendyhsuwendyhsuwendyhsuwendyhsuwendyhsuwendyhsuwendyhsuwendyhsuwendyhsuwendyhsuwendyhsuwendyhsuwendyhsuwendyhsuwendyhsuwendyhsuwendyhsuwendyhsuwendyhsuwendyhsuwendyhsuwendyhsuwendyhsuwendyhsuwendyhsuwendyhsuwendyhsuwendyhsuwendyhsuwendyhsuwendyhsuwendyhsuwendyhsuwendyhsuwendyhsuwendyhsuwendyhsuwendyhsurondarondarondarondarondarondarondarondarondarondarondarondarondarondarondarondarondarondarondarondarondarondarondarondarondarondarondarondarondarondarondarondarondarondarondarondarondarondarondarondarondarondarondarondarondarondarondarondarondarondarondarondarondarondarondarondarondarondarondarondarondarondarondarondarondarondarondarondarondarondarondarondarondarondarondarondarondarondarondarondarondarondarondarondarondarondarondarondarondarondawsg4wwsg4wwsg4wwsg4wwsg4wwsg4wwsg4wwsg4wwsg4wwsg4wwsg4wwsg4wwsg4wwsg4wwsg4wwsg4wwsg4wwsg4wwsg4wwsg4wwsg4wwsg4wwsg4wwsg4wwsg4wwsg4wwsg4wwsg4wwsg4wwsg4wwsg4wwsg4wwsg4wwsg4wwsg4wwsg4wwsg4wwsg4wwsg4wwsg4wwsg4wwsg4wwsg4wwsg4wwsg4wwsg4wwsg4wwsg4wwsg4wwsg4wwsg4wwsg4wwsg4wwsg4wwsg4wwsg4wwsg4wwsg4wwsg4wwsg4wwsg4wwsg4wwsg4wwsg4wwsg4wwsg4wwsg4wwsg4wwsg4wwsg4wwsg4wwsg4wwsg4wwsg4wwsg4wwsg4wwsg4wwsg4wwsg4wwsg4wwsg4wwsg4wwsg4wwsg4wwsg4wwsg4wwsg4wwsg4wwsg4wwsg4wwsg4wrondarondarondarondarondarondarondarondarondarondarondarondarondarondarondarondarondarondarondarondarondarondarondarondarondarondarondarondarondarondarondarondarondarondarondarondarondarondarondarondarondarondarondarondarondarondarondarondarondarondarondarondarondarondarondarondarondarondarondarondarondarondarondarondarondarondarondarondarondarondarondarondarondarondarondarondarondarondarondarondarondarondarondarondarondarondarondarondarondarondaBethanyBethanyBethanyBethanyBethanyBethanyBethanyBethanyBethanyBethanyBethanyBethanyBethanyBethanyBethanyBethanyBethanyBethanyBethanyBethanyBethanyBethanyBethanyBethanyBethanyBethanyBethanyBethanyBethanyBethanyBethanyBethanyBethanyBethanyBethanyBethanyBethanyBethanyBethanyBethanyBethanyBethanyBethanyBethanyBethanyBethanyBethanyBethanyBethanyBethanyBethanyBethanyBethanyBethanyBethanyBethanyBethanyBethanyBethanyBethanyBethanyBethanyBethanyBethanyBethanyBethanyBethanyBethanyBethanyBethanyBethanyBethanyBethanyBethanyBethanyBethanyBethanyBethanyBethanyBethanyBethanyBethanyBethanyBethanyBethanyBethanyBethanyBethanyBethanyBethanyBethanywsg4wwsg4wwsg4wwsg4wwsg4wwsg4wwsg4wwsg4wwsg4wwsg4wwsg4wwsg4wwsg4wwsg4wwsg4wwsg4wwsg4wwsg4wwsg4wwsg4wwsg4wwsg4wwsg4wwsg4wwsg4wwsg4wwsg4wwsg4wwsg4wwsg4wwsg4wwsg4wwsg4wwsg4wwsg4wwsg4wwsg4wwsg4wwsg4wwsg4wwsg4wwsg4wwsg4wwsg4wwsg4wwsg4wwsg4wwsg4wwsg4wwsg4wwsg4wwsg4wwsg4wwsg4wwsg4wwsg4wwsg4wwsg4wwsg4wwsg4wwsg4wwsg4wwsg4wwsg4wwsg4wwsg4wwsg4wwsg4wwsg4wwsg4wwsg4wwsg4wwsg4wwsg4wwsg4wwsg4wwsg4wwsg4wwsg4wwsg4wwsg4wwsg4wwsg4wwsg4wwsg4wwsg4wwsg4wwsg4wwsg4wwsg4wwsg4wwsg4wwsg4wwsg4wwsg4wwsg4wwsg4wwsg4wwsg4wwsg4wwsg4wwsg4wwsg4wwsg4wwsg4wwsg4wwsg4wwsg4wwsg4wwsg4wwsg4wwsg4wwsg4wwsg4wwsg4wwsg4wwsg4wwsg4wwsg4wwsg4wwsg4wwsg4wwsg4wwsg4wwsg4wwsg4wwsg4wwsg4wwsg4wwsg4wwsg4wwsg4wwsg4wwsg4wwsg4wwsg4wwsg4wwsg4wwsg4wwsg4wwsg4wwsg4wwsg4wwsg4wwsg4wwsg4wwsg4wwsg4wwsg4wwsg4wwsg4wwsg4wwsg4wwsg4wwsg4wwsg4wwsg4wwsg4wwsg4wwsg4wwsg4wwsg4wwsg4wwsg4wwsg4wwsg4wwsg4wwsg4wwsg4wwsg4wwsg4wwsg4wwsg4wwsg4wwsg4wwsg4wwsg4wwsg4wwsg4wwsg4wwsg4wwsg4wadminadminadminadminadminadminadminadminadminadminadminadminadminadminadminadminadminadminadminadminadminadminadminadminadminadminadminadminadminadminadminadminadminadminadminadminadminadminadminadminadminadminadminadminadminadminadminadminadminadminadminadminadminadminadminadminadminadminadminadminadminadminadminadminadminadminadminadminadminadminadminadminadminadminadminadminadminadminadminadminadminadminadminadminadminadminadminadminadminadminadminrondarondarondarondarondarondarondarondarondarondarondarondarondarondarondarondarondarondarondarondarondarondarondarondarondarondarondarondarondarondarondarondarondarondarondarondarondarondarondarondarondarondarondarondarondarondarondarondarondarondarondarondarondarondarondarondarondarondarondarondarondarondarondarondarondarondarondarondarondarondarondarondarondarondarondarondarondarondarondarondarondarondarondarondarondarondarondarondarondarondarondarondarondarondarondarondarondarondarondarondarondarondarondarondarondarondarondarondarondarondarondarondarondarondarondarondarondarondarondarondarondarondarondarondarondarondarondarondarondarondarondarondarondarondarondarondarondarondarondarondarondarondarondarondarondarondarondarondarondarondarondarondarondarondarondarondarondarondarondarondarondarondarondarondarondarondarondarondarondarondarondarondarondarondarondarondarondarondarondarondaBethanyBethanyBethanyBethanyBethanyBethanyBethanyBethanyBethanyBethanyBethanyBethanyBethanyBethanyBethanyBethanyBethanyBethanyBethanyBethanyBethanyBethanyBethanyBethanyBethanyBethanyBethanyBethanyBethanyBethanyBethanyBethanyBethanyBethanyBethanyBethanyBethanyBethanyBethanyBethanyBethanyBethanyBethanyBethanyBethanyBethanyBethanyBethanyBethanyBethanyBethanyBethanyBethanyBethanyBethanyBethanyBethanyBethanyBethanyBethanyBethanyBethanyBethanyBethanyBethanyBethanyBethanyBethanyBethanyBethanyBethanyBethanyBethanyBethanyBethanyBethanyBethanyBethanyBethanyBethanyBethanyBethanyBethanyBethanyBethanyBethanyBethanyBethanyBethanyBethanyBethanyBethanyBethanyBethanyBethanyBethanyBethanyBethanyBethanyBethanyBethanyBethanyBethanyBethanyBethanyBethanyBethanyBethanyBethanyBethanyBethanyBethanyBethanyBethanyBethanyBethanyBethanyBethanyBethanyBethanyBethanyBethanyBethanyBethanyBethanyBethanyBethanyBethanyBethanyBethanyBethanyBethanyBethanyBethanyBethanyBethanyBethanyBethanyBethanyBethanyBethanyBethanyBethanyBethanyBethanyBethanyBethanyBethanyBethanyBethanyBethanyBethanyBethanyBethanyBethanyBethanyBethanyBethanyBethanyBethanyBethanyBethanyBethanyBethanyBethanyBethanyBethanyBethanyBethanyBethanyBethanyBethanyBethanyBethanyBethanyBethanyBethanyBethanyBethanyBethanyBethanyBethanyrondarondarondarondarondarondarondarondarondarondarondarondarondarondarondarondarondarondarondarondarondarondarondarondarondarondarondarondarondarondarondarondarondarondarondarondarondarondarondarondarondarondarondarondarondarondarondarondarondarondarondarondarondarondarondarondarondarondarondarondarondarondarondarondarondarondarondarondarondarondarondarondarondarondarondarondarondarondarondarondarondarondarondarondarondarondarondarondarondarondaBethanyBethanyBethanyBethanyBethanyBethanyBethanyBethanyBethanyBethanyBethanyBethanyBethanyBethanyBethanyBethanyBethanyBethanyBethanyBethanyBethanyBethanyBethanyBethanyBethanyBethanyBethanyBethanyBethanyBethanyBethanyBethanyBethanyBethanyBethanyBethanyBethanyBethanyBethanyBethanyBethanyBethanyBethanyBethanyBethanyBethanyBethanyBethanyBethanyBethanyBethanyBethanyBethanyBethanyBethanyBethanyBethanyBethanyBethanyBethanyBethanyBethanyBethanyBethanyBethanyBethanyBethanyBethanyBethanyBethanyBethanyBethanyBethanyBethanyBethanyBethanyBethanyBethanyBethanyBethanyBethanyBethanyBethanyBethanyBethanyBethanyBethanyBethanyBethanyBethanyBethanyBethanyBethanyBethanyBethanyBethanyBethanyBethanyBethanyBethanyBethanyBethanyBethanyBethanyBethanyBethanyBethanyBethanyBethanyBethanyBethanyBethanyBethanyBethanyBethanyBethanyBethanyBethanyBethanyBethanyBethanyBethanyBethanyBethanyBethanyBethanyBethanyBethanyBethanyBethanyBethanyBethanyBethanyBethanyBethanyBethanyBethanyBethanyBethanyBethanyBethanyBethanyBethanyBethanyBethanyBethanyBethanyBethanyBethanyBethanyBethanyBethanyBethanyBethanyBethanyBethanyBethanyBethanyBethanyBethanyBethanyBethanyBethanyBethanyBethanyBethanyBethanyBethanyBethanyBethanyBethanyBethanyBethanyBethanyBethanyBethanyBethanyBethanyBethanyBethanyBethanyBethanyBethanyBethanyBethanyBethanyBethanyBethanyBethanyBethanyBethanyBethanyBethanyBethanyBethanyBethanyBethanyBethanyBethanyBethanyBethanyBethanyBethanyBethanyBethanyBethanyBethanyBethanyBethanyBethanyBethanyBethanyBethanyBethanyBethanyBethanyBethanyBethanyBethanyBethanyBethanyBethanyBethanyBethanyBethanyBethanyBethanyBethanyBethanyBethanyBethanyBethanyBethanyBethanyBethanyBethanyBethanyBethanyBethanyBethanyBethanyBethanyBethanyBethanyBethanyBethanyBethanyBethanyBethanyBethanyBethanyBethanyBethanyBethanyBethanyBethanyBethanyBethanyBethanyBethanyBethanyBethanyBethanyBethanyBethanyBethanyBethanyBethanyBethanyBethanyBethanyBethanyBethanyrondarondarondarondarondarondarondarondarondarondarondarondarondarondarondarondarondarondarondarondarondarondarondarondarondarondarondarondarondarondarondarondarondarondarondarondarondarondarondarondarondarondarondarondarondarondarondarondarondarondarondarondarondarondarondarondarondarondarondarondarondarondarondarondarondarondarondarondarondarondarondarondarondarondarondarondarondarondarondarondarondarondarondarondarondarondarondarondarondarondaerr8nerr8nerr8nerr8nerr8nerr8nerr8nerr8nerr8nerr8nerr8nerr8nerr8nerr8nerr8nerr8nerr8nerr8nerr8nerr8nerr8nerr8nerr8nerr8nerr8nerr8nerr8nerr8nerr8nerr8nerr8nerr8nerr8nerr8nerr8nerr8nerr8nerr8nerr8nerr8nerr8nerr8nerr8nerr8nerr8nerr8nerr8nerr8nerr8nerr8nerr8nerr8nerr8nerr8nerr8nerr8nerr8nerr8nerr8nerr8nerr8nerr8nerr8nerr8nerr8nerr8nerr8nerr8nerr8nerr8nerr8nerr8nerr8nerr8nerr8nerr8nerr8nerr8nerr8nerr8nerr8nerr8nerr8nerr8nerr8nerr8nerr8nerr8nerr8nerr8nerr8nwsg4wwsg4wwsg4wwsg4wwsg4wwsg4wwsg4wwsg4wwsg4wwsg4wwsg4wwsg4wwsg4wwsg4wwsg4wwsg4wwsg4wwsg4wwsg4wwsg4wwsg4wwsg4wwsg4wwsg4wwsg4wwsg4wwsg4wwsg4wwsg4wwsg4wwsg4wwsg4wwsg4wwsg4wwsg4wwsg4wwsg4wwsg4wwsg4wwsg4wwsg4wwsg4wwsg4wwsg4wwsg4wwsg4wwsg4wwsg4wwsg4wwsg4wwsg4wwsg4wwsg4wwsg4wwsg4wwsg4wwsg4wwsg4wwsg4wwsg4wwsg4wwsg4wwsg4wwsg4wwsg4wwsg4wwsg4wwsg4wwsg4wwsg4wwsg4wwsg4wwsg4wwsg4wwsg4wwsg4wwsg4wwsg4wwsg4wwsg4wwsg4wwsg4wwsg4wwsg4wwsg4wwsg4wwsg4wwsg4wwsg4wwsg4wwsg4wadminadminadminadminadminadminadminadminadminadminadminadminadminadminadminadminadminadminadminadminadminadminadminadminadminadminadminadminadminadminadminadminadminadminadminadminadminadminadminadminadminadminadminadminadminadminadminadminadminadminadminadminadminadminadminadminadminadminadminadminadminadminadminadminadminadminadminadminadminadminadminadminadminadminadminadminadminadminadminadminadminadminadminadminadminadminadminadminadminadminadminadminadminadminadminadminadminadminadminadminadminadminadminadminadminadminadminadminadminadminadminadminadminadminadminadminadminadminadminadminadminadminadminadminadminadminadminadminadminadminadminadminadminadminadminadminadminadminadminadminadminadminadminadminadminadminadminadminadminadminadminadminadminadminadminadminadminadminadminadminadminadminadminadminadminadminadminadminadminadminadminadminadminadminadminadminadminadminadminadminadminadminBethanyBethanyBethanyBethanyBethanyBethanyBethanyBethanyBethanyBethanyBethanyBethanyBethanyBethanyBethanyBethanyBethanyBethanyBethanyBethanyBethanyBethanyBethanyBethanyBethanyBethanyBethanyBethanyBethanyBethanyBethanyBethanyBethanyBethanyBethanyBethanyBethanyBethanyBethanyBethanyBethanyBethanyBethanyBethanyBethanyBethanyBethanyBethanyBethanyBethanyBethanyBethanyBethanyBethanyBethanyBethanyBethanyBethanyBethanyBethanyBethanyBethanyBethanyBethanyBethanyBethanyBethanyBethanyBethanyBethanyBethanyBethanyBethanyBethanyBethanyBethanyBethanyBethanyBethanyBethanyBethanyBethanyBethanyBethanyBethanyBethanyBethanyBethanyBethanyBethanyBethanyBethanyBethanyBethanyBethanyBethanyBethanyBethanyBethanyBethanyBethanyBethanyBethanyBethanyBethanyBethanyBethanyBethanyBethanyBethanyBethanyBethanyBethanyBethanyBethanyBethanyBethanyBethanyBethanyBethanyBethanyBethanyBethanyBethanyBethanyBethanyBethanyBethanyBethanyBethanyBethanyBethanyBethanyBethanyBethanyBethanyBethanyBethanyBethanyBethanyBethanyBethanyBethanyBethanyBethanyBethanyBethanyBethanyBethanyBethanyBethanyBethanyBethanyBethanyBethanyBethanyBethanyBethanyBethanyBethanyBethanyBethanyBethanyBethanyBethanyBethanyBethanyBethanyBethanyBethanyBethanyBethanyBethanyBethanyBethanyBethanyBethanyBethanyBethanyBethanyBethanyBethanyrondarondarondarondarondarondarondarondarondarondarondarondarondarondarondarondarondarondarondarondarondarondarondarondarondarondarondarondarondarondarondarondarondarondarondarondarondarondarondarondarondarondarondarondarondarondarondarondarondarondarondarondarondarondarondarondarondarondarondarondarondarondarondarondarondarondarondarondarondarondarondarondarondarondarondarondarondarondarondarondarondarondarondarondarondarondarondarondarondarondaerr8nerr8nerr8nerr8nerr8nerr8nerr8nerr8nerr8nerr8nerr8nerr8nerr8nerr8nerr8nerr8nerr8nerr8nerr8nerr8nerr8nerr8nerr8nerr8nerr8nerr8nerr8nerr8nerr8nerr8nerr8nerr8nerr8nerr8nerr8nerr8nerr8nerr8nerr8nerr8nerr8nerr8nerr8nerr8nerr8nerr8nerr8nerr8nerr8nerr8nerr8nerr8nerr8nerr8nerr8nerr8nerr8nerr8nerr8nerr8nerr8nerr8nerr8nerr8nerr8nerr8nerr8nerr8nerr8nerr8nerr8nerr8nerr8nerr8nerr8nerr8nerr8nerr8nerr8nerr8nerr8nerr8nerr8nerr8nerr8nerr8nerr8nerr8nerr8nerr8nerr8nrondarondarondarondarondarondarondarondarondarondarondarondarondarondarondarondarondarondarondarondarondarondarondarondarondarondarondarondarondarondarondarondarondarondarondarondarondarondarondarondarondarondarondarondarondarondarondarondarondarondarondarondarondarondarondarondarondarondarondarondarondarondarondarondarondarondarondarondarondarondarondarondarondarondarondarondarondarondarondarondarondarondarondarondarondarondarondarondarondarondadm4fndm4fndm4fndm4fndm4fndm4fndm4fndm4fndm4fndm4fndm4fndm4fndm4fndm4fndm4fndm4fndm4fndm4fndm4fndm4fndm4fndm4fndm4fndm4fndm4fndm4fndm4fndm4fndm4fndm4fndm4fndm4fndm4fndm4fndm4fndm4fndm4fndm4fndm4fndm4fndm4fndm4fndm4fndm4fndm4fndm4fndm4fndm4fndm4fndm4fndm4fndm4fndm4fndm4fndm4fndm4fndm4fndm4fndm4fndm4fndm4fndm4fndm4fndm4fndm4fndm4fndm4fndm4fndm4fndm4fndm4fndm4fndm4fndm4fndm4fndm4fndm4fndm4fndm4fndm4fndm4fndm4fndm4fndm4fndm4fndm4fndm4fndm4fndm4fndm4fndm4fnrondarondarondarondarondarondarondarondarondarondarondarondarondarondarondarondarondarondarondarondarondarondarondarondarondarondarondarondarondarondarondarondarondarondarondarondarondarondarondarondarondarondarondarondarondarondarondarondarondarondarondarondarondarondarondarondarondarondarondarondarondarondarondarondarondarondarondarondarondarondarondarondarondarondarondarondarondarondarondarondarondarondarondarondarondarondarondarondarondarondarondarondarondarondarondarondarondarondarondarondarondarondarondarondarondarondarondarondarondarondarondarondarondarondarondarondarondarondarondarondarondarondarondarondarondarondarondarondarondarondarondarondarondarondarondarondarondarondarondarondarondarondarondarondarondarondarondarondarondarondarondarondarondarondarondarondarondarondarondarondarondarondarondarondarondarondarondarondarondarondarondarondarondarondarondarondarondarondarondarondadm4fndm4fndm4fndm4fndm4fndm4fndm4fndm4fndm4fndm4fndm4fndm4fndm4fndm4fndm4fndm4fndm4fndm4fndm4fndm4fndm4fndm4fndm4fndm4fndm4fndm4fndm4fndm4fndm4fndm4fndm4fndm4fndm4fndm4fndm4fndm4fndm4fndm4fndm4fndm4fndm4fndm4fndm4fndm4fndm4fndm4fndm4fndm4fndm4fndm4fndm4fndm4fndm4fndm4fndm4fndm4fndm4fndm4fndm4fndm4fndm4fndm4fndm4fndm4fndm4fndm4fndm4fndm4fndm4fndm4fndm4fndm4fndm4fndm4fndm4fndm4fndm4fndm4fndm4fndm4fndm4fndm4fndm4fndm4fndm4fndm4fndm4fndm4fndm4fndm4fndm4fnerr8nerr8nerr8nerr8nerr8nerr8nerr8nerr8nerr8nerr8nerr8nerr8nerr8nerr8nerr8nerr8nerr8nerr8nerr8nerr8nerr8nerr8nerr8nerr8nerr8nerr8nerr8nerr8nerr8nerr8nerr8nerr8nerr8nerr8nerr8nerr8nerr8nerr8nerr8nerr8nerr8nerr8nerr8nerr8nerr8nerr8nerr8nerr8nerr8nerr8nerr8nerr8nerr8nerr8nerr8nerr8nerr8nerr8nerr8nerr8nerr8nerr8nerr8nerr8nerr8nerr8nerr8nerr8nerr8nerr8nerr8nerr8nerr8nerr8nerr8nerr8nerr8nerr8nerr8nerr8nerr8nerr8nerr8nerr8nerr8nerr8nerr8nerr8nerr8nerr8nerr8nwsg4wwsg4wwsg4wwsg4wwsg4wwsg4wwsg4wwsg4wwsg4wwsg4wwsg4wwsg4wwsg4wwsg4wwsg4wwsg4wwsg4wwsg4wwsg4wwsg4wwsg4wwsg4wwsg4wwsg4wwsg4wwsg4wwsg4wwsg4wwsg4wwsg4wwsg4wwsg4wwsg4wwsg4wwsg4wwsg4wwsg4wwsg4wwsg4wwsg4wwsg4wwsg4wwsg4wwsg4wwsg4wwsg4wwsg4wwsg4wwsg4wwsg4wwsg4wwsg4wwsg4wwsg4wwsg4wwsg4wwsg4wwsg4wwsg4wwsg4wwsg4wwsg4wwsg4wwsg4wwsg4wwsg4wwsg4wwsg4wwsg4wwsg4wwsg4wwsg4wwsg4wwsg4wwsg4wwsg4wwsg4wwsg4wwsg4wwsg4wwsg4wwsg4wwsg4wwsg4wwsg4wwsg4wwsg4wwsg4wwsg4wwsg4wwsg4wkgj3tkgj3tkgj3tkgj3tkgj3tkgj3tkgj3tkgj3tkgj3tkgj3tkgj3tkgj3tkgj3tkgj3tkgj3tkgj3tkgj3tkgj3tkgj3tkgj3tkgj3tkgj3tkgj3tkgj3tkgj3tkgj3tkgj3tkgj3tkgj3tkgj3tkgj3tkgj3tkgj3tkgj3tkgj3tkgj3tkgj3tkgj3tkgj3tkgj3tkgj3tkgj3tkgj3tkgj3tkgj3tkgj3tkgj3tkgj3tkgj3tkgj3tkgj3tkgj3tkgj3tkgj3tkgj3tkgj3tkgj3tkgj3tkgj3tkgj3tkgj3tkgj3tkgj3tkgj3tkgj3tkgj3tkgj3tkgj3tkgj3tkgj3tkgj3tkgj3tkgj3tkgj3tkgj3tkgj3tkgj3tkgj3tkgj3tkgj3tkgj3tkgj3tkgj3tkgj3tkgj3tkgj3tkgj3tkgj3tkgj3tkgj3tkgj3twsg4wwsg4wwsg4wwsg4wwsg4wwsg4wwsg4wwsg4wwsg4wwsg4wwsg4wwsg4wwsg4wwsg4wwsg4wwsg4wwsg4wwsg4wwsg4wwsg4wwsg4wwsg4wwsg4wwsg4wwsg4wwsg4wwsg4wwsg4wwsg4wwsg4wwsg4wwsg4wwsg4wwsg4wwsg4wwsg4wwsg4wwsg4wwsg4wwsg4wwsg4wwsg4wwsg4wwsg4wwsg4wwsg4wwsg4wwsg4wwsg4wwsg4wwsg4wwsg4wwsg4wwsg4wwsg4wwsg4wwsg4wwsg4wwsg4wwsg4wwsg4wwsg4wwsg4wwsg4wwsg4wwsg4wwsg4wwsg4wwsg4wwsg4wwsg4wwsg4wwsg4wwsg4wwsg4wwsg4wwsg4wwsg4wwsg4wwsg4wwsg4wwsg4wwsg4wwsg4wwsg4wwsg4wwsg4wwsg4wwsg4wwsg4wwsg4wdcg6bdcg6bdcg6bdcg6bdcg6bdcg6bdcg6bdcg6bdcg6bdcg6bdcg6bdcg6bdcg6bdcg6bdcg6bdcg6bdcg6bdcg6bdcg6bdcg6bdcg6bdcg6bdcg6bdcg6bdcg6bdcg6bdcg6bdcg6bdcg6bdcg6bdcg6bdcg6bdcg6bdcg6bdcg6bdcg6bdcg6bdcg6bdcg6bdcg6bdcg6bdcg6bdcg6bdcg6bdcg6bdcg6bdcg6bdcg6bdcg6bdcg6bdcg6bdcg6bdcg6bdcg6bdcg6bdcg6bdcg6bdcg6bdcg6bdcg6bdcg6bdcg6bdcg6bdcg6bdcg6bdcg6bdcg6bdcg6bdcg6bdcg6bdcg6bdcg6bdcg6bdcg6bdcg6bdcg6bdcg6bdcg6bdcg6bdcg6bdcg6bdcg6bdcg6bdcg6bdcg6bdcg6bdcg6bdcg6bdcg6bdcg6bdcg6berr8nerr8nerr8nerr8nerr8nerr8nerr8nerr8nerr8nerr8nerr8nerr8nerr8nerr8nerr8nerr8nerr8nerr8nerr8nerr8nerr8nerr8nerr8nerr8nerr8nerr8nerr8nerr8nerr8nerr8nerr8nerr8nerr8nerr8nerr8nerr8nerr8nerr8nerr8nerr8nerr8nerr8nerr8nerr8nerr8nerr8nerr8nerr8nerr8nerr8nerr8nerr8nerr8nerr8nerr8nerr8nerr8nerr8nerr8nerr8nerr8nerr8nerr8nerr8nerr8nerr8nerr8nerr8nerr8nerr8nerr8nerr8nerr8nerr8nerr8nerr8nerr8nerr8nerr8nerr8nerr8nerr8nerr8nerr8nerr8nerr8nerr8nerr8nerr8nerr8nerr8nBethanyBethanyBethanyBethanyBethanyBethanyBethanyBethanyBethanyBethanyBethanyBethanyBethanyBethanyBethanyBethanyBethanyBethanyBethanyBethanyBethanyBethanyBethanyBethanyBethanyBethanyBethanyBethanyBethanyBethanyBethanyBethanyBethanyBethanyBethanyBethanyBethanyBethanyBethanyBethanyBethanyBethanyBethanyBethanyBethanyBethanyBethanyBethanyBethanyBethanyBethanyBethanyBethanyBethanyBethanyBethanyBethanyBethanyBethanyBethanyBethanyBethanyBethanyBethanyBethanyBethanyBethanyBethanyBethanyBethanyBethanyBethanyBethanyBethanyBethanyBethanyBethanyBethanyBethanyBethanyBethanyBethanyBethanyBethanyBethanyBethanyBethanyBethanyBethanyBethanyBethanydcg6bdcg6bdcg6bdcg6bdcg6bdcg6bdcg6bdcg6bdcg6bdcg6bdcg6bdcg6bdcg6bdcg6bdcg6bdcg6bdcg6bdcg6bdcg6bdcg6bdcg6bdcg6bdcg6bdcg6bdcg6bdcg6bdcg6bdcg6bdcg6bdcg6bdcg6bdcg6bdcg6bdcg6bdcg6bdcg6bdcg6bdcg6bdcg6bdcg6bdcg6bdcg6bdcg6bdcg6bdcg6bdcg6bdcg6bdcg6bdcg6bdcg6bdcg6bdcg6bdcg6bdcg6bdcg6bdcg6bdcg6bdcg6bdcg6bdcg6bdcg6bdcg6bdcg6bdcg6bdcg6bdcg6bdcg6bdcg6bdcg6bdcg6bdcg6bdcg6bdcg6bdcg6bdcg6bdcg6bdcg6bdcg6bdcg6bdcg6bdcg6bdcg6bdcg6bdcg6bdcg6bdcg6bdcg6bdcg6bdcg6bdcg6bdcg6bjeremyjeremyjeremyjeremyjeremyjeremyjeremyjeremyjeremyjeremyjeremyjeremyjeremyjeremyjeremyjeremyjeremyjeremyjeremyjeremyjeremyjeremyjeremyjeremyjeremyjeremyjeremyjeremyjeremyjeremyjeremyjeremyjeremyjeremyjeremyjeremyjeremyjeremyjeremyjeremyjeremyjeremyjeremyjeremyjeremyjeremyjeremyjeremyjeremyjeremyjeremyjeremyjeremyjeremyjeremyjeremyjeremyjeremyjeremyjeremyjeremyjeremyjeremyjeremyjeremyjeremyjeremyjeremyjeremyjeremyjeremyjeremyjeremyjeremyjeremyjeremyjeremyjeremyjeremyjeremyjeremyjeremyjeremyjeremyjeremyjeremyjeremyjeremyjeremyjeremyedward.triplettedward.triplettedward.triplettedward.triplettedward.triplettedward.triplettedward.triplettedward.triplettedward.triplettedward.triplettedward.triplettedward.triplettedward.triplettedward.triplettedward.triplettedward.triplettedward.triplettedward.triplettedward.triplettedward.triplettedward.triplettedward.triplettedward.triplettedward.triplettedward.triplettedward.triplettedward.triplettedward.triplettedward.triplettedward.triplettedward.triplettedward.triplettedward.triplettedward.triplettedward.triplettedward.triplettedward.triplettedward.triplettedward.triplettedward.triplettedward.triplettedward.triplettedward.triplettedward.triplettedward.triplettedward.triplettedward.triplettedward.triplettedward.triplettedward.triplettedward.triplettedward.triplettedward.triplettedward.triplettedward.triplettedward.triplettedward.triplettedward.triplettedward.triplettedward.triplettedward.triplettedward.triplettedward.triplettedward.triplettedward.triplettedward.triplettedward.triplettedward.triplettedward.triplettedward.triplettedward.triplettedward.triplettedward.triplettedward.triplettedward.triplettedward.triplettedward.triplettedward.triplettedward.triplettedward.triplettedward.triplettedward.triplettedward.triplettedward.triplettedward.triplettedward.triplettedward.triplettedward.triplettedward.triplettedward.triplettedward.triplettag7wag7wag7wag7wag7wag7wag7wag7wag7wag7wag7wag7wag7wag7wag7wag7wag7wag7wag7wag7wag7wag7wag7wag7wag7wag7wag7wag7wag7wag7wag7wag7wag7wag7wag7wag7wag7wag7wag7wag7wag7wag7wag7wag7wag7wag7wag7wag7wag7wag7wag7wag7wag7wag7wag7wag7wag7wag7wag7wag7wag7wag7wag7wag7wag7wag7wag7wag7wag7wag7wag7wag7wag7wag7wag7wag7wag7wag7wag7wag7wag7wag7wag7wag7wag7wag7wag7wag7wag7wag7wag7wsas3casas3casas3casas3casas3casas3casas3casas3casas3casas3casas3casas3casas3casas3casas3casas3casas3casas3casas3casas3casas3casas3casas3casas3casas3casas3casas3casas3casas3casas3casas3casas3casas3casas3casas3casas3casas3casas3casas3casas3casas3casas3casas3casas3casas3casas3casas3casas3casas3casas3casas3casas3casas3casas3casas3casas3casas3casas3casas3casas3casas3casas3casas3casas3casas3casas3casas3casas3casas3casas3casas3casas3casas3casas3casas3casas3casas3casas3casas3casas3casas3casas3casas3casas3casas3casas3casas3casas3casas3casas3casas3cabnl2jabnl2jabnl2jabnl2jabnl2jabnl2jabnl2jabnl2jabnl2jabnl2jabnl2jabnl2jabnl2jabnl2jabnl2jabnl2jabnl2jabnl2jabnl2jabnl2jabnl2jabnl2jabnl2jabnl2jabnl2jabnl2jabnl2jabnl2jabnl2jabnl2jabnl2jabnl2jabnl2jabnl2jabnl2jabnl2jabnl2jabnl2jabnl2jabnl2jabnl2jabnl2jabnl2jabnl2jabnl2jabnl2jabnl2jabnl2jabnl2jabnl2jabnl2jabnl2jabnl2jabnl2jabnl2jabnl2jabnl2jabnl2jabnl2jabnl2jabnl2jabnl2jabnl2jabnl2jabnl2jabnl2jabnl2jabnl2jabnl2jabnl2jabnl2jabnl2jabnl2jabnl2jabnl2jabnl2jabnl2jabnl2jabnl2jabnl2jabnl2jabnl2jabnl2jabnl2jabnl2jabnl2jabnl2jabnl2jabnl2jabnl2jabnl2jajes8zvjes8zvjes8zvjes8zvjes8zvjes8zvjes8zvjes8zvjes8zvjes8zvjes8zvjes8zvjes8zvjes8zvjes8zvjes8zvjes8zvjes8zvjes8zvjes8zvjes8zvjes8zvjes8zvjes8zvjes8zvjes8zvjes8zvjes8zvjes8zvjes8zvjes8zvjes8zvjes8zvjes8zvjes8zvjes8zvjes8zvjes8zvjes8zvjes8zvjes8zvjes8zvjes8zvjes8zvjes8zvjes8zvjes8zvjes8zvjes8zvjes8zvjes8zvjes8zvjes8zvjes8zvjes8zvjes8zvjes8zvjes8zvjes8zvjes8zvjes8zvjes8zvjes8zvjes8zvjes8zvjes8zvjes8zvjes8zvjes8zvjes8zvjes8zvjes8zvjes8zvjes8zvjes8zvjes8zvjes8zvjes8zvjes8zvjes8zvjes8zvjes8zvjes8zvjes8zvjes8zvjes8zvjes8zvjes8zvjes8zvjes8zvjes8zvlo3mlo3mlo3mlo3mlo3mlo3mlo3mlo3mlo3mlo3mlo3mlo3mlo3mlo3mlo3mlo3mlo3mlo3mlo3mlo3mlo3mlo3mlo3mlo3mlo3mlo3mlo3mlo3mlo3mlo3mlo3mlo3mlo3mlo3mlo3mlo3mlo3mlo3mlo3mlo3mlo3mlo3mlo3mlo3mlo3mlo3mlo3mlo3mlo3mlo3mlo3mlo3mlo3mlo3mlo3mlo3mlo3mlo3mlo3mlo3mlo3mlo3mlo3mlo3mlo3mlo3mlo3mlo3mlo3mlo3mlo3mlo3mlo3mlo3mlo3mlo3mlo3mlo3mlo3mlo3mlo3mlo3mlo3mlo3mlo3mlo3mlo3mlo3mlo3mlo3mlo3merr8nerr8nerr8nerr8nerr8nerr8nerr8nerr8nerr8nerr8nerr8nerr8nerr8nerr8nerr8nerr8nerr8nerr8nerr8nerr8nerr8nerr8nerr8nerr8nerr8nerr8nerr8nerr8nerr8nerr8nerr8nerr8nerr8nerr8nerr8nerr8nerr8nerr8nerr8nerr8nerr8nerr8nerr8nerr8nerr8nerr8nerr8nerr8nerr8nerr8nerr8nerr8nerr8nerr8nerr8nerr8nerr8nerr8nerr8nerr8nerr8nerr8nerr8nerr8nerr8nerr8nerr8nerr8nerr8nerr8nerr8nerr8nerr8nerr8nerr8nerr8nerr8nerr8nerr8nerr8nerr8nerr8nerr8nerr8nerr8nerr8nerr8nerr8nerr8nerr8nerr8nerr8nerr8nerr8nerr8nerr8nerr8nerr8nerr8nerr8nerr8nerr8nerr8nerr8nerr8nerr8nerr8nerr8nerr8nerr8nerr8nerr8nerr8nerr8nerr8nerr8nerr8nerr8nerr8nerr8nerr8nerr8nerr8nerr8nerr8nerr8nerr8nerr8nerr8nerr8nerr8nerr8nerr8nerr8nerr8nerr8nerr8nerr8nerr8nerr8nerr8nerr8nerr8nerr8nerr8nerr8nerr8nerr8nerr8nerr8nerr8nerr8nerr8nerr8nerr8nerr8nerr8nerr8nerr8nerr8nerr8nerr8nerr8nerr8nerr8nerr8nerr8nerr8nerr8nerr8nerr8nerr8nerr8nerr8nerr8nerr8nerr8nerr8nerr8nerr8nerr8nerr8nericdmjericdmjericdmjericdmjericdmjericdmjericdmjericdmjericdmjericdmjericdmjericdmjericdmjericdmjericdmjericdmjericdmjericdmjericdmjericdmjericdmjericdmjericdmjericdmjericdmjericdmjericdmjericdmjericdmjericdmjericdmjericdmjericdmjericdmjericdmjericdmjericdmjericdmjericdmjericdmjericdmjericdmjericdmjericdmjericdmjericdmjericdmjericdmjericdmjericdmjericdmjericdmjericdmjericdmjericdmjericdmjericdmjericdmjericdmjericdmjericdmjericdmjericdmjericdmjericdmjericdmjericdmjericdmjericdmjericdmjericdmjericdmjericdmjericdmjericdmjericdmjericdmjericdmjericdmjericdmjericdmjericdmjericdmjericdmjericdmjericdmjericdmjericdmjericdmjericdmjag7wag7wag7wag7wag7wag7wag7wag7wag7wag7wag7wag7wag7wag7wag7wag7wag7wag7wag7wag7wag7wag7wag7wag7wag7wag7wag7wag7wag7wag7wag7wag7wag7wag7wag7wag7wag7wag7wag7wag7wag7wag7wag7wag7wag7wag7wag7wag7wag7wag7wag7wag7wag7wag7wag7wag7wag7wag7wag7wag7wag7wag7wag7wag7wag7wag7wag7wag7wag7wag7wag7wag7wag7wag7wag7wag7wag7wag7wag7wag7wag7wag7wag7wag7wag7wag7wag7wag7wag7wag7wag7wbnl2jabnl2jabnl2jabnl2jabnl2jabnl2jabnl2jabnl2jabnl2jabnl2jabnl2jabnl2jabnl2jabnl2jabnl2jabnl2jabnl2jabnl2jabnl2jabnl2jabnl2jabnl2jabnl2jabnl2jabnl2jabnl2jabnl2jabnl2jabnl2jabnl2jabnl2jabnl2jabnl2jabnl2jabnl2jabnl2jabnl2jabnl2jabnl2jabnl2jabnl2jabnl2jabnl2jabnl2jabnl2jabnl2jabnl2jabnl2jabnl2jabnl2jabnl2jabnl2jabnl2jabnl2jabnl2jabnl2jabnl2jabnl2jabnl2jabnl2jabnl2jabnl2jabnl2jabnl2jabnl2jabnl2jabnl2jabnl2jabnl2jabnl2jabnl2jabnl2jabnl2jabnl2jabnl2jabnl2jabnl2jabnl2jabnl2jabnl2jabnl2jabnl2jabnl2jabnl2jabnl2jabnl2jabnl2jabnl2jabnl2jabnl2jabnl2jasas3casas3casas3casas3casas3casas3casas3casas3casas3casas3casas3casas3casas3casas3casas3casas3casas3casas3casas3casas3casas3casas3casas3casas3casas3casas3casas3casas3casas3casas3casas3casas3casas3casas3casas3casas3casas3casas3casas3casas3casas3casas3casas3casas3casas3casas3casas3casas3casas3casas3casas3casas3casas3casas3casas3casas3casas3casas3casas3casas3casas3casas3casas3casas3casas3casas3casas3casas3casas3casas3casas3casas3casas3casas3casas3casas3casas3casas3casas3casas3casas3casas3casas3casas3casas3casas3casas3casas3casas3casas3casas3cajes8zvjes8zvjes8zvjes8zvjes8zvjes8zvjes8zvjes8zvjes8zvjes8zvjes8zvjes8zvjes8zvjes8zvjes8zvjes8zvjes8zvjes8zvjes8zvjes8zvjes8zvjes8zvjes8zvjes8zvjes8zvjes8zvjes8zvjes8zvjes8zvjes8zvjes8zvjes8zvjes8zvjes8zvjes8zvjes8zvjes8zvjes8zvjes8zvjes8zvjes8zvjes8zvjes8zvjes8zvjes8zvjes8zvjes8zvjes8zvjes8zvjes8zvjes8zvjes8zvjes8zvjes8zvjes8zvjes8zvjes8zvjes8zvjes8zvjes8zvjes8zvjes8zvjes8zvjes8zvjes8zvjes8zvjes8zvjes8zvjes8zvjes8zvjes8zvjes8zvjes8zvjes8zvjes8zvjes8zvjes8zvjes8zvjes8zvjes8zvjes8zvjes8zvjes8zvjes8zvjes8zvjes8zvjes8zvjes8zvjes8zvjes8zvjes8zvedward.triplettedward.triplettedward.triplettedward.triplettedward.triplettedward.triplettedward.triplettedward.triplettedward.triplettedward.triplettedward.triplettedward.triplettedward.triplettedward.triplettedward.triplettedward.triplettedward.triplettedward.triplettedward.triplettedward.triplettedward.triplettedward.triplettedward.triplettedward.triplettedward.triplettedward.triplettedward.triplettedward.triplettedward.triplettedward.triplettedward.triplettedward.triplettedward.triplettedward.triplettedward.triplettedward.triplettedward.triplettedward.triplettedward.triplettedward.triplettedward.triplettedward.triplettedward.triplettedward.triplettedward.triplettedward.triplettedward.triplettedward.triplettedward.triplettedward.triplettedward.triplettedward.triplettedward.triplettedward.triplettedward.triplettedward.triplettedward.triplettedward.triplettedward.triplettedward.triplettedward.triplettedward.triplettedward.triplettedward.triplettedward.triplettedward.triplettedward.triplettedward.triplettedward.triplettedward.triplettedward.triplettedward.triplettedward.triplettedward.triplettedward.triplettedward.triplettedward.triplettedward.triplettedward.triplettedward.triplettedward.triplettedward.triplettedward.triplettedward.triplettedward.triplettedward.triplettedward.triplettedward.triplettedward.triplettedward.triplettedward.triplettlo3mlo3mlo3mlo3mlo3mlo3mlo3mlo3mlo3mlo3mlo3mlo3mlo3mlo3mlo3mlo3mlo3mlo3mlo3mlo3mlo3mlo3mlo3mlo3mlo3mlo3mlo3mlo3mlo3mlo3mlo3mlo3mlo3mlo3mlo3mlo3mlo3mlo3mlo3mlo3mlo3mlo3mlo3mlo3mlo3mlo3mlo3mlo3mlo3mlo3mlo3mlo3mlo3mlo3mlo3mlo3mlo3mlo3mlo3mlo3mlo3mlo3mlo3mlo3mlo3mlo3mlo3mlo3mlo3mlo3mlo3mlo3mlo3mlo3mlo3mlo3mlo3mlo3mlo3mlo3mlo3mlo3mlo3mlo3mlo3mlo3mlo3mlo3mlo3mlo3mlo3medward.triplettedward.triplettedward.triplettedward.triplettedward.triplettedward.triplettedward.triplettedward.triplettedward.triplettedward.triplettedward.triplettedward.triplettedward.triplettedward.triplettedward.triplettedward.triplettedward.triplettedward.triplettedward.triplettedward.triplettedward.triplettedward.triplettedward.triplettedward.triplettedward.triplettedward.triplettedward.triplettedward.triplettedward.triplettedward.triplettedward.triplettedward.triplettedward.triplettedward.triplettedward.triplettedward.triplettedward.triplettedward.triplettedward.triplettedward.triplettedward.triplettedward.triplettedward.triplettedward.triplettedward.triplettedward.triplettedward.triplettedward.triplettedward.triplettedward.triplettedward.triplettedward.triplettedward.triplettedward.triplettedward.triplettedward.triplettedward.triplettedward.triplettedward.triplettedward.triplettedward.triplettedward.triplettedward.triplettedward.triplettedward.triplettedward.triplettedward.triplettedward.triplettedward.triplettedward.triplettedward.triplettedward.triplettedward.triplettedward.triplettedward.triplettedward.triplettedward.triplettedward.triplettedward.triplettedward.triplettedward.triplettedward.triplettedward.triplettedward.triplettedward.triplettedward.triplettedward.triplettedward.triplettedward.triplettedward.triplettedward.triplettBethanyBethanyBethanyBethanyBethanyBethanyBethanyBethanyBethanyBethanyBethanyBethanyBethanyBethanyBethanyBethanyBethanyBethanyBethanyBethanyBethanyBethanyBethanyBethanyBethanyBethanyBethanyBethanyBethanyBethanyBethanyBethanyBethanyBethanyBethanyBethanyBethanyBethanyBethanyBethanyBethanyBethanyBethanyBethanyBethanyBethanyBethanyBethanyBethanyBethanyBethanyBethanyBethanyBethanyBethanyBethanyBethanyBethanyBethanyBethanyBethanyBethanyBethanyBethanyBethanyBethanyBethanyBethanyBethanyBethanyBethanyBethanyBethanyBethanyBethanyBethanyBethanyBethanyBethanyBethanyBethanyBethanyBethanyBethanyBethanyBethanyBethanyBethanyBethanyBethanyBethanybnl2jabnl2jabnl2jabnl2jabnl2jabnl2jabnl2jabnl2jabnl2jabnl2jabnl2jabnl2jabnl2jabnl2jabnl2jabnl2jabnl2jabnl2jabnl2jabnl2jabnl2jabnl2jabnl2jabnl2jabnl2jabnl2jabnl2jabnl2jabnl2jabnl2jabnl2jabnl2jabnl2jabnl2jabnl2jabnl2jabnl2jabnl2jabnl2jabnl2jabnl2jabnl2jabnl2jabnl2jabnl2jabnl2jabnl2jabnl2jabnl2jabnl2jabnl2jabnl2jabnl2jabnl2jabnl2jabnl2jabnl2jabnl2jabnl2jabnl2jabnl2jabnl2jabnl2jabnl2jabnl2jabnl2jabnl2jabnl2jabnl2jabnl2jabnl2jabnl2jabnl2jabnl2jabnl2jabnl2jabnl2jabnl2jabnl2jabnl2jabnl2jabnl2jabnl2jabnl2jabnl2jabnl2jabnl2jabnl2jabnl2jabnl2jabnl2jasas3casas3casas3casas3casas3casas3casas3casas3casas3casas3casas3casas3casas3casas3casas3casas3casas3casas3casas3casas3casas3casas3casas3casas3casas3casas3casas3casas3casas3casas3casas3casas3casas3casas3casas3casas3casas3casas3casas3casas3casas3casas3casas3casas3casas3casas3casas3casas3casas3casas3casas3casas3casas3casas3casas3casas3casas3casas3casas3casas3casas3casas3casas3casas3casas3casas3casas3casas3casas3casas3casas3casas3casas3casas3casas3casas3casas3casas3casas3casas3casas3casas3casas3casas3casas3casas3casas3casas3casas3casas3casas3caag7wag7wag7wag7wag7wag7wag7wag7wag7wag7wag7wag7wag7wag7wag7wag7wag7wag7wag7wag7wag7wag7wag7wag7wag7wag7wag7wag7wag7wag7wag7wag7wag7wag7wag7wag7wag7wag7wag7wag7wag7wag7wag7wag7wag7wag7wag7wag7wag7wag7wag7wag7wag7wag7wag7wag7wag7wag7wag7wag7wag7wag7wag7wag7wag7wag7wag7wag7wag7wag7wag7wag7wag7wag7wag7wag7wag7wag7wag7wag7wag7wag7wag7wag7wag7wag7wag7wag7wag7wag7wag7wjes8zvjes8zvjes8zvjes8zvjes8zvjes8zvjes8zvjes8zvjes8zvjes8zvjes8zvjes8zvjes8zvjes8zvjes8zvjes8zvjes8zvjes8zvjes8zvjes8zvjes8zvjes8zvjes8zvjes8zvjes8zvjes8zvjes8zvjes8zvjes8zvjes8zvjes8zvjes8zvjes8zvjes8zvjes8zvjes8zvjes8zvjes8zvjes8zvjes8zvjes8zvjes8zvjes8zvjes8zvjes8zvjes8zvjes8zvjes8zvjes8zvjes8zvjes8zvjes8zvjes8zvjes8zvjes8zvjes8zvjes8zvjes8zvjes8zvjes8zvjes8zvjes8zvjes8zvjes8zvjes8zvjes8zvjes8zvjes8zvjes8zvjes8zvjes8zvjes8zvjes8zvjes8zvjes8zvjes8zvjes8zvjes8zvjes8zvjes8zvjes8zvjes8zvjes8zvjes8zvjes8zvjes8zvjes8zvjes8zvjes8zvjes8zvjes8zvlo3mlo3mlo3mlo3mlo3mlo3mlo3mlo3mlo3mlo3mlo3mlo3mlo3mlo3mlo3mlo3mlo3mlo3mlo3mlo3mlo3mlo3mlo3mlo3mlo3mlo3mlo3mlo3mlo3mlo3mlo3mlo3mlo3mlo3mlo3mlo3mlo3mlo3mlo3mlo3mlo3mlo3mlo3mlo3mlo3mlo3mlo3mlo3mlo3mlo3mlo3mlo3mlo3mlo3mlo3mlo3mlo3mlo3mlo3mlo3mlo3mlo3mlo3mlo3mlo3mlo3mlo3mlo3mlo3mlo3mlo3mlo3mlo3mlo3mlo3mlo3mlo3mlo3mlo3mlo3mlo3mlo3mlo3mlo3mlo3mlo3mlo3mlo3mlo3mlo3mlo3mericdmjericdmjericdmjericdmjericdmjericdmjericdmjericdmjericdmjericdmjericdmjericdmjericdmjericdmjericdmjericdmjericdmjericdmjericdmjericdmjericdmjericdmjericdmjericdmjericdmjericdmjericdmjericdmjericdmjericdmjericdmjericdmjericdmjericdmjericdmjericdmjericdmjericdmjericdmjericdmjericdmjericdmjericdmjericdmjericdmjericdmjericdmjericdmjericdmjericdmjericdmjericdmjericdmjericdmjericdmjericdmjericdmjericdmjericdmjericdmjericdmjericdmjericdmjericdmjericdmjericdmjericdmjericdmjericdmjericdmjericdmjericdmjericdmjericdmjericdmjericdmjericdmjericdmjericdmjericdmjericdmjericdmjericdmjericdmjericdmjericdmjericdmjericdmjericdmjericdmjBethanyBethanyBethanyBethanyBethanyBethanyBethanyBethanyBethanyBethanyBethanyBethanyBethanyBethanyBethanyBethanyBethanyBethanyBethanyBethanyBethanyBethanyBethanyBethanyBethanyBethanyBethanyBethanyBethanyBethanyBethanyBethanyBethanyBethanyBethanyBethanyBethanyBethanyBethanyBethanyBethanyBethanyBethanyBethanyBethanyBethanyBethanyBethanyBethanyBethanyBethanyBethanyBethanyBethanyBethanyBethanyBethanyBethanyBethanyBethanyBethanyBethanyBethanyBethanyBethanyBethanyBethanyBethanyBethanyBethanyBethanyBethanyBethanyBethanyBethanyBethanyBethanyBethanyBethanyBethanyBethanyBethanyBethanyBethanyBethanyBethanyBethanyBethanyBethanyBethanyBethanybnl2jabnl2jabnl2jabnl2jabnl2jabnl2jabnl2jabnl2jabnl2jabnl2jabnl2jabnl2jabnl2jabnl2jabnl2jabnl2jabnl2jabnl2jabnl2jabnl2jabnl2jabnl2jabnl2jabnl2jabnl2jabnl2jabnl2jabnl2jabnl2jabnl2jabnl2jabnl2jabnl2jabnl2jabnl2jabnl2jabnl2jabnl2jabnl2jabnl2jabnl2jabnl2jabnl2jabnl2jabnl2jabnl2jabnl2jabnl2jabnl2jabnl2jabnl2jabnl2jabnl2jabnl2jabnl2jabnl2jabnl2jabnl2jabnl2jabnl2jabnl2jabnl2jabnl2jabnl2jabnl2jabnl2jabnl2jabnl2jabnl2jabnl2jabnl2jabnl2jabnl2jabnl2jabnl2jabnl2jabnl2jabnl2jabnl2jabnl2jabnl2jabnl2jabnl2jabnl2jabnl2jabnl2jabnl2jabnl2jabnl2jabnl2jabnl2jadcg6bdcg6bdcg6bdcg6bdcg6bdcg6bdcg6bdcg6bdcg6bdcg6bdcg6bdcg6bdcg6bdcg6bdcg6bdcg6bdcg6bdcg6bdcg6bdcg6bdcg6bdcg6bdcg6bdcg6bdcg6bdcg6bdcg6bdcg6bdcg6bdcg6bdcg6bdcg6bdcg6bdcg6bdcg6bdcg6bdcg6bdcg6bdcg6bdcg6bdcg6bdcg6bdcg6bdcg6bdcg6bdcg6bdcg6bdcg6bdcg6bdcg6bdcg6bdcg6bdcg6bdcg6bdcg6bdcg6bdcg6bdcg6bdcg6bdcg6bdcg6bdcg6bdcg6bdcg6bdcg6bdcg6bdcg6bdcg6bdcg6bdcg6bdcg6bdcg6bdcg6bdcg6bdcg6bdcg6bdcg6bdcg6bdcg6bdcg6bdcg6bdcg6bdcg6bdcg6bdcg6bdcg6bdcg6bdcg6bdcg6bdcg6bdcg6bsas3casas3casas3casas3casas3casas3casas3casas3casas3casas3casas3casas3casas3casas3casas3casas3casas3casas3casas3casas3casas3casas3casas3casas3casas3casas3casas3casas3casas3casas3casas3casas3casas3casas3casas3casas3casas3casas3casas3casas3casas3casas3casas3casas3casas3casas3casas3casas3casas3casas3casas3casas3casas3casas3casas3casas3casas3casas3casas3casas3casas3casas3casas3casas3casas3casas3casas3casas3casas3casas3casas3casas3casas3casas3casas3casas3casas3casas3casas3casas3casas3casas3casas3casas3casas3casas3casas3casas3casas3casas3casas3caag7wag7wag7wag7wag7wag7wag7wag7wag7wag7wag7wag7wag7wag7wag7wag7wag7wag7wag7wag7wag7wag7wag7wag7wag7wag7wag7wag7wag7wag7wag7wag7wag7wag7wag7wag7wag7wag7wag7wag7wag7wag7wag7wag7wag7wag7wag7wag7wag7wag7wag7wag7wag7wag7wag7wag7wag7wag7wag7wag7wag7wag7wag7wag7wag7wag7wag7wag7wag7wag7wag7wag7wag7wag7wag7wag7wag7wag7wag7wag7wag7wag7wag7wag7wag7wag7wag7wag7wag7wag7wag7wjes8zvjes8zvjes8zvjes8zvjes8zvjes8zvjes8zvjes8zvjes8zvjes8zvjes8zvjes8zvjes8zvjes8zvjes8zvjes8zvjes8zvjes8zvjes8zvjes8zvjes8zvjes8zvjes8zvjes8zvjes8zvjes8zvjes8zvjes8zvjes8zvjes8zvjes8zvjes8zvjes8zvjes8zvjes8zvjes8zvjes8zvjes8zvjes8zvjes8zvjes8zvjes8zvjes8zvjes8zvjes8zvjes8zvjes8zvjes8zvjes8zvjes8zvjes8zvjes8zvjes8zvjes8zvjes8zvjes8zvjes8zvjes8zvjes8zvjes8zvjes8zvjes8zvjes8zvjes8zvjes8zvjes8zvjes8zvjes8zvjes8zvjes8zvjes8zvjes8zvjes8zvjes8zvjes8zvjes8zvjes8zvjes8zvjes8zvjes8zvjes8zvjes8zvjes8zvjes8zvjes8zvjes8zvjes8zvjes8zvjes8zvjes8zvjes8zvedward.triplettedward.triplettedward.triplettedward.triplettedward.triplettedward.triplettedward.triplettedward.triplettedward.triplettedward.triplettedward.triplettedward.triplettedward.triplettedward.triplettedward.triplettedward.triplettedward.triplettedward.triplettedward.triplettedward.triplettedward.triplettedward.triplettedward.triplettedward.triplettedward.triplettedward.triplettedward.triplettedward.triplettedward.triplettedward.triplettedward.triplettedward.triplettedward.triplettedward.triplettedward.triplettedward.triplettedward.triplettedward.triplettedward.triplettedward.triplettedward.triplettedward.triplettedward.triplettedward.triplettedward.triplettedward.triplettedward.triplettedward.triplettedward.triplettedward.triplettedward.triplettedward.triplettedward.triplettedward.triplettedward.triplettedward.triplettedward.triplettedward.triplettedward.triplettedward.triplettedward.triplettedward.triplettedward.triplettedward.triplettedward.triplettedward.triplettedward.triplettedward.triplettedward.triplettedward.triplettedward.triplettedward.triplettedward.triplettedward.triplettedward.triplettedward.triplettedward.triplettedward.triplettedward.triplettedward.triplettedward.triplettedward.triplettedward.triplettedward.triplettedward.triplettedward.triplettedward.triplettedward.triplettedward.triplettedward.triplettedward.triplettlo3mlo3mlo3mlo3mlo3mlo3mlo3mlo3mlo3mlo3mlo3mlo3mlo3mlo3mlo3mlo3mlo3mlo3mlo3mlo3mlo3mlo3mlo3mlo3mlo3mlo3mlo3mlo3mlo3mlo3mlo3mlo3mlo3mlo3mlo3mlo3mlo3mlo3mlo3mlo3mlo3mlo3mlo3mlo3mlo3mlo3mlo3mlo3mlo3mlo3mlo3mlo3mlo3mlo3mlo3mlo3mlo3mlo3mlo3mlo3mlo3mlo3mlo3mlo3mlo3mlo3mlo3mlo3mlo3mlo3mlo3mlo3mlo3mlo3mlo3mlo3mlo3mlo3mlo3mlo3mlo3mlo3mlo3mlo3mlo3mlo3mlo3mlo3mlo3mlo3mlo3mBethanyBethanyBethanyBethanyBethanyBethanyBethanyBethanyBethanyBethanyBethanyBethanyBethanyBethanyBethanyBethanyBethanyBethanyBethanyBethanyBethanyBethanyBethanyBethanyBethanyBethanyBethanyBethanyBethanyBethanyBethanyBethanyBethanyBethanyBethanyBethanyBethanyBethanyBethanyBethanyBethanyBethanyBethanyBethanyBethanyBethanyBethanyBethanyBethanyBethanyBethanyBethanyBethanyBethanyBethanyBethanyBethanyBethanyBethanyBethanyBethanyBethanyBethanyBethanyBethanyBethanyBethanyBethanyBethanyBethanyBethanyBethanyBethanyBethanyBethanyBethanyBethanyBethanyBethanyBethanyBethanyBethanyBethanyBethanyBethanyBethanyBethanyBethanyBethanyBethanyBethanylo3mlo3mlo3mlo3mlo3mlo3mlo3mlo3mlo3mlo3mlo3mlo3mlo3mlo3mlo3mlo3mlo3mlo3mlo3mlo3mlo3mlo3mlo3mlo3mlo3mlo3mlo3mlo3mlo3mlo3mlo3mlo3mlo3mlo3mlo3mlo3mlo3mlo3mlo3mlo3mlo3mlo3mlo3mlo3mlo3mlo3mlo3mlo3mlo3mlo3mlo3mlo3mlo3mlo3mlo3mlo3mlo3mlo3mlo3mlo3mlo3mlo3mlo3mlo3mlo3mlo3mlo3mlo3mlo3mlo3mlo3mlo3mlo3mlo3mlo3mlo3mlo3mlo3mlo3mlo3mlo3mlo3mlo3mlo3mlo3mlo3mlo3mlo3mlo3mlo3mlo3mag7wag7wag7wag7wag7wag7wag7wag7wag7wag7wag7wag7wag7wag7wag7wag7wag7wag7wag7wag7wag7wag7wag7wag7wag7wag7wag7wag7wag7wag7wag7wag7wag7wag7wag7wag7wag7wag7wag7wag7wag7wag7wag7wag7wag7wag7wag7wag7wag7wag7wag7wag7wag7wag7wag7wag7wag7wag7wag7wag7wag7wag7wag7wag7wag7wag7wag7wag7wag7wag7wag7wag7wag7wag7wag7wag7wag7wag7wag7wag7wag7wag7wag7wag7wag7wag7wag7wag7wag7wag7wag7wsas3casas3casas3casas3casas3casas3casas3casas3casas3casas3casas3casas3casas3casas3casas3casas3casas3casas3casas3casas3casas3casas3casas3casas3casas3casas3casas3casas3casas3casas3casas3casas3casas3casas3casas3casas3casas3casas3casas3casas3casas3casas3casas3casas3casas3casas3casas3casas3casas3casas3casas3casas3casas3casas3casas3casas3casas3casas3casas3casas3casas3casas3casas3casas3casas3casas3casas3casas3casas3casas3casas3casas3casas3casas3casas3casas3casas3casas3casas3casas3casas3casas3casas3casas3casas3casas3casas3casas3casas3casas3casas3cabnl2jabnl2jabnl2jabnl2jabnl2jabnl2jabnl2jabnl2jabnl2jabnl2jabnl2jabnl2jabnl2jabnl2jabnl2jabnl2jabnl2jabnl2jabnl2jabnl2jabnl2jabnl2jabnl2jabnl2jabnl2jabnl2jabnl2jabnl2jabnl2jabnl2jabnl2jabnl2jabnl2jabnl2jabnl2jabnl2jabnl2jabnl2jabnl2jabnl2jabnl2jabnl2jabnl2jabnl2jabnl2jabnl2jabnl2jabnl2jabnl2jabnl2jabnl2jabnl2jabnl2jabnl2jabnl2jabnl2jabnl2jabnl2jabnl2jabnl2jabnl2jabnl2jabnl2jabnl2jabnl2jabnl2jabnl2jabnl2jabnl2jabnl2jabnl2jabnl2jabnl2jabnl2jabnl2jabnl2jabnl2jabnl2jabnl2jabnl2jabnl2jabnl2jabnl2jabnl2jabnl2jabnl2jabnl2jabnl2jabnl2jabnl2jabnl2jajes8zvjes8zvjes8zvjes8zvjes8zvjes8zvjes8zvjes8zvjes8zvjes8zvjes8zvjes8zvjes8zvjes8zvjes8zvjes8zvjes8zvjes8zvjes8zvjes8zvjes8zvjes8zvjes8zvjes8zvjes8zvjes8zvjes8zvjes8zvjes8zvjes8zvjes8zvjes8zvjes8zvjes8zvjes8zvjes8zvjes8zvjes8zvjes8zvjes8zvjes8zvjes8zvjes8zvjes8zvjes8zvjes8zvjes8zvjes8zvjes8zvjes8zvjes8zvjes8zvjes8zvjes8zvjes8zvjes8zvjes8zvjes8zvjes8zvjes8zvjes8zvjes8zvjes8zvjes8zvjes8zvjes8zvjes8zvjes8zvjes8zvjes8zvjes8zvjes8zvjes8zvjes8zvjes8zvjes8zvjes8zvjes8zvjes8zvjes8zvjes8zvjes8zvjes8zvjes8zvjes8zvjes8zvjes8zvjes8zvjes8zvjes8zvjes8zvkgj3tkgj3tkgj3tkgj3tkgj3tkgj3tkgj3tkgj3tkgj3tkgj3tkgj3tkgj3tkgj3tkgj3tkgj3tkgj3tkgj3tkgj3tkgj3tkgj3tkgj3tkgj3tkgj3tkgj3tkgj3tkgj3tkgj3tkgj3tkgj3tkgj3tkgj3tkgj3tkgj3tkgj3tkgj3tkgj3tkgj3tkgj3tkgj3tkgj3tkgj3tkgj3tkgj3tkgj3tkgj3tkgj3tkgj3tkgj3tkgj3tkgj3tkgj3tkgj3tkgj3tkgj3tkgj3tkgj3tkgj3tkgj3tkgj3tkgj3tkgj3tkgj3tkgj3tkgj3tkgj3tkgj3tkgj3tkgj3tkgj3tkgj3tkgj3tkgj3tkgj3tkgj3tkgj3tkgj3tkgj3tkgj3tkgj3tkgj3tkgj3tkgj3tkgj3tkgj3tkgj3tkgj3tkgj3tkgj3tkgj3tkgj3tkgj3trondarondarondarondarondarondarondarondarondarondarondarondarondarondarondarondarondarondarondarondarondarondarondarondarondarondarondarondarondarondarondarondarondarondarondarondarondarondarondarondarondarondarondarondarondarondarondarondarondarondarondarondarondarondarondarondarondarondarondarondarondarondarondarondarondarondarondarondarondarondarondarondarondarondarondarondarondarondarondarondarondarondarondarondarondarondarondarondarondarondaag7wag7wag7wag7wag7wag7wag7wag7wag7wag7wag7wag7wag7wag7wag7wag7wag7wag7wag7wag7wag7wag7wag7wag7wag7wag7wag7wag7wag7wag7wag7wag7wag7wag7wag7wag7wag7wag7wag7wag7wag7wag7wag7wag7wag7wag7wag7wag7wag7wag7wag7wag7wag7wag7wag7wag7wag7wag7wag7wag7wag7wag7wag7wag7wag7wag7wag7wag7wag7wag7wag7wag7wag7wag7wag7wag7wag7wag7wag7wag7wag7wag7wag7wag7wag7wag7wag7wag7wag7wag7wag7wsas3casas3casas3casas3casas3casas3casas3casas3casas3casas3casas3casas3casas3casas3casas3casas3casas3casas3casas3casas3casas3casas3casas3casas3casas3casas3casas3casas3casas3casas3casas3casas3casas3casas3casas3casas3casas3casas3casas3casas3casas3casas3casas3casas3casas3casas3casas3casas3casas3casas3casas3casas3casas3casas3casas3casas3casas3casas3casas3casas3casas3casas3casas3casas3casas3casas3casas3casas3casas3casas3casas3casas3casas3casas3casas3casas3casas3casas3casas3casas3casas3casas3casas3casas3casas3casas3casas3casas3casas3casas3casas3caBethanyBethanyBethanyBethanyBethanyBethanyBethanyBethanyBethanyBethanyBethanyBethanyBethanyBethanyBethanyBethanyBethanyBethanyBethanyBethanyBethanyBethanyBethanyBethanyBethanyBethanyBethanyBethanyBethanyBethanyBethanyBethanyBethanyBethanyBethanyBethanyBethanyBethanyBethanyBethanyBethanyBethanyBethanyBethanyBethanyBethanyBethanyBethanyBethanyBethanyBethanyBethanyBethanyBethanyBethanyBethanyBethanyBethanyBethanyBethanyBethanyBethanyBethanyBethanyBethanyBethanyBethanyBethanyBethanyBethanyBethanyBethanyBethanyBethanyBethanyBethanyBethanyBethanyBethanyBethanyBethanyBethanyBethanyBethanyBethanyBethanyBethanyBethanyBethanyBethanyBethanyag7wag7wag7wag7wag7wag7wag7wag7wag7wag7wag7wag7wag7wag7wag7wag7wag7wag7wag7wag7wag7wag7wag7wag7wag7wag7wag7wag7wag7wag7wag7wag7wag7wag7wag7wag7wag7wag7wag7wag7wag7wag7wag7wag7wag7wag7wag7wag7wag7wag7wag7wag7wag7wag7wag7wag7wag7wag7wag7wag7wag7wag7wag7wag7wag7wag7wag7wag7wag7wag7wag7wag7wag7wag7wag7wag7wag7wag7wag7wag7wag7wag7wag7wag7wag7wag7wag7wag7wag7wag7wag7wedward.triplettedward.triplettedward.triplettedward.triplettedward.triplettedward.triplettedward.triplettedward.triplettedward.triplettedward.triplettedward.triplettedward.triplettedward.triplettedward.triplettedward.triplettedward.triplettedward.triplettedward.triplettedward.triplettedward.triplettedward.triplettedward.triplettedward.triplettedward.triplettedward.triplettedward.triplettedward.triplettedward.triplettedward.triplettedward.triplettedward.triplettedward.triplettedward.triplettedward.triplettedward.triplettedward.triplettedward.triplettedward.triplettedward.triplettedward.triplettedward.triplettedward.triplettedward.triplettedward.triplettedward.triplettedward.triplettedward.triplettedward.triplettedward.triplettedward.triplettedward.triplettedward.triplettedward.triplettedward.triplettedward.triplettedward.triplettedward.triplettedward.triplettedward.triplettedward.triplettedward.triplettedward.triplettedward.triplettedward.triplettedward.triplettedward.triplettedward.triplettedward.triplettedward.triplettedward.triplettedward.triplettedward.triplettedward.triplettedward.triplettedward.triplettedward.triplettedward.triplettedward.triplettedward.triplettedward.triplettedward.triplettedward.triplettedward.triplettedward.triplettedward.triplettedward.triplettedward.triplettedward.triplettedward.triplettedward.triplettedward.triplettjes8zvjes8zvjes8zvjes8zvjes8zvjes8zvjes8zvjes8zvjes8zvjes8zvjes8zvjes8zvjes8zvjes8zvjes8zvjes8zvjes8zvjes8zvjes8zvjes8zvjes8zvjes8zvjes8zvjes8zvjes8zvjes8zvjes8zvjes8zvjes8zvjes8zvjes8zvjes8zvjes8zvjes8zvjes8zvjes8zvjes8zvjes8zvjes8zvjes8zvjes8zvjes8zvjes8zvjes8zvjes8zvjes8zvjes8zvjes8zvjes8zvjes8zvjes8zvjes8zvjes8zvjes8zvjes8zvjes8zvjes8zvjes8zvjes8zvjes8zvjes8zvjes8zvjes8zvjes8zvjes8zvjes8zvjes8zvjes8zvjes8zvjes8zvjes8zvjes8zvjes8zvjes8zvjes8zvjes8zvjes8zvjes8zvjes8zvjes8zvjes8zvjes8zvjes8zvjes8zvjes8zvjes8zvjes8zvjes8zvjes8zvjes8zvjes8zvrondarondarondarondarondarondarondarondarondarondarondarondarondarondarondarondarondarondarondarondarondarondarondarondarondarondarondarondarondarondarondarondarondarondarondarondarondarondarondarondarondarondarondarondarondarondarondarondarondarondarondarondarondarondarondarondarondarondarondarondarondarondarondarondarondarondarondarondarondarondarondarondarondarondarondarondarondarondarondarondarondarondarondarondarondarondarondarondarondarondalo3mlo3mlo3mlo3mlo3mlo3mlo3mlo3mlo3mlo3mlo3mlo3mlo3mlo3mlo3mlo3mlo3mlo3mlo3mlo3mlo3mlo3mlo3mlo3mlo3mlo3mlo3mlo3mlo3mlo3mlo3mlo3mlo3mlo3mlo3mlo3mlo3mlo3mlo3mlo3mlo3mlo3mlo3mlo3mlo3mlo3mlo3mlo3mlo3mlo3mlo3mlo3mlo3mlo3mlo3mlo3mlo3mlo3mlo3mlo3mlo3mlo3mlo3mlo3mlo3mlo3mlo3mlo3mlo3mlo3mlo3mlo3mlo3mlo3mlo3mlo3mlo3mlo3mlo3mlo3mlo3mlo3mlo3mlo3mlo3mlo3mlo3mlo3mlo3mlo3mlo3mjeremyjeremyjeremyjeremyjeremyjeremyjeremyjeremyjeremyjeremyjeremyjeremyjeremyjeremyjeremyjeremyjeremyjeremyjeremyjeremyjeremyjeremyjeremyjeremyjeremyjeremyjeremyjeremyjeremyjeremyjeremyjeremyjeremyjeremyjeremyjeremyjeremyjeremyjeremyjeremyjeremyjeremyjeremyjeremyjeremyjeremyjeremyjeremyjeremyjeremyjeremyjeremyjeremyjeremyjeremyjeremyjeremyjeremyjeremyjeremyjeremyjeremyjeremyjeremyjeremyjeremyjeremyjeremyjeremyjeremyjeremyjeremyjeremyjeremyjeremyjeremyjeremyjeremyjeremyjeremyjeremyjeremyjeremyjeremyjeremyjeremyjeremyjeremyjeremyjeremyag7wag7wag7wag7wag7wag7wag7wag7wag7wag7wag7wag7wag7wag7wag7wag7wag7wag7wag7wag7wag7wag7wag7wag7wag7wag7wag7wag7wag7wag7wag7wag7wag7wag7wag7wag7wag7wag7wag7wag7wag7wag7wag7wag7wag7wag7wag7wag7wag7wag7wag7wag7wag7wag7wag7wag7wag7wag7wag7wag7wag7wag7wag7wag7wag7wag7wag7wag7wag7wag7wag7wag7wag7wag7wag7wag7wag7wag7wag7wag7wag7wag7wag7wag7wag7wag7wag7wag7wag7wag7wag7wjes8zvjes8zvjes8zvjes8zvjes8zvjes8zvjes8zvjes8zvjes8zvjes8zvjes8zvjes8zvjes8zvjes8zvjes8zvjes8zvjes8zvjes8zvjes8zvjes8zvjes8zvjes8zvjes8zvjes8zvjes8zvjes8zvjes8zvjes8zvjes8zvjes8zvjes8zvjes8zvjes8zvjes8zvjes8zvjes8zvjes8zvjes8zvjes8zvjes8zvjes8zvjes8zvjes8zvjes8zvjes8zvjes8zvjes8zvjes8zvjes8zvjes8zvjes8zvjes8zvjes8zvjes8zvjes8zvjes8zvjes8zvjes8zvjes8zvjes8zvjes8zvjes8zvjes8zvjes8zvjes8zvjes8zvjes8zvjes8zvjes8zvjes8zvjes8zvjes8zvjes8zvjes8zvjes8zvjes8zvjes8zvjes8zvjes8zvjes8zvjes8zvjes8zvjes8zvjes8zvjes8zvjes8zvjes8zvjes8zvjes8zvjes8zvjes8zvbnl2jabnl2jabnl2jabnl2jabnl2jabnl2jabnl2jabnl2jabnl2jabnl2jabnl2jabnl2jabnl2jabnl2jabnl2jabnl2jabnl2jabnl2jabnl2jabnl2jabnl2jabnl2jabnl2jabnl2jabnl2jabnl2jabnl2jabnl2jabnl2jabnl2jabnl2jabnl2jabnl2jabnl2jabnl2jabnl2jabnl2jabnl2jabnl2jabnl2jabnl2jabnl2jabnl2jabnl2jabnl2jabnl2jabnl2jabnl2jabnl2jabnl2jabnl2jabnl2jabnl2jabnl2jabnl2jabnl2jabnl2jabnl2jabnl2jabnl2jabnl2jabnl2jabnl2jabnl2jabnl2jabnl2jabnl2jabnl2jabnl2jabnl2jabnl2jabnl2jabnl2jabnl2jabnl2jabnl2jabnl2jabnl2jabnl2jabnl2jabnl2jabnl2jabnl2jabnl2jabnl2jabnl2jabnl2jabnl2jabnl2jabnl2jabnl2jaedward.triplettedward.triplettedward.triplettedward.triplettedward.triplettedward.triplettedward.triplettedward.triplettedward.triplettedward.triplettedward.triplettedward.triplettedward.triplettedward.triplettedward.triplettedward.triplettedward.triplettedward.triplettedward.triplettedward.triplettedward.triplettedward.triplettedward.triplettedward.triplettedward.triplettedward.triplettedward.triplettedward.triplettedward.triplettedward.triplettedward.triplettedward.triplettedward.triplettedward.triplettedward.triplettedward.triplettedward.triplettedward.triplettedward.triplettedward.triplettedward.triplettedward.triplettedward.triplettedward.triplettedward.triplettedward.triplettedward.triplettedward.triplettedward.triplettedward.triplettedward.triplettedward.triplettedward.triplettedward.triplettedward.triplettedward.triplettedward.triplettedward.triplettedward.triplettedward.triplettedward.triplettedward.triplettedward.triplettedward.triplettedward.triplettedward.triplettedward.triplettedward.triplettedward.triplettedward.triplettedward.triplettedward.triplettedward.triplettedward.triplettedward.triplettedward.triplettedward.triplettedward.triplettedward.triplettedward.triplettedward.triplettedward.triplettedward.triplettedward.triplettedward.triplettedward.triplettedward.triplettedward.triplettedward.triplettedward.triplettedward.triplettrondarondarondarondarondarondarondarondarondarondarondarondarondarondarondarondarondarondarondarondarondarondarondarondarondarondarondarondarondarondarondarondarondarondarondarondarondarondarondarondarondarondarondarondarondarondarondarondarondarondarondarondarondarondarondarondarondarondarondarondarondarondarondarondarondarondarondarondarondarondarondarondarondarondarondarondarondarondarondarondarondarondarondarondarondarondarondarondarondarondalo3mlo3mlo3mlo3mlo3mlo3mlo3mlo3mlo3mlo3mlo3mlo3mlo3mlo3mlo3mlo3mlo3mlo3mlo3mlo3mlo3mlo3mlo3mlo3mlo3mlo3mlo3mlo3mlo3mlo3mlo3mlo3mlo3mlo3mlo3mlo3mlo3mlo3mlo3mlo3mlo3mlo3mlo3mlo3mlo3mlo3mlo3mlo3mlo3mlo3mlo3mlo3mlo3mlo3mlo3mlo3mlo3mlo3mlo3mlo3mlo3mlo3mlo3mlo3mlo3mlo3mlo3mlo3mlo3mlo3mlo3mlo3mlo3mlo3mlo3mlo3mlo3mlo3mlo3mlo3mlo3mlo3mlo3mlo3mlo3mlo3mlo3mlo3mlo3mlo3mlo3mag7wag7wag7wag7wag7wag7wag7wag7wag7wag7wag7wag7wag7wag7wag7wag7wag7wag7wag7wag7wag7wag7wag7wag7wag7wag7wag7wag7wag7wag7wag7wag7wag7wag7wag7wag7wag7wag7wag7wag7wag7wag7wag7wag7wag7wag7wag7wag7wag7wag7wag7wag7wag7wag7wag7wag7wag7wag7wag7wag7wag7wag7wag7wag7wag7wag7wag7wag7wag7wag7wag7wag7wag7wag7wag7wag7wag7wag7wag7wag7wag7wag7wag7wag7wag7wag7wag7wag7wag7wag7wag7wsas3casas3casas3casas3casas3casas3casas3casas3casas3casas3casas3casas3casas3casas3casas3casas3casas3casas3casas3casas3casas3casas3casas3casas3casas3casas3casas3casas3casas3casas3casas3casas3casas3casas3casas3casas3casas3casas3casas3casas3casas3casas3casas3casas3casas3casas3casas3casas3casas3casas3casas3casas3casas3casas3casas3casas3casas3casas3casas3casas3casas3casas3casas3casas3casas3casas3casas3casas3casas3casas3casas3casas3casas3casas3casas3casas3casas3casas3casas3casas3casas3casas3casas3casas3casas3casas3casas3casas3casas3casas3casas3cabnl2jabnl2jabnl2jabnl2jabnl2jabnl2jabnl2jabnl2jabnl2jabnl2jabnl2jabnl2jabnl2jabnl2jabnl2jabnl2jabnl2jabnl2jabnl2jabnl2jabnl2jabnl2jabnl2jabnl2jabnl2jabnl2jabnl2jabnl2jabnl2jabnl2jabnl2jabnl2jabnl2jabnl2jabnl2jabnl2jabnl2jabnl2jabnl2jabnl2jabnl2jabnl2jabnl2jabnl2jabnl2jabnl2jabnl2jabnl2jabnl2jabnl2jabnl2jabnl2jabnl2jabnl2jabnl2jabnl2jabnl2jabnl2jabnl2jabnl2jabnl2jabnl2jabnl2jabnl2jabnl2jabnl2jabnl2jabnl2jabnl2jabnl2jabnl2jabnl2jabnl2jabnl2jabnl2jabnl2jabnl2jabnl2jabnl2jabnl2jabnl2jabnl2jabnl2jabnl2jabnl2jabnl2jabnl2jabnl2jabnl2jabnl2jabnl2jajes8zvjes8zvjes8zvjes8zvjes8zvjes8zvjes8zvjes8zvjes8zvjes8zvjes8zvjes8zvjes8zvjes8zvjes8zvjes8zvjes8zvjes8zvjes8zvjes8zvjes8zvjes8zvjes8zvjes8zvjes8zvjes8zvjes8zvjes8zvjes8zvjes8zvjes8zvjes8zvjes8zvjes8zvjes8zvjes8zvjes8zvjes8zvjes8zvjes8zvjes8zvjes8zvjes8zvjes8zvjes8zvjes8zvjes8zvjes8zvjes8zvjes8zvjes8zvjes8zvjes8zvjes8zvjes8zvjes8zvjes8zvjes8zvjes8zvjes8zvjes8zvjes8zvjes8zvjes8zvjes8zvjes8zvjes8zvjes8zvjes8zvjes8zvjes8zvjes8zvjes8zvjes8zvjes8zvjes8zvjes8zvjes8zvjes8zvjes8zvjes8zvjes8zvjes8zvjes8zvjes8zvjes8zvjes8zvjes8zvjes8zvjes8zvjes8zvag7wag7wag7wag7wag7wag7wag7wag7wag7wag7wag7wag7wag7wag7wag7wag7wag7wag7wag7wag7wag7wag7wag7wag7wag7wag7wag7wag7wag7wag7wag7wag7wag7wag7wag7wag7wag7wag7wag7wag7wag7wag7wag7wag7wag7wag7wag7wag7wag7wag7wag7wag7wag7wag7wag7wag7wag7wag7wag7wag7wag7wag7wag7wag7wag7wag7wag7wag7wag7wag7wag7wag7wag7wag7wag7wag7wag7wag7wag7wag7wag7wag7wag7wag7wag7wag7wag7wag7wag7wag7wag7wedward.triplettedward.triplettedward.triplettedward.triplettedward.triplettedward.triplettedward.triplettedward.triplettedward.triplettedward.triplettedward.triplettedward.triplettedward.triplettedward.triplettedward.triplettedward.triplettedward.triplettedward.triplettedward.triplettedward.triplettedward.triplettedward.triplettedward.triplettedward.triplettedward.triplettedward.triplettedward.triplettedward.triplettedward.triplettedward.triplettedward.triplettedward.triplettedward.triplettedward.triplettedward.triplettedward.triplettedward.triplettedward.triplettedward.triplettedward.triplettedward.triplettedward.triplettedward.triplettedward.triplettedward.triplettedward.triplettedward.triplettedward.triplettedward.triplettedward.triplettedward.triplettedward.triplettedward.triplettedward.triplettedward.triplettedward.triplettedward.triplettedward.triplettedward.triplettedward.triplettedward.triplettedward.triplettedward.triplettedward.triplettedward.triplettedward.triplettedward.triplettedward.triplettedward.triplettedward.triplettedward.triplettedward.triplettedward.triplettedward.triplettedward.triplettedward.triplettedward.triplettedward.triplettedward.triplettedward.triplettedward.triplettedward.triplettedward.triplettedward.triplettedward.triplettedward.triplettedward.triplettedward.triplettedward.triplettedward.triplettedward.triplettbnl2jabnl2jabnl2jabnl2jabnl2jabnl2jabnl2jabnl2jabnl2jabnl2jabnl2jabnl2jabnl2jabnl2jabnl2jabnl2jabnl2jabnl2jabnl2jabnl2jabnl2jabnl2jabnl2jabnl2jabnl2jabnl2jabnl2jabnl2jabnl2jabnl2jabnl2jabnl2jabnl2jabnl2jabnl2jabnl2jabnl2jabnl2jabnl2jabnl2jabnl2jabnl2jabnl2jabnl2jabnl2jabnl2jabnl2jabnl2jabnl2jabnl2jabnl2jabnl2jabnl2jabnl2jabnl2jabnl2jabnl2jabnl2jabnl2jabnl2jabnl2jabnl2jabnl2jabnl2jabnl2jabnl2jabnl2jabnl2jabnl2jabnl2jabnl2jabnl2jabnl2jabnl2jabnl2jabnl2jabnl2jabnl2jabnl2jabnl2jabnl2jabnl2jabnl2jabnl2jabnl2jabnl2jabnl2jabnl2jabnl2jabnl2jabnl2jalo3mlo3mlo3mlo3mlo3mlo3mlo3mlo3mlo3mlo3mlo3mlo3mlo3mlo3mlo3mlo3mlo3mlo3mlo3mlo3mlo3mlo3mlo3mlo3mlo3mlo3mlo3mlo3mlo3mlo3mlo3mlo3mlo3mlo3mlo3mlo3mlo3mlo3mlo3mlo3mlo3mlo3mlo3mlo3mlo3mlo3mlo3mlo3mlo3mlo3mlo3mlo3mlo3mlo3mlo3mlo3mlo3mlo3mlo3mlo3mlo3mlo3mlo3mlo3mlo3mlo3mlo3mlo3mlo3mlo3mlo3mlo3mlo3mlo3mlo3mlo3mlo3mlo3mlo3mlo3mlo3mlo3mlo3mlo3mlo3mlo3mlo3mlo3mlo3mlo3mlo3mjes8zvjes8zvjes8zvjes8zvjes8zvjes8zvjes8zvjes8zvjes8zvjes8zvjes8zvjes8zvjes8zvjes8zvjes8zvjes8zvjes8zvjes8zvjes8zvjes8zvjes8zvjes8zvjes8zvjes8zvjes8zvjes8zvjes8zvjes8zvjes8zvjes8zvjes8zvjes8zvjes8zvjes8zvjes8zvjes8zvjes8zvjes8zvjes8zvjes8zvjes8zvjes8zvjes8zvjes8zvjes8zvjes8zvjes8zvjes8zvjes8zvjes8zvjes8zvjes8zvjes8zvjes8zvjes8zvjes8zvjes8zvjes8zvjes8zvjes8zvjes8zvjes8zvjes8zvjes8zvjes8zvjes8zvjes8zvjes8zvjes8zvjes8zvjes8zvjes8zvjes8zvjes8zvjes8zvjes8zvjes8zvjes8zvjes8zvjes8zvjes8zvjes8zvjes8zvjes8zvjes8zvjes8zvjes8zvjes8zvjes8zvjes8zvjes8zvag7wag7wag7wag7wag7wag7wag7wag7wag7wag7wag7wag7wag7wag7wag7wag7wag7wag7wag7wag7wag7wag7wag7wag7wag7wag7wag7wag7wag7wag7wag7wag7wag7wag7wag7wag7wag7wag7wag7wag7wag7wag7wag7wag7wag7wag7wag7wag7wag7wag7wag7wag7wag7wag7wag7wag7wag7wag7wag7wag7wag7wag7wag7wag7wag7wag7wag7wag7wag7wag7wag7wag7wag7wag7wag7wag7wag7wag7wag7wag7wag7wag7wag7wag7wag7wag7wag7wag7wag7wag7wag7wBethanyBethanyBethanyBethanyBethanyBethanyBethanyBethanyBethanyBethanyBethanyBethanyBethanyBethanyBethanyBethanyBethanyBethanyBethanyBethanyBethanyBethanyBethanyBethanyBethanyBethanyBethanyBethanyBethanyBethanyBethanyBethanyBethanyBethanyBethanyBethanyBethanyBethanyBethanyBethanyBethanyBethanyBethanyBethanyBethanyBethanyBethanyBethanyBethanyBethanyBethanyBethanyBethanyBethanyBethanyBethanyBethanyBethanyBethanyBethanyBethanyBethanyBethanyBethanyBethanyBethanyBethanyBethanyBethanyBethanyBethanyBethanyBethanyBethanyBethanyBethanyBethanyBethanyBethanyBethanyBethanyBethanyBethanyBethanyBethanyBethanyBethanyBethanyBethanyBethanyBethanykgj3tkgj3tkgj3tkgj3tkgj3tkgj3tkgj3tkgj3tkgj3tkgj3tkgj3tkgj3tkgj3tkgj3tkgj3tkgj3tkgj3tkgj3tkgj3tkgj3tkgj3tkgj3tkgj3tkgj3tkgj3tkgj3tkgj3tkgj3tkgj3tkgj3tkgj3tkgj3tkgj3tkgj3tkgj3tkgj3tkgj3tkgj3tkgj3tkgj3tkgj3tkgj3tkgj3tkgj3tkgj3tkgj3tkgj3tkgj3tkgj3tkgj3tkgj3tkgj3tkgj3tkgj3tkgj3tkgj3tkgj3tkgj3tkgj3tkgj3tkgj3tkgj3tkgj3tkgj3tkgj3tkgj3tkgj3tkgj3tkgj3tkgj3tkgj3tkgj3tkgj3tkgj3tkgj3tkgj3tkgj3tkgj3tkgj3tkgj3tkgj3tkgj3tkgj3tkgj3tkgj3tkgj3tkgj3tkgj3tkgj3tkgj3tkgj3tbnl2jabnl2jabnl2jabnl2jabnl2jabnl2jabnl2jabnl2jabnl2jabnl2jabnl2jabnl2jabnl2jabnl2jabnl2jabnl2jabnl2jabnl2jabnl2jabnl2jabnl2jabnl2jabnl2jabnl2jabnl2jabnl2jabnl2jabnl2jabnl2jabnl2jabnl2jabnl2jabnl2jabnl2jabnl2jabnl2jabnl2jabnl2jabnl2jabnl2jabnl2jabnl2jabnl2jabnl2jabnl2jabnl2jabnl2jabnl2jabnl2jabnl2jabnl2jabnl2jabnl2jabnl2jabnl2jabnl2jabnl2jabnl2jabnl2jabnl2jabnl2jabnl2jabnl2jabnl2jabnl2jabnl2jabnl2jabnl2jabnl2jabnl2jabnl2jabnl2jabnl2jabnl2jabnl2jabnl2jabnl2jabnl2jabnl2jabnl2jabnl2jabnl2jabnl2jabnl2jabnl2jabnl2jabnl2jabnl2jabnl2jabnl2jabnl2jaedward.triplettedward.triplettedward.triplettedward.triplettedward.triplettedward.triplettedward.triplettedward.triplettedward.triplettedward.triplettedward.triplettedward.triplettedward.triplettedward.triplettedward.triplettedward.triplettedward.triplettedward.triplettedward.triplettedward.triplettedward.triplettedward.triplettedward.triplettedward.triplettedward.triplettedward.triplettedward.triplettedward.triplettedward.triplettedward.triplettedward.triplettedward.triplettedward.triplettedward.triplettedward.triplettedward.triplettedward.triplettedward.triplettedward.triplettedward.triplettedward.triplettedward.triplettedward.triplettedward.triplettedward.triplettedward.triplettedward.triplettedward.triplettedward.triplettedward.triplettedward.triplettedward.triplettedward.triplettedward.triplettedward.triplettedward.triplettedward.triplettedward.triplettedward.triplettedward.triplettedward.triplettedward.triplettedward.triplettedward.triplettedward.triplettedward.triplettedward.triplettedward.triplettedward.triplettedward.triplettedward.triplettedward.triplettedward.triplettedward.triplettedward.triplettedward.triplettedward.triplettedward.triplettedward.triplettedward.triplettedward.triplettedward.triplettedward.triplettedward.triplettedward.triplettedward.triplettedward.triplettedward.triplettedward.triplettedward.triplettedward.triplettag7wag7wag7wag7wag7wag7wag7wag7wag7wag7wag7wag7wag7wag7wag7wag7wag7wag7wag7wag7wag7wag7wag7wag7wag7wag7wag7wag7wag7wag7wag7wag7wag7wag7wag7wag7wag7wag7wag7wag7wag7wag7wag7wag7wag7wag7wag7wag7wag7wag7wag7wag7wag7wag7wag7wag7wag7wag7wag7wag7wag7wag7wag7wag7wag7wag7wag7wag7wag7wag7wag7wag7wag7wag7wag7wag7wag7wag7wag7wag7wag7wag7wag7wag7wag7wag7wag7wag7wag7wag7wag7wdcg6bdcg6bdcg6bdcg6bdcg6bdcg6bdcg6bdcg6bdcg6bdcg6bdcg6bdcg6bdcg6bdcg6bdcg6bdcg6bdcg6bdcg6bdcg6bdcg6bdcg6bdcg6bdcg6bdcg6bdcg6bdcg6bdcg6bdcg6bdcg6bdcg6bdcg6bdcg6bdcg6bdcg6bdcg6bdcg6bdcg6bdcg6bdcg6bdcg6bdcg6bdcg6bdcg6bdcg6bdcg6bdcg6bdcg6bdcg6bdcg6bdcg6bdcg6bdcg6bdcg6bdcg6bdcg6bdcg6bdcg6bdcg6bdcg6bdcg6bdcg6bdcg6bdcg6bdcg6bdcg6bdcg6bdcg6bdcg6bdcg6bdcg6bdcg6bdcg6bdcg6bdcg6bdcg6bdcg6bdcg6bdcg6bdcg6bdcg6bdcg6bdcg6bdcg6bdcg6bdcg6bdcg6bdcg6bdcg6bdcg6bdcg6bdcg6bjes8zvjes8zvjes8zvjes8zvjes8zvjes8zvjes8zvjes8zvjes8zvjes8zvjes8zvjes8zvjes8zvjes8zvjes8zvjes8zvjes8zvjes8zvjes8zvjes8zvjes8zvjes8zvjes8zvjes8zvjes8zvjes8zvjes8zvjes8zvjes8zvjes8zvjes8zvjes8zvjes8zvjes8zvjes8zvjes8zvjes8zvjes8zvjes8zvjes8zvjes8zvjes8zvjes8zvjes8zvjes8zvjes8zvjes8zvjes8zvjes8zvjes8zvjes8zvjes8zvjes8zvjes8zvjes8zvjes8zvjes8zvjes8zvjes8zvjes8zvjes8zvjes8zvjes8zvjes8zvjes8zvjes8zvjes8zvjes8zvjes8zvjes8zvjes8zvjes8zvjes8zvjes8zvjes8zvjes8zvjes8zvjes8zvjes8zvjes8zvjes8zvjes8zvjes8zvjes8zvjes8zvjes8zvjes8zvjes8zvjes8zvjes8zvjes8zvlo3mlo3mlo3mlo3mlo3mlo3mlo3mlo3mlo3mlo3mlo3mlo3mlo3mlo3mlo3mlo3mlo3mlo3mlo3mlo3mlo3mlo3mlo3mlo3mlo3mlo3mlo3mlo3mlo3mlo3mlo3mlo3mlo3mlo3mlo3mlo3mlo3mlo3mlo3mlo3mlo3mlo3mlo3mlo3mlo3mlo3mlo3mlo3mlo3mlo3mlo3mlo3mlo3mlo3mlo3mlo3mlo3mlo3mlo3mlo3mlo3mlo3mlo3mlo3mlo3mlo3mlo3mlo3mlo3mlo3mlo3mlo3mlo3mlo3mlo3mlo3mlo3mlo3mlo3mlo3mlo3mlo3mlo3mlo3mlo3mlo3mlo3mlo3mlo3mlo3mlo3mbnl2jabnl2jabnl2jabnl2jabnl2jabnl2jabnl2jabnl2jabnl2jabnl2jabnl2jabnl2jabnl2jabnl2jabnl2jabnl2jabnl2jabnl2jabnl2jabnl2jabnl2jabnl2jabnl2jabnl2jabnl2jabnl2jabnl2jabnl2jabnl2jabnl2jabnl2jabnl2jabnl2jabnl2jabnl2jabnl2jabnl2jabnl2jabnl2jabnl2jabnl2jabnl2jabnl2jabnl2jabnl2jabnl2jabnl2jabnl2jabnl2jabnl2jabnl2jabnl2jabnl2jabnl2jabnl2jabnl2jabnl2jabnl2jabnl2jabnl2jabnl2jabnl2jabnl2jabnl2jabnl2jabnl2jabnl2jabnl2jabnl2jabnl2jabnl2jabnl2jabnl2jabnl2jabnl2jabnl2jabnl2jabnl2jabnl2jabnl2jabnl2jabnl2jabnl2jabnl2jabnl2jabnl2jabnl2jabnl2jabnl2jabnl2jabnl2jaerr8nerr8nerr8nerr8nerr8nerr8nerr8nerr8nerr8nerr8nerr8nerr8nerr8nerr8nerr8nerr8nerr8nerr8nerr8nerr8nerr8nerr8nerr8nerr8nerr8nerr8nerr8nerr8nerr8nerr8nerr8nerr8nerr8nerr8nerr8nerr8nerr8nerr8nerr8nerr8nerr8nerr8nerr8nerr8nerr8nerr8nerr8nerr8nerr8nerr8nerr8nerr8nerr8nerr8nerr8nerr8nerr8nerr8nerr8nerr8nerr8nerr8nerr8nerr8nerr8nerr8nerr8nerr8nerr8nerr8nerr8nerr8nerr8nerr8nerr8nerr8nerr8nerr8nerr8nerr8nerr8nerr8nerr8nerr8nerr8nerr8nerr8nerr8nerr8nerr8nerr8nag7wag7wag7wag7wag7wag7wag7wag7wag7wag7wag7wag7wag7wag7wag7wag7wag7wag7wag7wag7wag7wag7wag7wag7wag7wag7wag7wag7wag7wag7wag7wag7wag7wag7wag7wag7wag7wag7wag7wag7wag7wag7wag7wag7wag7wag7wag7wag7wag7wag7wag7wag7wag7wag7wag7wag7wag7wag7wag7wag7wag7wag7wag7wag7wag7wag7wag7wag7wag7wag7wag7wag7wag7wag7wag7wag7wag7wag7wag7wag7wag7wag7wag7wag7wag7wag7wag7wag7wag7wag7wag7wrondarondarondarondarondarondarondarondarondarondarondarondarondarondarondarondarondarondarondarondarondarondarondarondarondarondarondarondarondarondarondarondarondarondarondarondarondarondarondarondarondarondarondarondarondarondarondarondarondarondarondarondarondarondarondarondarondarondarondarondarondarondarondarondarondarondarondarondarondarondarondarondarondarondarondarondarondarondarondarondarondarondarondarondarondarondarondarondarondarondajes8zvjes8zvjes8zvjes8zvjes8zvjes8zvjes8zvjes8zvjes8zvjes8zvjes8zvjes8zvjes8zvjes8zvjes8zvjes8zvjes8zvjes8zvjes8zvjes8zvjes8zvjes8zvjes8zvjes8zvjes8zvjes8zvjes8zvjes8zvjes8zvjes8zvjes8zvjes8zvjes8zvjes8zvjes8zvjes8zvjes8zvjes8zvjes8zvjes8zvjes8zvjes8zvjes8zvjes8zvjes8zvjes8zvjes8zvjes8zvjes8zvjes8zvjes8zvjes8zvjes8zvjes8zvjes8zvjes8zvjes8zvjes8zvjes8zvjes8zvjes8zvjes8zvjes8zvjes8zvjes8zvjes8zvjes8zvjes8zvjes8zvjes8zvjes8zvjes8zvjes8zvjes8zvjes8zvjes8zvjes8zvjes8zvjes8zvjes8zvjes8zvjes8zvjes8zvjes8zvjes8zvjes8zvjes8zvjes8zvjes8zvjes8zvjes8zvsas3casas3casas3casas3casas3casas3casas3casas3casas3casas3casas3casas3casas3casas3casas3casas3casas3casas3casas3casas3casas3casas3casas3casas3casas3casas3casas3casas3casas3casas3casas3casas3casas3casas3casas3casas3casas3casas3casas3casas3casas3casas3casas3casas3casas3casas3casas3casas3casas3casas3casas3casas3casas3casas3casas3casas3casas3casas3casas3casas3casas3casas3casas3casas3casas3casas3casas3casas3casas3casas3casas3casas3casas3casas3casas3casas3casas3casas3casas3casas3casas3casas3casas3casas3casas3casas3casas3casas3casas3casas3casas3caedward.triplettedward.triplettedward.triplettedward.triplettedward.triplettedward.triplettedward.triplettedward.triplettedward.triplettedward.triplettedward.triplettedward.triplettedward.triplettedward.triplettedward.triplettedward.triplettedward.triplettedward.triplettedward.triplettedward.triplettedward.triplettedward.triplettedward.triplettedward.triplettedward.triplettedward.triplettedward.triplettedward.triplettedward.triplettedward.triplettedward.triplettedward.triplettedward.triplettedward.triplettedward.triplettedward.triplettedward.triplettedward.triplettedward.triplettedward.triplettedward.triplettedward.triplettedward.triplettedward.triplettedward.triplettedward.triplettedward.triplettedward.triplettedward.triplettedward.triplettedward.triplettedward.triplettedward.triplettedward.triplettedward.triplettedward.triplettedward.triplettedward.triplettedward.triplettedward.triplettedward.triplettedward.triplettedward.triplettedward.triplettedward.triplettedward.triplettedward.triplettedward.triplettedward.triplettedward.triplettedward.triplettedward.triplettedward.triplettedward.triplettedward.triplettedward.triplettedward.triplettedward.triplettedward.triplettedward.triplettedward.triplettedward.triplettedward.triplettedward.triplettedward.triplettedward.triplettedward.triplettedward.triplettedward.triplettedward.triplettedward.triplettrondarondarondarondarondarondarondarondarondarondarondarondarondarondarondarondarondarondarondarondarondarondarondarondarondarondarondarondarondarondarondarondarondarondarondarondarondarondarondarondarondarondarondarondarondarondarondarondarondarondarondarondarondarondarondarondarondarondarondarondarondarondarondarondarondarondarondarondarondarondarondarondarondarondarondarondarondarondarondarondarondarondarondarondarondarondarondarondarondarondadm4fndm4fndm4fndm4fndm4fndm4fndm4fndm4fndm4fndm4fndm4fndm4fndm4fndm4fndm4fndm4fndm4fndm4fndm4fndm4fndm4fndm4fndm4fndm4fndm4fndm4fndm4fndm4fndm4fndm4fndm4fndm4fndm4fndm4fndm4fndm4fndm4fndm4fndm4fndm4fndm4fndm4fndm4fndm4fndm4fndm4fndm4fndm4fndm4fndm4fndm4fndm4fndm4fndm4fndm4fndm4fndm4fndm4fndm4fndm4fndm4fndm4fndm4fndm4fndm4fndm4fndm4fndm4fndm4fndm4fndm4fndm4fndm4fndm4fndm4fndm4fndm4fndm4fndm4fndm4fndm4fndm4fndm4fndm4fndm4fndm4fndm4fndm4fndm4fndm4fndm4fnbnl2jabnl2jabnl2jabnl2jabnl2jabnl2jabnl2jabnl2jabnl2jabnl2jabnl2jabnl2jabnl2jabnl2jabnl2jabnl2jabnl2jabnl2jabnl2jabnl2jabnl2jabnl2jabnl2jabnl2jabnl2jabnl2jabnl2jabnl2jabnl2jabnl2jabnl2jabnl2jabnl2jabnl2jabnl2jabnl2jabnl2jabnl2jabnl2jabnl2jabnl2jabnl2jabnl2jabnl2jabnl2jabnl2jabnl2jabnl2jabnl2jabnl2jabnl2jabnl2jabnl2jabnl2jabnl2jabnl2jabnl2jabnl2jabnl2jabnl2jabnl2jabnl2jabnl2jabnl2jabnl2jabnl2jabnl2jabnl2jabnl2jabnl2jabnl2jabnl2jabnl2jabnl2jabnl2jabnl2jabnl2jabnl2jabnl2jabnl2jabnl2jabnl2jabnl2jabnl2jabnl2jabnl2jabnl2jabnl2jabnl2jabnl2jabnl2jaBethanyBethanyBethanyBethanyBethanyBethanyBethanyBethanyBethanyBethanyBethanyBethanyBethanyBethanyBethanyBethanyBethanyBethanyBethanyBethanyBethanyBethanyBethanyBethanyBethanyBethanyBethanyBethanyBethanyBethanyBethanyBethanyBethanyBethanyBethanyBethanyBethanyBethanyBethanyBethanyBethanyBethanyBethanyBethanyBethanyBethanyBethanyBethanyBethanyBethanyBethanyBethanyBethanyBethanyBethanyBethanyBethanyBethanyBethanyBethanyBethanyBethanyBethanyBethanyBethanyBethanyBethanyBethanyBethanyBethanyBethanyBethanyBethanyBethanyBethanyBethanyBethanyBethanyBethanyBethanyBethanyBethanyBethanyBethanyBethanyBethanyBethanyBethanyBethanyBethanyBethanyag7wag7wag7wag7wag7wag7wag7wag7wag7wag7wag7wag7wag7wag7wag7wag7wag7wag7wag7wag7wag7wag7wag7wag7wag7wag7wag7wag7wag7wag7wag7wag7wag7wag7wag7wag7wag7wag7wag7wag7wag7wag7wag7wag7wag7wag7wag7wag7wag7wag7wag7wag7wag7wag7wag7wag7wag7wag7wag7wag7wag7wag7wag7wag7wag7wag7wag7wag7wag7wag7wag7wag7wag7wag7wag7wag7wag7wag7wag7wag7wag7wag7wag7wag7wag7wag7wag7wag7wag7wag7wag7wbnl2jabnl2jabnl2jabnl2jabnl2jabnl2jabnl2jabnl2jabnl2jabnl2jabnl2jabnl2jabnl2jabnl2jabnl2jabnl2jabnl2jabnl2jabnl2jabnl2jabnl2jabnl2jabnl2jabnl2jabnl2jabnl2jabnl2jabnl2jabnl2jabnl2jabnl2jabnl2jabnl2jabnl2jabnl2jabnl2jabnl2jabnl2jabnl2jabnl2jabnl2jabnl2jabnl2jabnl2jabnl2jabnl2jabnl2jabnl2jabnl2jabnl2jabnl2jabnl2jabnl2jabnl2jabnl2jabnl2jabnl2jabnl2jabnl2jabnl2jabnl2jabnl2jabnl2jabnl2jabnl2jabnl2jabnl2jabnl2jabnl2jabnl2jabnl2jabnl2jabnl2jabnl2jabnl2jabnl2jabnl2jabnl2jabnl2jabnl2jabnl2jabnl2jabnl2jabnl2jabnl2jabnl2jabnl2jabnl2jabnl2jabnl2jabnl2jasas3casas3casas3casas3casas3casas3casas3casas3casas3casas3casas3casas3casas3casas3casas3casas3casas3casas3casas3casas3casas3casas3casas3casas3casas3casas3casas3casas3casas3casas3casas3casas3casas3casas3casas3casas3casas3casas3casas3casas3casas3casas3casas3casas3casas3casas3casas3casas3casas3casas3casas3casas3casas3casas3casas3casas3casas3casas3casas3casas3casas3casas3casas3casas3casas3casas3casas3casas3casas3casas3casas3casas3casas3casas3casas3casas3casas3casas3casas3casas3casas3casas3casas3casas3casas3casas3casas3casas3casas3casas3casas3cajes8zvjes8zvjes8zvjes8zvjes8zvjes8zvjes8zvjes8zvjes8zvjes8zvjes8zvjes8zvjes8zvjes8zvjes8zvjes8zvjes8zvjes8zvjes8zvjes8zvjes8zvjes8zvjes8zvjes8zvjes8zvjes8zvjes8zvjes8zvjes8zvjes8zvjes8zvjes8zvjes8zvjes8zvjes8zvjes8zvjes8zvjes8zvjes8zvjes8zvjes8zvjes8zvjes8zvjes8zvjes8zvjes8zvjes8zvjes8zvjes8zvjes8zvjes8zvjes8zvjes8zvjes8zvjes8zvjes8zvjes8zvjes8zvjes8zvjes8zvjes8zvjes8zvjes8zvjes8zvjes8zvjes8zvjes8zvjes8zvjes8zvjes8zvjes8zvjes8zvjes8zvjes8zvjes8zvjes8zvjes8zvjes8zvjes8zvjes8zvjes8zvjes8zvjes8zvjes8zvjes8zvjes8zvjes8zvjes8zvjes8zvjes8zvjes8zvBethanyBethanyBethanyBethanyBethanyBethanyBethanyBethanyBethanyBethanyBethanyBethanyBethanyBethanyBethanyBethanyBethanyBethanyBethanyBethanyBethanyBethanyBethanyBethanyBethanyBethanyBethanyBethanyBethanyBethanyBethanyBethanyBethanyBethanyBethanyBethanyBethanyBethanyBethanyBethanyBethanyBethanyBethanyBethanyBethanyBethanyBethanyBethanyBethanyBethanyBethanyBethanyBethanyBethanyBethanyBethanyBethanyBethanyBethanyBethanyBethanyBethanyBethanyBethanyBethanyBethanyBethanyBethanyBethanyBethanyBethanyBethanyBethanyBethanyBethanyBethanyBethanyBethanyBethanyBethanyBethanyBethanyBethanyBethanyBethanyBethanyBethanyBethanyBethanyBethanyBethanyedward.triplettedward.triplettedward.triplettedward.triplettedward.triplettedward.triplettedward.triplettedward.triplettedward.triplettedward.triplettedward.triplettedward.triplettedward.triplettedward.triplettedward.triplettedward.triplettedward.triplettedward.triplettedward.triplettedward.triplettedward.triplettedward.triplettedward.triplettedward.triplettedward.triplettedward.triplettedward.triplettedward.triplettedward.triplettedward.triplettedward.triplettedward.triplettedward.triplettedward.triplettedward.triplettedward.triplettedward.triplettedward.triplettedward.triplettedward.triplettedward.triplettedward.triplettedward.triplettedward.triplettedward.triplettedward.triplettedward.triplettedward.triplettedward.triplettedward.triplettedward.triplettedward.triplettedward.triplettedward.triplettedward.triplettedward.triplettedward.triplettedward.triplettedward.triplettedward.triplettedward.triplettedward.triplettedward.triplettedward.triplettedward.triplettedward.triplettedward.triplettedward.triplettedward.triplettedward.triplettedward.triplettedward.triplettedward.triplettedward.triplettedward.triplettedward.triplettedward.triplettedward.triplettedward.triplettedward.triplettedward.triplettedward.triplettedward.triplettedward.triplettedward.triplettedward.triplettedward.triplettedward.triplettedward.triplettedward.triplettedward.triplettlo3mlo3mlo3mlo3mlo3mlo3mlo3mlo3mlo3mlo3mlo3mlo3mlo3mlo3mlo3mlo3mlo3mlo3mlo3mlo3mlo3mlo3mlo3mlo3mlo3mlo3mlo3mlo3mlo3mlo3mlo3mlo3mlo3mlo3mlo3mlo3mlo3mlo3mlo3mlo3mlo3mlo3mlo3mlo3mlo3mlo3mlo3mlo3mlo3mlo3mlo3mlo3mlo3mlo3mlo3mlo3mlo3mlo3mlo3mlo3mlo3mlo3mlo3mlo3mlo3mlo3mlo3mlo3mlo3mlo3mlo3mlo3mlo3mlo3mlo3mlo3mlo3mlo3mlo3mlo3mlo3mlo3mlo3mlo3mlo3mlo3mlo3mlo3mlo3mlo3mlo3msas3casas3casas3casas3casas3casas3casas3casas3casas3casas3casas3casas3casas3casas3casas3casas3casas3casas3casas3casas3casas3casas3casas3casas3casas3casas3casas3casas3casas3casas3casas3casas3casas3casas3casas3casas3casas3casas3casas3casas3casas3casas3casas3casas3casas3casas3casas3casas3casas3casas3casas3casas3casas3casas3casas3casas3casas3casas3casas3casas3casas3casas3casas3casas3casas3casas3casas3casas3casas3casas3casas3casas3casas3casas3casas3casas3casas3casas3casas3casas3casas3casas3casas3casas3casas3casas3casas3casas3casas3casas3casas3cacyavorcikcyavorcikcyavorcikcyavorcikcyavorcikcyavorcikcyavorcikcyavorcikcyavorcikcyavorcikcyavorcikcyavorcikcyavorcikcyavorcikcyavorcikcyavorcikcyavorcikcyavorcikcyavorcikcyavorcikcyavorcikcyavorcikcyavorcikcyavorcikcyavorcikcyavorcikcyavorcikcyavorcikcyavorcikcyavorcikcyavorcikcyavorcikcyavorcikcyavorcikcyavorcikcyavorcikcyavorcikcyavorcikcyavorcikcyavorcikcyavorcikcyavorcikcyavorcikcyavorcikcyavorcikcyavorcikcyavorcikcyavorcikcyavorcikcyavorcikcyavorcikcyavorcikcyavorcikcyavorcikcyavorcikcyavorcikcyavorcikcyavorcikcyavorcikcyavorcikcyavorcikcyavorcikcyavorcikcyavorcikcyavorcikcyavorcikcyavorcikcyavorcikcyavorcikcyavorcikcyavorcikcyavorcikcyavorcikcyavorcikcyavorcikcyavorcikcyavorcikcyavorcikcyavorcikcyavorcikcyavorcikcyavorcikcyavorcikcyavorcikcyavorcikcyavorcikcyavorcikcyavorcikcyavorcikcyavorcikcyavorciktclementtclementtclementtclementtclementtclementtclementtclementtclementtclementtclementtclementtclementtclementtclementtclementtclementtclementtclementtclementtclementtclementtclementtclementtclementtclementtclementtclementtclementtclementtclementtclementtclementtclementtclementtclementtclementtclementtclementtclementtclementtclementtclementtclementtclementtclementtclementtclementtclementtclementtclementtclementtclementtclementtclementtclementtclementtclementtclementtclementtclementtclementtclementtclementtclementtclementtclementtclementtclementtclementtclementtclementtclementtclementtclementtclementtclementtclementtclementtclementtclementtclementtclementtclementtclementtclementtclementtclementtclementtclementtclementag7wag7wag7wag7wag7wag7wag7wag7wag7wag7wag7wag7wag7wag7wag7wag7wag7wag7wag7wag7wag7wag7wag7wag7wag7wag7wag7wag7wag7wag7wag7wag7wag7wag7wag7wag7wag7wag7wag7wag7wag7wag7wag7wag7wag7wag7wag7wag7wag7wag7wag7wag7wag7wag7wag7wag7wag7wag7wag7wag7wag7wag7wag7wag7wag7wag7wag7wag7wag7wag7wag7wag7wag7wag7wag7wag7wag7wag7wag7wag7wag7wag7wag7wag7wag7wag7wag7wag7wag7wag7wag7wwsg4wwsg4wwsg4wwsg4wwsg4wwsg4wwsg4wwsg4wwsg4wwsg4wwsg4wwsg4wwsg4wwsg4wwsg4wwsg4wwsg4wwsg4wwsg4wwsg4wwsg4wwsg4wwsg4wwsg4wwsg4wwsg4wwsg4wwsg4wwsg4wwsg4wwsg4wwsg4wwsg4wwsg4wwsg4wwsg4wwsg4wwsg4wwsg4wwsg4wwsg4wwsg4wwsg4wwsg4wwsg4wwsg4wwsg4wwsg4wwsg4wwsg4wwsg4wwsg4wwsg4wwsg4wwsg4wwsg4wwsg4wwsg4wwsg4wwsg4wwsg4wwsg4wwsg4wwsg4wwsg4wwsg4wwsg4wwsg4wwsg4wwsg4wwsg4wwsg4wwsg4wwsg4wwsg4wwsg4wwsg4wwsg4wwsg4wwsg4wwsg4wwsg4wwsg4wwsg4wwsg4wwsg4wwsg4wwsg4wwsg4wwsg4wwsg4wbnl2jabnl2jabnl2jabnl2jabnl2jabnl2jabnl2jabnl2jabnl2jabnl2jabnl2jabnl2jabnl2jabnl2jabnl2jabnl2jabnl2jabnl2jabnl2jabnl2jabnl2jabnl2jabnl2jabnl2jabnl2jabnl2jabnl2jabnl2jabnl2jabnl2jabnl2jabnl2jabnl2jabnl2jabnl2jabnl2jabnl2jabnl2jabnl2jabnl2jabnl2jabnl2jabnl2jabnl2jabnl2jabnl2jabnl2jabnl2jabnl2jabnl2jabnl2jabnl2jabnl2jabnl2jabnl2jabnl2jabnl2jabnl2jabnl2jabnl2jabnl2jabnl2jabnl2jabnl2jabnl2jabnl2jabnl2jabnl2jabnl2jabnl2jabnl2jabnl2jabnl2jabnl2jabnl2jabnl2jabnl2jabnl2jabnl2jabnl2jabnl2jabnl2jabnl2jabnl2jabnl2jabnl2jabnl2jabnl2jabnl2jabnl2jabnl2jazschwarzlosezschwarzlosezschwarzlosezschwarzlosezschwarzlosezschwarzlosezschwarzlosezschwarzlosezschwarzlosezschwarzlosezschwarzlosezschwarzlosezschwarzlosezschwarzlosezschwarzlosezschwarzlosezschwarzlosezschwarzlosezschwarzlosezschwarzlosezschwarzlosezschwarzlosezschwarzlosezschwarzlosezschwarzlosezschwarzlosezschwarzlosezschwarzlosezschwarzlosezschwarzlosezschwarzlosezschwarzlosezschwarzlosezschwarzlosezschwarzlosezschwarzlosezschwarzlosezschwarzlosezschwarzlosezschwarzlosezschwarzlosezschwarzlosezschwarzlosezschwarzlosezschwarzlosezschwarzlosezschwarzlosezschwarzlosezschwarzlosezschwarzlosezschwarzlosezschwarzlosezschwarzlosezschwarzlosezschwarzlosezschwarzlosezschwarzlosezschwarzlosezschwarzlosezschwarzlosezschwarzlosezschwarzlosezschwarzlosezschwarzlosezschwarzlosezschwarzlosezschwarzlosezschwarzlosezschwarzlosezschwarzlosezschwarzlosezschwarzlosezschwarzlosezschwarzlosezschwarzlosezschwarzlosezschwarzlosezschwarzlosezschwarzlosezschwarzlosezschwarzlosezschwarzlosezschwarzlosezschwarzlosezschwarzlosezschwarzlosezschwarzlosezschwarzlosezschwarzlosezschwarzlosezschwarzlosejes8zvjes8zvjes8zvjes8zvjes8zvjes8zvjes8zvjes8zvjes8zvjes8zvjes8zvjes8zvjes8zvjes8zvjes8zvjes8zvjes8zvjes8zvjes8zvjes8zvjes8zvjes8zvjes8zvjes8zvjes8zvjes8zvjes8zvjes8zvjes8zvjes8zvjes8zvjes8zvjes8zvjes8zvjes8zvjes8zvjes8zvjes8zvjes8zvjes8zvjes8zvjes8zvjes8zvjes8zvjes8zvjes8zvjes8zvjes8zvjes8zvjes8zvjes8zvjes8zvjes8zvjes8zvjes8zvjes8zvjes8zvjes8zvjes8zvjes8zvjes8zvjes8zvjes8zvjes8zvjes8zvjes8zvjes8zvjes8zvjes8zvjes8zvjes8zvjes8zvjes8zvjes8zvjes8zvjes8zvjes8zvjes8zvjes8zvjes8zvjes8zvjes8zvjes8zvjes8zvjes8zvjes8zvjes8zvjes8zvjes8zvjes8zvjes8zvcyavorcikcyavorcikcyavorcikcyavorcikcyavorcikcyavorcikcyavorcikcyavorcikcyavorcikcyavorcikcyavorcikcyavorcikcyavorcikcyavorcikcyavorcikcyavorcikcyavorcikcyavorcikcyavorcikcyavorcikcyavorcikcyavorcikcyavorcikcyavorcikcyavorcikcyavorcikcyavorcikcyavorcikcyavorcikcyavorcikcyavorcikcyavorcikcyavorcikcyavorcikcyavorcikcyavorcikcyavorcikcyavorcikcyavorcikcyavorcikcyavorcikcyavorcikcyavorcikcyavorcikcyavorcikcyavorcikcyavorcikcyavorcikcyavorcikcyavorcikcyavorcikcyavorcikcyavorcikcyavorcikcyavorcikcyavorcikcyavorcikcyavorcikcyavorcikcyavorcikcyavorcikcyavorcikcyavorcikcyavorcikcyavorcikcyavorcikcyavorcikcyavorcikcyavorcikcyavorcikcyavorcikcyavorcikcyavorcikcyavorcikcyavorcikcyavorcikcyavorcikcyavorcikcyavorcikcyavorcikcyavorcikcyavorcikcyavorcikcyavorcikcyavorcikcyavorcikcyavorcikcyavorcikcyavorcikcyavorcikcyavorcikedward.triplettedward.triplettedward.triplettedward.triplettedward.triplettedward.triplettedward.triplettedward.triplettedward.triplettedward.triplettedward.triplettedward.triplettedward.triplettedward.triplettedward.triplettedward.triplettedward.triplettedward.triplettedward.triplettedward.triplettedward.triplettedward.triplettedward.triplettedward.triplettedward.triplettedward.triplettedward.triplettedward.triplettedward.triplettedward.triplettedward.triplettedward.triplettedward.triplettedward.triplettedward.triplettedward.triplettedward.triplettedward.triplettedward.triplettedward.triplettedward.triplettedward.triplettedward.triplettedward.triplettedward.triplettedward.triplettedward.triplettedward.triplettedward.triplettedward.triplettedward.triplettedward.triplettedward.triplettedward.triplettedward.triplettedward.triplettedward.triplettedward.triplettedward.triplettedward.triplettedward.triplettedward.triplettedward.triplettedward.triplettedward.triplettedward.triplettedward.triplettedward.triplettedward.triplettedward.triplettedward.triplettedward.triplettedward.triplettedward.triplettedward.triplettedward.triplettedward.triplettedward.triplettedward.triplettedward.triplettedward.triplettedward.triplettedward.triplettedward.triplettedward.triplettedward.triplettedward.triplettedward.triplettedward.triplettedward.triplettedward.triplettwsg4wwsg4wwsg4wwsg4wwsg4wwsg4wwsg4wwsg4wwsg4wwsg4wwsg4wwsg4wwsg4wwsg4wwsg4wwsg4wwsg4wwsg4wwsg4wwsg4wwsg4wwsg4wwsg4wwsg4wwsg4wwsg4wwsg4wwsg4wwsg4wwsg4wwsg4wwsg4wwsg4wwsg4wwsg4wwsg4wwsg4wwsg4wwsg4wwsg4wwsg4wwsg4wwsg4wwsg4wwsg4wwsg4wwsg4wwsg4wwsg4wwsg4wwsg4wwsg4wwsg4wwsg4wwsg4wwsg4wwsg4wwsg4wwsg4wwsg4wwsg4wwsg4wwsg4wwsg4wwsg4wwsg4wwsg4wwsg4wwsg4wwsg4wwsg4wwsg4wwsg4wwsg4wwsg4wwsg4wwsg4wwsg4wwsg4wwsg4wwsg4wwsg4wwsg4wwsg4wwsg4wwsg4wwsg4wwsg4wwsg4wwsg4wwsg4wericdmjericdmjericdmjericdmjericdmjericdmjericdmjericdmjericdmjericdmjericdmjericdmjericdmjericdmjericdmjericdmjericdmjericdmjericdmjericdmjericdmjericdmjericdmjericdmjericdmjericdmjericdmjericdmjericdmjericdmjericdmjericdmjericdmjericdmjericdmjericdmjericdmjericdmjericdmjericdmjericdmjericdmjericdmjericdmjericdmjericdmjericdmjericdmjericdmjericdmjericdmjericdmjericdmjericdmjericdmjericdmjericdmjericdmjericdmjericdmjericdmjericdmjericdmjericdmjericdmjericdmjericdmjericdmjericdmjericdmjericdmjericdmjericdmjericdmjericdmjericdmjericdmjericdmjericdmjericdmjericdmjericdmjericdmjericdmjericdmjericdmjericdmjericdmjericdmjericdmjrondarondarondarondarondarondarondarondarondarondarondarondarondarondarondarondarondarondarondarondarondarondarondarondarondarondarondarondarondarondarondarondarondarondarondarondarondarondarondarondarondarondarondarondarondarondarondarondarondarondarondarondarondarondarondarondarondarondarondarondarondarondarondarondarondarondarondarondarondarondarondarondarondarondarondarondarondarondarondarondarondarondarondarondarondarondarondarondarondarondaBethanyBethanyBethanyBethanyBethanyBethanyBethanyBethanyBethanyBethanyBethanyBethanyBethanyBethanyBethanyBethanyBethanyBethanyBethanyBethanyBethanyBethanyBethanyBethanyBethanyBethanyBethanyBethanyBethanyBethanyBethanyBethanyBethanyBethanyBethanyBethanyBethanyBethanyBethanyBethanyBethanyBethanyBethanyBethanyBethanyBethanyBethanyBethanyBethanyBethanyBethanyBethanyBethanyBethanyBethanyBethanyBethanyBethanyBethanyBethanyBethanyBethanyBethanyBethanyBethanyBethanyBethanyBethanyBethanyBethanyBethanyBethanyBethanyBethanyBethanyBethanyBethanyBethanyBethanyBethanyBethanyBethanyBethanyBethanyBethanyBethanyBethanyBethanyBethanyBethanyBethanylo3mlo3mlo3mlo3mlo3mlo3mlo3mlo3mlo3mlo3mlo3mlo3mlo3mlo3mlo3mlo3mlo3mlo3mlo3mlo3mlo3mlo3mlo3mlo3mlo3mlo3mlo3mlo3mlo3mlo3mlo3mlo3mlo3mlo3mlo3mlo3mlo3mlo3mlo3mlo3mlo3mlo3mlo3mlo3mlo3mlo3mlo3mlo3mlo3mlo3mlo3mlo3mlo3mlo3mlo3mlo3mlo3mlo3mlo3mlo3mlo3mlo3mlo3mlo3mlo3mlo3mlo3mlo3mlo3mlo3mlo3mlo3mlo3mlo3mlo3mlo3mlo3mlo3mlo3mlo3mlo3mlo3mlo3mlo3mlo3mlo3mlo3mlo3mlo3mlo3mlo3mwsg4wwsg4wwsg4wwsg4wwsg4wwsg4wwsg4wwsg4wwsg4wwsg4wwsg4wwsg4wwsg4wwsg4wwsg4wwsg4wwsg4wwsg4wwsg4wwsg4wwsg4wwsg4wwsg4wwsg4wwsg4wwsg4wwsg4wwsg4wwsg4wwsg4wwsg4wwsg4wwsg4wwsg4wwsg4wwsg4wwsg4wwsg4wwsg4wwsg4wwsg4wwsg4wwsg4wwsg4wwsg4wwsg4wwsg4wwsg4wwsg4wwsg4wwsg4wwsg4wwsg4wwsg4wwsg4wwsg4wwsg4wwsg4wwsg4wwsg4wwsg4wwsg4wwsg4wwsg4wwsg4wwsg4wwsg4wwsg4wwsg4wwsg4wwsg4wwsg4wwsg4wwsg4wwsg4wwsg4wwsg4wwsg4wwsg4wwsg4wwsg4wwsg4wwsg4wwsg4wwsg4wwsg4wwsg4wwsg4wwsg4wwsg4wwsg4wag7wag7wag7wag7wag7wag7wag7wag7wag7wag7wag7wag7wag7wag7wag7wag7wag7wag7wag7wag7wag7wag7wag7wag7wag7wag7wag7wag7wag7wag7wag7wag7wag7wag7wag7wag7wag7wag7wag7wag7wag7wag7wag7wag7wag7wag7wag7wag7wag7wag7wag7wag7wag7wag7wag7wag7wag7wag7wag7wag7wag7wag7wag7wag7wag7wag7wag7wag7wag7wag7wag7wag7wag7wag7wag7wag7wag7wag7wag7wag7wag7wag7wag7wag7wag7wag7wag7wag7wag7wag7wag7wrondarondarondarondarondarondarondarondarondarondarondarondarondarondarondarondarondarondarondarondarondarondarondarondarondarondarondarondarondarondarondarondarondarondarondarondarondarondarondarondarondarondarondarondarondarondarondarondarondarondarondarondarondarondarondarondarondarondarondarondarondarondarondarondarondarondarondarondarondarondarondarondarondarondarondarondarondarondarondarondarondarondarondarondarondarondarondarondarondarondarondarondarondarondarondarondarondarondarondarondarondarondarondarondarondarondarondarondarondarondarondarondarondarondarondarondarondarondarondarondarondarondarondarondarondarondarondarondarondarondarondarondarondarondarondarondarondarondarondarondarondarondarondarondarondarondarondarondarondarondarondarondarondarondarondarondarondarondarondarondarondarondarondarondarondarondarondarondarondarondarondarondarondarondarondarondarondarondarondarondabnl2jabnl2jabnl2jabnl2jabnl2jabnl2jabnl2jabnl2jabnl2jabnl2jabnl2jabnl2jabnl2jabnl2jabnl2jabnl2jabnl2jabnl2jabnl2jabnl2jabnl2jabnl2jabnl2jabnl2jabnl2jabnl2jabnl2jabnl2jabnl2jabnl2jabnl2jabnl2jabnl2jabnl2jabnl2jabnl2jabnl2jabnl2jabnl2jabnl2jabnl2jabnl2jabnl2jabnl2jabnl2jabnl2jabnl2jabnl2jabnl2jabnl2jabnl2jabnl2jabnl2jabnl2jabnl2jabnl2jabnl2jabnl2jabnl2jabnl2jabnl2jabnl2jabnl2jabnl2jabnl2jabnl2jabnl2jabnl2jabnl2jabnl2jabnl2jabnl2jabnl2jabnl2jabnl2jabnl2jabnl2jabnl2jabnl2jabnl2jabnl2jabnl2jabnl2jabnl2jabnl2jabnl2jabnl2jabnl2jabnl2jabnl2jabnl2jaag7wag7wag7wag7wag7wag7wag7wag7wag7wag7wag7wag7wag7wag7wag7wag7wag7wag7wag7wag7wag7wag7wag7wag7wag7wag7wag7wag7wag7wag7wag7wag7wag7wag7wag7wag7wag7wag7wag7wag7wag7wag7wag7wag7wag7wag7wag7wag7wag7wag7wag7wag7wag7wag7wag7wag7wag7wag7wag7wag7wag7wag7wag7wag7wag7wag7wag7wag7wag7wag7wag7wag7wag7wag7wag7wag7wag7wag7wag7wag7wag7wag7wag7wag7wag7wag7wag7wag7wag7wag7wag7wjes8zvjes8zvjes8zvjes8zvjes8zvjes8zvjes8zvjes8zvjes8zvjes8zvjes8zvjes8zvjes8zvjes8zvjes8zvjes8zvjes8zvjes8zvjes8zvjes8zvjes8zvjes8zvjes8zvjes8zvjes8zvjes8zvjes8zvjes8zvjes8zvjes8zvjes8zvjes8zvjes8zvjes8zvjes8zvjes8zvjes8zvjes8zvjes8zvjes8zvjes8zvjes8zvjes8zvjes8zvjes8zvjes8zvjes8zvjes8zvjes8zvjes8zvjes8zvjes8zvjes8zvjes8zvjes8zvjes8zvjes8zvjes8zvjes8zvjes8zvjes8zvjes8zvjes8zvjes8zvjes8zvjes8zvjes8zvjes8zvjes8zvjes8zvjes8zvjes8zvjes8zvjes8zvjes8zvjes8zvjes8zvjes8zvjes8zvjes8zvjes8zvjes8zvjes8zvjes8zvjes8zvjes8zvjes8zvjes8zvjes8zvjes8zvjes8zvrondarondarondarondarondarondarondarondarondarondarondarondarondarondarondarondarondarondarondarondarondarondarondarondarondarondarondarondarondarondarondarondarondarondarondarondarondarondarondarondarondarondarondarondarondarondarondarondarondarondarondarondarondarondarondarondarondarondarondarondarondarondarondarondarondarondarondarondarondarondarondarondarondarondarondarondarondarondarondarondarondarondarondarondarondarondarondarondarondarondaerr8nerr8nerr8nerr8nerr8nerr8nerr8nerr8nerr8nerr8nerr8nerr8nerr8nerr8nerr8nerr8nerr8nerr8nerr8nerr8nerr8nerr8nerr8nerr8nerr8nerr8nerr8nerr8nerr8nerr8nerr8nerr8nerr8nerr8nerr8nerr8nerr8nerr8nerr8nerr8nerr8nerr8nerr8nerr8nerr8nerr8nerr8nerr8nerr8nerr8nerr8nerr8nerr8nerr8nerr8nerr8nerr8nerr8nerr8nerr8nerr8nerr8nerr8nerr8nerr8nerr8nerr8nerr8nerr8nerr8nerr8nerr8nerr8nerr8nerr8nerr8nerr8nerr8nerr8nerr8nerr8nerr8nerr8nerr8nerr8nerr8nerr8nerr8nerr8nerr8nerr8nBethanyBethanyBethanyBethanyBethanyBethanyBethanyBethanyBethanyBethanyBethanyBethanyBethanyBethanyBethanyBethanyBethanyBethanyBethanyBethanyBethanyBethanyBethanyBethanyBethanyBethanyBethanyBethanyBethanyBethanyBethanyBethanyBethanyBethanyBethanyBethanyBethanyBethanyBethanyBethanyBethanyBethanyBethanyBethanyBethanyBethanyBethanyBethanyBethanyBethanyBethanyBethanyBethanyBethanyBethanyBethanyBethanyBethanyBethanyBethanyBethanyBethanyBethanyBethanyBethanyBethanyBethanyBethanyBethanyBethanyBethanyBethanyBethanyBethanyBethanyBethanyBethanyBethanyBethanyBethanyBethanyBethanyBethanyBethanyBethanyBethanyBethanyBethanyBethanyBethanyBethanydcg6bdcg6bdcg6bdcg6bdcg6bdcg6bdcg6bdcg6bdcg6bdcg6bdcg6bdcg6bdcg6bdcg6bdcg6bdcg6bdcg6bdcg6bdcg6bdcg6bdcg6bdcg6bdcg6bdcg6bdcg6bdcg6bdcg6bdcg6bdcg6bdcg6bdcg6bdcg6bdcg6bdcg6bdcg6bdcg6bdcg6bdcg6bdcg6bdcg6bdcg6bdcg6bdcg6bdcg6bdcg6bdcg6bdcg6bdcg6bdcg6bdcg6bdcg6bdcg6bdcg6bdcg6bdcg6bdcg6bdcg6bdcg6bdcg6bdcg6bdcg6bdcg6bdcg6bdcg6bdcg6bdcg6bdcg6bdcg6bdcg6bdcg6bdcg6bdcg6bdcg6bdcg6bdcg6bdcg6bdcg6bdcg6bdcg6bdcg6bdcg6bdcg6bdcg6bdcg6bdcg6bdcg6bdcg6bdcg6bdcg6bdcg6bdcg6bjes8zvjes8zvjes8zvjes8zvjes8zvjes8zvjes8zvjes8zvjes8zvjes8zvjes8zvjes8zvjes8zvjes8zvjes8zvjes8zvjes8zvjes8zvjes8zvjes8zvjes8zvjes8zvjes8zvjes8zvjes8zvjes8zvjes8zvjes8zvjes8zvjes8zvjes8zvjes8zvjes8zvjes8zvjes8zvjes8zvjes8zvjes8zvjes8zvjes8zvjes8zvjes8zvjes8zvjes8zvjes8zvjes8zvjes8zvjes8zvjes8zvjes8zvjes8zvjes8zvjes8zvjes8zvjes8zvjes8zvjes8zvjes8zvjes8zvjes8zvjes8zvjes8zvjes8zvjes8zvjes8zvjes8zvjes8zvjes8zvjes8zvjes8zvjes8zvjes8zvjes8zvjes8zvjes8zvjes8zvjes8zvjes8zvjes8zvjes8zvjes8zvjes8zvjes8zvjes8zvjes8zvjes8zvjes8zvjes8zvjes8zvjes8zvjes8zvcyavorcikcyavorcikcyavorcikcyavorcikcyavorcikcyavorcikcyavorcikcyavorcikcyavorcikcyavorcikcyavorcikcyavorcikcyavorcikcyavorcikcyavorcikcyavorcikcyavorcikcyavorcikcyavorcikcyavorcikcyavorcikcyavorcikcyavorcikcyavorcikcyavorcikcyavorcikcyavorcikcyavorcikcyavorcikcyavorcikcyavorcikcyavorcikcyavorcikcyavorcikcyavorcikcyavorcikcyavorcikcyavorcikcyavorcikcyavorcikcyavorcikcyavorcikcyavorcikcyavorcikcyavorcikcyavorcikcyavorcikcyavorcikcyavorcikcyavorcikcyavorcikcyavorcikcyavorcikcyavorcikcyavorcikcyavorcikcyavorcikcyavorcikcyavorcikcyavorcikcyavorcikcyavorcikcyavorcikcyavorcikcyavorcikcyavorcikcyavorcikcyavorcikcyavorcikcyavorcikcyavorcikcyavorcikcyavorcikcyavorcikcyavorcikcyavorcikcyavorcikcyavorcikcyavorcikcyavorcikcyavorcikcyavorcikcyavorcikcyavorcikcyavorcikcyavorcikcyavorcikcyavorcikcyavorcikcyavorcikcyavorcikag7wag7wag7wag7wag7wag7wag7wag7wag7wag7wag7wag7wag7wag7wag7wag7wag7wag7wag7wag7wag7wag7wag7wag7wag7wag7wag7wag7wag7wag7wag7wag7wag7wag7wag7wag7wag7wag7wag7wag7wag7wag7wag7wag7wag7wag7wag7wag7wag7wag7wag7wag7wag7wag7wag7wag7wag7wag7wag7wag7wag7wag7wag7wag7wag7wag7wag7wag7wag7wag7wag7wag7wag7wag7wag7wag7wag7wag7wag7wag7wag7wag7wag7wag7wag7wag7wag7wag7wag7wag7wag7wbnl2jabnl2jabnl2jabnl2jabnl2jabnl2jabnl2jabnl2jabnl2jabnl2jabnl2jabnl2jabnl2jabnl2jabnl2jabnl2jabnl2jabnl2jabnl2jabnl2jabnl2jabnl2jabnl2jabnl2jabnl2jabnl2jabnl2jabnl2jabnl2jabnl2jabnl2jabnl2jabnl2jabnl2jabnl2jabnl2jabnl2jabnl2jabnl2jabnl2jabnl2jabnl2jabnl2jabnl2jabnl2jabnl2jabnl2jabnl2jabnl2jabnl2jabnl2jabnl2jabnl2jabnl2jabnl2jabnl2jabnl2jabnl2jabnl2jabnl2jabnl2jabnl2jabnl2jabnl2jabnl2jabnl2jabnl2jabnl2jabnl2jabnl2jabnl2jabnl2jabnl2jabnl2jabnl2jabnl2jabnl2jabnl2jabnl2jabnl2jabnl2jabnl2jabnl2jabnl2jabnl2jabnl2jabnl2jabnl2jabnl2jabnl2jabnl2jadcg6bdcg6bdcg6bdcg6bdcg6bdcg6bdcg6bdcg6bdcg6bdcg6bdcg6bdcg6bdcg6bdcg6bdcg6bdcg6bdcg6bdcg6bdcg6bdcg6bdcg6bdcg6bdcg6bdcg6bdcg6bdcg6bdcg6bdcg6bdcg6bdcg6bdcg6bdcg6bdcg6bdcg6bdcg6bdcg6bdcg6bdcg6bdcg6bdcg6bdcg6bdcg6bdcg6bdcg6bdcg6bdcg6bdcg6bdcg6bdcg6bdcg6bdcg6bdcg6bdcg6bdcg6bdcg6bdcg6bdcg6bdcg6bdcg6bdcg6bdcg6bdcg6bdcg6bdcg6bdcg6bdcg6bdcg6bdcg6bdcg6bdcg6bdcg6bdcg6bdcg6bdcg6bdcg6bdcg6bdcg6bdcg6bdcg6bdcg6bdcg6bdcg6bdcg6bdcg6bdcg6bdcg6bdcg6bdcg6bdcg6bdcg6bdcg6bsas3casas3casas3casas3casas3casas3casas3casas3casas3casas3casas3casas3casas3casas3casas3casas3casas3casas3casas3casas3casas3casas3casas3casas3casas3casas3casas3casas3casas3casas3casas3casas3casas3casas3casas3casas3casas3casas3casas3casas3casas3casas3casas3casas3casas3casas3casas3casas3casas3casas3casas3casas3casas3casas3casas3casas3casas3casas3casas3casas3casas3casas3casas3casas3casas3casas3casas3casas3casas3casas3casas3casas3casas3casas3casas3casas3casas3casas3casas3casas3casas3casas3casas3casas3casas3casas3casas3casas3casas3casas3casas3caericdmjericdmjericdmjericdmjericdmjericdmjericdmjericdmjericdmjericdmjericdmjericdmjericdmjericdmjericdmjericdmjericdmjericdmjericdmjericdmjericdmjericdmjericdmjericdmjericdmjericdmjericdmjericdmjericdmjericdmjericdmjericdmjericdmjericdmjericdmjericdmjericdmjericdmjericdmjericdmjericdmjericdmjericdmjericdmjericdmjericdmjericdmjericdmjericdmjericdmjericdmjericdmjericdmjericdmjericdmjericdmjericdmjericdmjericdmjericdmjericdmjericdmjericdmjericdmjericdmjericdmjericdmjericdmjericdmjericdmjericdmjericdmjericdmjericdmjericdmjericdmjericdmjericdmjericdmjericdmjericdmjericdmjericdmjericdmjericdmjericdmjericdmjericdmjericdmjericdmjjes8zvjes8zvjes8zvjes8zvjes8zvjes8zvjes8zvjes8zvjes8zvjes8zvjes8zvjes8zvjes8zvjes8zvjes8zvjes8zvjes8zvjes8zvjes8zvjes8zvjes8zvjes8zvjes8zvjes8zvjes8zvjes8zvjes8zvjes8zvjes8zvjes8zvjes8zvjes8zvjes8zvjes8zvjes8zvjes8zvjes8zvjes8zvjes8zvjes8zvjes8zvjes8zvjes8zvjes8zvjes8zvjes8zvjes8zvjes8zvjes8zvjes8zvjes8zvjes8zvjes8zvjes8zvjes8zvjes8zvjes8zvjes8zvjes8zvjes8zvjes8zvjes8zvjes8zvjes8zvjes8zvjes8zvjes8zvjes8zvjes8zvjes8zvjes8zvjes8zvjes8zvjes8zvjes8zvjes8zvjes8zvjes8zvjes8zvjes8zvjes8zvjes8zvjes8zvjes8zvjes8zvjes8zvjes8zvjes8zvjes8zvjes8zvjes8zvag7wag7wag7wag7wag7wag7wag7wag7wag7wag7wag7wag7wag7wag7wag7wag7wag7wag7wag7wag7wag7wag7wag7wag7wag7wag7wag7wag7wag7wag7wag7wag7wag7wag7wag7wag7wag7wag7wag7wag7wag7wag7wag7wag7wag7wag7wag7wag7wag7wag7wag7wag7wag7wag7wag7wag7wag7wag7wag7wag7wag7wag7wag7wag7wag7wag7wag7wag7wag7wag7wag7wag7wag7wag7wag7wag7wag7wag7wag7wag7wag7wag7wag7wag7wag7wag7wag7wag7wag7wag7wag7wericdmjericdmjericdmjericdmjericdmjericdmjericdmjericdmjericdmjericdmjericdmjericdmjericdmjericdmjericdmjericdmjericdmjericdmjericdmjericdmjericdmjericdmjericdmjericdmjericdmjericdmjericdmjericdmjericdmjericdmjericdmjericdmjericdmjericdmjericdmjericdmjericdmjericdmjericdmjericdmjericdmjericdmjericdmjericdmjericdmjericdmjericdmjericdmjericdmjericdmjericdmjericdmjericdmjericdmjericdmjericdmjericdmjericdmjericdmjericdmjericdmjericdmjericdmjericdmjericdmjericdmjericdmjericdmjericdmjericdmjericdmjericdmjericdmjericdmjericdmjericdmjericdmjericdmjericdmjericdmjericdmjericdmjericdmjericdmjericdmjericdmjericdmjericdmjericdmjericdmjklr3pklr3pklr3pklr3pklr3pklr3pklr3pklr3pklr3pklr3pklr3pklr3pklr3pklr3pklr3pklr3pklr3pklr3pklr3pklr3pklr3pklr3pklr3pklr3pklr3pklr3pklr3pklr3pklr3pklr3pklr3pklr3pklr3pklr3pklr3pklr3pklr3pklr3pklr3pklr3pklr3pklr3pklr3pklr3pklr3pklr3pklr3pklr3pklr3pklr3pklr3pklr3pklr3pklr3pklr3pklr3pklr3pklr3pklr3pklr3pklr3pklr3pklr3pklr3pklr3pklr3pklr3pklr3pklr3pklr3pklr3pklr3pklr3pklr3pklr3pklr3pklr3pklr3pklr3pklr3pklr3pklr3pklr3pklr3pklr3pklr3pklr3pklr3pklr3pklr3pklr3pjes8zvjes8zvjes8zvjes8zvjes8zvjes8zvjes8zvjes8zvjes8zvjes8zvjes8zvjes8zvjes8zvjes8zvjes8zvjes8zvjes8zvjes8zvjes8zvjes8zvjes8zvjes8zvjes8zvjes8zvjes8zvjes8zvjes8zvjes8zvjes8zvjes8zvjes8zvjes8zvjes8zvjes8zvjes8zvjes8zvjes8zvjes8zvjes8zvjes8zvjes8zvjes8zvjes8zvjes8zvjes8zvjes8zvjes8zvjes8zvjes8zvjes8zvjes8zvjes8zvjes8zvjes8zvjes8zvjes8zvjes8zvjes8zvjes8zvjes8zvjes8zvjes8zvjes8zvjes8zvjes8zvjes8zvjes8zvjes8zvjes8zvjes8zvjes8zvjes8zvjes8zvjes8zvjes8zvjes8zvjes8zvjes8zvjes8zvjes8zvjes8zvjes8zvjes8zvjes8zvjes8zvjes8zvjes8zvjes8zvjes8zvjes8zvjes8zvag7wag7wag7wag7wag7wag7wag7wag7wag7wag7wag7wag7wag7wag7wag7wag7wag7wag7wag7wag7wag7wag7wag7wag7wag7wag7wag7wag7wag7wag7wag7wag7wag7wag7wag7wag7wag7wag7wag7wag7wag7wag7wag7wag7wag7wag7wag7wag7wag7wag7wag7wag7wag7wag7wag7wag7wag7wag7wag7wag7wag7wag7wag7wag7wag7wag7wag7wag7wag7wag7wag7wag7wag7wag7wag7wag7wag7wag7wag7wag7wag7wag7wag7wag7wag7wag7wag7wag7wag7wag7wag7wjes8zvjes8zvjes8zvjes8zvjes8zvjes8zvjes8zvjes8zvjes8zvjes8zvjes8zvjes8zvjes8zvjes8zvjes8zvjes8zvjes8zvjes8zvjes8zvjes8zvjes8zvjes8zvjes8zvjes8zvjes8zvjes8zvjes8zvjes8zvjes8zvjes8zvjes8zvjes8zvjes8zvjes8zvjes8zvjes8zvjes8zvjes8zvjes8zvjes8zvjes8zvjes8zvjes8zvjes8zvjes8zvjes8zvjes8zvjes8zvjes8zvjes8zvjes8zvjes8zvjes8zvjes8zvjes8zvjes8zvjes8zvjes8zvjes8zvjes8zvjes8zvjes8zvjes8zvjes8zvjes8zvjes8zvjes8zvjes8zvjes8zvjes8zvjes8zvjes8zvjes8zvjes8zvjes8zvjes8zvjes8zvjes8zvjes8zvjes8zvjes8zvjes8zvjes8zvjes8zvjes8zvjes8zvjes8zvjes8zvjes8zvjes8zvjes8zverr8nerr8nerr8nerr8nerr8nerr8nerr8nerr8nerr8nerr8nerr8nerr8nerr8nerr8nerr8nerr8nerr8nerr8nerr8nerr8nerr8nerr8nerr8nerr8nerr8nerr8nerr8nerr8nerr8nerr8nerr8nerr8nerr8nerr8nerr8nerr8nerr8nerr8nerr8nerr8nerr8nerr8nerr8nerr8nerr8nerr8nerr8nerr8nerr8nerr8nerr8nerr8nerr8nerr8nerr8nerr8nerr8nerr8nerr8nerr8nerr8nerr8nerr8nerr8nerr8nerr8nerr8nerr8nerr8nerr8nerr8nerr8nerr8nerr8nerr8nerr8nerr8nerr8nerr8nerr8nerr8nerr8nerr8nerr8nerr8nerr8nerr8nerr8nerr8nerr8nerr8nBethanyBethanyBethanyBethanyBethanyBethanyBethanyBethanyBethanyBethanyBethanyBethanyBethanyBethanyBethanyBethanyBethanyBethanyBethanyBethanyBethanyBethanyBethanyBethanyBethanyBethanyBethanyBethanyBethanyBethanyBethanyBethanyBethanyBethanyBethanyBethanyBethanyBethanyBethanyBethanyBethanyBethanyBethanyBethanyBethanyBethanyBethanyBethanyBethanyBethanyBethanyBethanyBethanyBethanyBethanyBethanyBethanyBethanyBethanyBethanyBethanyBethanyBethanyBethanyBethanyBethanyBethanyBethanyBethanyBethanyBethanyBethanyBethanyBethanyBethanyBethanyBethanyBethanyBethanyBethanyBethanyBethanyBethanyBethanyBethanyBethanyBethanyBethanyBethanyBethanyBethanybnl2jabnl2jabnl2jabnl2jabnl2jabnl2jabnl2jabnl2jabnl2jabnl2jabnl2jabnl2jabnl2jabnl2jabnl2jabnl2jabnl2jabnl2jabnl2jabnl2jabnl2jabnl2jabnl2jabnl2jabnl2jabnl2jabnl2jabnl2jabnl2jabnl2jabnl2jabnl2jabnl2jabnl2jabnl2jabnl2jabnl2jabnl2jabnl2jabnl2jabnl2jabnl2jabnl2jabnl2jabnl2jabnl2jabnl2jabnl2jabnl2jabnl2jabnl2jabnl2jabnl2jabnl2jabnl2jabnl2jabnl2jabnl2jabnl2jabnl2jabnl2jabnl2jabnl2jabnl2jabnl2jabnl2jabnl2jabnl2jabnl2jabnl2jabnl2jabnl2jabnl2jabnl2jabnl2jabnl2jabnl2jabnl2jabnl2jabnl2jabnl2jabnl2jabnl2jabnl2jabnl2jabnl2jabnl2jabnl2jabnl2jabnl2jabnl2jalo3mlo3mlo3mlo3mlo3mlo3mlo3mlo3mlo3mlo3mlo3mlo3mlo3mlo3mlo3mlo3mlo3mlo3mlo3mlo3mlo3mlo3mlo3mlo3mlo3mlo3mlo3mlo3mlo3mlo3mlo3mlo3mlo3mlo3mlo3mlo3mlo3mlo3mlo3mlo3mlo3mlo3mlo3mlo3mlo3mlo3mlo3mlo3mlo3mlo3mlo3mlo3mlo3mlo3mlo3mlo3mlo3mlo3mlo3mlo3mlo3mlo3mlo3mlo3mlo3mlo3mlo3mlo3mlo3mlo3mlo3mlo3mlo3mlo3mlo3mlo3mlo3mlo3mlo3mlo3mlo3mlo3mlo3mlo3mlo3mlo3mlo3mlo3mlo3mlo3mlo3mag7wag7wag7wag7wag7wag7wag7wag7wag7wag7wag7wag7wag7wag7wag7wag7wag7wag7wag7wag7wag7wag7wag7wag7wag7wag7wag7wag7wag7wag7wag7wag7wag7wag7wag7wag7wag7wag7wag7wag7wag7wag7wag7wag7wag7wag7wag7wag7wag7wag7wag7wag7wag7wag7wag7wag7wag7wag7wag7wag7wag7wag7wag7wag7wag7wag7wag7wag7wag7wag7wag7wag7wag7wag7wag7wag7wag7wag7wag7wag7wag7wag7wag7wag7wag7wag7wag7wag7wag7wag7wag7wdm4fndm4fndm4fndm4fndm4fndm4fndm4fndm4fndm4fndm4fndm4fndm4fndm4fndm4fndm4fndm4fndm4fndm4fndm4fndm4fndm4fndm4fndm4fndm4fndm4fndm4fndm4fndm4fndm4fndm4fndm4fndm4fndm4fndm4fndm4fndm4fndm4fndm4fndm4fndm4fndm4fndm4fndm4fndm4fndm4fndm4fndm4fndm4fndm4fndm4fndm4fndm4fndm4fndm4fndm4fndm4fndm4fndm4fndm4fndm4fndm4fndm4fndm4fndm4fndm4fndm4fndm4fndm4fndm4fndm4fndm4fndm4fndm4fndm4fndm4fndm4fndm4fndm4fndm4fndm4fndm4fndm4fndm4fndm4fndm4fndm4fndm4fndm4fndm4fndm4fndm4fnwsg4wwsg4wwsg4wwsg4wwsg4wwsg4wwsg4wwsg4wwsg4wwsg4wwsg4wwsg4wwsg4wwsg4wwsg4wwsg4wwsg4wwsg4wwsg4wwsg4wwsg4wwsg4wwsg4wwsg4wwsg4wwsg4wwsg4wwsg4wwsg4wwsg4wwsg4wwsg4wwsg4wwsg4wwsg4wwsg4wwsg4wwsg4wwsg4wwsg4wwsg4wwsg4wwsg4wwsg4wwsg4wwsg4wwsg4wwsg4wwsg4wwsg4wwsg4wwsg4wwsg4wwsg4wwsg4wwsg4wwsg4wwsg4wwsg4wwsg4wwsg4wwsg4wwsg4wwsg4wwsg4wwsg4wwsg4wwsg4wwsg4wwsg4wwsg4wwsg4wwsg4wwsg4wwsg4wwsg4wwsg4wwsg4wwsg4wwsg4wwsg4wwsg4wwsg4wwsg4wwsg4wwsg4wwsg4wwsg4wwsg4wwsg4wwsg4wjes8zvjes8zvjes8zvjes8zvjes8zvjes8zvjes8zvjes8zvjes8zvjes8zvjes8zvjes8zvjes8zvjes8zvjes8zvjes8zvjes8zvjes8zvjes8zvjes8zvjes8zvjes8zvjes8zvjes8zvjes8zvjes8zvjes8zvjes8zvjes8zvjes8zvjes8zvjes8zvjes8zvjes8zvjes8zvjes8zvjes8zvjes8zvjes8zvjes8zvjes8zvjes8zvjes8zvjes8zvjes8zvjes8zvjes8zvjes8zvjes8zvjes8zvjes8zvjes8zvjes8zvjes8zvjes8zvjes8zvjes8zvjes8zvjes8zvjes8zvjes8zvjes8zvjes8zvjes8zvjes8zvjes8zvjes8zvjes8zvjes8zvjes8zvjes8zvjes8zvjes8zvjes8zvjes8zvjes8zvjes8zvjes8zvjes8zvjes8zvjes8zvjes8zvjes8zvjes8zvjes8zvjes8zvjes8zvjes8zvjes8zvjes8zvjes8zvericdmjericdmjericdmjericdmjericdmjericdmjericdmjericdmjericdmjericdmjericdmjericdmjericdmjericdmjericdmjericdmjericdmjericdmjericdmjericdmjericdmjericdmjericdmjericdmjericdmjericdmjericdmjericdmjericdmjericdmjericdmjericdmjericdmjericdmjericdmjericdmjericdmjericdmjericdmjericdmjericdmjericdmjericdmjericdmjericdmjericdmjericdmjericdmjericdmjericdmjericdmjericdmjericdmjericdmjericdmjericdmjericdmjericdmjericdmjericdmjericdmjericdmjericdmjericdmjericdmjericdmjericdmjericdmjericdmjericdmjericdmjericdmjericdmjericdmjericdmjericdmjericdmjericdmjericdmjericdmjericdmjericdmjericdmjericdmjericdmjericdmjericdmjericdmjericdmjericdmjjeremyjeremyjeremyjeremyjeremyjeremyjeremyjeremyjeremyjeremyjeremyjeremyjeremyjeremyjeremyjeremyjeremyjeremyjeremyjeremyjeremyjeremyjeremyjeremyjeremyjeremyjeremyjeremyjeremyjeremyjeremyjeremyjeremyjeremyjeremyjeremyjeremyjeremyjeremyjeremyjeremyjeremyjeremyjeremyjeremyjeremyjeremyjeremyjeremyjeremyjeremyjeremyjeremyjeremyjeremyjeremyjeremyjeremyjeremyjeremyjeremyjeremyjeremyjeremyjeremyjeremyjeremyjeremyjeremyjeremyjeremyjeremyjeremyjeremyjeremyjeremyjeremyjeremyjeremyjeremyjeremyjeremyjeremyjeremyjeremyjeremyjeremyjeremyjeremyjeremydcg6bdcg6bdcg6bdcg6bdcg6bdcg6bdcg6bdcg6bdcg6bdcg6bdcg6bdcg6bdcg6bdcg6bdcg6bdcg6bdcg6bdcg6bdcg6bdcg6bdcg6bdcg6bdcg6bdcg6bdcg6bdcg6bdcg6bdcg6bdcg6bdcg6bdcg6bdcg6bdcg6bdcg6bdcg6bdcg6bdcg6bdcg6bdcg6bdcg6bdcg6bdcg6bdcg6bdcg6bdcg6bdcg6bdcg6bdcg6bdcg6bdcg6bdcg6bdcg6bdcg6bdcg6bdcg6bdcg6bdcg6bdcg6bdcg6bdcg6bdcg6bdcg6bdcg6bdcg6bdcg6bdcg6bdcg6bdcg6bdcg6bdcg6bdcg6bdcg6bdcg6bdcg6bdcg6bdcg6bdcg6bdcg6bdcg6bdcg6bdcg6bdcg6bdcg6bdcg6bdcg6bdcg6bdcg6bdcg6bdcg6bdcg6bdcg6brondarondarondarondarondarondarondarondarondarondarondarondarondarondarondarondarondarondarondarondarondarondarondarondarondarondarondarondarondarondarondarondarondarondarondarondarondarondarondarondarondarondarondarondarondarondarondarondarondarondarondarondarondarondarondarondarondarondarondarondarondarondarondarondarondarondarondarondarondarondarondarondarondarondarondarondarondarondarondarondarondarondarondarondarondarondarondarondarondarondaklr3pklr3pklr3pklr3pklr3pklr3pklr3pklr3pklr3pklr3pklr3pklr3pklr3pklr3pklr3pklr3pklr3pklr3pklr3pklr3pklr3pklr3pklr3pklr3pklr3pklr3pklr3pklr3pklr3pklr3pklr3pklr3pklr3pklr3pklr3pklr3pklr3pklr3pklr3pklr3pklr3pklr3pklr3pklr3pklr3pklr3pklr3pklr3pklr3pklr3pklr3pklr3pklr3pklr3pklr3pklr3pklr3pklr3pklr3pklr3pklr3pklr3pklr3pklr3pklr3pklr3pklr3pklr3pklr3pklr3pklr3pklr3pklr3pklr3pklr3pklr3pklr3pklr3pklr3pklr3pklr3pklr3pklr3pklr3pklr3pklr3pklr3pklr3pklr3pklr3pklr3pcyavorcikcyavorcikcyavorcikcyavorcikcyavorcikcyavorcikcyavorcikcyavorcikcyavorcikcyavorcikcyavorcikcyavorcikcyavorcikcyavorcikcyavorcikcyavorcikcyavorcikcyavorcikcyavorcikcyavorcikcyavorcikcyavorcikcyavorcikcyavorcikcyavorcikcyavorcikcyavorcikcyavorcikcyavorcikcyavorcikcyavorcikcyavorcikcyavorcikcyavorcikcyavorcikcyavorcikcyavorcikcyavorcikcyavorcikcyavorcikcyavorcikcyavorcikcyavorcikcyavorcikcyavorcikcyavorcikcyavorcikcyavorcikcyavorcikcyavorcikcyavorcikcyavorcikcyavorcikcyavorcikcyavorcikcyavorcikcyavorcikcyavorcikcyavorcikcyavorcikcyavorcikcyavorcikcyavorcikcyavorcikcyavorcikcyavorcikcyavorcikcyavorcikcyavorcikcyavorcikcyavorcikcyavorcikcyavorcikcyavorcikcyavorcikcyavorcikcyavorcikcyavorcikcyavorcikcyavorcikcyavorcikcyavorcikcyavorcikcyavorcikcyavorcikcyavorcikcyavorcikcyavorcikcyavorcikcyavorcikcyavorcikkgj3tkgj3tkgj3tkgj3tkgj3tkgj3tkgj3tkgj3tkgj3tkgj3tkgj3tkgj3tkgj3tkgj3tkgj3tkgj3tkgj3tkgj3tkgj3tkgj3tkgj3tkgj3tkgj3tkgj3tkgj3tkgj3tkgj3tkgj3tkgj3tkgj3tkgj3tkgj3tkgj3tkgj3tkgj3tkgj3tkgj3tkgj3tkgj3tkgj3tkgj3tkgj3tkgj3tkgj3tkgj3tkgj3tkgj3tkgj3tkgj3tkgj3tkgj3tkgj3tkgj3tkgj3tkgj3tkgj3tkgj3tkgj3tkgj3tkgj3tkgj3tkgj3tkgj3tkgj3tkgj3tkgj3tkgj3tkgj3tkgj3tkgj3tkgj3tkgj3tkgj3tkgj3tkgj3tkgj3tkgj3tkgj3tkgj3tkgj3tkgj3tkgj3tkgj3tkgj3tkgj3tkgj3tkgj3tkgj3tkgj3tkgj3tkgj3tedward.triplettedward.triplettedward.triplettedward.triplettedward.triplettedward.triplettedward.triplettedward.triplettedward.triplettedward.triplettedward.triplettedward.triplettedward.triplettedward.triplettedward.triplettedward.triplettedward.triplettedward.triplettedward.triplettedward.triplettedward.triplettedward.triplettedward.triplettedward.triplettedward.triplettedward.triplettedward.triplettedward.triplettedward.triplettedward.triplettedward.triplettedward.triplettedward.triplettedward.triplettedward.triplettedward.triplettedward.triplettedward.triplettedward.triplettedward.triplettedward.triplettedward.triplettedward.triplettedward.triplettedward.triplettedward.triplettedward.triplettedward.triplettedward.triplettedward.triplettedward.triplettedward.triplettedward.triplettedward.triplettedward.triplettedward.triplettedward.triplettedward.triplettedward.triplettedward.triplettedward.triplettedward.triplettedward.triplettedward.triplettedward.triplettedward.triplettedward.triplettedward.triplettedward.triplettedward.triplettedward.triplettedward.triplettedward.triplettedward.triplettedward.triplettedward.triplettedward.triplettedward.triplettedward.triplettedward.triplettedward.triplettedward.triplettedward.triplettedward.triplettedward.triplettedward.triplettedward.triplettedward.triplettedward.triplettedward.triplettedward.triplettrondarondarondarondarondarondarondarondarondarondarondarondarondarondarondarondarondarondarondarondarondarondarondarondarondarondarondarondarondarondarondarondarondarondarondarondarondarondarondarondarondarondarondarondarondarondarondarondarondarondarondarondarondarondarondarondarondarondarondarondarondarondarondarondarondarondarondarondarondarondarondarondarondarondarondarondarondarondarondarondarondarondarondarondarondarondarondarondarondarondarondarondarondarondarondarondarondarondarondarondarondarondarondarondarondarondarondarondarondarondarondarondarondarondarondarondarondarondarondarondarondarondarondarondarondarondarondarondarondarondarondarondarondarondarondarondarondarondarondarondarondarondarondarondarondarondarondarondarondarondarondarondarondarondarondarondarondarondarondarondarondarondarondarondarondarondarondarondarondarondarondarondarondarondarondarondarondarondarondarondarondarondarondarondarondarondarondarondarondarondarondarondarondarondarondarondarondarondarondarondarondarondarondarondarondarondarondarondarondarondarondarondarondarondarondarondarondarondarondarondarondarondarondarondarondarondarondarondarondarondarondarondarondarondarondarondarondarondarondarondarondarondarondarondarondarondarondarondarondarondarondarondarondarondarondarondarondarondarondarondarondarondarondarondarondarondarondarondarondarondarondarondarondarondarondarondarondarondarondarondarondarondarondarondarondarondarondarondarondarondarondarondarondarondarondarondarondarondarondarondarondarondarondarondarondarondarondarondarondarondarondarondarondarondarondarondarondarondarondarondarondarondarondarondarondarondarondarondarondarondarondarondarondarondarondarondarondarondarondarondarondarondarondarondarondarondarondarondarondarondarondarondarondarondarondarondarondarondarondarondaerr8nerr8nerr8nerr8nerr8nerr8nerr8nerr8nerr8nerr8nerr8nerr8nerr8nerr8nerr8nerr8nerr8nerr8nerr8nerr8nerr8nerr8nerr8nerr8nerr8nerr8nerr8nerr8nerr8nerr8nerr8nerr8nerr8nerr8nerr8nerr8nerr8nerr8nerr8nerr8nerr8nerr8nerr8nerr8nerr8nerr8nerr8nerr8nerr8nerr8nerr8nerr8nerr8nerr8nerr8nerr8nerr8nerr8nerr8nerr8nerr8nerr8nerr8nerr8nerr8nerr8nerr8nerr8nerr8nerr8nerr8nerr8nerr8nerr8nerr8nerr8nerr8nerr8nerr8nerr8nerr8nerr8nerr8nerr8nerr8nerr8nerr8nerr8nerr8nerr8nerr8ndm4fndm4fndm4fndm4fndm4fndm4fndm4fndm4fndm4fndm4fndm4fndm4fndm4fndm4fndm4fndm4fndm4fndm4fndm4fndm4fndm4fndm4fndm4fndm4fndm4fndm4fndm4fndm4fndm4fndm4fndm4fndm4fndm4fndm4fndm4fndm4fndm4fndm4fndm4fndm4fndm4fndm4fndm4fndm4fndm4fndm4fndm4fndm4fndm4fndm4fndm4fndm4fndm4fndm4fndm4fndm4fndm4fndm4fndm4fndm4fndm4fndm4fndm4fndm4fndm4fndm4fndm4fndm4fndm4fndm4fndm4fndm4fndm4fndm4fndm4fndm4fndm4fndm4fndm4fndm4fndm4fndm4fndm4fndm4fndm4fndm4fndm4fndm4fndm4fndm4fndm4fnkgj3tkgj3tkgj3tkgj3tkgj3tkgj3tkgj3tkgj3tkgj3tkgj3tkgj3tkgj3tkgj3tkgj3tkgj3tkgj3tkgj3tkgj3tkgj3tkgj3tkgj3tkgj3tkgj3tkgj3tkgj3tkgj3tkgj3tkgj3tkgj3tkgj3tkgj3tkgj3tkgj3tkgj3tkgj3tkgj3tkgj3tkgj3tkgj3tkgj3tkgj3tkgj3tkgj3tkgj3tkgj3tkgj3tkgj3tkgj3tkgj3tkgj3tkgj3tkgj3tkgj3tkgj3tkgj3tkgj3tkgj3tkgj3tkgj3tkgj3tkgj3tkgj3tkgj3tkgj3tkgj3tkgj3tkgj3tkgj3tkgj3tkgj3tkgj3tkgj3tkgj3tkgj3tkgj3tkgj3tkgj3tkgj3tkgj3tkgj3tkgj3tkgj3tkgj3tkgj3tkgj3tkgj3tkgj3tkgj3tkgj3tkgj3tkgj3tBethanyBethanyBethanyBethanyBethanyBethanyBethanyBethanyBethanyBethanyBethanyBethanyBethanyBethanyBethanyBethanyBethanyBethanyBethanyBethanyBethanyBethanyBethanyBethanyBethanyBethanyBethanyBethanyBethanyBethanyBethanyBethanyBethanyBethanyBethanyBethanyBethanyBethanyBethanyBethanyBethanyBethanyBethanyBethanyBethanyBethanyBethanyBethanyBethanyBethanyBethanyBethanyBethanyBethanyBethanyBethanyBethanyBethanyBethanyBethanyBethanyBethanyBethanyBethanyBethanyBethanyBethanyBethanyBethanyBethanyBethanyBethanyBethanyBethanyBethanyBethanyBethanyBethanyBethanyBethanyBethanyBethanyBethanyBethanyBethanyBethanyBethanyBethanyBethanyBethanyBethanyklr3pklr3pklr3pklr3pklr3pklr3pklr3pklr3pklr3pklr3pklr3pklr3pklr3pklr3pklr3pklr3pklr3pklr3pklr3pklr3pklr3pklr3pklr3pklr3pklr3pklr3pklr3pklr3pklr3pklr3pklr3pklr3pklr3pklr3pklr3pklr3pklr3pklr3pklr3pklr3pklr3pklr3pklr3pklr3pklr3pklr3pklr3pklr3pklr3pklr3pklr3pklr3pklr3pklr3pklr3pklr3pklr3pklr3pklr3pklr3pklr3pklr3pklr3pklr3pklr3pklr3pklr3pklr3pklr3pklr3pklr3pklr3pklr3pklr3pklr3pklr3pklr3pklr3pklr3pklr3pklr3pklr3pklr3pklr3pklr3pklr3pklr3pklr3pklr3pklr3pklr3pkgj3tkgj3tkgj3tkgj3tkgj3tkgj3tkgj3tkgj3tkgj3tkgj3tkgj3tkgj3tkgj3tkgj3tkgj3tkgj3tkgj3tkgj3tkgj3tkgj3tkgj3tkgj3tkgj3tkgj3tkgj3tkgj3tkgj3tkgj3tkgj3tkgj3tkgj3tkgj3tkgj3tkgj3tkgj3tkgj3tkgj3tkgj3tkgj3tkgj3tkgj3tkgj3tkgj3tkgj3tkgj3tkgj3tkgj3tkgj3tkgj3tkgj3tkgj3tkgj3tkgj3tkgj3tkgj3tkgj3tkgj3tkgj3tkgj3tkgj3tkgj3tkgj3tkgj3tkgj3tkgj3tkgj3tkgj3tkgj3tkgj3tkgj3tkgj3tkgj3tkgj3tkgj3tkgj3tkgj3tkgj3tkgj3tkgj3tkgj3tkgj3tkgj3tkgj3tkgj3tkgj3tkgj3tkgj3tkgj3tkgj3tkgj3tkgj3tdm4fndm4fndm4fndm4fndm4fndm4fndm4fndm4fndm4fndm4fndm4fndm4fndm4fndm4fndm4fndm4fndm4fndm4fndm4fndm4fndm4fndm4fndm4fndm4fndm4fndm4fndm4fndm4fndm4fndm4fndm4fndm4fndm4fndm4fndm4fndm4fndm4fndm4fndm4fndm4fndm4fndm4fndm4fndm4fndm4fndm4fndm4fndm4fndm4fndm4fndm4fndm4fndm4fndm4fndm4fndm4fndm4fndm4fndm4fndm4fndm4fndm4fndm4fndm4fndm4fndm4fndm4fndm4fndm4fndm4fndm4fndm4fndm4fndm4fndm4fndm4fndm4fndm4fndm4fndm4fndm4fndm4fndm4fndm4fndm4fndm4fndm4fndm4fndm4fndm4fndm4fndm4fndm4fndm4fndm4fndm4fndm4fndm4fndm4fndm4fndm4fndm4fndm4fndm4fndm4fndm4fndm4fndm4fndm4fndm4fndm4fndm4fndm4fndm4fndm4fndm4fndm4fndm4fndm4fndm4fndm4fndm4fndm4fndm4fndm4fndm4fndm4fndm4fndm4fndm4fndm4fndm4fndm4fndm4fndm4fndm4fndm4fndm4fndm4fndm4fndm4fndm4fndm4fndm4fndm4fndm4fndm4fndm4fndm4fndm4fndm4fndm4fndm4fndm4fndm4fndm4fndm4fndm4fndm4fndm4fndm4fndm4fndm4fndm4fndm4fndm4fndm4fndm4fndm4fndm4fndm4fndm4fndm4fndm4fndm4fndm4fndm4fndm4fndm4fndm4fndm4fndm4fndm4fndm4fndm4fndm4fndm4fndm4fndm4fndm4fndm4fndm4fndm4fndm4fndm4fndm4fndm4fndm4fndm4fndm4fndm4fndm4fndm4fndm4fndm4fndm4fndm4fndm4fndm4fndm4fndm4fndm4fndm4fndm4fndm4fndm4fndm4fndm4fndm4fndm4fndm4fndm4fndm4fndm4fndm4fndm4fndm4fndm4fndm4fndm4fndm4fndm4fndm4fndm4fndm4fndm4fndm4fndm4fndm4fndm4fndm4fndm4fndm4fndm4fndm4fndm4fndm4fndm4fndm4fndm4fndm4fndm4fndm4fndm4fndm4fndm4fndm4fndm4fndm4fndm4fndm4fndm4fndm4fndm4fndm4fndm4fndm4fndm4fndm4fndm4fndm4fndm4fndm4fndm4fndm4fndm4fndm4fndm4fndm4fndm4fndm4fndm4fndm4fndm4fndm4fndm4fndm4fndm4fndm4fndm4fndm4fndm4fndm4fndm4fndm4fndm4fndm4fndm4fndm4fndm4fndm4fndm4fndm4fndm4fndm4fndm4fndm4fndm4fndm4fndm4fndm4fndm4fndm4fndm4fndm4fndm4fndm4fndm4fndm4fndm4fndm4fndm4fndm4fndm4fndm4fndm4fndm4fndm4fndm4fndm4fndm4fndm4fndm4fndm4fndm4fndm4fndm4fndm4fndm4fndm4fndm4fndm4fndm4fndm4fndm4fndm4fndm4fndm4fndm4fndm4fndm4fndm4fndm4fndm4fndm4fndm4fndm4fndm4fndm4fndm4fndm4fndm4fndm4fndm4fndm4fndm4fndm4fndm4fndm4fndm4fndm4fndm4fndm4fndm4fndm4fndm4fndm4fndm4fndm4fndm4fndm4fndm4fndm4fndm4fndm4fndm4fndm4fndm4fndm4fndm4fndm4fndm4fndm4fndm4fndm4fndm4fndm4fndm4fndm4fndm4fndm4fndm4fndm4fndm4fndm4fndm4fndm4fndm4fndm4fndm4fndm4fndm4fndm4fndm4fndm4fndm4fndm4fndm4fndm4fndm4fndm4fndm4fndm4fndm4fndm4fndm4fndm4fndm4fndm4fndm4fndm4fndm4fndm4fndm4fndm4fndm4fndm4fndm4fndm4fndm4fndm4fndm4fndm4fndm4fndm4fndm4fndm4fndm4fndm4fndm4fndm4fndm4fndm4fndm4fndm4fnjeremyjeremyjeremyjeremyjeremyjeremyjeremyjeremyjeremyjeremyjeremyjeremyjeremyjeremyjeremyjeremyjeremyjeremyjeremyjeremyjeremyjeremyjeremyjeremyjeremyjeremyjeremyjeremyjeremyjeremyjeremyjeremyjeremyjeremyjeremyjeremyjeremyjeremyjeremyjeremyjeremyjeremyjeremyjeremyjeremyjeremyjeremyjeremyjeremyjeremyjeremyjeremyjeremyjeremyjeremyjeremyjeremyjeremyjeremyjeremyjeremyjeremyjeremyjeremyjeremyjeremyjeremyjeremyjeremyjeremyjeremyjeremyjeremyjeremyjeremyjeremyjeremyjeremyjeremyjeremyjeremyjeremyjeremyjeremyjeremyjeremyjeremyjeremyjeremyjeremyklr3pklr3pklr3pklr3pklr3pklr3pklr3pklr3pklr3pklr3pklr3pklr3pklr3pklr3pklr3pklr3pklr3pklr3pklr3pklr3pklr3pklr3pklr3pklr3pklr3pklr3pklr3pklr3pklr3pklr3pklr3pklr3pklr3pklr3pklr3pklr3pklr3pklr3pklr3pklr3pklr3pklr3pklr3pklr3pklr3pklr3pklr3pklr3pklr3pklr3pklr3pklr3pklr3pklr3pklr3pklr3pklr3pklr3pklr3pklr3pklr3pklr3pklr3pklr3pklr3pklr3pklr3pklr3pklr3pklr3pklr3pklr3pklr3pklr3pklr3pklr3pklr3pklr3pklr3pklr3pklr3pklr3pklr3pklr3pklr3pklr3pklr3pklr3pklr3pklr3pklr3perr8nerr8nerr8nerr8nerr8nerr8nerr8nerr8nerr8nerr8nerr8nerr8nerr8nerr8nerr8nerr8nerr8nerr8nerr8nerr8nerr8nerr8nerr8nerr8nerr8nerr8nerr8nerr8nerr8nerr8nerr8nerr8nerr8nerr8nerr8nerr8nerr8nerr8nerr8nerr8nerr8nerr8nerr8nerr8nerr8nerr8nerr8nerr8nerr8nerr8nerr8nerr8nerr8nerr8nerr8nerr8nerr8nerr8nerr8nerr8nerr8nerr8nerr8nerr8nerr8nerr8nerr8nerr8nerr8nerr8nerr8nerr8nerr8nerr8nerr8nerr8nerr8nerr8nerr8nerr8nerr8nerr8nerr8nerr8nerr8nerr8nerr8nerr8nerr8nerr8nerr8nerr8nerr8nerr8nerr8nerr8nerr8nerr8nerr8nerr8nerr8nerr8nerr8nerr8nerr8nerr8nerr8nerr8nerr8nerr8nerr8nerr8nerr8nerr8nerr8nerr8nerr8nerr8nerr8nerr8nerr8nerr8nerr8nerr8nerr8nerr8nerr8nerr8nerr8nerr8nerr8nerr8nerr8nerr8nerr8nerr8nerr8nerr8nerr8nerr8nerr8nerr8nerr8nerr8nerr8nerr8nerr8nerr8nerr8nerr8nerr8nerr8nerr8nerr8nerr8nerr8nerr8nerr8nerr8nerr8nerr8nerr8nerr8nerr8nerr8nerr8nerr8nerr8nerr8nerr8nerr8nerr8nerr8nerr8nerr8nerr8nerr8nerr8nerr8nerr8nerr8nerr8nwsg4wwsg4wwsg4wwsg4wwsg4wwsg4wwsg4wwsg4wwsg4wwsg4wwsg4wwsg4wwsg4wwsg4wwsg4wwsg4wwsg4wwsg4wwsg4wwsg4wwsg4wwsg4wwsg4wwsg4wwsg4wwsg4wwsg4wwsg4wwsg4wwsg4wwsg4wwsg4wwsg4wwsg4wwsg4wwsg4wwsg4wwsg4wwsg4wwsg4wwsg4wwsg4wwsg4wwsg4wwsg4wwsg4wwsg4wwsg4wwsg4wwsg4wwsg4wwsg4wwsg4wwsg4wwsg4wwsg4wwsg4wwsg4wwsg4wwsg4wwsg4wwsg4wwsg4wwsg4wwsg4wwsg4wwsg4wwsg4wwsg4wwsg4wwsg4wwsg4wwsg4wwsg4wwsg4wwsg4wwsg4wwsg4wwsg4wwsg4wwsg4wwsg4wwsg4wwsg4wwsg4wwsg4wwsg4wwsg4wwsg4wwsg4wwsg4wwsg4wwsg4wwsg4wwsg4wwsg4wwsg4wwsg4wwsg4wwsg4wwsg4wwsg4wwsg4wwsg4wwsg4wwsg4wwsg4wwsg4wwsg4wwsg4wwsg4wwsg4wwsg4wwsg4wwsg4wwsg4wwsg4wwsg4wwsg4wwsg4wwsg4wwsg4wwsg4wwsg4wwsg4wwsg4wwsg4wwsg4wwsg4wwsg4wwsg4wwsg4wwsg4wwsg4wwsg4wwsg4wwsg4wwsg4wwsg4wwsg4wwsg4wwsg4wwsg4wwsg4wwsg4wwsg4wwsg4wwsg4wwsg4wwsg4wwsg4wwsg4wwsg4wwsg4wwsg4wwsg4wwsg4wwsg4wwsg4wwsg4wwsg4wwsg4wwsg4wwsg4wwsg4wwsg4wwsg4wwsg4wwsg4wwsg4wwsg4wwsg4wwsg4wwsg4wwsg4wwsg4wwsg4wwsg4wwsg4wwsg4wwsg4wwsg4wrondarondarondarondarondarondarondarondarondarondarondarondarondarondarondarondarondarondarondarondarondarondarondarondarondarondarondarondarondarondarondarondarondarondarondarondarondarondarondarondarondarondarondarondarondarondarondarondarondarondarondarondarondarondarondarondarondarondarondarondarondarondarondarondarondarondarondarondarondarondarondarondarondarondarondarondarondarondarondarondarondarondarondarondarondarondarondarondarondarondacp3eecp3eecp3eecp3eecp3eecp3eecp3eecp3eecp3eecp3eecp3eecp3eecp3eecp3eecp3eecp3eecp3eecp3eecp3eecp3eecp3eecp3eecp3eecp3eecp3eecp3eecp3eecp3eecp3eecp3eecp3eecp3eecp3eecp3eecp3eecp3eecp3eecp3eecp3eecp3eecp3eecp3eecp3eecp3eecp3eecp3eecp3eecp3eecp3eecp3eecp3eecp3eecp3eecp3eecp3eecp3eecp3eecp3eecp3eecp3eecp3eecp3eecp3eecp3eecp3eecp3eecp3eecp3eecp3eecp3eecp3eecp3eecp3eecp3eecp3eecp3eecp3eecp3eecp3eecp3eecp3eecp3eecp3eecp3eecp3eecp3eecp3eecp3eecp3eecp3eecp3eecdm6zfcdm6zfcdm6zfcdm6zfcdm6zfcdm6zfcdm6zfcdm6zfcdm6zfcdm6zfcdm6zfcdm6zfcdm6zfcdm6zfcdm6zfcdm6zfcdm6zfcdm6zfcdm6zfcdm6zfcdm6zfcdm6zfcdm6zfcdm6zfcdm6zfcdm6zfcdm6zfcdm6zfcdm6zfcdm6zfcdm6zfcdm6zfcdm6zfcdm6zfcdm6zfcdm6zfcdm6zfcdm6zfcdm6zfcdm6zfcdm6zfcdm6zfcdm6zfcdm6zfcdm6zfcdm6zfcdm6zfcdm6zfcdm6zfcdm6zfcdm6zfcdm6zfcdm6zfcdm6zfcdm6zfcdm6zfcdm6zfcdm6zfcdm6zfcdm6zfcdm6zfcdm6zfcdm6zfcdm6zfcdm6zfcdm6zfcdm6zfcdm6zfcdm6zfcdm6zfcdm6zfcdm6zfcdm6zfcdm6zfcdm6zfcdm6zfcdm6zfcdm6zfcdm6zfcdm6zfcdm6zfcdm6zfcdm6zfcdm6zfcdm6zfcdm6zfcdm6zfcdm6zfcdm6zfcdm6zfcdm6zfegn9begn9begn9begn9begn9begn9begn9begn9begn9begn9begn9begn9begn9begn9begn9begn9begn9begn9begn9begn9begn9begn9begn9begn9begn9begn9begn9begn9begn9begn9begn9begn9begn9begn9begn9begn9begn9begn9begn9begn9begn9begn9begn9begn9begn9begn9begn9begn9begn9begn9begn9begn9begn9begn9begn9begn9begn9begn9begn9begn9begn9begn9begn9begn9begn9begn9begn9begn9begn9begn9begn9begn9begn9begn9begn9begn9begn9begn9begn9begn9begn9begn9begn9begn9begn9begn9begn9begn9begn9begn9begn9bbmw9tbmw9tbmw9tbmw9tbmw9tbmw9tbmw9tbmw9tbmw9tbmw9tbmw9tbmw9tbmw9tbmw9tbmw9tbmw9tbmw9tbmw9tbmw9tbmw9tbmw9tbmw9tbmw9tbmw9tbmw9tbmw9tbmw9tbmw9tbmw9tbmw9tbmw9tbmw9tbmw9tbmw9tbmw9tbmw9tbmw9tbmw9tbmw9tbmw9tbmw9tbmw9tbmw9tbmw9tbmw9tbmw9tbmw9tbmw9tbmw9tbmw9tbmw9tbmw9tbmw9tbmw9tbmw9tbmw9tbmw9tbmw9tbmw9tbmw9tbmw9tbmw9tbmw9tbmw9tbmw9tbmw9tbmw9tbmw9tbmw9tbmw9tbmw9tbmw9tbmw9tbmw9tbmw9tbmw9tbmw9tbmw9tbmw9tbmw9tbmw9tbmw9tbmw9tbmw9tbmw9tbmw9tbmw9tbmw9tbmw9tbmw9trondarondarondarondarondarondarondarondarondarondarondarondarondarondarondarondarondarondarondarondarondarondarondarondarondarondarondarondarondarondarondarondarondarondarondarondarondarondarondarondarondarondarondarondarondarondarondarondarondarondarondarondarondarondarondarondarondarondarondarondarondarondarondarondarondarondarondarondarondarondarondarondarondarondarondarondarondarondarondarondarondarondarondarondarondarondarondarondarondarondacm2ugcm2ugcm2ugcm2ugcm2ugcm2ugcm2ugcm2ugcm2ugcm2ugcm2ugcm2ugcm2ugcm2ugcm2ugcm2ugcm2ugcm2ugcm2ugcm2ugcm2ugcm2ugcm2ugcm2ugcm2ugcm2ugcm2ugcm2ugcm2ugcm2ugcm2ugcm2ugcm2ugcm2ugcm2ugcm2ugcm2ugcm2ugcm2ugcm2ugcm2ugcm2ugcm2ugcm2ugcm2ugcm2ugcm2ugcm2ugcm2ugcm2ugcm2ugcm2ugcm2ugcm2ugcm2ugcm2ugcm2ugcm2ugcm2ugcm2ugcm2ugcm2ugcm2ugcm2ugcm2ugcm2ugcm2ugcm2ugcm2ugcm2ugcm2ugcm2ugcm2ugcm2ugcm2ugcm2ugcm2ugcm2ugcm2ugcm2ugcm2ugcm2ugcm2ugcm2ugcm2ugcm2ugcm2ugcm2ugcm2ugcm2ugcm2ugcm2ugcm2ugcm2ugcm2ugcm2ugcm2ugcm2ugcm2ugcm2ugcm2ugcm2ugcm2ugcm2ugcm2ugcm2ugcm2ugcm2ugcm2ugcm2ugcm2ugcm2ugcm2ugcm2ugcm2ugcm2ugcm2ugcm2ugcm2ugcm2ugcm2ugcm2ugcm2ugcm2ugcm2ugcm2ugcm2ugcm2ugcm2ugcm2ugcm2ugcm2ugcm2ugcm2ugcm2ugcm2ugcm2ugcm2ugcm2ugcm2ugcm2ugcm2ugcm2ugcm2ugcm2ugcm2ugcm2ugcm2ugcm2ugcm2ugcm2ugcm2ugcm2ugcm2ugcm2ugcm2ugcm2ugcm2ugcm2ugcm2ugcm2ugcm2ugcm2ugcm2ugcm2ugcm2ugcm2ugcm2ugcm2ugcm2ugcm2ugcm2ugcm2ugcm2ugcm2ugcm2ugcm2ugcm2ugcm2ugcm2ugcm2ugcm2ugssl2abssl2abssl2abssl2abssl2abssl2abssl2abssl2abssl2abssl2abssl2abssl2abssl2abssl2abssl2abssl2abssl2abssl2abssl2abssl2abssl2abssl2abssl2abssl2abssl2abssl2abssl2abssl2abssl2abssl2abssl2abssl2abssl2abssl2abssl2abssl2abssl2abssl2abssl2abssl2abssl2abssl2abssl2abssl2abssl2abssl2abssl2abssl2abssl2abssl2abssl2abssl2abssl2abssl2abssl2abssl2abssl2abssl2abssl2abssl2abssl2abssl2abssl2abssl2abssl2abssl2abssl2abssl2abssl2abssl2abssl2abssl2abssl2abssl2abssl2abssl2abssl2abssl2abssl2abssl2abssl2abssl2abssl2abssl2abssl2abssl2abssl2abssl2abssl2abssl2abklr3pklr3pklr3pklr3pklr3pklr3pklr3pklr3pklr3pklr3pklr3pklr3pklr3pklr3pklr3pklr3pklr3pklr3pklr3pklr3pklr3pklr3pklr3pklr3pklr3pklr3pklr3pklr3pklr3pklr3pklr3pklr3pklr3pklr3pklr3pklr3pklr3pklr3pklr3pklr3pklr3pklr3pklr3pklr3pklr3pklr3pklr3pklr3pklr3pklr3pklr3pklr3pklr3pklr3pklr3pklr3pklr3pklr3pklr3pklr3pklr3pklr3pklr3pklr3pklr3pklr3pklr3pklr3pklr3pklr3pklr3pklr3pklr3pklr3pklr3pklr3pklr3pklr3pklr3pklr3pklr3pklr3pklr3pklr3pklr3pklr3pklr3pklr3pklr3pklr3pklr3perr8nerr8nerr8nerr8nerr8nerr8nerr8nerr8nerr8nerr8nerr8nerr8nerr8nerr8nerr8nerr8nerr8nerr8nerr8nerr8nerr8nerr8nerr8nerr8nerr8nerr8nerr8nerr8nerr8nerr8nerr8nerr8nerr8nerr8nerr8nerr8nerr8nerr8nerr8nerr8nerr8nerr8nerr8nerr8nerr8nerr8nerr8nerr8nerr8nerr8nerr8nerr8nerr8nerr8nerr8nerr8nerr8nerr8nerr8nerr8nerr8nerr8nerr8nerr8nerr8nerr8nerr8nerr8nerr8nerr8nerr8nerr8nerr8nerr8nerr8nerr8nerr8nerr8nerr8nerr8nerr8nerr8nerr8nerr8nerr8nerr8nerr8nerr8nerr8nerr8nerr8nwsg4wwsg4wwsg4wwsg4wwsg4wwsg4wwsg4wwsg4wwsg4wwsg4wwsg4wwsg4wwsg4wwsg4wwsg4wwsg4wwsg4wwsg4wwsg4wwsg4wwsg4wwsg4wwsg4wwsg4wwsg4wwsg4wwsg4wwsg4wwsg4wwsg4wwsg4wwsg4wwsg4wwsg4wwsg4wwsg4wwsg4wwsg4wwsg4wwsg4wwsg4wwsg4wwsg4wwsg4wwsg4wwsg4wwsg4wwsg4wwsg4wwsg4wwsg4wwsg4wwsg4wwsg4wwsg4wwsg4wwsg4wwsg4wwsg4wwsg4wwsg4wwsg4wwsg4wwsg4wwsg4wwsg4wwsg4wwsg4wwsg4wwsg4wwsg4wwsg4wwsg4wwsg4wwsg4wwsg4wwsg4wwsg4wwsg4wwsg4wwsg4wwsg4wwsg4wwsg4wwsg4wwsg4wwsg4wwsg4wwsg4wwsg4wwsg4wcp3eecp3eecp3eecp3eecp3eecp3eecp3eecp3eecp3eecp3eecp3eecp3eecp3eecp3eecp3eecp3eecp3eecp3eecp3eecp3eecp3eecp3eecp3eecp3eecp3eecp3eecp3eecp3eecp3eecp3eecp3eecp3eecp3eecp3eecp3eecp3eecp3eecp3eecp3eecp3eecp3eecp3eecp3eecp3eecp3eecp3eecp3eecp3eecp3eecp3eecp3eecp3eecp3eecp3eecp3eecp3eecp3eecp3eecp3eecp3eecp3eecp3eecp3eecp3eecp3eecp3eecp3eecp3eecp3eecp3eecp3eecp3eecp3eecp3eecp3eecp3eecp3eecp3eecp3eecp3eecp3eecp3eecp3eecp3eecp3eecp3eecp3eecp3eecp3eecp3eecp3eebmw9tbmw9tbmw9tbmw9tbmw9tbmw9tbmw9tbmw9tbmw9tbmw9tbmw9tbmw9tbmw9tbmw9tbmw9tbmw9tbmw9tbmw9tbmw9tbmw9tbmw9tbmw9tbmw9tbmw9tbmw9tbmw9tbmw9tbmw9tbmw9tbmw9tbmw9tbmw9tbmw9tbmw9tbmw9tbmw9tbmw9tbmw9tbmw9tbmw9tbmw9tbmw9tbmw9tbmw9tbmw9tbmw9tbmw9tbmw9tbmw9tbmw9tbmw9tbmw9tbmw9tbmw9tbmw9tbmw9tbmw9tbmw9tbmw9tbmw9tbmw9tbmw9tbmw9tbmw9tbmw9tbmw9tbmw9tbmw9tbmw9tbmw9tbmw9tbmw9tbmw9tbmw9tbmw9tbmw9tbmw9tbmw9tbmw9tbmw9tbmw9tbmw9tbmw9tbmw9tbmw9tbmw9tbmw9tbmw9tbmw9tbmw9tcdm6zfcdm6zfcdm6zfcdm6zfcdm6zfcdm6zfcdm6zfcdm6zfcdm6zfcdm6zfcdm6zfcdm6zfcdm6zfcdm6zfcdm6zfcdm6zfcdm6zfcdm6zfcdm6zfcdm6zfcdm6zfcdm6zfcdm6zfcdm6zfcdm6zfcdm6zfcdm6zfcdm6zfcdm6zfcdm6zfcdm6zfcdm6zfcdm6zfcdm6zfcdm6zfcdm6zfcdm6zfcdm6zfcdm6zfcdm6zfcdm6zfcdm6zfcdm6zfcdm6zfcdm6zfcdm6zfcdm6zfcdm6zfcdm6zfcdm6zfcdm6zfcdm6zfcdm6zfcdm6zfcdm6zfcdm6zfcdm6zfcdm6zfcdm6zfcdm6zfcdm6zfcdm6zfcdm6zfcdm6zfcdm6zfcdm6zfcdm6zfcdm6zfcdm6zfcdm6zfcdm6zfcdm6zfcdm6zfcdm6zfcdm6zfcdm6zfcdm6zfcdm6zfcdm6zfcdm6zfcdm6zfcdm6zfcdm6zfcdm6zfcdm6zfcdm6zfcdm6zfcdm6zfcdm6zfcdm6zfcdm6zfegn9begn9begn9begn9begn9begn9begn9begn9begn9begn9begn9begn9begn9begn9begn9begn9begn9begn9begn9begn9begn9begn9begn9begn9begn9begn9begn9begn9begn9begn9begn9begn9begn9begn9begn9begn9begn9begn9begn9begn9begn9begn9begn9begn9begn9begn9begn9begn9begn9begn9begn9begn9begn9begn9begn9begn9begn9begn9begn9begn9begn9begn9begn9begn9begn9begn9begn9begn9begn9begn9begn9begn9begn9begn9begn9begn9begn9begn9begn9begn9begn9begn9begn9begn9begn9begn9begn9begn9begn9begn9begn9bjeremyjeremyjeremyjeremyjeremyjeremyjeremyjeremyjeremyjeremyjeremyjeremyjeremyjeremyjeremyjeremyjeremyjeremyjeremyjeremyjeremyjeremyjeremyjeremyjeremyjeremyjeremyjeremyjeremyjeremyjeremyjeremyjeremyjeremyjeremyjeremyjeremyjeremyjeremyjeremyjeremyjeremyjeremyjeremyjeremyjeremyjeremyjeremyjeremyjeremyjeremyjeremyjeremyjeremyjeremyjeremyjeremyjeremyjeremyjeremyjeremyjeremyjeremyjeremyjeremyjeremyjeremyjeremyjeremyjeremyjeremyjeremyjeremyjeremyjeremyjeremyjeremyjeremyjeremyjeremyjeremyjeremyjeremyjeremyjeremyjeremyjeremyjeremyjeremyjeremyjeremyjeremyjeremyjeremyjeremyjeremyjeremyjeremyjeremyjeremyjeremyjeremyjeremyjeremyjeremyjeremyjeremyjeremyjeremyjeremyjeremyjeremyjeremyjeremyjeremyjeremyjeremyjeremyjeremyjeremyjeremyjeremyjeremyjeremyjeremyjeremyjeremyjeremyjeremyjeremyjeremyjeremyjeremyjeremyjeremyjeremyjeremyjeremyjeremyjeremyjeremyjeremyjeremyjeremyjeremyjeremyjeremyjeremyjeremyjeremyjeremyjeremyjeremyjeremyjeremyjeremyjeremyjeremyjeremyjeremyjeremyjeremyjeremyjeremyjeremyjeremyjeremyjeremyjeremyjeremyjeremyjeremyjeremyjeremyjeremyjeremyjeremyjeremyjeremyjeremybmw9tbmw9tbmw9tbmw9tbmw9tbmw9tbmw9tbmw9tbmw9tbmw9tbmw9tbmw9tbmw9tbmw9tbmw9tbmw9tbmw9tbmw9tbmw9tbmw9tbmw9tbmw9tbmw9tbmw9tbmw9tbmw9tbmw9tbmw9tbmw9tbmw9tbmw9tbmw9tbmw9tbmw9tbmw9tbmw9tbmw9tbmw9tbmw9tbmw9tbmw9tbmw9tbmw9tbmw9tbmw9tbmw9tbmw9tbmw9tbmw9tbmw9tbmw9tbmw9tbmw9tbmw9tbmw9tbmw9tbmw9tbmw9tbmw9tbmw9tbmw9tbmw9tbmw9tbmw9tbmw9tbmw9tbmw9tbmw9tbmw9tbmw9tbmw9tbmw9tbmw9tbmw9tbmw9tbmw9tbmw9tbmw9tbmw9tbmw9tbmw9tbmw9tbmw9tbmw9tbmw9tbmw9tbmw9tbmw9tbmw9tbmw9tegn9begn9begn9begn9begn9begn9begn9begn9begn9begn9begn9begn9begn9begn9begn9begn9begn9begn9begn9begn9begn9begn9begn9begn9begn9begn9begn9begn9begn9begn9begn9begn9begn9begn9begn9begn9begn9begn9begn9begn9begn9begn9begn9begn9begn9begn9begn9begn9begn9begn9begn9begn9begn9begn9begn9begn9begn9begn9begn9begn9begn9begn9begn9begn9begn9begn9begn9begn9begn9begn9begn9begn9begn9begn9begn9begn9begn9begn9begn9begn9begn9begn9begn9begn9begn9begn9begn9begn9begn9begn9begn9bcm2ugcm2ugcm2ugcm2ugcm2ugcm2ugcm2ugcm2ugcm2ugcm2ugcm2ugcm2ugcm2ugcm2ugcm2ugcm2ugcm2ugcm2ugcm2ugcm2ugcm2ugcm2ugcm2ugcm2ugcm2ugcm2ugcm2ugcm2ugcm2ugcm2ugcm2ugcm2ugcm2ugcm2ugcm2ugcm2ugcm2ugcm2ugcm2ugcm2ugcm2ugcm2ugcm2ugcm2ugcm2ugcm2ugcm2ugcm2ugcm2ugcm2ugcm2ugcm2ugcm2ugcm2ugcm2ugcm2ugcm2ugcm2ugcm2ugcm2ugcm2ugcm2ugcm2ugcm2ugcm2ugcm2ugcm2ugcm2ugcm2ugcm2ugcm2ugcm2ugcm2ugcm2ugcm2ugcm2ugcm2ugcm2ugcm2ugcm2ugcm2ugcm2ugcm2ugcm2ugcm2ugcm2ugcm2ugcm2ugcm2ugcm2ugcm2ugerr8nerr8nerr8nerr8nerr8nerr8nerr8nerr8nerr8nerr8nerr8nerr8nerr8nerr8nerr8nerr8nerr8nerr8nerr8nerr8nerr8nerr8nerr8nerr8nerr8nerr8nerr8nerr8nerr8nerr8nerr8nerr8nerr8nerr8nerr8nerr8nerr8nerr8nerr8nerr8nerr8nerr8nerr8nerr8nerr8nerr8nerr8nerr8nerr8nerr8nerr8nerr8nerr8nerr8nerr8nerr8nerr8nerr8nerr8nerr8nerr8nerr8nerr8nerr8nerr8nerr8nerr8nerr8nerr8nerr8nerr8nerr8nerr8nerr8nerr8nerr8nerr8nerr8nerr8nerr8nerr8nerr8nerr8nerr8nerr8nerr8nerr8nerr8nerr8nerr8nerr8nerr8nerr8nerr8nerr8nerr8nerr8nerr8nerr8nerr8nerr8nerr8nerr8nerr8nerr8nerr8nerr8nerr8nerr8nerr8nerr8nerr8nerr8nerr8nerr8nerr8nerr8nerr8nerr8nerr8nerr8nerr8nerr8nerr8nerr8nerr8nerr8nerr8nerr8nerr8nerr8nerr8nerr8nerr8nerr8nerr8nerr8nerr8nerr8nerr8nerr8nerr8nerr8nerr8nerr8nerr8nerr8nerr8nerr8nerr8nerr8nerr8nerr8nerr8nerr8nerr8nerr8nerr8nerr8nerr8nerr8nerr8nerr8nerr8nerr8nerr8nerr8nerr8nerr8nerr8nerr8nerr8nerr8nerr8nerr8nerr8nerr8nerr8nerr8nerr8nerr8nerr8nerr8nerr8nerr8nerr8nerr8nerr8nerr8nerr8nerr8nerr8nerr8nerr8nerr8nerr8nerr8nerr8nerr8nerr8nerr8nerr8nerr8nerr8nerr8nerr8nerr8nerr8nerr8nerr8nerr8nerr8nerr8nerr8nerr8nerr8nerr8nerr8nerr8nerr8nerr8nerr8nerr8nerr8nerr8nerr8nerr8nerr8nerr8nerr8nerr8nerr8nerr8nerr8nerr8nerr8nerr8nerr8nerr8nerr8nerr8nerr8nerr8nerr8nerr8nerr8nerr8nerr8nerr8nerr8nerr8nerr8nerr8nerr8nerr8nerr8nerr8nerr8nerr8nerr8nerr8nerr8nerr8nerr8nerr8nerr8nerr8nerr8nerr8nerr8nerr8nerr8nerr8nbmw9tbmw9tbmw9tbmw9tbmw9tbmw9tbmw9tbmw9tbmw9tbmw9tbmw9tbmw9tbmw9tbmw9tbmw9tbmw9tbmw9tbmw9tbmw9tbmw9tbmw9tbmw9tbmw9tbmw9tbmw9tbmw9tbmw9tbmw9tbmw9tbmw9tbmw9tbmw9tbmw9tbmw9tbmw9tbmw9tbmw9tbmw9tbmw9tbmw9tbmw9tbmw9tbmw9tbmw9tbmw9tbmw9tbmw9tbmw9tbmw9tbmw9tbmw9tbmw9tbmw9tbmw9tbmw9tbmw9tbmw9tbmw9tbmw9tbmw9tbmw9tbmw9tbmw9tbmw9tbmw9tbmw9tbmw9tbmw9tbmw9tbmw9tbmw9tbmw9tbmw9tbmw9tbmw9tbmw9tbmw9tbmw9tbmw9tbmw9tbmw9tbmw9tbmw9tbmw9tbmw9tbmw9tbmw9tbmw9tbmw9tbmw9tegn9begn9begn9begn9begn9begn9begn9begn9begn9begn9begn9begn9begn9begn9begn9begn9begn9begn9begn9begn9begn9begn9begn9begn9begn9begn9begn9begn9begn9begn9begn9begn9begn9begn9begn9begn9begn9begn9begn9begn9begn9begn9begn9begn9begn9begn9begn9begn9begn9begn9begn9begn9begn9begn9begn9begn9begn9begn9begn9begn9begn9begn9begn9begn9begn9begn9begn9begn9begn9begn9begn9begn9begn9begn9begn9begn9begn9begn9begn9begn9begn9begn9begn9begn9begn9begn9begn9begn9begn9begn9begn9bcm2ugcm2ugcm2ugcm2ugcm2ugcm2ugcm2ugcm2ugcm2ugcm2ugcm2ugcm2ugcm2ugcm2ugcm2ugcm2ugcm2ugcm2ugcm2ugcm2ugcm2ugcm2ugcm2ugcm2ugcm2ugcm2ugcm2ugcm2ugcm2ugcm2ugcm2ugcm2ugcm2ugcm2ugcm2ugcm2ugcm2ugcm2ugcm2ugcm2ugcm2ugcm2ugcm2ugcm2ugcm2ugcm2ugcm2ugcm2ugcm2ugcm2ugcm2ugcm2ugcm2ugcm2ugcm2ugcm2ugcm2ugcm2ugcm2ugcm2ugcm2ugcm2ugcm2ugcm2ugcm2ugcm2ugcm2ugcm2ugcm2ugcm2ugcm2ugcm2ugcm2ugcm2ugcm2ugcm2ugcm2ugcm2ugcm2ugcm2ugcm2ugcm2ugcm2ugcm2ugcm2ugcm2ugcm2ugcm2ugcm2ugcm2ugcm2ugklr3pklr3pklr3pklr3pklr3pklr3pklr3pklr3pklr3pklr3pklr3pklr3pklr3pklr3pklr3pklr3pklr3pklr3pklr3pklr3pklr3pklr3pklr3pklr3pklr3pklr3pklr3pklr3pklr3pklr3pklr3pklr3pklr3pklr3pklr3pklr3pklr3pklr3pklr3pklr3pklr3pklr3pklr3pklr3pklr3pklr3pklr3pklr3pklr3pklr3pklr3pklr3pklr3pklr3pklr3pklr3pklr3pklr3pklr3pklr3pklr3pklr3pklr3pklr3pklr3pklr3pklr3pklr3pklr3pklr3pklr3pklr3pklr3pklr3pklr3pklr3pklr3pklr3pklr3pklr3pklr3pklr3pklr3pklr3pklr3pklr3pklr3pklr3pklr3pklr3pklr3pegn9begn9begn9begn9begn9begn9begn9begn9begn9begn9begn9begn9begn9begn9begn9begn9begn9begn9begn9begn9begn9begn9begn9begn9begn9begn9begn9begn9begn9begn9begn9begn9begn9begn9begn9begn9begn9begn9begn9begn9begn9begn9begn9begn9begn9begn9begn9begn9begn9begn9begn9begn9begn9begn9begn9begn9begn9begn9begn9begn9begn9begn9begn9begn9begn9begn9begn9begn9begn9begn9begn9begn9begn9begn9begn9begn9begn9begn9begn9begn9begn9begn9begn9begn9begn9begn9begn9begn9begn9begn9begn9bcdm6zfcdm6zfcdm6zfcdm6zfcdm6zfcdm6zfcdm6zfcdm6zfcdm6zfcdm6zfcdm6zfcdm6zfcdm6zfcdm6zfcdm6zfcdm6zfcdm6zfcdm6zfcdm6zfcdm6zfcdm6zfcdm6zfcdm6zfcdm6zfcdm6zfcdm6zfcdm6zfcdm6zfcdm6zfcdm6zfcdm6zfcdm6zfcdm6zfcdm6zfcdm6zfcdm6zfcdm6zfcdm6zfcdm6zfcdm6zfcdm6zfcdm6zfcdm6zfcdm6zfcdm6zfcdm6zfcdm6zfcdm6zfcdm6zfcdm6zfcdm6zfcdm6zfcdm6zfcdm6zfcdm6zfcdm6zfcdm6zfcdm6zfcdm6zfcdm6zfcdm6zfcdm6zfcdm6zfcdm6zfcdm6zfcdm6zfcdm6zfcdm6zfcdm6zfcdm6zfcdm6zfcdm6zfcdm6zfcdm6zfcdm6zfcdm6zfcdm6zfcdm6zfcdm6zfcdm6zfcdm6zfcdm6zfcdm6zfcdm6zfcdm6zfcdm6zfcdm6zfcdm6zfcdm6zfcdm6zfcdm6zfjeremyjeremyjeremyjeremyjeremyjeremyjeremyjeremyjeremyjeremyjeremyjeremyjeremyjeremyjeremyjeremyjeremyjeremyjeremyjeremyjeremyjeremyjeremyjeremyjeremyjeremyjeremyjeremyjeremyjeremyjeremyjeremyjeremyjeremyjeremyjeremyjeremyjeremyjeremyjeremyjeremyjeremyjeremyjeremyjeremyjeremyjeremyjeremyjeremyjeremyjeremyjeremyjeremyjeremyjeremyjeremyjeremyjeremyjeremyjeremyjeremyjeremyjeremyjeremyjeremyjeremyjeremyjeremyjeremyjeremyjeremyjeremyjeremyjeremyjeremyjeremyjeremyjeremyjeremyjeremyjeremyjeremyjeremyjeremyjeremyjeremyjeremyjeremyjeremyjeremycm2ugcm2ugcm2ugcm2ugcm2ugcm2ugcm2ugcm2ugcm2ugcm2ugcm2ugcm2ugcm2ugcm2ugcm2ugcm2ugcm2ugcm2ugcm2ugcm2ugcm2ugcm2ugcm2ugcm2ugcm2ugcm2ugcm2ugcm2ugcm2ugcm2ugcm2ugcm2ugcm2ugcm2ugcm2ugcm2ugcm2ugcm2ugcm2ugcm2ugcm2ugcm2ugcm2ugcm2ugcm2ugcm2ugcm2ugcm2ugcm2ugcm2ugcm2ugcm2ugcm2ugcm2ugcm2ugcm2ugcm2ugcm2ugcm2ugcm2ugcm2ugcm2ugcm2ugcm2ugcm2ugcm2ugcm2ugcm2ugcm2ugcm2ugcm2ugcm2ugcm2ugcm2ugcm2ugcm2ugcm2ugcm2ugcm2ugcm2ugcm2ugcm2ugcm2ugcm2ugcm2ugcm2ugcm2ugcm2ugcm2ugcm2ugcm2ugjeremyjeremyjeremyjeremyjeremyjeremyjeremyjeremyjeremyjeremyjeremyjeremyjeremyjeremyjeremyjeremyjeremyjeremyjeremyjeremyjeremyjeremyjeremyjeremyjeremyjeremyjeremyjeremyjeremyjeremyjeremyjeremyjeremyjeremyjeremyjeremyjeremyjeremyjeremyjeremyjeremyjeremyjeremyjeremyjeremyjeremyjeremyjeremyjeremyjeremyjeremyjeremyjeremyjeremyjeremyjeremyjeremyjeremyjeremyjeremyjeremyjeremyjeremyjeremyjeremyjeremyjeremyjeremyjeremyjeremyjeremyjeremyjeremyjeremyjeremyjeremyjeremyjeremyjeremyjeremyjeremyjeremyjeremyjeremyjeremyjeremyjeremyjeremyjeremyjeremybmw9tbmw9tbmw9tbmw9tbmw9tbmw9tbmw9tbmw9tbmw9tbmw9tbmw9tbmw9tbmw9tbmw9tbmw9tbmw9tbmw9tbmw9tbmw9tbmw9tbmw9tbmw9tbmw9tbmw9tbmw9tbmw9tbmw9tbmw9tbmw9tbmw9tbmw9tbmw9tbmw9tbmw9tbmw9tbmw9tbmw9tbmw9tbmw9tbmw9tbmw9tbmw9tbmw9tbmw9tbmw9tbmw9tbmw9tbmw9tbmw9tbmw9tbmw9tbmw9tbmw9tbmw9tbmw9tbmw9tbmw9tbmw9tbmw9tbmw9tbmw9tbmw9tbmw9tbmw9tbmw9tbmw9tbmw9tbmw9tbmw9tbmw9tbmw9tbmw9tbmw9tbmw9tbmw9tbmw9tbmw9tbmw9tbmw9tbmw9tbmw9tbmw9tbmw9tbmw9tbmw9tbmw9tbmw9tbmw9tbmw9tbmw9tssl2abssl2abssl2abssl2abssl2abssl2abssl2abssl2abssl2abssl2abssl2abssl2abssl2abssl2abssl2abssl2abssl2abssl2abssl2abssl2abssl2abssl2abssl2abssl2abssl2abssl2abssl2abssl2abssl2abssl2abssl2abssl2abssl2abssl2abssl2abssl2abssl2abssl2abssl2abssl2abssl2abssl2abssl2abssl2abssl2abssl2abssl2abssl2abssl2abssl2abssl2abssl2abssl2abssl2abssl2abssl2abssl2abssl2abssl2abssl2abssl2abssl2abssl2abssl2abssl2abssl2abssl2abssl2abssl2abssl2abssl2abssl2abssl2abssl2abssl2abssl2abssl2abssl2abssl2abssl2abssl2abssl2abssl2abssl2abssl2abssl2abssl2abssl2abssl2abssl2abssl2abssl2abssl2abssl2abssl2abssl2abssl2abssl2abssl2abssl2abssl2abssl2abssl2abssl2abssl2abssl2abssl2abssl2abssl2abssl2abssl2abssl2abssl2abssl2abssl2abssl2abssl2abssl2abssl2abssl2abssl2abssl2abssl2abssl2abssl2abssl2abssl2abssl2abssl2abssl2abssl2abssl2abssl2abssl2abssl2abssl2abssl2abssl2abssl2abssl2abssl2abssl2abssl2abssl2abssl2abssl2abssl2abssl2abssl2abssl2abssl2abssl2abssl2abssl2abssl2abssl2abssl2abssl2abssl2abssl2abssl2abssl2abssl2abssl2abssl2abssl2abssl2abssl2abssl2abssl2abssl2abssl2abssl2abssl2abssl2abssl2abssl2abssl2abssl2abssl2abcdm6zfcdm6zfcdm6zfcdm6zfcdm6zfcdm6zfcdm6zfcdm6zfcdm6zfcdm6zfcdm6zfcdm6zfcdm6zfcdm6zfcdm6zfcdm6zfcdm6zfcdm6zfcdm6zfcdm6zfcdm6zfcdm6zfcdm6zfcdm6zfcdm6zfcdm6zfcdm6zfcdm6zfcdm6zfcdm6zfcdm6zfcdm6zfcdm6zfcdm6zfcdm6zfcdm6zfcdm6zfcdm6zfcdm6zfcdm6zfcdm6zfcdm6zfcdm6zfcdm6zfcdm6zfcdm6zfcdm6zfcdm6zfcdm6zfcdm6zfcdm6zfcdm6zfcdm6zfcdm6zfcdm6zfcdm6zfcdm6zfcdm6zfcdm6zfcdm6zfcdm6zfcdm6zfcdm6zfcdm6zfcdm6zfcdm6zfcdm6zfcdm6zfcdm6zfcdm6zfcdm6zfcdm6zfcdm6zfcdm6zfcdm6zfcdm6zfcdm6zfcdm6zfcdm6zfcdm6zfcdm6zfcdm6zfcdm6zfcdm6zfcdm6zfcdm6zfcdm6zfcdm6zfcdm6zfcdm6zfcdm6zfcp3eecp3eecp3eecp3eecp3eecp3eecp3eecp3eecp3eecp3eecp3eecp3eecp3eecp3eecp3eecp3eecp3eecp3eecp3eecp3eecp3eecp3eecp3eecp3eecp3eecp3eecp3eecp3eecp3eecp3eecp3eecp3eecp3eecp3eecp3eecp3eecp3eecp3eecp3eecp3eecp3eecp3eecp3eecp3eecp3eecp3eecp3eecp3eecp3eecp3eecp3eecp3eecp3eecp3eecp3eecp3eecp3eecp3eecp3eecp3eecp3eecp3eecp3eecp3eecp3eecp3eecp3eecp3eecp3eecp3eecp3eecp3eecp3eecp3eecp3eecp3eecp3eecp3eecp3eecp3eecp3eecp3eecp3eecp3eecp3eecp3eecp3eecp3eecp3eecp3eecp3eejeremyjeremyjeremyjeremyjeremyjeremyjeremyjeremyjeremyjeremyjeremyjeremyjeremyjeremyjeremyjeremyjeremyjeremyjeremyjeremyjeremyjeremyjeremyjeremyjeremyjeremyjeremyjeremyjeremyjeremyjeremyjeremyjeremyjeremyjeremyjeremyjeremyjeremyjeremyjeremyjeremyjeremyjeremyjeremyjeremyjeremyjeremyjeremyjeremyjeremyjeremyjeremyjeremyjeremyjeremyjeremyjeremyjeremyjeremyjeremyjeremyjeremyjeremyjeremyjeremyjeremyjeremyjeremyjeremyjeremyjeremyjeremyjeremyjeremyjeremyjeremyjeremyjeremyjeremyjeremyjeremyjeremyjeremyjeremyjeremyjeremyjeremyjeremyjeremyjeremycp3eecp3eecp3eecp3eecp3eecp3eecp3eecp3eecp3eecp3eecp3eecp3eecp3eecp3eecp3eecp3eecp3eecp3eecp3eecp3eecp3eecp3eecp3eecp3eecp3eecp3eecp3eecp3eecp3eecp3eecp3eecp3eecp3eecp3eecp3eecp3eecp3eecp3eecp3eecp3eecp3eecp3eecp3eecp3eecp3eecp3eecp3eecp3eecp3eecp3eecp3eecp3eecp3eecp3eecp3eecp3eecp3eecp3eecp3eecp3eecp3eecp3eecp3eecp3eecp3eecp3eecp3eecp3eecp3eecp3eecp3eecp3eecp3eecp3eecp3eecp3eecp3eecp3eecp3eecp3eecp3eecp3eecp3eecp3eecp3eecp3eecp3eecp3eecp3eecp3eecp3eecp3eecp3eecp3eecp3eecp3eecp3eecp3eecp3eecp3eecp3eecp3eecp3eecp3eecp3eecp3eecp3eecp3eecp3eecp3eecp3eecp3eecp3eecp3eecp3eecp3eecp3eecp3eecp3eecp3eecp3eecp3eecp3eecp3eecp3eecp3eecp3eecp3eecp3eecp3eecp3eecp3eecp3eecp3eecp3eecp3eecp3eecp3eecp3eecp3eecp3eecp3eecp3eecp3eecp3eecp3eecp3eecp3eecp3eecp3eecp3eecp3eecp3eecp3eecp3eecp3eecp3eecp3eecp3eecp3eecp3eecp3eecp3eecp3eecp3eecp3eecp3eecp3eecp3eecp3eecp3eecp3eecp3eecp3eecp3eecp3eecp3eecp3eecp3eecp3eecp3eecp3eeerr8nerr8nerr8nerr8nerr8nerr8nerr8nerr8nerr8nerr8nerr8nerr8nerr8nerr8nerr8nerr8nerr8nerr8nerr8nerr8nerr8nerr8nerr8nerr8nerr8nerr8nerr8nerr8nerr8nerr8nerr8nerr8nerr8nerr8nerr8nerr8nerr8nerr8nerr8nerr8nerr8nerr8nerr8nerr8nerr8nerr8nerr8nerr8nerr8nerr8nerr8nerr8nerr8nerr8nerr8nerr8nerr8nerr8nerr8nerr8nerr8nerr8nerr8nerr8nerr8nerr8nerr8nerr8nerr8nerr8nerr8nerr8nerr8nerr8nerr8nerr8nerr8nerr8nerr8nerr8nerr8nerr8nerr8nerr8nerr8nerr8nerr8nerr8nerr8nerr8nerr8nklr3pklr3pklr3pklr3pklr3pklr3pklr3pklr3pklr3pklr3pklr3pklr3pklr3pklr3pklr3pklr3pklr3pklr3pklr3pklr3pklr3pklr3pklr3pklr3pklr3pklr3pklr3pklr3pklr3pklr3pklr3pklr3pklr3pklr3pklr3pklr3pklr3pklr3pklr3pklr3pklr3pklr3pklr3pklr3pklr3pklr3pklr3pklr3pklr3pklr3pklr3pklr3pklr3pklr3pklr3pklr3pklr3pklr3pklr3pklr3pklr3pklr3pklr3pklr3pklr3pklr3pklr3pklr3pklr3pklr3pklr3pklr3pklr3pklr3pklr3pklr3pklr3pklr3pklr3pklr3pklr3pklr3pklr3pklr3pklr3pklr3pklr3pklr3pklr3pklr3pklr3perr8nerr8nerr8nerr8nerr8nerr8nerr8nerr8nerr8nerr8nerr8nerr8nerr8nerr8nerr8nerr8nerr8nerr8nerr8nerr8nerr8nerr8nerr8nerr8nerr8nerr8nerr8nerr8nerr8nerr8nerr8nerr8nerr8nerr8nerr8nerr8nerr8nerr8nerr8nerr8nerr8nerr8nerr8nerr8nerr8nerr8nerr8nerr8nerr8nerr8nerr8nerr8nerr8nerr8nerr8nerr8nerr8nerr8nerr8nerr8nerr8nerr8nerr8nerr8nerr8nerr8nerr8nerr8nerr8nerr8nerr8nerr8nerr8nerr8nerr8nerr8nerr8nerr8nerr8nerr8nerr8nerr8nerr8nerr8nerr8nerr8nerr8nerr8nerr8nerr8nerr8njeremyjeremyjeremyjeremyjeremyjeremyjeremyjeremyjeremyjeremyjeremyjeremyjeremyjeremyjeremyjeremyjeremyjeremyjeremyjeremyjeremyjeremyjeremyjeremyjeremyjeremyjeremyjeremyjeremyjeremyjeremyjeremyjeremyjeremyjeremyjeremyjeremyjeremyjeremyjeremyjeremyjeremyjeremyjeremyjeremyjeremyjeremyjeremyjeremyjeremyjeremyjeremyjeremyjeremyjeremyjeremyjeremyjeremyjeremyjeremyjeremyjeremyjeremyjeremyjeremyjeremyjeremyjeremyjeremyjeremyjeremyjeremyjeremyjeremyjeremyjeremyjeremyjeremyjeremyjeremyjeremyjeremyjeremyjeremyjeremyjeremyjeremyjeremyjeremyjeremybmw9tbmw9tbmw9tbmw9tbmw9tbmw9tbmw9tbmw9tbmw9tbmw9tbmw9tbmw9tbmw9tbmw9tbmw9tbmw9tbmw9tbmw9tbmw9tbmw9tbmw9tbmw9tbmw9tbmw9tbmw9tbmw9tbmw9tbmw9tbmw9tbmw9tbmw9tbmw9tbmw9tbmw9tbmw9tbmw9tbmw9tbmw9tbmw9tbmw9tbmw9tbmw9tbmw9tbmw9tbmw9tbmw9tbmw9tbmw9tbmw9tbmw9tbmw9tbmw9tbmw9tbmw9tbmw9tbmw9tbmw9tbmw9tbmw9tbmw9tbmw9tbmw9tbmw9tbmw9tbmw9tbmw9tbmw9tbmw9tbmw9tbmw9tbmw9tbmw9tbmw9tbmw9tbmw9tbmw9tbmw9tbmw9tbmw9tbmw9tbmw9tbmw9tbmw9tbmw9tbmw9tbmw9tbmw9tbmw9tbmw9tbmw9tcp3eecp3eecp3eecp3eecp3eecp3eecp3eecp3eecp3eecp3eecp3eecp3eecp3eecp3eecp3eecp3eecp3eecp3eecp3eecp3eecp3eecp3eecp3eecp3eecp3eecp3eecp3eecp3eecp3eecp3eecp3eecp3eecp3eecp3eecp3eecp3eecp3eecp3eecp3eecp3eecp3eecp3eecp3eecp3eecp3eecp3eecp3eecp3eecp3eecp3eecp3eecp3eecp3eecp3eecp3eecp3eecp3eecp3eecp3eecp3eecp3eecp3eecp3eecp3eecp3eecp3eecp3eecp3eecp3eecp3eecp3eecp3eecp3eecp3eecp3eecp3eecp3eecp3eecp3eecp3eecp3eecp3eecp3eecp3eecp3eecp3eecp3eecp3eecp3eecp3eecp3eecdm6zfcdm6zfcdm6zfcdm6zfcdm6zfcdm6zfcdm6zfcdm6zfcdm6zfcdm6zfcdm6zfcdm6zfcdm6zfcdm6zfcdm6zfcdm6zfcdm6zfcdm6zfcdm6zfcdm6zfcdm6zfcdm6zfcdm6zfcdm6zfcdm6zfcdm6zfcdm6zfcdm6zfcdm6zfcdm6zfcdm6zfcdm6zfcdm6zfcdm6zfcdm6zfcdm6zfcdm6zfcdm6zfcdm6zfcdm6zfcdm6zfcdm6zfcdm6zfcdm6zfcdm6zfcdm6zfcdm6zfcdm6zfcdm6zfcdm6zfcdm6zfcdm6zfcdm6zfcdm6zfcdm6zfcdm6zfcdm6zfcdm6zfcdm6zfcdm6zfcdm6zfcdm6zfcdm6zfcdm6zfcdm6zfcdm6zfcdm6zfcdm6zfcdm6zfcdm6zfcdm6zfcdm6zfcdm6zfcdm6zfcdm6zfcdm6zfcdm6zfcdm6zfcdm6zfcdm6zfcdm6zfcdm6zfcdm6zfcdm6zfcdm6zfcdm6zfcdm6zfcdm6zfcdm6zfcdm6zfcdm6zfrondarondarondarondarondarondarondarondarondarondarondarondarondarondarondarondarondarondarondarondarondarondarondarondarondarondarondarondarondarondarondarondarondarondarondarondarondarondarondarondarondarondarondarondarondarondarondarondarondarondarondarondarondarondarondarondarondarondarondarondarondarondarondarondarondarondarondarondarondarondarondarondarondarondarondarondarondarondarondarondarondarondarondarondarondarondarondarondarondarondacm2ugcm2ugcm2ugcm2ugcm2ugcm2ugcm2ugcm2ugcm2ugcm2ugcm2ugcm2ugcm2ugcm2ugcm2ugcm2ugcm2ugcm2ugcm2ugcm2ugcm2ugcm2ugcm2ugcm2ugcm2ugcm2ugcm2ugcm2ugcm2ugcm2ugcm2ugcm2ugcm2ugcm2ugcm2ugcm2ugcm2ugcm2ugcm2ugcm2ugcm2ugcm2ugcm2ugcm2ugcm2ugcm2ugcm2ugcm2ugcm2ugcm2ugcm2ugcm2ugcm2ugcm2ugcm2ugcm2ugcm2ugcm2ugcm2ugcm2ugcm2ugcm2ugcm2ugcm2ugcm2ugcm2ugcm2ugcm2ugcm2ugcm2ugcm2ugcm2ugcm2ugcm2ugcm2ugcm2ugcm2ugcm2ugcm2ugcm2ugcm2ugcm2ugcm2ugcm2ugcm2ugcm2ugcm2ugcm2ugcm2ugcm2ugcm2ugssl2abssl2abssl2abssl2abssl2abssl2abssl2abssl2abssl2abssl2abssl2abssl2abssl2abssl2abssl2abssl2abssl2abssl2abssl2abssl2abssl2abssl2abssl2abssl2abssl2abssl2abssl2abssl2abssl2abssl2abssl2abssl2abssl2abssl2abssl2abssl2abssl2abssl2abssl2abssl2abssl2abssl2abssl2abssl2abssl2abssl2abssl2abssl2abssl2abssl2abssl2abssl2abssl2abssl2abssl2abssl2abssl2abssl2abssl2abssl2abssl2abssl2abssl2abssl2abssl2abssl2abssl2abssl2abssl2abssl2abssl2abssl2abssl2abssl2abssl2abssl2abssl2abssl2abssl2abssl2abssl2abssl2abssl2abssl2abssl2abssl2abssl2abssl2abssl2abssl2abbmw9tbmw9tbmw9tbmw9tbmw9tbmw9tbmw9tbmw9tbmw9tbmw9tbmw9tbmw9tbmw9tbmw9tbmw9tbmw9tbmw9tbmw9tbmw9tbmw9tbmw9tbmw9tbmw9tbmw9tbmw9tbmw9tbmw9tbmw9tbmw9tbmw9tbmw9tbmw9tbmw9tbmw9tbmw9tbmw9tbmw9tbmw9tbmw9tbmw9tbmw9tbmw9tbmw9tbmw9tbmw9tbmw9tbmw9tbmw9tbmw9tbmw9tbmw9tbmw9tbmw9tbmw9tbmw9tbmw9tbmw9tbmw9tbmw9tbmw9tbmw9tbmw9tbmw9tbmw9tbmw9tbmw9tbmw9tbmw9tbmw9tbmw9tbmw9tbmw9tbmw9tbmw9tbmw9tbmw9tbmw9tbmw9tbmw9tbmw9tbmw9tbmw9tbmw9tbmw9tbmw9tbmw9tbmw9tbmw9tbmw9tbmw9twsg4wwsg4wwsg4wwsg4wwsg4wwsg4wwsg4wwsg4wwsg4wwsg4wwsg4wwsg4wwsg4wwsg4wwsg4wwsg4wwsg4wwsg4wwsg4wwsg4wwsg4wwsg4wwsg4wwsg4wwsg4wwsg4wwsg4wwsg4wwsg4wwsg4wwsg4wwsg4wwsg4wwsg4wwsg4wwsg4wwsg4wwsg4wwsg4wwsg4wwsg4wwsg4wwsg4wwsg4wwsg4wwsg4wwsg4wwsg4wwsg4wwsg4wwsg4wwsg4wwsg4wwsg4wwsg4wwsg4wwsg4wwsg4wwsg4wwsg4wwsg4wwsg4wwsg4wwsg4wwsg4wwsg4wwsg4wwsg4wwsg4wwsg4wwsg4wwsg4wwsg4wwsg4wwsg4wwsg4wwsg4wwsg4wwsg4wwsg4wwsg4wwsg4wwsg4wwsg4wwsg4wwsg4wwsg4wwsg4wwsg4wwsg4wwsg4wssl2abssl2abssl2abssl2abssl2abssl2abssl2abssl2abssl2abssl2abssl2abssl2abssl2abssl2abssl2abssl2abssl2abssl2abssl2abssl2abssl2abssl2abssl2abssl2abssl2abssl2abssl2abssl2abssl2abssl2abssl2abssl2abssl2abssl2abssl2abssl2abssl2abssl2abssl2abssl2abssl2abssl2abssl2abssl2abssl2abssl2abssl2abssl2abssl2abssl2abssl2abssl2abssl2abssl2abssl2abssl2abssl2abssl2abssl2abssl2abssl2abssl2abssl2abssl2abssl2abssl2abssl2abssl2abssl2abssl2abssl2abssl2abssl2abssl2abssl2abssl2abssl2abssl2abssl2abssl2abssl2abssl2abssl2abssl2abssl2abssl2abssl2abssl2abssl2abssl2abegn9begn9begn9begn9begn9begn9begn9begn9begn9begn9begn9begn9begn9begn9begn9begn9begn9begn9begn9begn9begn9begn9begn9begn9begn9begn9begn9begn9begn9begn9begn9begn9begn9begn9begn9begn9begn9begn9begn9begn9begn9begn9begn9begn9begn9begn9begn9begn9begn9begn9begn9begn9begn9begn9begn9begn9begn9begn9begn9begn9begn9begn9begn9begn9begn9begn9begn9begn9begn9begn9begn9begn9begn9begn9begn9begn9begn9begn9begn9begn9begn9begn9begn9begn9begn9begn9begn9begn9begn9begn9begn9bdm4fndm4fndm4fndm4fndm4fndm4fndm4fndm4fndm4fndm4fndm4fndm4fndm4fndm4fndm4fndm4fndm4fndm4fndm4fndm4fndm4fndm4fndm4fndm4fndm4fndm4fndm4fndm4fndm4fndm4fndm4fndm4fndm4fndm4fndm4fndm4fndm4fndm4fndm4fndm4fndm4fndm4fndm4fndm4fndm4fndm4fndm4fndm4fndm4fndm4fndm4fndm4fndm4fndm4fndm4fndm4fndm4fndm4fndm4fndm4fndm4fndm4fndm4fndm4fndm4fndm4fndm4fndm4fndm4fndm4fndm4fndm4fndm4fndm4fndm4fndm4fndm4fndm4fndm4fndm4fndm4fndm4fndm4fndm4fndm4fndm4fndm4fndm4fndm4fndm4fndm4fnssl2abssl2abssl2abssl2abssl2abssl2abssl2abssl2abssl2abssl2abssl2abssl2abssl2abssl2abssl2abssl2abssl2abssl2abssl2abssl2abssl2abssl2abssl2abssl2abssl2abssl2abssl2abssl2abssl2abssl2abssl2abssl2abssl2abssl2abssl2abssl2abssl2abssl2abssl2abssl2abssl2abssl2abssl2abssl2abssl2abssl2abssl2abssl2abssl2abssl2abssl2abssl2abssl2abssl2abssl2abssl2abssl2abssl2abssl2abssl2abssl2abssl2abssl2abssl2abssl2abssl2abssl2abssl2abssl2abssl2abssl2abssl2abssl2abssl2abssl2abssl2abssl2abssl2abssl2abssl2abssl2abssl2abssl2abssl2abssl2abssl2abssl2abssl2abssl2abssl2abcm2ugcm2ugcm2ugcm2ugcm2ugcm2ugcm2ugcm2ugcm2ugcm2ugcm2ugcm2ugcm2ugcm2ugcm2ugcm2ugcm2ugcm2ugcm2ugcm2ugcm2ugcm2ugcm2ugcm2ugcm2ugcm2ugcm2ugcm2ugcm2ugcm2ugcm2ugcm2ugcm2ugcm2ugcm2ugcm2ugcm2ugcm2ugcm2ugcm2ugcm2ugcm2ugcm2ugcm2ugcm2ugcm2ugcm2ugcm2ugcm2ugcm2ugcm2ugcm2ugcm2ugcm2ugcm2ugcm2ugcm2ugcm2ugcm2ugcm2ugcm2ugcm2ugcm2ugcm2ugcm2ugcm2ugcm2ugcm2ugcm2ugcm2ugcm2ugcm2ugcm2ugcm2ugcm2ugcm2ugcm2ugcm2ugcm2ugcm2ugcm2ugcm2ugcm2ugcm2ugcm2ugcm2ugcm2ugcm2ugcm2ugcm2ugcm2ugcp3eecp3eecp3eecp3eecp3eecp3eecp3eecp3eecp3eecp3eecp3eecp3eecp3eecp3eecp3eecp3eecp3eecp3eecp3eecp3eecp3eecp3eecp3eecp3eecp3eecp3eecp3eecp3eecp3eecp3eecp3eecp3eecp3eecp3eecp3eecp3eecp3eecp3eecp3eecp3eecp3eecp3eecp3eecp3eecp3eecp3eecp3eecp3eecp3eecp3eecp3eecp3eecp3eecp3eecp3eecp3eecp3eecp3eecp3eecp3eecp3eecp3eecp3eecp3eecp3eecp3eecp3eecp3eecp3eecp3eecp3eecp3eecp3eecp3eecp3eecp3eecp3eecp3eecp3eecp3eecp3eecp3eecp3eecp3eecp3eecp3eecp3eecp3eecp3eecp3eecp3eebmw9tbmw9tbmw9tbmw9tbmw9tbmw9tbmw9tbmw9tbmw9tbmw9tbmw9tbmw9tbmw9tbmw9tbmw9tbmw9tbmw9tbmw9tbmw9tbmw9tbmw9tbmw9tbmw9tbmw9tbmw9tbmw9tbmw9tbmw9tbmw9tbmw9tbmw9tbmw9tbmw9tbmw9tbmw9tbmw9tbmw9tbmw9tbmw9tbmw9tbmw9tbmw9tbmw9tbmw9tbmw9tbmw9tbmw9tbmw9tbmw9tbmw9tbmw9tbmw9tbmw9tbmw9tbmw9tbmw9tbmw9tbmw9tbmw9tbmw9tbmw9tbmw9tbmw9tbmw9tbmw9tbmw9tbmw9tbmw9tbmw9tbmw9tbmw9tbmw9tbmw9tbmw9tbmw9tbmw9tbmw9tbmw9tbmw9tbmw9tbmw9tbmw9tbmw9tbmw9tbmw9tbmw9tbmw9tbmw9tbmw9tbmw9trondarondarondarondarondarondarondarondarondarondarondarondarondarondarondarondarondarondarondarondarondarondarondarondarondarondarondarondarondarondarondarondarondarondarondarondarondarondarondarondarondarondarondarondarondarondarondarondarondarondarondarondarondarondarondarondarondarondarondarondarondarondarondarondarondarondarondarondarondarondarondarondarondarondarondarondarondarondarondarondarondarondarondarondarondarondarondarondarondarondabmw9tbmw9tbmw9tbmw9tbmw9tbmw9tbmw9tbmw9tbmw9tbmw9tbmw9tbmw9tbmw9tbmw9tbmw9tbmw9tbmw9tbmw9tbmw9tbmw9tbmw9tbmw9tbmw9tbmw9tbmw9tbmw9tbmw9tbmw9tbmw9tbmw9tbmw9tbmw9tbmw9tbmw9tbmw9tbmw9tbmw9tbmw9tbmw9tbmw9tbmw9tbmw9tbmw9tbmw9tbmw9tbmw9tbmw9tbmw9tbmw9tbmw9tbmw9tbmw9tbmw9tbmw9tbmw9tbmw9tbmw9tbmw9tbmw9tbmw9tbmw9tbmw9tbmw9tbmw9tbmw9tbmw9tbmw9tbmw9tbmw9tbmw9tbmw9tbmw9tbmw9tbmw9tbmw9tbmw9tbmw9tbmw9tbmw9tbmw9tbmw9tbmw9tbmw9tbmw9tbmw9tbmw9tbmw9tbmw9tbmw9tbmw9tbmw9tbmw9tbmw9tbmw9tbmw9tbmw9tbmw9tbmw9tbmw9tbmw9tbmw9tbmw9tbmw9tbmw9tbmw9tbmw9tbmw9tbmw9tbmw9tbmw9tbmw9tbmw9tbmw9tbmw9tbmw9tbmw9tbmw9tbmw9tbmw9tbmw9tbmw9tbmw9tbmw9tbmw9tbmw9tbmw9tbmw9tbmw9tbmw9tbmw9tbmw9tbmw9tbmw9tbmw9tbmw9tbmw9tbmw9tbmw9tbmw9tbmw9tbmw9tbmw9tbmw9tbmw9tbmw9tbmw9tbmw9tbmw9tbmw9tbmw9tbmw9tbmw9tbmw9tbmw9tbmw9tbmw9tbmw9tbmw9tbmw9tbmw9tbmw9tbmw9tbmw9tbmw9tbmw9tbmw9tbmw9tbmw9tbmw9tbmw9tbmw9tbmw9tbmw9tbmw9tbmw9tbmw9tbmw9tbmw9tbmw9tbmw9trpt3erpt3erpt3erpt3erpt3erpt3erpt3erpt3erpt3erpt3erpt3erpt3erpt3erpt3erpt3erpt3erpt3erpt3erpt3erpt3erpt3erpt3erpt3erpt3erpt3erpt3erpt3erpt3erpt3erpt3erpt3erpt3erpt3erpt3erpt3erpt3erpt3erpt3erpt3erpt3erpt3erpt3erpt3erpt3erpt3erpt3erpt3erpt3erpt3erpt3erpt3erpt3erpt3erpt3erpt3erpt3erpt3erpt3erpt3erpt3erpt3erpt3erpt3erpt3erpt3erpt3erpt3erpt3erpt3erpt3erpt3erpt3erpt3erpt3erpt3erpt3erpt3erpt3erpt3erpt3erpt3erpt3erpt3erpt3erpt3erpt3erpt3erpt3erpt3erpt3erpt3erondarondarondarondarondarondarondarondarondarondarondarondarondarondarondarondarondarondarondarondarondarondarondarondarondarondarondarondarondarondarondarondarondarondarondarondarondarondarondarondarondarondarondarondarondarondarondarondarondarondarondarondarondarondarondarondarondarondarondarondarondarondarondarondarondarondarondarondarondarondarondarondarondarondarondarondarondarondarondarondarondarondarondarondarondarondarondarondarondarondarondarondarondarondarondarondarondarondarondarondarondarondarondarondarondarondarondarondarondarondarondarondarondarondarondarondarondarondarondarondarondarondarondarondarondarondarondarondarondarondarondarondarondarondarondarondarondarondarondarondarondarondarondarondarondarondarondarondarondarondarondarondarondarondarondarondarondarondarondarondarondarondarondarondarondarondarondarondarondarondarondarondarondarondarondarondarondarondarondarondaklr3pklr3pklr3pklr3pklr3pklr3pklr3pklr3pklr3pklr3pklr3pklr3pklr3pklr3pklr3pklr3pklr3pklr3pklr3pklr3pklr3pklr3pklr3pklr3pklr3pklr3pklr3pklr3pklr3pklr3pklr3pklr3pklr3pklr3pklr3pklr3pklr3pklr3pklr3pklr3pklr3pklr3pklr3pklr3pklr3pklr3pklr3pklr3pklr3pklr3pklr3pklr3pklr3pklr3pklr3pklr3pklr3pklr3pklr3pklr3pklr3pklr3pklr3pklr3pklr3pklr3pklr3pklr3pklr3pklr3pklr3pklr3pklr3pklr3pklr3pklr3pklr3pklr3pklr3pklr3pklr3pklr3pklr3pklr3pklr3pklr3pklr3pklr3pklr3pklr3pklr3prondarondarondarondarondarondarondarondarondarondarondarondarondarondarondarondarondarondarondarondarondarondarondarondarondarondarondarondarondarondarondarondarondarondarondarondarondarondarondarondarondarondarondarondarondarondarondarondarondarondarondarondarondarondarondarondarondarondarondarondarondarondarondarondarondarondarondarondarondarondarondarondarondarondarondarondarondarondarondarondarondarondarondarondarondarondarondarondarondarondacdm6zfcdm6zfcdm6zfcdm6zfcdm6zfcdm6zfcdm6zfcdm6zfcdm6zfcdm6zfcdm6zfcdm6zfcdm6zfcdm6zfcdm6zfcdm6zfcdm6zfcdm6zfcdm6zfcdm6zfcdm6zfcdm6zfcdm6zfcdm6zfcdm6zfcdm6zfcdm6zfcdm6zfcdm6zfcdm6zfcdm6zfcdm6zfcdm6zfcdm6zfcdm6zfcdm6zfcdm6zfcdm6zfcdm6zfcdm6zfcdm6zfcdm6zfcdm6zfcdm6zfcdm6zfcdm6zfcdm6zfcdm6zfcdm6zfcdm6zfcdm6zfcdm6zfcdm6zfcdm6zfcdm6zfcdm6zfcdm6zfcdm6zfcdm6zfcdm6zfcdm6zfcdm6zfcdm6zfcdm6zfcdm6zfcdm6zfcdm6zfcdm6zfcdm6zfcdm6zfcdm6zfcdm6zfcdm6zfcdm6zfcdm6zfcdm6zfcdm6zfcdm6zfcdm6zfcdm6zfcdm6zfcdm6zfcdm6zfcdm6zfcdm6zfcdm6zfcdm6zfcdm6zfcdm6zfcdm6zfcdm6zfklr3pklr3pklr3pklr3pklr3pklr3pklr3pklr3pklr3pklr3pklr3pklr3pklr3pklr3pklr3pklr3pklr3pklr3pklr3pklr3pklr3pklr3pklr3pklr3pklr3pklr3pklr3pklr3pklr3pklr3pklr3pklr3pklr3pklr3pklr3pklr3pklr3pklr3pklr3pklr3pklr3pklr3pklr3pklr3pklr3pklr3pklr3pklr3pklr3pklr3pklr3pklr3pklr3pklr3pklr3pklr3pklr3pklr3pklr3pklr3pklr3pklr3pklr3pklr3pklr3pklr3pklr3pklr3pklr3pklr3pklr3pklr3pklr3pklr3pklr3pklr3pklr3pklr3pklr3pklr3pklr3pklr3pklr3pklr3pklr3pklr3pklr3pklr3pklr3pklr3pklr3prondarondarondarondarondarondarondarondarondarondarondarondarondarondarondarondarondarondarondarondarondarondarondarondarondarondarondarondarondarondarondarondarondarondarondarondarondarondarondarondarondarondarondarondarondarondarondarondarondarondarondarondarondarondarondarondarondarondarondarondarondarondarondarondarondarondarondarondarondarondarondarondarondarondarondarondarondarondarondarondarondarondarondarondarondarondarondarondarondarondadcg6bdcg6bdcg6bdcg6bdcg6bdcg6bdcg6bdcg6bdcg6bdcg6bdcg6bdcg6bdcg6bdcg6bdcg6bdcg6bdcg6bdcg6bdcg6bdcg6bdcg6bdcg6bdcg6bdcg6bdcg6bdcg6bdcg6bdcg6bdcg6bdcg6bdcg6bdcg6bdcg6bdcg6bdcg6bdcg6bdcg6bdcg6bdcg6bdcg6bdcg6bdcg6bdcg6bdcg6bdcg6bdcg6bdcg6bdcg6bdcg6bdcg6bdcg6bdcg6bdcg6bdcg6bdcg6bdcg6bdcg6bdcg6bdcg6bdcg6bdcg6bdcg6bdcg6bdcg6bdcg6bdcg6bdcg6bdcg6bdcg6bdcg6bdcg6bdcg6bdcg6bdcg6bdcg6bdcg6bdcg6bdcg6bdcg6bdcg6bdcg6bdcg6bdcg6bdcg6bdcg6bdcg6bdcg6bdcg6bdcg6bdcg6bdcg6bcm2ugcm2ugcm2ugcm2ugcm2ugcm2ugcm2ugcm2ugcm2ugcm2ugcm2ugcm2ugcm2ugcm2ugcm2ugcm2ugcm2ugcm2ugcm2ugcm2ugcm2ugcm2ugcm2ugcm2ugcm2ugcm2ugcm2ugcm2ugcm2ugcm2ugcm2ugcm2ugcm2ugcm2ugcm2ugcm2ugcm2ugcm2ugcm2ugcm2ugcm2ugcm2ugcm2ugcm2ugcm2ugcm2ugcm2ugcm2ugcm2ugcm2ugcm2ugcm2ugcm2ugcm2ugcm2ugcm2ugcm2ugcm2ugcm2ugcm2ugcm2ugcm2ugcm2ugcm2ugcm2ugcm2ugcm2ugcm2ugcm2ugcm2ugcm2ugcm2ugcm2ugcm2ugcm2ugcm2ugcm2ugcm2ugcm2ugcm2ugcm2ugcm2ugcm2ugcm2ugcm2ugcm2ugcm2ugcm2ugcm2ugcm2ugcm2ugbmw9tbmw9tbmw9tbmw9tbmw9tbmw9tbmw9tbmw9tbmw9tbmw9tbmw9tbmw9tbmw9tbmw9tbmw9tbmw9tbmw9tbmw9tbmw9tbmw9tbmw9tbmw9tbmw9tbmw9tbmw9tbmw9tbmw9tbmw9tbmw9tbmw9tbmw9tbmw9tbmw9tbmw9tbmw9tbmw9tbmw9tbmw9tbmw9tbmw9tbmw9tbmw9tbmw9tbmw9tbmw9tbmw9tbmw9tbmw9tbmw9tbmw9tbmw9tbmw9tbmw9tbmw9tbmw9tbmw9tbmw9tbmw9tbmw9tbmw9tbmw9tbmw9tbmw9tbmw9tbmw9tbmw9tbmw9tbmw9tbmw9tbmw9tbmw9tbmw9tbmw9tbmw9tbmw9tbmw9tbmw9tbmw9tbmw9tbmw9tbmw9tbmw9tbmw9tbmw9tbmw9tbmw9tbmw9tbmw9tbmw9tbmw9tdm4fndm4fndm4fndm4fndm4fndm4fndm4fndm4fndm4fndm4fndm4fndm4fndm4fndm4fndm4fndm4fndm4fndm4fndm4fndm4fndm4fndm4fndm4fndm4fndm4fndm4fndm4fndm4fndm4fndm4fndm4fndm4fndm4fndm4fndm4fndm4fndm4fndm4fndm4fndm4fndm4fndm4fndm4fndm4fndm4fndm4fndm4fndm4fndm4fndm4fndm4fndm4fndm4fndm4fndm4fndm4fndm4fndm4fndm4fndm4fndm4fndm4fndm4fndm4fndm4fndm4fndm4fndm4fndm4fndm4fndm4fndm4fndm4fndm4fndm4fndm4fndm4fndm4fndm4fndm4fndm4fndm4fndm4fndm4fndm4fndm4fndm4fndm4fndm4fndm4fndm4fncp3eecp3eecp3eecp3eecp3eecp3eecp3eecp3eecp3eecp3eecp3eecp3eecp3eecp3eecp3eecp3eecp3eecp3eecp3eecp3eecp3eecp3eecp3eecp3eecp3eecp3eecp3eecp3eecp3eecp3eecp3eecp3eecp3eecp3eecp3eecp3eecp3eecp3eecp3eecp3eecp3eecp3eecp3eecp3eecp3eecp3eecp3eecp3eecp3eecp3eecp3eecp3eecp3eecp3eecp3eecp3eecp3eecp3eecp3eecp3eecp3eecp3eecp3eecp3eecp3eecp3eecp3eecp3eecp3eecp3eecp3eecp3eecp3eecp3eecp3eecp3eecp3eecp3eecp3eecp3eecp3eecp3eecp3eecp3eecp3eecp3eecp3eecp3eecp3eecp3eecp3eessl2abssl2abssl2abssl2abssl2abssl2abssl2abssl2abssl2abssl2abssl2abssl2abssl2abssl2abssl2abssl2abssl2abssl2abssl2abssl2abssl2abssl2abssl2abssl2abssl2abssl2abssl2abssl2abssl2abssl2abssl2abssl2abssl2abssl2abssl2abssl2abssl2abssl2abssl2abssl2abssl2abssl2abssl2abssl2abssl2abssl2abssl2abssl2abssl2abssl2abssl2abssl2abssl2abssl2abssl2abssl2abssl2abssl2abssl2abssl2abssl2abssl2abssl2abssl2abssl2abssl2abssl2abssl2abssl2abssl2abssl2abssl2abssl2abssl2abssl2abssl2abssl2abssl2abssl2abssl2abssl2abssl2abssl2abssl2abssl2abssl2abssl2abssl2abssl2abssl2abdm4fndm4fndm4fndm4fndm4fndm4fndm4fndm4fndm4fndm4fndm4fndm4fndm4fndm4fndm4fndm4fndm4fndm4fndm4fndm4fndm4fndm4fndm4fndm4fndm4fndm4fndm4fndm4fndm4fndm4fndm4fndm4fndm4fndm4fndm4fndm4fndm4fndm4fndm4fndm4fndm4fndm4fndm4fndm4fndm4fndm4fndm4fndm4fndm4fndm4fndm4fndm4fndm4fndm4fndm4fndm4fndm4fndm4fndm4fndm4fndm4fndm4fndm4fndm4fndm4fndm4fndm4fndm4fndm4fndm4fndm4fndm4fndm4fndm4fndm4fndm4fndm4fndm4fndm4fndm4fndm4fndm4fndm4fndm4fndm4fndm4fndm4fndm4fndm4fndm4fndm4fnbmw9tbmw9tbmw9tbmw9tbmw9tbmw9tbmw9tbmw9tbmw9tbmw9tbmw9tbmw9tbmw9tbmw9tbmw9tbmw9tbmw9tbmw9tbmw9tbmw9tbmw9tbmw9tbmw9tbmw9tbmw9tbmw9tbmw9tbmw9tbmw9tbmw9tbmw9tbmw9tbmw9tbmw9tbmw9tbmw9tbmw9tbmw9tbmw9tbmw9tbmw9tbmw9tbmw9tbmw9tbmw9tbmw9tbmw9tbmw9tbmw9tbmw9tbmw9tbmw9tbmw9tbmw9tbmw9tbmw9tbmw9tbmw9tbmw9tbmw9tbmw9tbmw9tbmw9tbmw9tbmw9tbmw9tbmw9tbmw9tbmw9tbmw9tbmw9tbmw9tbmw9tbmw9tbmw9tbmw9tbmw9tbmw9tbmw9tbmw9tbmw9tbmw9tbmw9tbmw9tbmw9tbmw9tbmw9tbmw9tbmw9tbmw9tcm2ugcm2ugcm2ugcm2ugcm2ugcm2ugcm2ugcm2ugcm2ugcm2ugcm2ugcm2ugcm2ugcm2ugcm2ugcm2ugcm2ugcm2ugcm2ugcm2ugcm2ugcm2ugcm2ugcm2ugcm2ugcm2ugcm2ugcm2ugcm2ugcm2ugcm2ugcm2ugcm2ugcm2ugcm2ugcm2ugcm2ugcm2ugcm2ugcm2ugcm2ugcm2ugcm2ugcm2ugcm2ugcm2ugcm2ugcm2ugcm2ugcm2ugcm2ugcm2ugcm2ugcm2ugcm2ugcm2ugcm2ugcm2ugcm2ugcm2ugcm2ugcm2ugcm2ugcm2ugcm2ugcm2ugcm2ugcm2ugcm2ugcm2ugcm2ugcm2ugcm2ugcm2ugcm2ugcm2ugcm2ugcm2ugcm2ugcm2ugcm2ugcm2ugcm2ugcm2ugcm2ugcm2ugcm2ugcm2ugcm2ugcm2ugcm2ugcp3eecp3eecp3eecp3eecp3eecp3eecp3eecp3eecp3eecp3eecp3eecp3eecp3eecp3eecp3eecp3eecp3eecp3eecp3eecp3eecp3eecp3eecp3eecp3eecp3eecp3eecp3eecp3eecp3eecp3eecp3eecp3eecp3eecp3eecp3eecp3eecp3eecp3eecp3eecp3eecp3eecp3eecp3eecp3eecp3eecp3eecp3eecp3eecp3eecp3eecp3eecp3eecp3eecp3eecp3eecp3eecp3eecp3eecp3eecp3eecp3eecp3eecp3eecp3eecp3eecp3eecp3eecp3eecp3eecp3eecp3eecp3eecp3eecp3eecp3eecp3eecp3eecp3eecp3eecp3eecp3eecp3eecp3eecp3eecp3eecp3eecp3eecp3eecp3eecp3eecp3eedm4fndm4fndm4fndm4fndm4fndm4fndm4fndm4fndm4fndm4fndm4fndm4fndm4fndm4fndm4fndm4fndm4fndm4fndm4fndm4fndm4fndm4fndm4fndm4fndm4fndm4fndm4fndm4fndm4fndm4fndm4fndm4fndm4fndm4fndm4fndm4fndm4fndm4fndm4fndm4fndm4fndm4fndm4fndm4fndm4fndm4fndm4fndm4fndm4fndm4fndm4fndm4fndm4fndm4fndm4fndm4fndm4fndm4fndm4fndm4fndm4fndm4fndm4fndm4fndm4fndm4fndm4fndm4fndm4fndm4fndm4fndm4fndm4fndm4fndm4fndm4fndm4fndm4fndm4fndm4fndm4fndm4fndm4fndm4fndm4fndm4fndm4fndm4fndm4fndm4fndm4fnegn9begn9begn9begn9begn9begn9begn9begn9begn9begn9begn9begn9begn9begn9begn9begn9begn9begn9begn9begn9begn9begn9begn9begn9begn9begn9begn9begn9begn9begn9begn9begn9begn9begn9begn9begn9begn9begn9begn9begn9begn9begn9begn9begn9begn9begn9begn9begn9begn9begn9begn9begn9begn9begn9begn9begn9begn9begn9begn9begn9begn9begn9begn9begn9begn9begn9begn9begn9begn9begn9begn9begn9begn9begn9begn9begn9begn9begn9begn9begn9begn9begn9begn9begn9begn9begn9begn9begn9begn9begn9begn9bklr3pklr3pklr3pklr3pklr3pklr3pklr3pklr3pklr3pklr3pklr3pklr3pklr3pklr3pklr3pklr3pklr3pklr3pklr3pklr3pklr3pklr3pklr3pklr3pklr3pklr3pklr3pklr3pklr3pklr3pklr3pklr3pklr3pklr3pklr3pklr3pklr3pklr3pklr3pklr3pklr3pklr3pklr3pklr3pklr3pklr3pklr3pklr3pklr3pklr3pklr3pklr3pklr3pklr3pklr3pklr3pklr3pklr3pklr3pklr3pklr3pklr3pklr3pklr3pklr3pklr3pklr3pklr3pklr3pklr3pklr3pklr3pklr3pklr3pklr3pklr3pklr3pklr3pklr3pklr3pklr3pklr3pklr3pklr3pklr3pklr3pklr3pklr3pklr3pklr3pklr3pkgj3tkgj3tkgj3tkgj3tkgj3tkgj3tkgj3tkgj3tkgj3tkgj3tkgj3tkgj3tkgj3tkgj3tkgj3tkgj3tkgj3tkgj3tkgj3tkgj3tkgj3tkgj3tkgj3tkgj3tkgj3tkgj3tkgj3tkgj3tkgj3tkgj3tkgj3tkgj3tkgj3tkgj3tkgj3tkgj3tkgj3tkgj3tkgj3tkgj3tkgj3tkgj3tkgj3tkgj3tkgj3tkgj3tkgj3tkgj3tkgj3tkgj3tkgj3tkgj3tkgj3tkgj3tkgj3tkgj3tkgj3tkgj3tkgj3tkgj3tkgj3tkgj3tkgj3tkgj3tkgj3tkgj3tkgj3tkgj3tkgj3tkgj3tkgj3tkgj3tkgj3tkgj3tkgj3tkgj3tkgj3tkgj3tkgj3tkgj3tkgj3tkgj3tkgj3tkgj3tkgj3tkgj3tkgj3tkgj3tkgj3tkgj3tkgj3tjes8zvjes8zvjes8zvjes8zvjes8zvjes8zvjes8zvjes8zvjes8zvjes8zvjes8zvjes8zvjes8zvjes8zvjes8zvjes8zvjes8zvjes8zvjes8zvjes8zvjes8zvjes8zvjes8zvjes8zvjes8zvjes8zvjes8zvjes8zvjes8zvjes8zvjes8zvjes8zvjes8zvjes8zvjes8zvjes8zvjes8zvjes8zvjes8zvjes8zvjes8zvjes8zvjes8zvjes8zvjes8zvjes8zvjes8zvjes8zvjes8zvjes8zvjes8zvjes8zvjes8zvjes8zvjes8zvjes8zvjes8zvjes8zvjes8zvjes8zvjes8zvjes8zvjes8zvjes8zvjes8zvjes8zvjes8zvjes8zvjes8zvjes8zvjes8zvjes8zvjes8zvjes8zvjes8zvjes8zvjes8zvjes8zvjes8zvjes8zvjes8zvjes8zvjes8zvjes8zvjes8zvjes8zvjes8zvjes8zvjes8zvjes8zvjes8zvdm4fndm4fndm4fndm4fndm4fndm4fndm4fndm4fndm4fndm4fndm4fndm4fndm4fndm4fndm4fndm4fndm4fndm4fndm4fndm4fndm4fndm4fndm4fndm4fndm4fndm4fndm4fndm4fndm4fndm4fndm4fndm4fndm4fndm4fndm4fndm4fndm4fndm4fndm4fndm4fndm4fndm4fndm4fndm4fndm4fndm4fndm4fndm4fndm4fndm4fndm4fndm4fndm4fndm4fndm4fndm4fndm4fndm4fndm4fndm4fndm4fndm4fndm4fndm4fndm4fndm4fndm4fndm4fndm4fndm4fndm4fndm4fndm4fndm4fndm4fndm4fndm4fndm4fndm4fndm4fndm4fndm4fndm4fndm4fndm4fndm4fndm4fndm4fndm4fndm4fndm4fnssl2abssl2abssl2abssl2abssl2abssl2abssl2abssl2abssl2abssl2abssl2abssl2abssl2abssl2abssl2abssl2abssl2abssl2abssl2abssl2abssl2abssl2abssl2abssl2abssl2abssl2abssl2abssl2abssl2abssl2abssl2abssl2abssl2abssl2abssl2abssl2abssl2abssl2abssl2abssl2abssl2abssl2abssl2abssl2abssl2abssl2abssl2abssl2abssl2abssl2abssl2abssl2abssl2abssl2abssl2abssl2abssl2abssl2abssl2abssl2abssl2abssl2abssl2abssl2abssl2abssl2abssl2abssl2abssl2abssl2abssl2abssl2abssl2abssl2abssl2abssl2abssl2abssl2abssl2abssl2abssl2abssl2abssl2abssl2abssl2abssl2abssl2abssl2abssl2abssl2abcm2ugcm2ugcm2ugcm2ugcm2ugcm2ugcm2ugcm2ugcm2ugcm2ugcm2ugcm2ugcm2ugcm2ugcm2ugcm2ugcm2ugcm2ugcm2ugcm2ugcm2ugcm2ugcm2ugcm2ugcm2ugcm2ugcm2ugcm2ugcm2ugcm2ugcm2ugcm2ugcm2ugcm2ugcm2ugcm2ugcm2ugcm2ugcm2ugcm2ugcm2ugcm2ugcm2ugcm2ugcm2ugcm2ugcm2ugcm2ugcm2ugcm2ugcm2ugcm2ugcm2ugcm2ugcm2ugcm2ugcm2ugcm2ugcm2ugcm2ugcm2ugcm2ugcm2ugcm2ugcm2ugcm2ugcm2ugcm2ugcm2ugcm2ugcm2ugcm2ugcm2ugcm2ugcm2ugcm2ugcm2ugcm2ugcm2ugcm2ugcm2ugcm2ugcm2ugcm2ugcm2ugcm2ugcm2ugcm2ugcm2ugcm2ugcm2ugdm4fndm4fndm4fndm4fndm4fndm4fndm4fndm4fndm4fndm4fndm4fndm4fndm4fndm4fndm4fndm4fndm4fndm4fndm4fndm4fndm4fndm4fndm4fndm4fndm4fndm4fndm4fndm4fndm4fndm4fndm4fndm4fndm4fndm4fndm4fndm4fndm4fndm4fndm4fndm4fndm4fndm4fndm4fndm4fndm4fndm4fndm4fndm4fndm4fndm4fndm4fndm4fndm4fndm4fndm4fndm4fndm4fndm4fndm4fndm4fndm4fndm4fndm4fndm4fndm4fndm4fndm4fndm4fndm4fndm4fndm4fndm4fndm4fndm4fndm4fndm4fndm4fndm4fndm4fndm4fndm4fndm4fndm4fndm4fndm4fndm4fndm4fndm4fndm4fndm4fndm4fncp3eecp3eecp3eecp3eecp3eecp3eecp3eecp3eecp3eecp3eecp3eecp3eecp3eecp3eecp3eecp3eecp3eecp3eecp3eecp3eecp3eecp3eecp3eecp3eecp3eecp3eecp3eecp3eecp3eecp3eecp3eecp3eecp3eecp3eecp3eecp3eecp3eecp3eecp3eecp3eecp3eecp3eecp3eecp3eecp3eecp3eecp3eecp3eecp3eecp3eecp3eecp3eecp3eecp3eecp3eecp3eecp3eecp3eecp3eecp3eecp3eecp3eecp3eecp3eecp3eecp3eecp3eecp3eecp3eecp3eecp3eecp3eecp3eecp3eecp3eecp3eecp3eecp3eecp3eecp3eecp3eecp3eecp3eecp3eecp3eecp3eecp3eecp3eecp3eecp3eecp3eecm2ugcm2ugcm2ugcm2ugcm2ugcm2ugcm2ugcm2ugcm2ugcm2ugcm2ugcm2ugcm2ugcm2ugcm2ugcm2ugcm2ugcm2ugcm2ugcm2ugcm2ugcm2ugcm2ugcm2ugcm2ugcm2ugcm2ugcm2ugcm2ugcm2ugcm2ugcm2ugcm2ugcm2ugcm2ugcm2ugcm2ugcm2ugcm2ugcm2ugcm2ugcm2ugcm2ugcm2ugcm2ugcm2ugcm2ugcm2ugcm2ugcm2ugcm2ugcm2ugcm2ugcm2ugcm2ugcm2ugcm2ugcm2ugcm2ugcm2ugcm2ugcm2ugcm2ugcm2ugcm2ugcm2ugcm2ugcm2ugcm2ugcm2ugcm2ugcm2ugcm2ugcm2ugcm2ugcm2ugcm2ugcm2ugcm2ugcm2ugcm2ugcm2ugcm2ugcm2ugcm2ugcm2ugcm2ugcm2ugcm2ugcm2ugcm2ugklr3pklr3pklr3pklr3pklr3pklr3pklr3pklr3pklr3pklr3pklr3pklr3pklr3pklr3pklr3pklr3pklr3pklr3pklr3pklr3pklr3pklr3pklr3pklr3pklr3pklr3pklr3pklr3pklr3pklr3pklr3pklr3pklr3pklr3pklr3pklr3pklr3pklr3pklr3pklr3pklr3pklr3pklr3pklr3pklr3pklr3pklr3pklr3pklr3pklr3pklr3pklr3pklr3pklr3pklr3pklr3pklr3pklr3pklr3pklr3pklr3pklr3pklr3pklr3pklr3pklr3pklr3pklr3pklr3pklr3pklr3pklr3pklr3pklr3pklr3pklr3pklr3pklr3pklr3pklr3pklr3pklr3pklr3pklr3pklr3pklr3pklr3pklr3pklr3pklr3pklr3pcdm6zfcdm6zfcdm6zfcdm6zfcdm6zfcdm6zfcdm6zfcdm6zfcdm6zfcdm6zfcdm6zfcdm6zfcdm6zfcdm6zfcdm6zfcdm6zfcdm6zfcdm6zfcdm6zfcdm6zfcdm6zfcdm6zfcdm6zfcdm6zfcdm6zfcdm6zfcdm6zfcdm6zfcdm6zfcdm6zfcdm6zfcdm6zfcdm6zfcdm6zfcdm6zfcdm6zfcdm6zfcdm6zfcdm6zfcdm6zfcdm6zfcdm6zfcdm6zfcdm6zfcdm6zfcdm6zfcdm6zfcdm6zfcdm6zfcdm6zfcdm6zfcdm6zfcdm6zfcdm6zfcdm6zfcdm6zfcdm6zfcdm6zfcdm6zfcdm6zfcdm6zfcdm6zfcdm6zfcdm6zfcdm6zfcdm6zfcdm6zfcdm6zfcdm6zfcdm6zfcdm6zfcdm6zfcdm6zfcdm6zfcdm6zfcdm6zfcdm6zfcdm6zfcdm6zfcdm6zfcdm6zfcdm6zfcdm6zfcdm6zfcdm6zfcdm6zfcdm6zfcdm6zfcdm6zfcdm6zfcdm6zfklr3pklr3pklr3pklr3pklr3pklr3pklr3pklr3pklr3pklr3pklr3pklr3pklr3pklr3pklr3pklr3pklr3pklr3pklr3pklr3pklr3pklr3pklr3pklr3pklr3pklr3pklr3pklr3pklr3pklr3pklr3pklr3pklr3pklr3pklr3pklr3pklr3pklr3pklr3pklr3pklr3pklr3pklr3pklr3pklr3pklr3pklr3pklr3pklr3pklr3pklr3pklr3pklr3pklr3pklr3pklr3pklr3pklr3pklr3pklr3pklr3pklr3pklr3pklr3pklr3pklr3pklr3pklr3pklr3pklr3pklr3pklr3pklr3pklr3pklr3pklr3pklr3pklr3pklr3pklr3pklr3pklr3pklr3pklr3pklr3pklr3pklr3pklr3pklr3pklr3pklr3pcp3eecp3eecp3eecp3eecp3eecp3eecp3eecp3eecp3eecp3eecp3eecp3eecp3eecp3eecp3eecp3eecp3eecp3eecp3eecp3eecp3eecp3eecp3eecp3eecp3eecp3eecp3eecp3eecp3eecp3eecp3eecp3eecp3eecp3eecp3eecp3eecp3eecp3eecp3eecp3eecp3eecp3eecp3eecp3eecp3eecp3eecp3eecp3eecp3eecp3eecp3eecp3eecp3eecp3eecp3eecp3eecp3eecp3eecp3eecp3eecp3eecp3eecp3eecp3eecp3eecp3eecp3eecp3eecp3eecp3eecp3eecp3eecp3eecp3eecp3eecp3eecp3eecp3eecp3eecp3eecp3eecp3eecp3eecp3eecp3eecp3eecp3eecp3eecp3eecp3eecp3eeericdmjericdmjericdmjericdmjericdmjericdmjericdmjericdmjericdmjericdmjericdmjericdmjericdmjericdmjericdmjericdmjericdmjericdmjericdmjericdmjericdmjericdmjericdmjericdmjericdmjericdmjericdmjericdmjericdmjericdmjericdmjericdmjericdmjericdmjericdmjericdmjericdmjericdmjericdmjericdmjericdmjericdmjericdmjericdmjericdmjericdmjericdmjericdmjericdmjericdmjericdmjericdmjericdmjericdmjericdmjericdmjericdmjericdmjericdmjericdmjericdmjericdmjericdmjericdmjericdmjericdmjericdmjericdmjericdmjericdmjericdmjericdmjericdmjericdmjericdmjericdmjericdmjericdmjericdmjericdmjericdmjericdmjericdmjericdmjericdmjericdmjericdmjericdmjericdmjericdmjklr3pklr3pklr3pklr3pklr3pklr3pklr3pklr3pklr3pklr3pklr3pklr3pklr3pklr3pklr3pklr3pklr3pklr3pklr3pklr3pklr3pklr3pklr3pklr3pklr3pklr3pklr3pklr3pklr3pklr3pklr3pklr3pklr3pklr3pklr3pklr3pklr3pklr3pklr3pklr3pklr3pklr3pklr3pklr3pklr3pklr3pklr3pklr3pklr3pklr3pklr3pklr3pklr3pklr3pklr3pklr3pklr3pklr3pklr3pklr3pklr3pklr3pklr3pklr3pklr3pklr3pklr3pklr3pklr3pklr3pklr3pklr3pklr3pklr3pklr3pklr3pklr3pklr3pklr3pklr3pklr3pklr3pklr3pklr3pklr3pklr3pklr3pklr3pklr3pklr3pklr3pcoryducloscoryducloscoryducloscoryducloscoryducloscoryducloscoryducloscoryducloscoryducloscoryducloscoryducloscoryducloscoryducloscoryducloscoryducloscoryducloscoryducloscoryducloscoryducloscoryducloscoryducloscoryducloscoryducloscoryducloscoryducloscoryducloscoryducloscoryducloscoryducloscoryducloscoryducloscoryducloscoryducloscoryducloscoryducloscoryducloscoryducloscoryducloscoryducloscoryducloscoryducloscoryducloscoryducloscoryducloscoryducloscoryducloscoryducloscoryducloscoryducloscoryducloscoryducloscoryducloscoryducloscoryducloscoryducloscoryducloscoryducloscoryducloscoryducloscoryducloscoryducloscoryducloscoryducloscoryducloscoryducloscoryducloscoryducloscoryducloscoryducloscoryducloscoryducloscoryducloscoryducloscoryducloscoryducloscoryducloscoryducloscoryducloscoryducloscoryducloscoryducloscoryducloscoryducloscoryducloscoryducloscoryducloscoryducloscoryducloscoryducloscoryducloscoryduclosrondarondarondarondarondarondarondarondarondarondarondarondarondarondarondarondarondarondarondarondarondarondarondarondarondarondarondarondarondarondarondarondarondarondarondarondarondarondarondarondarondarondarondarondarondarondarondarondarondarondarondarondarondarondarondarondarondarondarondarondarondarondarondarondarondarondarondarondarondarondarondarondarondarondarondarondarondarondarondarondarondarondarondarondarondarondarondarondarondarondarondarondarondarondarondarondarondarondarondarondarondarondarondarondarondarondarondarondarondarondarondarondarondarondarondarondarondarondarondarondarondarondarondarondarondarondarondarondarondarondarondarondarondarondarondarondarondarondarondarondarondarondarondarondarondarondarondarondarondarondarondarondarondarondarondarondarondarondarondarondarondarondarondarondarondarondarondarondarondarondarondarondarondarondarondarondarondarondarondarondaericdmjericdmjericdmjericdmjericdmjericdmjericdmjericdmjericdmjericdmjericdmjericdmjericdmjericdmjericdmjericdmjericdmjericdmjericdmjericdmjericdmjericdmjericdmjericdmjericdmjericdmjericdmjericdmjericdmjericdmjericdmjericdmjericdmjericdmjericdmjericdmjericdmjericdmjericdmjericdmjericdmjericdmjericdmjericdmjericdmjericdmjericdmjericdmjericdmjericdmjericdmjericdmjericdmjericdmjericdmjericdmjericdmjericdmjericdmjericdmjericdmjericdmjericdmjericdmjericdmjericdmjericdmjericdmjericdmjericdmjericdmjericdmjericdmjericdmjericdmjericdmjericdmjericdmjericdmjericdmjericdmjericdmjericdmjericdmjericdmjericdmjericdmjericdmjericdmjericdmjericdmjericdmjericdmjericdmjericdmjericdmjericdmjericdmjericdmjericdmjericdmjericdmjericdmjericdmjericdmjericdmjericdmjericdmjericdmjericdmjericdmjericdmjericdmjericdmjericdmjericdmjericdmjericdmjericdmjericdmjericdmjericdmjericdmjericdmjericdmjericdmjericdmjericdmjericdmjericdmjericdmjericdmjericdmjericdmjericdmjericdmjericdmjericdmjericdmjericdmjericdmjericdmjericdmjericdmjericdmjericdmjericdmjericdmjericdmjericdmjericdmjericdmjericdmjericdmjericdmjericdmjericdmjericdmjericdmjericdmjericdmjericdmjericdmjericdmjericdmjericdmjericdmjericdmjericdmjericdmjericdmjericdmjericdmjericdmjericdmjericdmjericdmjericdmjericdmjericdmjBethanyBethanyBethanyBethanyBethanyBethanyBethanyBethanyBethanyBethanyBethanyBethanyBethanyBethanyBethanyBethanyBethanyBethanyBethanyBethanyBethanyBethanyBethanyBethanyBethanyBethanyBethanyBethanyBethanyBethanyBethanyBethanyBethanyBethanyBethanyBethanyBethanyBethanyBethanyBethanyBethanyBethanyBethanyBethanyBethanyBethanyBethanyBethanyBethanyBethanyBethanyBethanyBethanyBethanyBethanyBethanyBethanyBethanyBethanyBethanyBethanyBethanyBethanyBethanyBethanyBethanyBethanyBethanyBethanyBethanyBethanyBethanyBethanyBethanyBethanyBethanyBethanyBethanyBethanyBethanyBethanyBethanyBethanyBethanyBethanyBethanyBethanyBethanyBethanyBethanyBethanybmw9tbmw9tbmw9tbmw9tbmw9tbmw9tbmw9tbmw9tbmw9tbmw9tbmw9tbmw9tbmw9tbmw9tbmw9tbmw9tbmw9tbmw9tbmw9tbmw9tbmw9tbmw9tbmw9tbmw9tbmw9tbmw9tbmw9tbmw9tbmw9tbmw9tbmw9tbmw9tbmw9tbmw9tbmw9tbmw9tbmw9tbmw9tbmw9tbmw9tbmw9tbmw9tbmw9tbmw9tbmw9tbmw9tbmw9tbmw9tbmw9tbmw9tbmw9tbmw9tbmw9tbmw9tbmw9tbmw9tbmw9tbmw9tbmw9tbmw9tbmw9tbmw9tbmw9tbmw9tbmw9tbmw9tbmw9tbmw9tbmw9tbmw9tbmw9tbmw9tbmw9tbmw9tbmw9tbmw9tbmw9tbmw9tbmw9tbmw9tbmw9tbmw9tbmw9tbmw9tbmw9tbmw9tbmw9tbmw9tbmw9tbmw9tjes8zvjes8zvjes8zvjes8zvjes8zvjes8zvjes8zvjes8zvjes8zvjes8zvjes8zvjes8zvjes8zvjes8zvjes8zvjes8zvjes8zvjes8zvjes8zvjes8zvjes8zvjes8zvjes8zvjes8zvjes8zvjes8zvjes8zvjes8zvjes8zvjes8zvjes8zvjes8zvjes8zvjes8zvjes8zvjes8zvjes8zvjes8zvjes8zvjes8zvjes8zvjes8zvjes8zvjes8zvjes8zvjes8zvjes8zvjes8zvjes8zvjes8zvjes8zvjes8zvjes8zvjes8zvjes8zvjes8zvjes8zvjes8zvjes8zvjes8zvjes8zvjes8zvjes8zvjes8zvjes8zvjes8zvjes8zvjes8zvjes8zvjes8zvjes8zvjes8zvjes8zvjes8zvjes8zvjes8zvjes8zvjes8zvjes8zvjes8zvjes8zvjes8zvjes8zvjes8zvjes8zvjes8zvjes8zvjes8zvjes8zvjes8zvjes8zvdanadanadanadanadanadanadanadanadanadanadanadanadanadanadanadanadanadanadanadanadanadanadanadanadanadanadanadanadanadanadanadanadanadanadanadanadanadanadanadanadanadanadanadanadanadanadanadanadanadanadanadanadanadanadanadanadanadanadanadanadanadanadanadanadanadanadanadanadanadanadanadanadanadanadanadanadanadanadanadanadanadanadanadanadanadanadanadanadanadanadanacp3eecp3eecp3eecp3eecp3eecp3eecp3eecp3eecp3eecp3eecp3eecp3eecp3eecp3eecp3eecp3eecp3eecp3eecp3eecp3eecp3eecp3eecp3eecp3eecp3eecp3eecp3eecp3eecp3eecp3eecp3eecp3eecp3eecp3eecp3eecp3eecp3eecp3eecp3eecp3eecp3eecp3eecp3eecp3eecp3eecp3eecp3eecp3eecp3eecp3eecp3eecp3eecp3eecp3eecp3eecp3eecp3eecp3eecp3eecp3eecp3eecp3eecp3eecp3eecp3eecp3eecp3eecp3eecp3eecp3eecp3eecp3eecp3eecp3eecp3eecp3eecp3eecp3eecp3eecp3eecp3eecp3eecp3eecp3eecp3eecp3eecp3eecp3eecp3eecp3eecp3eebmw9tbmw9tbmw9tbmw9tbmw9tbmw9tbmw9tbmw9tbmw9tbmw9tbmw9tbmw9tbmw9tbmw9tbmw9tbmw9tbmw9tbmw9tbmw9tbmw9tbmw9tbmw9tbmw9tbmw9tbmw9tbmw9tbmw9tbmw9tbmw9tbmw9tbmw9tbmw9tbmw9tbmw9tbmw9tbmw9tbmw9tbmw9tbmw9tbmw9tbmw9tbmw9tbmw9tbmw9tbmw9tbmw9tbmw9tbmw9tbmw9tbmw9tbmw9tbmw9tbmw9tbmw9tbmw9tbmw9tbmw9tbmw9tbmw9tbmw9tbmw9tbmw9tbmw9tbmw9tbmw9tbmw9tbmw9tbmw9tbmw9tbmw9tbmw9tbmw9tbmw9tbmw9tbmw9tbmw9tbmw9tbmw9tbmw9tbmw9tbmw9tbmw9tbmw9tbmw9tbmw9tbmw9tbmw9tbmw9tbmw9tbmw9tcm2ugcm2ugcm2ugcm2ugcm2ugcm2ugcm2ugcm2ugcm2ugcm2ugcm2ugcm2ugcm2ugcm2ugcm2ugcm2ugcm2ugcm2ugcm2ugcm2ugcm2ugcm2ugcm2ugcm2ugcm2ugcm2ugcm2ugcm2ugcm2ugcm2ugcm2ugcm2ugcm2ugcm2ugcm2ugcm2ugcm2ugcm2ugcm2ugcm2ugcm2ugcm2ugcm2ugcm2ugcm2ugcm2ugcm2ugcm2ugcm2ugcm2ugcm2ugcm2ugcm2ugcm2ugcm2ugcm2ugcm2ugcm2ugcm2ugcm2ugcm2ugcm2ugcm2ugcm2ugcm2ugcm2ugcm2ugcm2ugcm2ugcm2ugcm2ugcm2ugcm2ugcm2ugcm2ugcm2ugcm2ugcm2ugcm2ugcm2ugcm2ugcm2ugcm2ugcm2ugcm2ugcm2ugcm2ugcm2ugcm2ugcm2ugcm2ugklr3pklr3pklr3pklr3pklr3pklr3pklr3pklr3pklr3pklr3pklr3pklr3pklr3pklr3pklr3pklr3pklr3pklr3pklr3pklr3pklr3pklr3pklr3pklr3pklr3pklr3pklr3pklr3pklr3pklr3pklr3pklr3pklr3pklr3pklr3pklr3pklr3pklr3pklr3pklr3pklr3pklr3pklr3pklr3pklr3pklr3pklr3pklr3pklr3pklr3pklr3pklr3pklr3pklr3pklr3pklr3pklr3pklr3pklr3pklr3pklr3pklr3pklr3pklr3pklr3pklr3pklr3pklr3pklr3pklr3pklr3pklr3pklr3pklr3pklr3pklr3pklr3pklr3pklr3pklr3pklr3pklr3pklr3pklr3pklr3pklr3pklr3pklr3pklr3pklr3pklr3prondarondarondarondarondarondarondarondarondarondarondarondarondarondarondarondarondarondarondarondarondarondarondarondarondarondarondarondarondarondarondarondarondarondarondarondarondarondarondarondarondarondarondarondarondarondarondarondarondarondarondarondarondarondarondarondarondarondarondarondarondarondarondarondarondarondarondarondarondarondarondarondarondarondarondarondarondarondarondarondarondarondarondarondarondarondarondarondarondarondarondarondarondarondarondarondarondarondarondarondarondarondarondarondarondarondarondarondarondarondarondarondarondarondarondarondarondarondarondarondarondarondarondarondarondarondarondarondarondarondarondarondarondarondarondarondarondarondarondarondarondarondarondarondarondarondarondarondarondarondarondarondarondarondarondarondarondarondarondarondarondarondarondarondarondarondarondarondarondarondarondarondarondarondarondarondarondarondarondarondarondarondarondarondarondarondarondarondarondarondarondarondarondarondarondarondarondarondarondarondarondarondarondarondarondarondarondarondarondarondarondarondarondarondarondarondarondarondarondarondarondarondarondarondarondarondarondarondarondarondarondarondarondarondarondarondarondarondarondarondarondarondarondarondarondarondarondarondarondarondarondarondarondarondarondarondarondarondarondarondarondarondarondarondarondarondarondarondarondarondarondarondarondarondarondarondarondarondarondarondarondarondarondarondarondarondarondarondarondarondarondarondarondarondarondarondarondarondarondarondarondarondarondarondarondarondarondarondarondarondarondarondarondarondarondarondarondarondarondarondarondarondarondarondarondarondarondarondarondarondarondarondarondarondarondarondarondarondarondarondarondarondarondarondarondarondarondarondarondarondarondarondarondarondarondarondarondarondarondarondarondarondarondarondarondarondarondarondarondarondarondarondarondarondarondarondarondarondarondarondarondarondarondarondarondarondarondarondarondarondarondarondarondarondarondarondarondarondarondarondarondarondarondarondarondarondarondarondarondarondarondarondarondarondarondarondarondarondarondarondarondarondarondarondarondarondarondarondarondarondarondarondarondarondarondarondarondarondarondarondarondarondarondarondarondarondarondarondarondarondacm2ugcm2ugcm2ugcm2ugcm2ugcm2ugcm2ugcm2ugcm2ugcm2ugcm2ugcm2ugcm2ugcm2ugcm2ugcm2ugcm2ugcm2ugcm2ugcm2ugcm2ugcm2ugcm2ugcm2ugcm2ugcm2ugcm2ugcm2ugcm2ugcm2ugcm2ugcm2ugcm2ugcm2ugcm2ugcm2ugcm2ugcm2ugcm2ugcm2ugcm2ugcm2ugcm2ugcm2ugcm2ugcm2ugcm2ugcm2ugcm2ugcm2ugcm2ugcm2ugcm2ugcm2ugcm2ugcm2ugcm2ugcm2ugcm2ugcm2ugcm2ugcm2ugcm2ugcm2ugcm2ugcm2ugcm2ugcm2ugcm2ugcm2ugcm2ugcm2ugcm2ugcm2ugcm2ugcm2ugcm2ugcm2ugcm2ugcm2ugcm2ugcm2ugcm2ugcm2ugcm2ugcm2ugcm2ugcm2ugcm2ugcm2ugcm2ugssl2abssl2abssl2abssl2abssl2abssl2abssl2abssl2abssl2abssl2abssl2abssl2abssl2abssl2abssl2abssl2abssl2abssl2abssl2abssl2abssl2abssl2abssl2abssl2abssl2abssl2abssl2abssl2abssl2abssl2abssl2abssl2abssl2abssl2abssl2abssl2abssl2abssl2abssl2abssl2abssl2abssl2abssl2abssl2abssl2abssl2abssl2abssl2abssl2abssl2abssl2abssl2abssl2abssl2abssl2abssl2abssl2abssl2abssl2abssl2abssl2abssl2abssl2abssl2abssl2abssl2abssl2abssl2abssl2abssl2abssl2abssl2abssl2abssl2abssl2abssl2abssl2abssl2abssl2abssl2abssl2abssl2abssl2abssl2abssl2abssl2abssl2abssl2abssl2abssl2abrondarondarondarondarondarondarondarondarondarondarondarondarondarondarondarondarondarondarondarondarondarondarondarondarondarondarondarondarondarondarondarondarondarondarondarondarondarondarondarondarondarondarondarondarondarondarondarondarondarondarondarondarondarondarondarondarondarondarondarondarondarondarondarondarondarondarondarondarondarondarondarondarondarondarondarondarondarondarondarondarondarondarondarondarondarondarondarondarondarondarondarondarondarondarondarondarondarondarondarondarondarondarondarondarondarondarondarondarondarondarondarondarondarondarondarondarondarondarondarondarondarondarondarondarondarondarondarondarondarondarondarondarondarondarondarondarondarondarondarondarondarondarondarondarondarondarondarondarondarondarondarondarondarondarondarondarondarondarondarondarondarondarondarondarondarondarondarondarondarondarondarondarondarondarondarondarondarondarondarondarondarondarondarondarondarondarondarondarondarondarondarondarondarondarondarondarondarondarondarondarondarondarondarondarondarondarondarondarondarondarondarondarondarondarondarondarondarondarondarondarondarondarondarondarondarondarondarondarondarondarondarondarondarondarondarondarondarondarondarondarondarondarondarondarondarondarondarondarondarondarondarondarondarondarondarondarondarondarondarondarondarondarondarondarondarondarondarondarondarondarondarondarondarondarondarondarondarondarondarondarondarondarondarondarondarondarondarondarondarondarondarondarondarondarondarondarondarondarondarondarondarondarondarondarondarondarondarondarondarondarondarondarondarondarondarondarondarondarondarondarondarondarondarondarondarondarondarondarondarondarondarondarondarondarondarondarondarondarondarondarondarondarondarondarondarondarondarondarondarondarondarondarondarondarondarondarondarondarondarondacdm6zfcdm6zfcdm6zfcdm6zfcdm6zfcdm6zfcdm6zfcdm6zfcdm6zfcdm6zfcdm6zfcdm6zfcdm6zfcdm6zfcdm6zfcdm6zfcdm6zfcdm6zfcdm6zfcdm6zfcdm6zfcdm6zfcdm6zfcdm6zfcdm6zfcdm6zfcdm6zfcdm6zfcdm6zfcdm6zfcdm6zfcdm6zfcdm6zfcdm6zfcdm6zfcdm6zfcdm6zfcdm6zfcdm6zfcdm6zfcdm6zfcdm6zfcdm6zfcdm6zfcdm6zfcdm6zfcdm6zfcdm6zfcdm6zfcdm6zfcdm6zfcdm6zfcdm6zfcdm6zfcdm6zfcdm6zfcdm6zfcdm6zfcdm6zfcdm6zfcdm6zfcdm6zfcdm6zfcdm6zfcdm6zfcdm6zfcdm6zfcdm6zfcdm6zfcdm6zfcdm6zfcdm6zfcdm6zfcdm6zfcdm6zfcdm6zfcdm6zfcdm6zfcdm6zfcdm6zfcdm6zfcdm6zfcdm6zfcdm6zfcdm6zfcdm6zfcdm6zfcdm6zfcdm6zfcdm6zfcdm6zfbmw9tbmw9tbmw9tbmw9tbmw9tbmw9tbmw9tbmw9tbmw9tbmw9tbmw9tbmw9tbmw9tbmw9tbmw9tbmw9tbmw9tbmw9tbmw9tbmw9tbmw9tbmw9tbmw9tbmw9tbmw9tbmw9tbmw9tbmw9tbmw9tbmw9tbmw9tbmw9tbmw9tbmw9tbmw9tbmw9tbmw9tbmw9tbmw9tbmw9tbmw9tbmw9tbmw9tbmw9tbmw9tbmw9tbmw9tbmw9tbmw9tbmw9tbmw9tbmw9tbmw9tbmw9tbmw9tbmw9tbmw9tbmw9tbmw9tbmw9tbmw9tbmw9tbmw9tbmw9tbmw9tbmw9tbmw9tbmw9tbmw9tbmw9tbmw9tbmw9tbmw9tbmw9tbmw9tbmw9tbmw9tbmw9tbmw9tbmw9tbmw9tbmw9tbmw9tbmw9tbmw9tbmw9tbmw9tbmw9tbmw9tbmw9tcdm6zfcdm6zfcdm6zfcdm6zfcdm6zfcdm6zfcdm6zfcdm6zfcdm6zfcdm6zfcdm6zfcdm6zfcdm6zfcdm6zfcdm6zfcdm6zfcdm6zfcdm6zfcdm6zfcdm6zfcdm6zfcdm6zfcdm6zfcdm6zfcdm6zfcdm6zfcdm6zfcdm6zfcdm6zfcdm6zfcdm6zfcdm6zfcdm6zfcdm6zfcdm6zfcdm6zfcdm6zfcdm6zfcdm6zfcdm6zfcdm6zfcdm6zfcdm6zfcdm6zfcdm6zfcdm6zfcdm6zfcdm6zfcdm6zfcdm6zfcdm6zfcdm6zfcdm6zfcdm6zfcdm6zfcdm6zfcdm6zfcdm6zfcdm6zfcdm6zfcdm6zfcdm6zfcdm6zfcdm6zfcdm6zfcdm6zfcdm6zfcdm6zfcdm6zfcdm6zfcdm6zfcdm6zfcdm6zfcdm6zfcdm6zfcdm6zfcdm6zfcdm6zfcdm6zfcdm6zfcdm6zfcdm6zfcdm6zfcdm6zfcdm6zfcdm6zfcdm6zfcdm6zfcdm6zfcdm6zfcdm6zfBethanyBethanyBethanyBethanyBethanyBethanyBethanyBethanyBethanyBethanyBethanyBethanyBethanyBethanyBethanyBethanyBethanyBethanyBethanyBethanyBethanyBethanyBethanyBethanyBethanyBethanyBethanyBethanyBethanyBethanyBethanyBethanyBethanyBethanyBethanyBethanyBethanyBethanyBethanyBethanyBethanyBethanyBethanyBethanyBethanyBethanyBethanyBethanyBethanyBethanyBethanyBethanyBethanyBethanyBethanyBethanyBethanyBethanyBethanyBethanyBethanyBethanyBethanyBethanyBethanyBethanyBethanyBethanyBethanyBethanyBethanyBethanyBethanyBethanyBethanyBethanyBethanyBethanyBethanyBethanyBethanyBethanyBethanyBethanyBethanyBethanyBethanyBethanyBethanyBethanyBethanybmw9tbmw9tbmw9tbmw9tbmw9tbmw9tbmw9tbmw9tbmw9tbmw9tbmw9tbmw9tbmw9tbmw9tbmw9tbmw9tbmw9tbmw9tbmw9tbmw9tbmw9tbmw9tbmw9tbmw9tbmw9tbmw9tbmw9tbmw9tbmw9tbmw9tbmw9tbmw9tbmw9tbmw9tbmw9tbmw9tbmw9tbmw9tbmw9tbmw9tbmw9tbmw9tbmw9tbmw9tbmw9tbmw9tbmw9tbmw9tbmw9tbmw9tbmw9tbmw9tbmw9tbmw9tbmw9tbmw9tbmw9tbmw9tbmw9tbmw9tbmw9tbmw9tbmw9tbmw9tbmw9tbmw9tbmw9tbmw9tbmw9tbmw9tbmw9tbmw9tbmw9tbmw9tbmw9tbmw9tbmw9tbmw9tbmw9tbmw9tbmw9tbmw9tbmw9tbmw9tbmw9tbmw9tbmw9tbmw9tbmw9tbmw9tdm4fndm4fndm4fndm4fndm4fndm4fndm4fndm4fndm4fndm4fndm4fndm4fndm4fndm4fndm4fndm4fndm4fndm4fndm4fndm4fndm4fndm4fndm4fndm4fndm4fndm4fndm4fndm4fndm4fndm4fndm4fndm4fndm4fndm4fndm4fndm4fndm4fndm4fndm4fndm4fndm4fndm4fndm4fndm4fndm4fndm4fndm4fndm4fndm4fndm4fndm4fndm4fndm4fndm4fndm4fndm4fndm4fndm4fndm4fndm4fndm4fndm4fndm4fndm4fndm4fndm4fndm4fndm4fndm4fndm4fndm4fndm4fndm4fndm4fndm4fndm4fndm4fndm4fndm4fndm4fndm4fndm4fndm4fndm4fndm4fndm4fndm4fndm4fndm4fndm4fndm4fndm4fndm4fndm4fndm4fndm4fndm4fndm4fndm4fndm4fndm4fndm4fndm4fndm4fndm4fndm4fndm4fndm4fndm4fndm4fndm4fndm4fndm4fndm4fndm4fndm4fndm4fndm4fndm4fndm4fndm4fndm4fndm4fndm4fndm4fndm4fndm4fndm4fndm4fndm4fndm4fndm4fndm4fndm4fndm4fndm4fndm4fndm4fndm4fndm4fndm4fndm4fndm4fndm4fndm4fndm4fndm4fndm4fndm4fndm4fndm4fndm4fndm4fndm4fndm4fndm4fndm4fndm4fndm4fndm4fndm4fndm4fndm4fndm4fndm4fndm4fndm4fndm4fndm4fndm4fndm4fndm4fndm4fndm4fndm4fndm4fndm4fndm4fndm4fndm4fndm4fndm4fndm4fndm4fndm4fndm4fndm4fndm4fndm4fndm4fndm4fndm4fndm4fndm4fndm4fndm4fndm4fndm4fndm4fndm4fndm4fndm4fndm4fndm4fndm4fndm4fndm4fndm4fndm4fndm4fndm4fndm4fndm4fndm4fndm4fndm4fndm4fndm4fndm4fndm4fndm4fndm4fndm4fndm4fndm4fndm4fndm4fndm4fndm4fndm4fndm4fndm4fndm4fndm4fndm4fndm4fndm4fndm4fndm4fndm4fndm4fndm4fndm4fndm4fndm4fndm4fndm4fndm4fndm4fndm4fndm4fndm4fndm4fndm4fndm4fndm4fndm4fndm4fndm4fndm4fndm4fndm4fndm4fndm4fndm4fndm4fndm4fndm4fndm4fndm4fndm4fndm4fndm4fndm4fndm4fndm4fndm4fndm4fndm4fndm4fndm4fndm4fndm4fndm4fndm4fndm4fndm4fndm4fndm4fndm4fndm4fndm4fndm4fndm4fndm4fndm4fndm4fndm4fndm4fndm4fndm4fndm4fndm4fndm4fndm4fndm4fndm4fndm4fndm4fndm4fndm4fndm4fndm4fndm4fndm4fndm4fndm4fndm4fndm4fndm4fndm4fndm4fndm4fndm4fndm4fndm4fndm4fndm4fndm4fndm4fndm4fndm4fndm4fndm4fndm4fndm4fndm4fndm4fndm4fndm4fndm4fndm4fndm4fndm4fndm4fndm4fndm4fndm4fndm4fndm4fndm4fndm4fndm4fndm4fndm4fndm4fndm4fndm4fndm4fndm4fndm4fndm4fndm4fndm4fnjeremyjeremyjeremyjeremyjeremyjeremyjeremyjeremyjeremyjeremyjeremyjeremyjeremyjeremyjeremyjeremyjeremyjeremyjeremyjeremyjeremyjeremyjeremyjeremyjeremyjeremyjeremyjeremyjeremyjeremyjeremyjeremyjeremyjeremyjeremyjeremyjeremyjeremyjeremyjeremyjeremyjeremyjeremyjeremyjeremyjeremyjeremyjeremyjeremyjeremyjeremyjeremyjeremyjeremyjeremyjeremyjeremyjeremyjeremyjeremyjeremyjeremyjeremyjeremyjeremyjeremyjeremyjeremyjeremyjeremyjeremyjeremyjeremyjeremyjeremyjeremyjeremyjeremyjeremyjeremyjeremyjeremyjeremyjeremyjeremyjeremyjeremyjeremyjeremyjeremycdm6zfcdm6zfcdm6zfcdm6zfcdm6zfcdm6zfcdm6zfcdm6zfcdm6zfcdm6zfcdm6zfcdm6zfcdm6zfcdm6zfcdm6zfcdm6zfcdm6zfcdm6zfcdm6zfcdm6zfcdm6zfcdm6zfcdm6zfcdm6zfcdm6zfcdm6zfcdm6zfcdm6zfcdm6zfcdm6zfcdm6zfcdm6zfcdm6zfcdm6zfcdm6zfcdm6zfcdm6zfcdm6zfcdm6zfcdm6zfcdm6zfcdm6zfcdm6zfcdm6zfcdm6zfcdm6zfcdm6zfcdm6zfcdm6zfcdm6zfcdm6zfcdm6zfcdm6zfcdm6zfcdm6zfcdm6zfcdm6zfcdm6zfcdm6zfcdm6zfcdm6zfcdm6zfcdm6zfcdm6zfcdm6zfcdm6zfcdm6zfcdm6zfcdm6zfcdm6zfcdm6zfcdm6zfcdm6zfcdm6zfcdm6zfcdm6zfcdm6zfcdm6zfcdm6zfcdm6zfcdm6zfcdm6zfcdm6zfcdm6zfcdm6zfcdm6zfcdm6zfcdm6zfcdm6zfcdm6zfcdm6zfdm4fndm4fndm4fndm4fndm4fndm4fndm4fndm4fndm4fndm4fndm4fndm4fndm4fndm4fndm4fndm4fndm4fndm4fndm4fndm4fndm4fndm4fndm4fndm4fndm4fndm4fndm4fndm4fndm4fndm4fndm4fndm4fndm4fndm4fndm4fndm4fndm4fndm4fndm4fndm4fndm4fndm4fndm4fndm4fndm4fndm4fndm4fndm4fndm4fndm4fndm4fndm4fndm4fndm4fndm4fndm4fndm4fndm4fndm4fndm4fndm4fndm4fndm4fndm4fndm4fndm4fndm4fndm4fndm4fndm4fndm4fndm4fndm4fndm4fndm4fndm4fndm4fndm4fndm4fndm4fndm4fndm4fndm4fndm4fndm4fndm4fndm4fndm4fndm4fndm4fndm4fnklr3pklr3pklr3pklr3pklr3pklr3pklr3pklr3pklr3pklr3pklr3pklr3pklr3pklr3pklr3pklr3pklr3pklr3pklr3pklr3pklr3pklr3pklr3pklr3pklr3pklr3pklr3pklr3pklr3pklr3pklr3pklr3pklr3pklr3pklr3pklr3pklr3pklr3pklr3pklr3pklr3pklr3pklr3pklr3pklr3pklr3pklr3pklr3pklr3pklr3pklr3pklr3pklr3pklr3pklr3pklr3pklr3pklr3pklr3pklr3pklr3pklr3pklr3pklr3pklr3pklr3pklr3pklr3pklr3pklr3pklr3pklr3pklr3pklr3pklr3pklr3pklr3pklr3pklr3pklr3pklr3pklr3pklr3pklr3pklr3pklr3pklr3pklr3pklr3pklr3pklr3pcdm6zfcdm6zfcdm6zfcdm6zfcdm6zfcdm6zfcdm6zfcdm6zfcdm6zfcdm6zfcdm6zfcdm6zfcdm6zfcdm6zfcdm6zfcdm6zfcdm6zfcdm6zfcdm6zfcdm6zfcdm6zfcdm6zfcdm6zfcdm6zfcdm6zfcdm6zfcdm6zfcdm6zfcdm6zfcdm6zfcdm6zfcdm6zfcdm6zfcdm6zfcdm6zfcdm6zfcdm6zfcdm6zfcdm6zfcdm6zfcdm6zfcdm6zfcdm6zfcdm6zfcdm6zfcdm6zfcdm6zfcdm6zfcdm6zfcdm6zfcdm6zfcdm6zfcdm6zfcdm6zfcdm6zfcdm6zfcdm6zfcdm6zfcdm6zfcdm6zfcdm6zfcdm6zfcdm6zfcdm6zfcdm6zfcdm6zfcdm6zfcdm6zfcdm6zfcdm6zfcdm6zfcdm6zfcdm6zfcdm6zfcdm6zfcdm6zfcdm6zfcdm6zfcdm6zfcdm6zfcdm6zfcdm6zfcdm6zfcdm6zfcdm6zfcdm6zfcdm6zfcdm6zfcdm6zfcdm6zfcdm6zfcdm6zfcdm6zfcdm6zfcdm6zfcdm6zfcdm6zfcdm6zfcdm6zfcdm6zfcdm6zfcdm6zfcdm6zfcdm6zfcdm6zfcdm6zfcdm6zfcdm6zfcdm6zfcdm6zfcdm6zfcdm6zfcdm6zfcdm6zfcdm6zfcdm6zfcdm6zfcdm6zfcdm6zfcdm6zfcdm6zfcdm6zfcdm6zfcdm6zfcdm6zfcdm6zfcdm6zfcdm6zfcdm6zfcdm6zfcdm6zfcdm6zfcdm6zfcdm6zfcdm6zfcdm6zfcdm6zfcdm6zfcdm6zfcdm6zfcdm6zfcdm6zfcdm6zfcdm6zfcdm6zfcdm6zfcdm6zfcdm6zfcdm6zfcdm6zfcdm6zfcdm6zfcdm6zfcdm6zfcdm6zfcdm6zfcdm6zfcdm6zfcdm6zfcdm6zfcdm6zfcdm6zfcdm6zfcdm6zfcdm6zfcdm6zfcdm6zfcdm6zfcdm6zfcdm6zfcdm6zfcdm6zfcdm6zfcdm6zfcdm6zfcdm6zfcdm6zfcdm6zfcdm6zfcdm6zfcdm6zfcdm6zfklr3pklr3pklr3pklr3pklr3pklr3pklr3pklr3pklr3pklr3pklr3pklr3pklr3pklr3pklr3pklr3pklr3pklr3pklr3pklr3pklr3pklr3pklr3pklr3pklr3pklr3pklr3pklr3pklr3pklr3pklr3pklr3pklr3pklr3pklr3pklr3pklr3pklr3pklr3pklr3pklr3pklr3pklr3pklr3pklr3pklr3pklr3pklr3pklr3pklr3pklr3pklr3pklr3pklr3pklr3pklr3pklr3pklr3pklr3pklr3pklr3pklr3pklr3pklr3pklr3pklr3pklr3pklr3pklr3pklr3pklr3pklr3pklr3pklr3pklr3pklr3pklr3pklr3pklr3pklr3pklr3pklr3pklr3pklr3pklr3pklr3pklr3pklr3pklr3pklr3pklr3pdcg6bdcg6bdcg6bdcg6bdcg6bdcg6bdcg6bdcg6bdcg6bdcg6bdcg6bdcg6bdcg6bdcg6bdcg6bdcg6bdcg6bdcg6bdcg6bdcg6bdcg6bdcg6bdcg6bdcg6bdcg6bdcg6bdcg6bdcg6bdcg6bdcg6bdcg6bdcg6bdcg6bdcg6bdcg6bdcg6bdcg6bdcg6bdcg6bdcg6bdcg6bdcg6bdcg6bdcg6bdcg6bdcg6bdcg6bdcg6bdcg6bdcg6bdcg6bdcg6bdcg6bdcg6bdcg6bdcg6bdcg6bdcg6bdcg6bdcg6bdcg6bdcg6bdcg6bdcg6bdcg6bdcg6bdcg6bdcg6bdcg6bdcg6bdcg6bdcg6bdcg6bdcg6bdcg6bdcg6bdcg6bdcg6bdcg6bdcg6bdcg6bdcg6bdcg6bdcg6bdcg6bdcg6bdcg6bdcg6bdcg6bdcg6bdcg6bwsg4wwsg4wwsg4wwsg4wwsg4wwsg4wwsg4wwsg4wwsg4wwsg4wwsg4wwsg4wwsg4wwsg4wwsg4wwsg4wwsg4wwsg4wwsg4wwsg4wwsg4wwsg4wwsg4wwsg4wwsg4wwsg4wwsg4wwsg4wwsg4wwsg4wwsg4wwsg4wwsg4wwsg4wwsg4wwsg4wwsg4wwsg4wwsg4wwsg4wwsg4wwsg4wwsg4wwsg4wwsg4wwsg4wwsg4wwsg4wwsg4wwsg4wwsg4wwsg4wwsg4wwsg4wwsg4wwsg4wwsg4wwsg4wwsg4wwsg4wwsg4wwsg4wwsg4wwsg4wwsg4wwsg4wwsg4wwsg4wwsg4wwsg4wwsg4wwsg4wwsg4wwsg4wwsg4wwsg4wwsg4wwsg4wwsg4wwsg4wwsg4wwsg4wwsg4wwsg4wwsg4wwsg4wwsg4wwsg4wwsg4wwsg4wwsg4wdm4fndm4fndm4fndm4fndm4fndm4fndm4fndm4fndm4fndm4fndm4fndm4fndm4fndm4fndm4fndm4fndm4fndm4fndm4fndm4fndm4fndm4fndm4fndm4fndm4fndm4fndm4fndm4fndm4fndm4fndm4fndm4fndm4fndm4fndm4fndm4fndm4fndm4fndm4fndm4fndm4fndm4fndm4fndm4fndm4fndm4fndm4fndm4fndm4fndm4fndm4fndm4fndm4fndm4fndm4fndm4fndm4fndm4fndm4fndm4fndm4fndm4fndm4fndm4fndm4fndm4fndm4fndm4fndm4fndm4fndm4fndm4fndm4fndm4fndm4fndm4fndm4fndm4fndm4fndm4fndm4fndm4fndm4fndm4fndm4fndm4fndm4fndm4fndm4fndm4fndm4fnklr3pklr3pklr3pklr3pklr3pklr3pklr3pklr3pklr3pklr3pklr3pklr3pklr3pklr3pklr3pklr3pklr3pklr3pklr3pklr3pklr3pklr3pklr3pklr3pklr3pklr3pklr3pklr3pklr3pklr3pklr3pklr3pklr3pklr3pklr3pklr3pklr3pklr3pklr3pklr3pklr3pklr3pklr3pklr3pklr3pklr3pklr3pklr3pklr3pklr3pklr3pklr3pklr3pklr3pklr3pklr3pklr3pklr3pklr3pklr3pklr3pklr3pklr3pklr3pklr3pklr3pklr3pklr3pklr3pklr3pklr3pklr3pklr3pklr3pklr3pklr3pklr3pklr3pklr3pklr3pklr3pklr3pklr3pklr3pklr3pklr3pklr3pklr3pklr3pklr3pklr3pjeremyjeremyjeremyjeremyjeremyjeremyjeremyjeremyjeremyjeremyjeremyjeremyjeremyjeremyjeremyjeremyjeremyjeremyjeremyjeremyjeremyjeremyjeremyjeremyjeremyjeremyjeremyjeremyjeremyjeremyjeremyjeremyjeremyjeremyjeremyjeremyjeremyjeremyjeremyjeremyjeremyjeremyjeremyjeremyjeremyjeremyjeremyjeremyjeremyjeremyjeremyjeremyjeremyjeremyjeremyjeremyjeremyjeremyjeremyjeremyjeremyjeremyjeremyjeremyjeremyjeremyjeremyjeremyjeremyjeremyjeremyjeremyjeremyjeremyjeremyjeremyjeremyjeremyjeremyjeremyjeremyjeremyjeremyjeremyjeremyjeremyjeremyjeremyjeremyjeremyegn9begn9begn9begn9begn9begn9begn9begn9begn9begn9begn9begn9begn9begn9begn9begn9begn9begn9begn9begn9begn9begn9begn9begn9begn9begn9begn9begn9begn9begn9begn9begn9begn9begn9begn9begn9begn9begn9begn9begn9begn9begn9begn9begn9begn9begn9begn9begn9begn9begn9begn9begn9begn9begn9begn9begn9begn9begn9begn9begn9begn9begn9begn9begn9begn9begn9begn9begn9begn9begn9begn9begn9begn9begn9begn9begn9begn9begn9begn9begn9begn9begn9begn9begn9begn9begn9begn9begn9begn9begn9begn9brondarondarondarondarondarondarondarondarondarondarondarondarondarondarondarondarondarondarondarondarondarondarondarondarondarondarondarondarondarondarondarondarondarondarondarondarondarondarondarondarondarondarondarondarondarondarondarondarondarondarondarondarondarondarondarondarondarondarondarondarondarondarondarondarondarondarondarondarondarondarondarondarondarondarondarondarondarondarondarondarondarondarondarondarondarondarondarondarondarondajeremyjeremyjeremyjeremyjeremyjeremyjeremyjeremyjeremyjeremyjeremyjeremyjeremyjeremyjeremyjeremyjeremyjeremyjeremyjeremyjeremyjeremyjeremyjeremyjeremyjeremyjeremyjeremyjeremyjeremyjeremyjeremyjeremyjeremyjeremyjeremyjeremyjeremyjeremyjeremyjeremyjeremyjeremyjeremyjeremyjeremyjeremyjeremyjeremyjeremyjeremyjeremyjeremyjeremyjeremyjeremyjeremyjeremyjeremyjeremyjeremyjeremyjeremyjeremyjeremyjeremyjeremyjeremyjeremyjeremyjeremyjeremyjeremyjeremyjeremyjeremyjeremyjeremyjeremyjeremyjeremyjeremyjeremyjeremyjeremyjeremyjeremyjeremyjeremyjeremydm4fndm4fndm4fndm4fndm4fndm4fndm4fndm4fndm4fndm4fndm4fndm4fndm4fndm4fndm4fndm4fndm4fndm4fndm4fndm4fndm4fndm4fndm4fndm4fndm4fndm4fndm4fndm4fndm4fndm4fndm4fndm4fndm4fndm4fndm4fndm4fndm4fndm4fndm4fndm4fndm4fndm4fndm4fndm4fndm4fndm4fndm4fndm4fndm4fndm4fndm4fndm4fndm4fndm4fndm4fndm4fndm4fndm4fndm4fndm4fndm4fndm4fndm4fndm4fndm4fndm4fndm4fndm4fndm4fndm4fndm4fndm4fndm4fndm4fndm4fndm4fndm4fndm4fndm4fndm4fndm4fndm4fndm4fndm4fndm4fndm4fndm4fndm4fndm4fndm4fndm4fnBethanyBethanyBethanyBethanyBethanyBethanyBethanyBethanyBethanyBethanyBethanyBethanyBethanyBethanyBethanyBethanyBethanyBethanyBethanyBethanyBethanyBethanyBethanyBethanyBethanyBethanyBethanyBethanyBethanyBethanyBethanyBethanyBethanyBethanyBethanyBethanyBethanyBethanyBethanyBethanyBethanyBethanyBethanyBethanyBethanyBethanyBethanyBethanyBethanyBethanyBethanyBethanyBethanyBethanyBethanyBethanyBethanyBethanyBethanyBethanyBethanyBethanyBethanyBethanyBethanyBethanyBethanyBethanyBethanyBethanyBethanyBethanyBethanyBethanyBethanyBethanyBethanyBethanyBethanyBethanyBethanyBethanyBethanyBethanyBethanyBethanyBethanyBethanyBethanyBethanyBethanyklr3pklr3pklr3pklr3pklr3pklr3pklr3pklr3pklr3pklr3pklr3pklr3pklr3pklr3pklr3pklr3pklr3pklr3pklr3pklr3pklr3pklr3pklr3pklr3pklr3pklr3pklr3pklr3pklr3pklr3pklr3pklr3pklr3pklr3pklr3pklr3pklr3pklr3pklr3pklr3pklr3pklr3pklr3pklr3pklr3pklr3pklr3pklr3pklr3pklr3pklr3pklr3pklr3pklr3pklr3pklr3pklr3pklr3pklr3pklr3pklr3pklr3pklr3pklr3pklr3pklr3pklr3pklr3pklr3pklr3pklr3pklr3pklr3pklr3pklr3pklr3pklr3pklr3pklr3pklr3pklr3pklr3pklr3pklr3pklr3pklr3pklr3pklr3pklr3pklr3pklr3pdm4fndm4fndm4fndm4fndm4fndm4fndm4fndm4fndm4fndm4fndm4fndm4fndm4fndm4fndm4fndm4fndm4fndm4fndm4fndm4fndm4fndm4fndm4fndm4fndm4fndm4fndm4fndm4fndm4fndm4fndm4fndm4fndm4fndm4fndm4fndm4fndm4fndm4fndm4fndm4fndm4fndm4fndm4fndm4fndm4fndm4fndm4fndm4fndm4fndm4fndm4fndm4fndm4fndm4fndm4fndm4fndm4fndm4fndm4fndm4fndm4fndm4fndm4fndm4fndm4fndm4fndm4fndm4fndm4fndm4fndm4fndm4fndm4fndm4fndm4fndm4fndm4fndm4fndm4fndm4fndm4fndm4fndm4fndm4fndm4fndm4fndm4fndm4fndm4fndm4fndm4fndm4fndm4fndm4fndm4fndm4fndm4fndm4fndm4fndm4fndm4fndm4fndm4fndm4fndm4fndm4fndm4fndm4fndm4fndm4fndm4fndm4fndm4fndm4fndm4fndm4fndm4fndm4fndm4fndm4fndm4fndm4fndm4fndm4fndm4fndm4fndm4fndm4fndm4fndm4fndm4fndm4fndm4fndm4fndm4fndm4fndm4fndm4fndm4fndm4fndm4fndm4fndm4fndm4fndm4fndm4fndm4fndm4fndm4fndm4fndm4fndm4fndm4fndm4fndm4fndm4fndm4fndm4fndm4fndm4fndm4fndm4fndm4fndm4fndm4fndm4fndm4fndm4fndm4fndm4fndm4fndm4fndm4fndm4fndm4fndm4fndm4fndm4fndm4fndm4fndm4fndm4fnBethanyBethanyBethanyBethanyBethanyBethanyBethanyBethanyBethanyBethanyBethanyBethanyBethanyBethanyBethanyBethanyBethanyBethanyBethanyBethanyBethanyBethanyBethanyBethanyBethanyBethanyBethanyBethanyBethanyBethanyBethanyBethanyBethanyBethanyBethanyBethanyBethanyBethanyBethanyBethanyBethanyBethanyBethanyBethanyBethanyBethanyBethanyBethanyBethanyBethanyBethanyBethanyBethanyBethanyBethanyBethanyBethanyBethanyBethanyBethanyBethanyBethanyBethanyBethanyBethanyBethanyBethanyBethanyBethanyBethanyBethanyBethanyBethanyBethanyBethanyBethanyBethanyBethanyBethanyBethanyBethanyBethanyBethanyBethanyBethanyBethanyBethanyBethanyBethanyBethanyBethanyvai2fcvai2fcvai2fcvai2fcvai2fcvai2fcvai2fcvai2fcvai2fcvai2fcvai2fcvai2fcvai2fcvai2fcvai2fcvai2fcvai2fcvai2fcvai2fcvai2fcvai2fcvai2fcvai2fcvai2fcvai2fcvai2fcvai2fcvai2fcvai2fcvai2fcvai2fcvai2fcvai2fcvai2fcvai2fcvai2fcvai2fcvai2fcvai2fcvai2fcvai2fcvai2fcvai2fcvai2fcvai2fcvai2fcvai2fcvai2fcvai2fcvai2fcvai2fcvai2fcvai2fcvai2fcvai2fcvai2fcvai2fcvai2fcvai2fcvai2fcvai2fcvai2fcvai2fcvai2fcvai2fcvai2fcvai2fcvai2fcvai2fcvai2fcvai2fcvai2fcvai2fcvai2fcvai2fcvai2fcvai2fcvai2fcvai2fcvai2fcvai2fcvai2fcvai2fcvai2fcvai2fcvai2fcvai2fcvai2fcvai2fcvai2fcvai2fcfbt8pafbt8pafbt8pafbt8pafbt8pafbt8pafbt8pafbt8pafbt8pafbt8pafbt8pafbt8pafbt8pafbt8pafbt8pafbt8pafbt8pafbt8pafbt8pafbt8pafbt8pafbt8pafbt8pafbt8pafbt8pafbt8pafbt8pafbt8pafbt8pafbt8pafbt8pafbt8pafbt8pafbt8pafbt8pafbt8pafbt8pafbt8pafbt8pafbt8pafbt8pafbt8pafbt8pafbt8pafbt8pafbt8pafbt8pafbt8pafbt8pafbt8pafbt8pafbt8pafbt8pafbt8pafbt8pafbt8pafbt8pafbt8pafbt8pafbt8pafbt8pafbt8pafbt8pafbt8pafbt8pafbt8pafbt8pafbt8pafbt8pafbt8pafbt8pafbt8pafbt8pafbt8pafbt8pafbt8pafbt8pafbt8pafbt8pafbt8pafbt8pafbt8pafbt8pafbt8pafbt8pafbt8pafbt8pafbt8pafbt8pafbt8pafbt8pasak2rhsak2rhsak2rhsak2rhsak2rhsak2rhsak2rhsak2rhsak2rhsak2rhsak2rhsak2rhsak2rhsak2rhsak2rhsak2rhsak2rhsak2rhsak2rhsak2rhsak2rhsak2rhsak2rhsak2rhsak2rhsak2rhsak2rhsak2rhsak2rhsak2rhsak2rhsak2rhsak2rhsak2rhsak2rhsak2rhsak2rhsak2rhsak2rhsak2rhsak2rhsak2rhsak2rhsak2rhsak2rhsak2rhsak2rhsak2rhsak2rhsak2rhsak2rhsak2rhsak2rhsak2rhsak2rhsak2rhsak2rhsak2rhsak2rhsak2rhsak2rhsak2rhsak2rhsak2rhsak2rhsak2rhsak2rhsak2rhsak2rhsak2rhsak2rhsak2rhsak2rhsak2rhsak2rhsak2rhsak2rhsak2rhsak2rhsak2rhsak2rhsak2rhsak2rhsak2rhsak2rhsak2rhsak2rhsak2rhsak2rhsak2rhsak2rhebf2pxebf2pxebf2pxebf2pxebf2pxebf2pxebf2pxebf2pxebf2pxebf2pxebf2pxebf2pxebf2pxebf2pxebf2pxebf2pxebf2pxebf2pxebf2pxebf2pxebf2pxebf2pxebf2pxebf2pxebf2pxebf2pxebf2pxebf2pxebf2pxebf2pxebf2pxebf2pxebf2pxebf2pxebf2pxebf2pxebf2pxebf2pxebf2pxebf2pxebf2pxebf2pxebf2pxebf2pxebf2pxebf2pxebf2pxebf2pxebf2pxebf2pxebf2pxebf2pxebf2pxebf2pxebf2pxebf2pxebf2pxebf2pxebf2pxebf2pxebf2pxebf2pxebf2pxebf2pxebf2pxebf2pxebf2pxebf2pxebf2pxebf2pxebf2pxebf2pxebf2pxebf2pxebf2pxebf2pxebf2pxebf2pxebf2pxebf2pxebf2pxebf2pxebf2pxebf2pxebf2pxebf2pxebf2pxebf2pxebf2pxebf2pxebf2pxzes9bxzes9bxzes9bxzes9bxzes9bxzes9bxzes9bxzes9bxzes9bxzes9bxzes9bxzes9bxzes9bxzes9bxzes9bxzes9bxzes9bxzes9bxzes9bxzes9bxzes9bxzes9bxzes9bxzes9bxzes9bxzes9bxzes9bxzes9bxzes9bxzes9bxzes9bxzes9bxzes9bxzes9bxzes9bxzes9bxzes9bxzes9bxzes9bxzes9bxzes9bxzes9bxzes9bxzes9bxzes9bxzes9bxzes9bxzes9bxzes9bxzes9bxzes9bxzes9bxzes9bxzes9bxzes9bxzes9bxzes9bxzes9bxzes9bxzes9bxzes9bxzes9bxzes9bxzes9bxzes9bxzes9bxzes9bxzes9bxzes9bxzes9bxzes9bxzes9bxzes9bxzes9bxzes9bxzes9bxzes9bxzes9bxzes9bxzes9bxzes9bxzes9bxzes9bxzes9bxzes9bxzes9bxzes9bxzes9bxzes9bxzes9bxzes9bxcsb5tcsb5tcsb5tcsb5tcsb5tcsb5tcsb5tcsb5tcsb5tcsb5tcsb5tcsb5tcsb5tcsb5tcsb5tcsb5tcsb5tcsb5tcsb5tcsb5tcsb5tcsb5tcsb5tcsb5tcsb5tcsb5tcsb5tcsb5tcsb5tcsb5tcsb5tcsb5tcsb5tcsb5tcsb5tcsb5tcsb5tcsb5tcsb5tcsb5tcsb5tcsb5tcsb5tcsb5tcsb5tcsb5tcsb5tcsb5tcsb5tcsb5tcsb5tcsb5tcsb5tcsb5tcsb5tcsb5tcsb5tcsb5tcsb5tcsb5tcsb5tcsb5tcsb5tcsb5tcsb5tcsb5tcsb5tcsb5tcsb5tcsb5tcsb5tcsb5tcsb5tcsb5tcsb5tcsb5tcsb5tcsb5tcsb5tcsb5tcsb5tcsb5tcsb5tcsb5tcsb5tcsb5tcsb5tcsb5tcsb5tcsb5tcm2ugcm2ugcm2ugcm2ugcm2ugcm2ugcm2ugcm2ugcm2ugcm2ugcm2ugcm2ugcm2ugcm2ugcm2ugcm2ugcm2ugcm2ugcm2ugcm2ugcm2ugcm2ugcm2ugcm2ugcm2ugcm2ugcm2ugcm2ugcm2ugcm2ugcm2ugcm2ugcm2ugcm2ugcm2ugcm2ugcm2ugcm2ugcm2ugcm2ugcm2ugcm2ugcm2ugcm2ugcm2ugcm2ugcm2ugcm2ugcm2ugcm2ugcm2ugcm2ugcm2ugcm2ugcm2ugcm2ugcm2ugcm2ugcm2ugcm2ugcm2ugcm2ugcm2ugcm2ugcm2ugcm2ugcm2ugcm2ugcm2ugcm2ugcm2ugcm2ugcm2ugcm2ugcm2ugcm2ugcm2ugcm2ugcm2ugcm2ugcm2ugcm2ugcm2ugcm2ugcm2ugcm2ugcm2ugcm2ugcm2ugcm2ugcm2ugdm4fndm4fndm4fndm4fndm4fndm4fndm4fndm4fndm4fndm4fndm4fndm4fndm4fndm4fndm4fndm4fndm4fndm4fndm4fndm4fndm4fndm4fndm4fndm4fndm4fndm4fndm4fndm4fndm4fndm4fndm4fndm4fndm4fndm4fndm4fndm4fndm4fndm4fndm4fndm4fndm4fndm4fndm4fndm4fndm4fndm4fndm4fndm4fndm4fndm4fndm4fndm4fndm4fndm4fndm4fndm4fndm4fndm4fndm4fndm4fndm4fndm4fndm4fndm4fndm4fndm4fndm4fndm4fndm4fndm4fndm4fndm4fndm4fndm4fndm4fndm4fndm4fndm4fndm4fndm4fndm4fndm4fndm4fndm4fndm4fndm4fndm4fndm4fndm4fndm4fndm4fnsak2rhsak2rhsak2rhsak2rhsak2rhsak2rhsak2rhsak2rhsak2rhsak2rhsak2rhsak2rhsak2rhsak2rhsak2rhsak2rhsak2rhsak2rhsak2rhsak2rhsak2rhsak2rhsak2rhsak2rhsak2rhsak2rhsak2rhsak2rhsak2rhsak2rhsak2rhsak2rhsak2rhsak2rhsak2rhsak2rhsak2rhsak2rhsak2rhsak2rhsak2rhsak2rhsak2rhsak2rhsak2rhsak2rhsak2rhsak2rhsak2rhsak2rhsak2rhsak2rhsak2rhsak2rhsak2rhsak2rhsak2rhsak2rhsak2rhsak2rhsak2rhsak2rhsak2rhsak2rhsak2rhsak2rhsak2rhsak2rhsak2rhsak2rhsak2rhsak2rhsak2rhsak2rhsak2rhsak2rhsak2rhsak2rhsak2rhsak2rhsak2rhsak2rhsak2rhsak2rhsak2rhsak2rhsak2rhsak2rhsak2rhsak2rhsak2rhfbt8pafbt8pafbt8pafbt8pafbt8pafbt8pafbt8pafbt8pafbt8pafbt8pafbt8pafbt8pafbt8pafbt8pafbt8pafbt8pafbt8pafbt8pafbt8pafbt8pafbt8pafbt8pafbt8pafbt8pafbt8pafbt8pafbt8pafbt8pafbt8pafbt8pafbt8pafbt8pafbt8pafbt8pafbt8pafbt8pafbt8pafbt8pafbt8pafbt8pafbt8pafbt8pafbt8pafbt8pafbt8pafbt8pafbt8pafbt8pafbt8pafbt8pafbt8pafbt8pafbt8pafbt8pafbt8pafbt8pafbt8pafbt8pafbt8pafbt8pafbt8pafbt8pafbt8pafbt8pafbt8pafbt8pafbt8pafbt8pafbt8pafbt8pafbt8pafbt8pafbt8pafbt8pafbt8pafbt8pafbt8pafbt8pafbt8pafbt8pafbt8pafbt8pafbt8pafbt8pafbt8pafbt8pafbt8pafbt8pafbt8pafbt8pafbt8parondarondarondarondarondarondarondarondarondarondarondarondarondarondarondarondarondarondarondarondarondarondarondarondarondarondarondarondarondarondarondarondarondarondarondarondarondarondarondarondarondarondarondarondarondarondarondarondarondarondarondarondarondarondarondarondarondarondarondarondarondarondarondarondarondarondarondarondarondarondarondarondarondarondarondarondarondarondarondarondarondarondarondarondarondarondarondarondarondarondarondarondarondarondarondarondarondarondarondarondarondarondarondarondarondarondarondarondarondarondarondarondarondarondarondarondarondarondarondarondarondarondarondarondarondarondarondarondarondarondarondarondarondarondarondarondarondarondarondarondarondarondarondarondarondarondarondarondarondarondarondarondarondarondarondarondarondarondarondarondarondarondarondarondarondarondarondarondarondarondarondarondarondarondarondarondarondarondarondarondafbt8pafbt8pafbt8pafbt8pafbt8pafbt8pafbt8pafbt8pafbt8pafbt8pafbt8pafbt8pafbt8pafbt8pafbt8pafbt8pafbt8pafbt8pafbt8pafbt8pafbt8pafbt8pafbt8pafbt8pafbt8pafbt8pafbt8pafbt8pafbt8pafbt8pafbt8pafbt8pafbt8pafbt8pafbt8pafbt8pafbt8pafbt8pafbt8pafbt8pafbt8pafbt8pafbt8pafbt8pafbt8pafbt8pafbt8pafbt8pafbt8pafbt8pafbt8pafbt8pafbt8pafbt8pafbt8pafbt8pafbt8pafbt8pafbt8pafbt8pafbt8pafbt8pafbt8pafbt8pafbt8pafbt8pafbt8pafbt8pafbt8pafbt8pafbt8pafbt8pafbt8pafbt8pafbt8pafbt8pafbt8pafbt8pafbt8pafbt8pafbt8pafbt8pafbt8pafbt8pafbt8pafbt8pafbt8pafbt8pafbt8pafbt8pafbt8padm4fndm4fndm4fndm4fndm4fndm4fndm4fndm4fndm4fndm4fndm4fndm4fndm4fndm4fndm4fndm4fndm4fndm4fndm4fndm4fndm4fndm4fndm4fndm4fndm4fndm4fndm4fndm4fndm4fndm4fndm4fndm4fndm4fndm4fndm4fndm4fndm4fndm4fndm4fndm4fndm4fndm4fndm4fndm4fndm4fndm4fndm4fndm4fndm4fndm4fndm4fndm4fndm4fndm4fndm4fndm4fndm4fndm4fndm4fndm4fndm4fndm4fndm4fndm4fndm4fndm4fndm4fndm4fndm4fndm4fndm4fndm4fndm4fndm4fndm4fndm4fndm4fndm4fndm4fndm4fndm4fndm4fndm4fndm4fndm4fndm4fndm4fndm4fndm4fndm4fndm4fndm4fndm4fndm4fndm4fndm4fndm4fndm4fndm4fndm4fndm4fndm4fndm4fndm4fndm4fndm4fndm4fndm4fndm4fndm4fndm4fndm4fndm4fndm4fndm4fndm4fndm4fndm4fndm4fndm4fndm4fndm4fndm4fndm4fndm4fndm4fndm4fndm4fndm4fndm4fndm4fndm4fndm4fndm4fndm4fndm4fndm4fndm4fndm4fndm4fndm4fndm4fndm4fndm4fndm4fndm4fndm4fndm4fndm4fndm4fndm4fndm4fndm4fndm4fndm4fndm4fndm4fndm4fndm4fndm4fndm4fndm4fndm4fndm4fndm4fndm4fndm4fndm4fndm4fndm4fndm4fndm4fndm4fndm4fndm4fndm4fndm4fndm4fndm4fndm4fndm4fndm4fnvai2fcvai2fcvai2fcvai2fcvai2fcvai2fcvai2fcvai2fcvai2fcvai2fcvai2fcvai2fcvai2fcvai2fcvai2fcvai2fcvai2fcvai2fcvai2fcvai2fcvai2fcvai2fcvai2fcvai2fcvai2fcvai2fcvai2fcvai2fcvai2fcvai2fcvai2fcvai2fcvai2fcvai2fcvai2fcvai2fcvai2fcvai2fcvai2fcvai2fcvai2fcvai2fcvai2fcvai2fcvai2fcvai2fcvai2fcvai2fcvai2fcvai2fcvai2fcvai2fcvai2fcvai2fcvai2fcvai2fcvai2fcvai2fcvai2fcvai2fcvai2fcvai2fcvai2fcvai2fcvai2fcvai2fcvai2fcvai2fcvai2fcvai2fcvai2fcvai2fcvai2fcvai2fcvai2fcvai2fcvai2fcvai2fcvai2fcvai2fcvai2fcvai2fcvai2fcvai2fcvai2fcvai2fcvai2fcvai2fcvai2fcvai2fcvai2fccsb5tcsb5tcsb5tcsb5tcsb5tcsb5tcsb5tcsb5tcsb5tcsb5tcsb5tcsb5tcsb5tcsb5tcsb5tcsb5tcsb5tcsb5tcsb5tcsb5tcsb5tcsb5tcsb5tcsb5tcsb5tcsb5tcsb5tcsb5tcsb5tcsb5tcsb5tcsb5tcsb5tcsb5tcsb5tcsb5tcsb5tcsb5tcsb5tcsb5tcsb5tcsb5tcsb5tcsb5tcsb5tcsb5tcsb5tcsb5tcsb5tcsb5tcsb5tcsb5tcsb5tcsb5tcsb5tcsb5tcsb5tcsb5tcsb5tcsb5tcsb5tcsb5tcsb5tcsb5tcsb5tcsb5tcsb5tcsb5tcsb5tcsb5tcsb5tcsb5tcsb5tcsb5tcsb5tcsb5tcsb5tcsb5tcsb5tcsb5tcsb5tcsb5tcsb5tcsb5tcsb5tcsb5tcsb5tcsb5tcsb5tcsb5tdm4fndm4fndm4fndm4fndm4fndm4fndm4fndm4fndm4fndm4fndm4fndm4fndm4fndm4fndm4fndm4fndm4fndm4fndm4fndm4fndm4fndm4fndm4fndm4fndm4fndm4fndm4fndm4fndm4fndm4fndm4fndm4fndm4fndm4fndm4fndm4fndm4fndm4fndm4fndm4fndm4fndm4fndm4fndm4fndm4fndm4fndm4fndm4fndm4fndm4fndm4fndm4fndm4fndm4fndm4fndm4fndm4fndm4fndm4fndm4fndm4fndm4fndm4fndm4fndm4fndm4fndm4fndm4fndm4fndm4fndm4fndm4fndm4fndm4fndm4fndm4fndm4fndm4fndm4fndm4fndm4fndm4fndm4fndm4fndm4fndm4fndm4fndm4fndm4fndm4fndm4fnsak2rhsak2rhsak2rhsak2rhsak2rhsak2rhsak2rhsak2rhsak2rhsak2rhsak2rhsak2rhsak2rhsak2rhsak2rhsak2rhsak2rhsak2rhsak2rhsak2rhsak2rhsak2rhsak2rhsak2rhsak2rhsak2rhsak2rhsak2rhsak2rhsak2rhsak2rhsak2rhsak2rhsak2rhsak2rhsak2rhsak2rhsak2rhsak2rhsak2rhsak2rhsak2rhsak2rhsak2rhsak2rhsak2rhsak2rhsak2rhsak2rhsak2rhsak2rhsak2rhsak2rhsak2rhsak2rhsak2rhsak2rhsak2rhsak2rhsak2rhsak2rhsak2rhsak2rhsak2rhsak2rhsak2rhsak2rhsak2rhsak2rhsak2rhsak2rhsak2rhsak2rhsak2rhsak2rhsak2rhsak2rhsak2rhsak2rhsak2rhsak2rhsak2rhsak2rhsak2rhsak2rhsak2rhsak2rhsak2rhsak2rhsak2rhsak2rhjeremyjeremyjeremyjeremyjeremyjeremyjeremyjeremyjeremyjeremyjeremyjeremyjeremyjeremyjeremyjeremyjeremyjeremyjeremyjeremyjeremyjeremyjeremyjeremyjeremyjeremyjeremyjeremyjeremyjeremyjeremyjeremyjeremyjeremyjeremyjeremyjeremyjeremyjeremyjeremyjeremyjeremyjeremyjeremyjeremyjeremyjeremyjeremyjeremyjeremyjeremyjeremyjeremyjeremyjeremyjeremyjeremyjeremyjeremyjeremyjeremyjeremyjeremyjeremyjeremyjeremyjeremyjeremyjeremyjeremyjeremyjeremyjeremyjeremyjeremyjeremyjeremyjeremyjeremyjeremyjeremyjeremyjeremyjeremyjeremyjeremyjeremyjeremyjeremyjeremysak2rhsak2rhsak2rhsak2rhsak2rhsak2rhsak2rhsak2rhsak2rhsak2rhsak2rhsak2rhsak2rhsak2rhsak2rhsak2rhsak2rhsak2rhsak2rhsak2rhsak2rhsak2rhsak2rhsak2rhsak2rhsak2rhsak2rhsak2rhsak2rhsak2rhsak2rhsak2rhsak2rhsak2rhsak2rhsak2rhsak2rhsak2rhsak2rhsak2rhsak2rhsak2rhsak2rhsak2rhsak2rhsak2rhsak2rhsak2rhsak2rhsak2rhsak2rhsak2rhsak2rhsak2rhsak2rhsak2rhsak2rhsak2rhsak2rhsak2rhsak2rhsak2rhsak2rhsak2rhsak2rhsak2rhsak2rhsak2rhsak2rhsak2rhsak2rhsak2rhsak2rhsak2rhsak2rhsak2rhsak2rhsak2rhsak2rhsak2rhsak2rhsak2rhsak2rhsak2rhsak2rhsak2rhsak2rhsak2rhsak2rhsak2rhsak2rhzes9bxzes9bxzes9bxzes9bxzes9bxzes9bxzes9bxzes9bxzes9bxzes9bxzes9bxzes9bxzes9bxzes9bxzes9bxzes9bxzes9bxzes9bxzes9bxzes9bxzes9bxzes9bxzes9bxzes9bxzes9bxzes9bxzes9bxzes9bxzes9bxzes9bxzes9bxzes9bxzes9bxzes9bxzes9bxzes9bxzes9bxzes9bxzes9bxzes9bxzes9bxzes9bxzes9bxzes9bxzes9bxzes9bxzes9bxzes9bxzes9bxzes9bxzes9bxzes9bxzes9bxzes9bxzes9bxzes9bxzes9bxzes9bxzes9bxzes9bxzes9bxzes9bxzes9bxzes9bxzes9bxzes9bxzes9bxzes9bxzes9bxzes9bxzes9bxzes9bxzes9bxzes9bxzes9bxzes9bxzes9bxzes9bxzes9bxzes9bxzes9bxzes9bxzes9bxzes9bxzes9bxzes9bxzes9bxzes9bxzes9bxzes9bxzes9bxBethanyBethanyBethanyBethanyBethanyBethanyBethanyBethanyBethanyBethanyBethanyBethanyBethanyBethanyBethanyBethanyBethanyBethanyBethanyBethanyBethanyBethanyBethanyBethanyBethanyBethanyBethanyBethanyBethanyBethanyBethanyBethanyBethanyBethanyBethanyBethanyBethanyBethanyBethanyBethanyBethanyBethanyBethanyBethanyBethanyBethanyBethanyBethanyBethanyBethanyBethanyBethanyBethanyBethanyBethanyBethanyBethanyBethanyBethanyBethanyBethanyBethanyBethanyBethanyBethanyBethanyBethanyBethanyBethanyBethanyBethanyBethanyBethanyBethanyBethanyBethanyBethanyBethanyBethanyBethanyBethanyBethanyBethanyBethanyBethanyBethanyBethanyBethanyBethanyBethanyBethanycsb5tcsb5tcsb5tcsb5tcsb5tcsb5tcsb5tcsb5tcsb5tcsb5tcsb5tcsb5tcsb5tcsb5tcsb5tcsb5tcsb5tcsb5tcsb5tcsb5tcsb5tcsb5tcsb5tcsb5tcsb5tcsb5tcsb5tcsb5tcsb5tcsb5tcsb5tcsb5tcsb5tcsb5tcsb5tcsb5tcsb5tcsb5tcsb5tcsb5tcsb5tcsb5tcsb5tcsb5tcsb5tcsb5tcsb5tcsb5tcsb5tcsb5tcsb5tcsb5tcsb5tcsb5tcsb5tcsb5tcsb5tcsb5tcsb5tcsb5tcsb5tcsb5tcsb5tcsb5tcsb5tcsb5tcsb5tcsb5tcsb5tcsb5tcsb5tcsb5tcsb5tcsb5tcsb5tcsb5tcsb5tcsb5tcsb5tcsb5tcsb5tcsb5tcsb5tcsb5tcsb5tcsb5tcsb5tcsb5tcsb5tcsb5tdcg6bdcg6bdcg6bdcg6bdcg6bdcg6bdcg6bdcg6bdcg6bdcg6bdcg6bdcg6bdcg6bdcg6bdcg6bdcg6bdcg6bdcg6bdcg6bdcg6bdcg6bdcg6bdcg6bdcg6bdcg6bdcg6bdcg6bdcg6bdcg6bdcg6bdcg6bdcg6bdcg6bdcg6bdcg6bdcg6bdcg6bdcg6bdcg6bdcg6bdcg6bdcg6bdcg6bdcg6bdcg6bdcg6bdcg6bdcg6bdcg6bdcg6bdcg6bdcg6bdcg6bdcg6bdcg6bdcg6bdcg6bdcg6bdcg6bdcg6bdcg6bdcg6bdcg6bdcg6bdcg6bdcg6bdcg6bdcg6bdcg6bdcg6bdcg6bdcg6bdcg6bdcg6bdcg6bdcg6bdcg6bdcg6bdcg6bdcg6bdcg6bdcg6bdcg6bdcg6bdcg6bdcg6bdcg6bdcg6bdcg6bdcg6bdcg6bvai2fcvai2fcvai2fcvai2fcvai2fcvai2fcvai2fcvai2fcvai2fcvai2fcvai2fcvai2fcvai2fcvai2fcvai2fcvai2fcvai2fcvai2fcvai2fcvai2fcvai2fcvai2fcvai2fcvai2fcvai2fcvai2fcvai2fcvai2fcvai2fcvai2fcvai2fcvai2fcvai2fcvai2fcvai2fcvai2fcvai2fcvai2fcvai2fcvai2fcvai2fcvai2fcvai2fcvai2fcvai2fcvai2fcvai2fcvai2fcvai2fcvai2fcvai2fcvai2fcvai2fcvai2fcvai2fcvai2fcvai2fcvai2fcvai2fcvai2fcvai2fcvai2fcvai2fcvai2fcvai2fcvai2fcvai2fcvai2fcvai2fcvai2fcvai2fcvai2fcvai2fcvai2fcvai2fcvai2fcvai2fcvai2fcvai2fcvai2fcvai2fcvai2fcvai2fcvai2fcvai2fcvai2fcvai2fcvai2fcvai2fcvai2fcvai2fcfbt8pafbt8pafbt8pafbt8pafbt8pafbt8pafbt8pafbt8pafbt8pafbt8pafbt8pafbt8pafbt8pafbt8pafbt8pafbt8pafbt8pafbt8pafbt8pafbt8pafbt8pafbt8pafbt8pafbt8pafbt8pafbt8pafbt8pafbt8pafbt8pafbt8pafbt8pafbt8pafbt8pafbt8pafbt8pafbt8pafbt8pafbt8pafbt8pafbt8pafbt8pafbt8pafbt8pafbt8pafbt8pafbt8pafbt8pafbt8pafbt8pafbt8pafbt8pafbt8pafbt8pafbt8pafbt8pafbt8pafbt8pafbt8pafbt8pafbt8pafbt8pafbt8pafbt8pafbt8pafbt8pafbt8pafbt8pafbt8pafbt8pafbt8pafbt8pafbt8pafbt8pafbt8pafbt8pafbt8pafbt8pafbt8pafbt8pafbt8pafbt8pafbt8pafbt8pafbt8pafbt8pafbt8pafbt8pafbt8pafbt8pafbt8pafbt8pasak2rhsak2rhsak2rhsak2rhsak2rhsak2rhsak2rhsak2rhsak2rhsak2rhsak2rhsak2rhsak2rhsak2rhsak2rhsak2rhsak2rhsak2rhsak2rhsak2rhsak2rhsak2rhsak2rhsak2rhsak2rhsak2rhsak2rhsak2rhsak2rhsak2rhsak2rhsak2rhsak2rhsak2rhsak2rhsak2rhsak2rhsak2rhsak2rhsak2rhsak2rhsak2rhsak2rhsak2rhsak2rhsak2rhsak2rhsak2rhsak2rhsak2rhsak2rhsak2rhsak2rhsak2rhsak2rhsak2rhsak2rhsak2rhsak2rhsak2rhsak2rhsak2rhsak2rhsak2rhsak2rhsak2rhsak2rhsak2rhsak2rhsak2rhsak2rhsak2rhsak2rhsak2rhsak2rhsak2rhsak2rhsak2rhsak2rhsak2rhsak2rhsak2rhsak2rhsak2rhsak2rhsak2rhsak2rhsak2rhsak2rhsak2rhsak2rhfbt8pafbt8pafbt8pafbt8pafbt8pafbt8pafbt8pafbt8pafbt8pafbt8pafbt8pafbt8pafbt8pafbt8pafbt8pafbt8pafbt8pafbt8pafbt8pafbt8pafbt8pafbt8pafbt8pafbt8pafbt8pafbt8pafbt8pafbt8pafbt8pafbt8pafbt8pafbt8pafbt8pafbt8pafbt8pafbt8pafbt8pafbt8pafbt8pafbt8pafbt8pafbt8pafbt8pafbt8pafbt8pafbt8pafbt8pafbt8pafbt8pafbt8pafbt8pafbt8pafbt8pafbt8pafbt8pafbt8pafbt8pafbt8pafbt8pafbt8pafbt8pafbt8pafbt8pafbt8pafbt8pafbt8pafbt8pafbt8pafbt8pafbt8pafbt8pafbt8pafbt8pafbt8pafbt8pafbt8pafbt8pafbt8pafbt8pafbt8pafbt8pafbt8pafbt8pafbt8pafbt8pafbt8pafbt8pafbt8pafbt8pafbt8pafbt8pavai2fcvai2fcvai2fcvai2fcvai2fcvai2fcvai2fcvai2fcvai2fcvai2fcvai2fcvai2fcvai2fcvai2fcvai2fcvai2fcvai2fcvai2fcvai2fcvai2fcvai2fcvai2fcvai2fcvai2fcvai2fcvai2fcvai2fcvai2fcvai2fcvai2fcvai2fcvai2fcvai2fcvai2fcvai2fcvai2fcvai2fcvai2fcvai2fcvai2fcvai2fcvai2fcvai2fcvai2fcvai2fcvai2fcvai2fcvai2fcvai2fcvai2fcvai2fcvai2fcvai2fcvai2fcvai2fcvai2fcvai2fcvai2fcvai2fcvai2fcvai2fcvai2fcvai2fcvai2fcvai2fcvai2fcvai2fcvai2fcvai2fcvai2fcvai2fcvai2fcvai2fcvai2fcvai2fcvai2fcvai2fcvai2fcvai2fcvai2fcvai2fcvai2fcvai2fcvai2fcvai2fcvai2fcvai2fcvai2fcvai2fcvai2fcvai2fccsb5tcsb5tcsb5tcsb5tcsb5tcsb5tcsb5tcsb5tcsb5tcsb5tcsb5tcsb5tcsb5tcsb5tcsb5tcsb5tcsb5tcsb5tcsb5tcsb5tcsb5tcsb5tcsb5tcsb5tcsb5tcsb5tcsb5tcsb5tcsb5tcsb5tcsb5tcsb5tcsb5tcsb5tcsb5tcsb5tcsb5tcsb5tcsb5tcsb5tcsb5tcsb5tcsb5tcsb5tcsb5tcsb5tcsb5tcsb5tcsb5tcsb5tcsb5tcsb5tcsb5tcsb5tcsb5tcsb5tcsb5tcsb5tcsb5tcsb5tcsb5tcsb5tcsb5tcsb5tcsb5tcsb5tcsb5tcsb5tcsb5tcsb5tcsb5tcsb5tcsb5tcsb5tcsb5tcsb5tcsb5tcsb5tcsb5tcsb5tcsb5tcsb5tcsb5tcsb5tcsb5tcsb5tcsb5tcsb5tcsb5tcsb5tjeremyjeremyjeremyjeremyjeremyjeremyjeremyjeremyjeremyjeremyjeremyjeremyjeremyjeremyjeremyjeremyjeremyjeremyjeremyjeremyjeremyjeremyjeremyjeremyjeremyjeremyjeremyjeremyjeremyjeremyjeremyjeremyjeremyjeremyjeremyjeremyjeremyjeremyjeremyjeremyjeremyjeremyjeremyjeremyjeremyjeremyjeremyjeremyjeremyjeremyjeremyjeremyjeremyjeremyjeremyjeremyjeremyjeremyjeremyjeremyjeremyjeremyjeremyjeremyjeremyjeremyjeremyjeremyjeremyjeremyjeremyjeremyjeremyjeremyjeremyjeremyjeremyjeremyjeremyjeremyjeremyjeremyjeremyjeremyjeremyjeremyjeremyjeremyjeremyjeremydcg6bdcg6bdcg6bdcg6bdcg6bdcg6bdcg6bdcg6bdcg6bdcg6bdcg6bdcg6bdcg6bdcg6bdcg6bdcg6bdcg6bdcg6bdcg6bdcg6bdcg6bdcg6bdcg6bdcg6bdcg6bdcg6bdcg6bdcg6bdcg6bdcg6bdcg6bdcg6bdcg6bdcg6bdcg6bdcg6bdcg6bdcg6bdcg6bdcg6bdcg6bdcg6bdcg6bdcg6bdcg6bdcg6bdcg6bdcg6bdcg6bdcg6bdcg6bdcg6bdcg6bdcg6bdcg6bdcg6bdcg6bdcg6bdcg6bdcg6bdcg6bdcg6bdcg6bdcg6bdcg6bdcg6bdcg6bdcg6bdcg6bdcg6bdcg6bdcg6bdcg6bdcg6bdcg6bdcg6bdcg6bdcg6bdcg6bdcg6bdcg6bdcg6bdcg6bdcg6bdcg6bdcg6bdcg6bdcg6bdcg6bdcg6bdcg6brondarondarondarondarondarondarondarondarondarondarondarondarondarondarondarondarondarondarondarondarondarondarondarondarondarondarondarondarondarondarondarondarondarondarondarondarondarondarondarondarondarondarondarondarondarondarondarondarondarondarondarondarondarondarondarondarondarondarondarondarondarondarondarondarondarondarondarondarondarondarondarondarondarondarondarondarondarondarondarondarondarondarondarondarondarondarondarondarondarondadm4fndm4fndm4fndm4fndm4fndm4fndm4fndm4fndm4fndm4fndm4fndm4fndm4fndm4fndm4fndm4fndm4fndm4fndm4fndm4fndm4fndm4fndm4fndm4fndm4fndm4fndm4fndm4fndm4fndm4fndm4fndm4fndm4fndm4fndm4fndm4fndm4fndm4fndm4fndm4fndm4fndm4fndm4fndm4fndm4fndm4fndm4fndm4fndm4fndm4fndm4fndm4fndm4fndm4fndm4fndm4fndm4fndm4fndm4fndm4fndm4fndm4fndm4fndm4fndm4fndm4fndm4fndm4fndm4fndm4fndm4fndm4fndm4fndm4fndm4fndm4fndm4fndm4fndm4fndm4fndm4fndm4fndm4fndm4fndm4fndm4fndm4fndm4fndm4fndm4fndm4fnsak2rhsak2rhsak2rhsak2rhsak2rhsak2rhsak2rhsak2rhsak2rhsak2rhsak2rhsak2rhsak2rhsak2rhsak2rhsak2rhsak2rhsak2rhsak2rhsak2rhsak2rhsak2rhsak2rhsak2rhsak2rhsak2rhsak2rhsak2rhsak2rhsak2rhsak2rhsak2rhsak2rhsak2rhsak2rhsak2rhsak2rhsak2rhsak2rhsak2rhsak2rhsak2rhsak2rhsak2rhsak2rhsak2rhsak2rhsak2rhsak2rhsak2rhsak2rhsak2rhsak2rhsak2rhsak2rhsak2rhsak2rhsak2rhsak2rhsak2rhsak2rhsak2rhsak2rhsak2rhsak2rhsak2rhsak2rhsak2rhsak2rhsak2rhsak2rhsak2rhsak2rhsak2rhsak2rhsak2rhsak2rhsak2rhsak2rhsak2rhsak2rhsak2rhsak2rhsak2rhsak2rhsak2rhsak2rhsak2rhsak2rhsak2rhsak2rhrondarondarondarondarondarondarondarondarondarondarondarondarondarondarondarondarondarondarondarondarondarondarondarondarondarondarondarondarondarondarondarondarondarondarondarondarondarondarondarondarondarondarondarondarondarondarondarondarondarondarondarondarondarondarondarondarondarondarondarondarondarondarondarondarondarondarondarondarondarondarondarondarondarondarondarondarondarondarondarondarondarondarondarondarondarondarondarondarondarondarondarondarondarondarondarondarondarondarondarondarondarondarondarondarondarondarondarondarondarondarondarondarondarondarondarondarondarondarondarondarondarondarondarondarondarondarondarondarondarondarondarondarondarondarondarondarondarondarondarondarondarondarondarondarondarondarondarondarondarondarondarondarondarondarondarondarondarondarondarondarondarondarondarondarondarondarondarondarondarondarondarondarondarondarondarondarondarondarondarondasak2rhsak2rhsak2rhsak2rhsak2rhsak2rhsak2rhsak2rhsak2rhsak2rhsak2rhsak2rhsak2rhsak2rhsak2rhsak2rhsak2rhsak2rhsak2rhsak2rhsak2rhsak2rhsak2rhsak2rhsak2rhsak2rhsak2rhsak2rhsak2rhsak2rhsak2rhsak2rhsak2rhsak2rhsak2rhsak2rhsak2rhsak2rhsak2rhsak2rhsak2rhsak2rhsak2rhsak2rhsak2rhsak2rhsak2rhsak2rhsak2rhsak2rhsak2rhsak2rhsak2rhsak2rhsak2rhsak2rhsak2rhsak2rhsak2rhsak2rhsak2rhsak2rhsak2rhsak2rhsak2rhsak2rhsak2rhsak2rhsak2rhsak2rhsak2rhsak2rhsak2rhsak2rhsak2rhsak2rhsak2rhsak2rhsak2rhsak2rhsak2rhsak2rhsak2rhsak2rhsak2rhsak2rhsak2rhsak2rhsak2rhsak2rhsak2rhfbt8pafbt8pafbt8pafbt8pafbt8pafbt8pafbt8pafbt8pafbt8pafbt8pafbt8pafbt8pafbt8pafbt8pafbt8pafbt8pafbt8pafbt8pafbt8pafbt8pafbt8pafbt8pafbt8pafbt8pafbt8pafbt8pafbt8pafbt8pafbt8pafbt8pafbt8pafbt8pafbt8pafbt8pafbt8pafbt8pafbt8pafbt8pafbt8pafbt8pafbt8pafbt8pafbt8pafbt8pafbt8pafbt8pafbt8pafbt8pafbt8pafbt8pafbt8pafbt8pafbt8pafbt8pafbt8pafbt8pafbt8pafbt8pafbt8pafbt8pafbt8pafbt8pafbt8pafbt8pafbt8pafbt8pafbt8pafbt8pafbt8pafbt8pafbt8pafbt8pafbt8pafbt8pafbt8pafbt8pafbt8pafbt8pafbt8pafbt8pafbt8pafbt8pafbt8pafbt8pafbt8pafbt8pafbt8pafbt8pafbt8pafbt8pafbt8pavai2fcvai2fcvai2fcvai2fcvai2fcvai2fcvai2fcvai2fcvai2fcvai2fcvai2fcvai2fcvai2fcvai2fcvai2fcvai2fcvai2fcvai2fcvai2fcvai2fcvai2fcvai2fcvai2fcvai2fcvai2fcvai2fcvai2fcvai2fcvai2fcvai2fcvai2fcvai2fcvai2fcvai2fcvai2fcvai2fcvai2fcvai2fcvai2fcvai2fcvai2fcvai2fcvai2fcvai2fcvai2fcvai2fcvai2fcvai2fcvai2fcvai2fcvai2fcvai2fcvai2fcvai2fcvai2fcvai2fcvai2fcvai2fcvai2fcvai2fcvai2fcvai2fcvai2fcvai2fcvai2fcvai2fcvai2fcvai2fcvai2fcvai2fcvai2fcvai2fcvai2fcvai2fcvai2fcvai2fcvai2fcvai2fcvai2fcvai2fcvai2fcvai2fcvai2fcvai2fcvai2fcvai2fcvai2fcvai2fcvai2fcvai2fcvai2fczes9bxzes9bxzes9bxzes9bxzes9bxzes9bxzes9bxzes9bxzes9bxzes9bxzes9bxzes9bxzes9bxzes9bxzes9bxzes9bxzes9bxzes9bxzes9bxzes9bxzes9bxzes9bxzes9bxzes9bxzes9bxzes9bxzes9bxzes9bxzes9bxzes9bxzes9bxzes9bxzes9bxzes9bxzes9bxzes9bxzes9bxzes9bxzes9bxzes9bxzes9bxzes9bxzes9bxzes9bxzes9bxzes9bxzes9bxzes9bxzes9bxzes9bxzes9bxzes9bxzes9bxzes9bxzes9bxzes9bxzes9bxzes9bxzes9bxzes9bxzes9bxzes9bxzes9bxzes9bxzes9bxzes9bxzes9bxzes9bxzes9bxzes9bxzes9bxzes9bxzes9bxzes9bxzes9bxzes9bxzes9bxzes9bxzes9bxzes9bxzes9bxzes9bxzes9bxzes9bxzes9bxzes9bxzes9bxzes9bxzes9bxzes9bxzes9bxebf2pxebf2pxebf2pxebf2pxebf2pxebf2pxebf2pxebf2pxebf2pxebf2pxebf2pxebf2pxebf2pxebf2pxebf2pxebf2pxebf2pxebf2pxebf2pxebf2pxebf2pxebf2pxebf2pxebf2pxebf2pxebf2pxebf2pxebf2pxebf2pxebf2pxebf2pxebf2pxebf2pxebf2pxebf2pxebf2pxebf2pxebf2pxebf2pxebf2pxebf2pxebf2pxebf2pxebf2pxebf2pxebf2pxebf2pxebf2pxebf2pxebf2pxebf2pxebf2pxebf2pxebf2pxebf2pxebf2pxebf2pxebf2pxebf2pxebf2pxebf2pxebf2pxebf2pxebf2pxebf2pxebf2pxebf2pxebf2pxebf2pxebf2pxebf2pxebf2pxebf2pxebf2pxebf2pxebf2pxebf2pxebf2pxebf2pxebf2pxebf2pxebf2pxebf2pxebf2pxebf2pxebf2pxebf2pxebf2pxebf2pxebf2pxebf2pxsak2rhsak2rhsak2rhsak2rhsak2rhsak2rhsak2rhsak2rhsak2rhsak2rhsak2rhsak2rhsak2rhsak2rhsak2rhsak2rhsak2rhsak2rhsak2rhsak2rhsak2rhsak2rhsak2rhsak2rhsak2rhsak2rhsak2rhsak2rhsak2rhsak2rhsak2rhsak2rhsak2rhsak2rhsak2rhsak2rhsak2rhsak2rhsak2rhsak2rhsak2rhsak2rhsak2rhsak2rhsak2rhsak2rhsak2rhsak2rhsak2rhsak2rhsak2rhsak2rhsak2rhsak2rhsak2rhsak2rhsak2rhsak2rhsak2rhsak2rhsak2rhsak2rhsak2rhsak2rhsak2rhsak2rhsak2rhsak2rhsak2rhsak2rhsak2rhsak2rhsak2rhsak2rhsak2rhsak2rhsak2rhsak2rhsak2rhsak2rhsak2rhsak2rhsak2rhsak2rhsak2rhsak2rhsak2rhsak2rhsak2rhsak2rhsak2rhcsb5tcsb5tcsb5tcsb5tcsb5tcsb5tcsb5tcsb5tcsb5tcsb5tcsb5tcsb5tcsb5tcsb5tcsb5tcsb5tcsb5tcsb5tcsb5tcsb5tcsb5tcsb5tcsb5tcsb5tcsb5tcsb5tcsb5tcsb5tcsb5tcsb5tcsb5tcsb5tcsb5tcsb5tcsb5tcsb5tcsb5tcsb5tcsb5tcsb5tcsb5tcsb5tcsb5tcsb5tcsb5tcsb5tcsb5tcsb5tcsb5tcsb5tcsb5tcsb5tcsb5tcsb5tcsb5tcsb5tcsb5tcsb5tcsb5tcsb5tcsb5tcsb5tcsb5tcsb5tcsb5tcsb5tcsb5tcsb5tcsb5tcsb5tcsb5tcsb5tcsb5tcsb5tcsb5tcsb5tcsb5tcsb5tcsb5tcsb5tcsb5tcsb5tcsb5tcsb5tcsb5tcsb5tcsb5tcsb5tcsb5tcsb5twsg4wwsg4wwsg4wwsg4wwsg4wwsg4wwsg4wwsg4wwsg4wwsg4wwsg4wwsg4wwsg4wwsg4wwsg4wwsg4wwsg4wwsg4wwsg4wwsg4wwsg4wwsg4wwsg4wwsg4wwsg4wwsg4wwsg4wwsg4wwsg4wwsg4wwsg4wwsg4wwsg4wwsg4wwsg4wwsg4wwsg4wwsg4wwsg4wwsg4wwsg4wwsg4wwsg4wwsg4wwsg4wwsg4wwsg4wwsg4wwsg4wwsg4wwsg4wwsg4wwsg4wwsg4wwsg4wwsg4wwsg4wwsg4wwsg4wwsg4wwsg4wwsg4wwsg4wwsg4wwsg4wwsg4wwsg4wwsg4wwsg4wwsg4wwsg4wwsg4wwsg4wwsg4wwsg4wwsg4wwsg4wwsg4wwsg4wwsg4wwsg4wwsg4wwsg4wwsg4wwsg4wwsg4wwsg4wwsg4wwsg4wwsg4wwsg4wdm4fndm4fndm4fndm4fndm4fndm4fndm4fndm4fndm4fndm4fndm4fndm4fndm4fndm4fndm4fndm4fndm4fndm4fndm4fndm4fndm4fndm4fndm4fndm4fndm4fndm4fndm4fndm4fndm4fndm4fndm4fndm4fndm4fndm4fndm4fndm4fndm4fndm4fndm4fndm4fndm4fndm4fndm4fndm4fndm4fndm4fndm4fndm4fndm4fndm4fndm4fndm4fndm4fndm4fndm4fndm4fndm4fndm4fndm4fndm4fndm4fndm4fndm4fndm4fndm4fndm4fndm4fndm4fndm4fndm4fndm4fndm4fndm4fndm4fndm4fndm4fndm4fndm4fndm4fndm4fndm4fndm4fndm4fndm4fndm4fndm4fndm4fndm4fndm4fndm4fndm4fnfbt8pafbt8pafbt8pafbt8pafbt8pafbt8pafbt8pafbt8pafbt8pafbt8pafbt8pafbt8pafbt8pafbt8pafbt8pafbt8pafbt8pafbt8pafbt8pafbt8pafbt8pafbt8pafbt8pafbt8pafbt8pafbt8pafbt8pafbt8pafbt8pafbt8pafbt8pafbt8pafbt8pafbt8pafbt8pafbt8pafbt8pafbt8pafbt8pafbt8pafbt8pafbt8pafbt8pafbt8pafbt8pafbt8pafbt8pafbt8pafbt8pafbt8pafbt8pafbt8pafbt8pafbt8pafbt8pafbt8pafbt8pafbt8pafbt8pafbt8pafbt8pafbt8pafbt8pafbt8pafbt8pafbt8pafbt8pafbt8pafbt8pafbt8pafbt8pafbt8pafbt8pafbt8pafbt8pafbt8pafbt8pafbt8pafbt8pafbt8pafbt8pafbt8pafbt8pafbt8pafbt8pafbt8pafbt8pafbt8pafbt8pafbt8pafbt8pakgj3tkgj3tkgj3tkgj3tkgj3tkgj3tkgj3tkgj3tkgj3tkgj3tkgj3tkgj3tkgj3tkgj3tkgj3tkgj3tkgj3tkgj3tkgj3tkgj3tkgj3tkgj3tkgj3tkgj3tkgj3tkgj3tkgj3tkgj3tkgj3tkgj3tkgj3tkgj3tkgj3tkgj3tkgj3tkgj3tkgj3tkgj3tkgj3tkgj3tkgj3tkgj3tkgj3tkgj3tkgj3tkgj3tkgj3tkgj3tkgj3tkgj3tkgj3tkgj3tkgj3tkgj3tkgj3tkgj3tkgj3tkgj3tkgj3tkgj3tkgj3tkgj3tkgj3tkgj3tkgj3tkgj3tkgj3tkgj3tkgj3tkgj3tkgj3tkgj3tkgj3tkgj3tkgj3tkgj3tkgj3tkgj3tkgj3tkgj3tkgj3tkgj3tkgj3tkgj3tkgj3tkgj3tkgj3tkgj3tkgj3tkgj3tkgj3terikdelucaerikdelucaerikdelucaerikdelucaerikdelucaerikdelucaerikdelucaerikdelucaerikdelucaerikdelucaerikdelucaerikdelucaerikdelucaerikdelucaerikdelucaerikdelucaerikdelucaerikdelucaerikdelucaerikdelucaerikdelucaerikdelucaerikdelucaerikdelucaerikdelucaerikdelucaerikdelucaerikdelucaerikdelucaerikdelucaerikdelucaerikdelucaerikdelucaerikdelucaerikdelucaerikdelucaerikdelucaerikdelucaerikdelucaerikdelucaerikdelucaerikdelucaerikdelucaerikdelucaerikdelucaerikdelucaerikdelucaerikdelucaerikdelucaerikdelucaerikdelucaerikdelucaerikdelucaerikdelucaerikdelucaerikdelucaerikdelucaerikdelucaerikdelucaerikdelucaerikdelucaerikdelucaerikdelucaerikdelucaerikdelucaerikdelucaerikdelucaerikdelucaerikdelucaerikdelucaerikdelucaerikdelucaerikdelucaerikdelucaerikdelucaerikdelucaerikdelucaerikdelucaerikdelucaerikdelucaerikdelucaerikdelucaerikdelucaerikdelucaerikdelucaerikdelucaerikdelucaerikdelucaerikdelucaerikdelucaerikdelucaerikdelucaerikdelucaerikdelucaerikdelucaerikdelucaerikdelucaerikdelucaerikdelucaerikdelucaerikdelucaerikdelucaerikdelucaerikdelucaerikdelucaerikdelucaerikdelucaerikdelucaerikdelucaerikdelucaerikdelucaerikdelucaerikdelucaerikdelucaerikdelucaerikdelucaerikdelucaerikdelucaerikdelucaerikdelucaerikdelucaerikdelucaerikdelucaerikdelucaerikdelucaerikdelucaerikdelucaerikdelucaerikdelucaerikdelucaerikdelucaerikdelucaerikdelucaerikdelucaerikdelucaerikdelucaerikdelucaerikdelucaerikdelucaerikdelucaerikdelucaerikdelucaerikdelucaerikdelucaerikdelucaerikdelucaerikdelucaerikdelucaerikdelucaerikdelucaerikdelucaerikdelucaerikdelucaerikdelucaerikdelucaerikdelucaerikdelucaerikdelucaerikdelucaerikdelucaerikdelucaerikdelucaerikdelucaerikdelucaerikdelucaerikdelucaerikdelucaerikdelucaerikdelucaerikdelucaerikdelucaerikdelucaerikdelucaerikdelucaerikdelucaerikdelucaerikdelucaerikdelucaerikdelucaerikdelucaerikdelucaerikdelucafbt8pafbt8pafbt8pafbt8pafbt8pafbt8pafbt8pafbt8pafbt8pafbt8pafbt8pafbt8pafbt8pafbt8pafbt8pafbt8pafbt8pafbt8pafbt8pafbt8pafbt8pafbt8pafbt8pafbt8pafbt8pafbt8pafbt8pafbt8pafbt8pafbt8pafbt8pafbt8pafbt8pafbt8pafbt8pafbt8pafbt8pafbt8pafbt8pafbt8pafbt8pafbt8pafbt8pafbt8pafbt8pafbt8pafbt8pafbt8pafbt8pafbt8pafbt8pafbt8pafbt8pafbt8pafbt8pafbt8pafbt8pafbt8pafbt8pafbt8pafbt8pafbt8pafbt8pafbt8pafbt8pafbt8pafbt8pafbt8pafbt8pafbt8pafbt8pafbt8pafbt8pafbt8pafbt8pafbt8pafbt8pafbt8pafbt8pafbt8pafbt8pafbt8pafbt8pafbt8pafbt8pafbt8pafbt8pafbt8pafbt8pafbt8pafbt8pafbt8pafbt8pafbt8pafbt8pafbt8pafbt8pafbt8pafbt8pafbt8pafbt8pafbt8pafbt8pafbt8pafbt8pafbt8pafbt8pafbt8pafbt8pafbt8pafbt8pafbt8pafbt8pafbt8pafbt8pafbt8pafbt8pafbt8pafbt8pafbt8pafbt8pafbt8pafbt8pafbt8pafbt8pafbt8pafbt8pafbt8pafbt8pafbt8pafbt8pafbt8pafbt8pafbt8pafbt8pafbt8pafbt8pafbt8pafbt8pafbt8pafbt8pafbt8pafbt8pafbt8pafbt8pafbt8pafbt8pafbt8pafbt8pafbt8pafbt8pafbt8pafbt8pafbt8pafbt8pafbt8pafbt8pafbt8pafbt8pafbt8pafbt8pafbt8pafbt8pafbt8pafbt8pafbt8pafbt8pafbt8pafbt8pafbt8pafbt8pafbt8pafbt8pafbt8pafbt8pafbt8pafbt8pafbt8pafbt8pafbt8pafbt8pafbt8pacsb5tcsb5tcsb5tcsb5tcsb5tcsb5tcsb5tcsb5tcsb5tcsb5tcsb5tcsb5tcsb5tcsb5tcsb5tcsb5tcsb5tcsb5tcsb5tcsb5tcsb5tcsb5tcsb5tcsb5tcsb5tcsb5tcsb5tcsb5tcsb5tcsb5tcsb5tcsb5tcsb5tcsb5tcsb5tcsb5tcsb5tcsb5tcsb5tcsb5tcsb5tcsb5tcsb5tcsb5tcsb5tcsb5tcsb5tcsb5tcsb5tcsb5tcsb5tcsb5tcsb5tcsb5tcsb5tcsb5tcsb5tcsb5tcsb5tcsb5tcsb5tcsb5tcsb5tcsb5tcsb5tcsb5tcsb5tcsb5tcsb5tcsb5tcsb5tcsb5tcsb5tcsb5tcsb5tcsb5tcsb5tcsb5tcsb5tcsb5tcsb5tcsb5tcsb5tcsb5tcsb5tcsb5tcsb5tcsb5tcsb5tcsb5tfbt8pafbt8pafbt8pafbt8pafbt8pafbt8pafbt8pafbt8pafbt8pafbt8pafbt8pafbt8pafbt8pafbt8pafbt8pafbt8pafbt8pafbt8pafbt8pafbt8pafbt8pafbt8pafbt8pafbt8pafbt8pafbt8pafbt8pafbt8pafbt8pafbt8pafbt8pafbt8pafbt8pafbt8pafbt8pafbt8pafbt8pafbt8pafbt8pafbt8pafbt8pafbt8pafbt8pafbt8pafbt8pafbt8pafbt8pafbt8pafbt8pafbt8pafbt8pafbt8pafbt8pafbt8pafbt8pafbt8pafbt8pafbt8pafbt8pafbt8pafbt8pafbt8pafbt8pafbt8pafbt8pafbt8pafbt8pafbt8pafbt8pafbt8pafbt8pafbt8pafbt8pafbt8pafbt8pafbt8pafbt8pafbt8pafbt8pafbt8pafbt8pafbt8pafbt8pafbt8pafbt8pafbt8pafbt8pafbt8pafbt8pafbt8pafbt8padcg6bdcg6bdcg6bdcg6bdcg6bdcg6bdcg6bdcg6bdcg6bdcg6bdcg6bdcg6bdcg6bdcg6bdcg6bdcg6bdcg6bdcg6bdcg6bdcg6bdcg6bdcg6bdcg6bdcg6bdcg6bdcg6bdcg6bdcg6bdcg6bdcg6bdcg6bdcg6bdcg6bdcg6bdcg6bdcg6bdcg6bdcg6bdcg6bdcg6bdcg6bdcg6bdcg6bdcg6bdcg6bdcg6bdcg6bdcg6bdcg6bdcg6bdcg6bdcg6bdcg6bdcg6bdcg6bdcg6bdcg6bdcg6bdcg6bdcg6bdcg6bdcg6bdcg6bdcg6bdcg6bdcg6bdcg6bdcg6bdcg6bdcg6bdcg6bdcg6bdcg6bdcg6bdcg6bdcg6bdcg6bdcg6bdcg6bdcg6bdcg6bdcg6bdcg6bdcg6bdcg6bdcg6bdcg6bdcg6bdcg6bdcg6bdcg6bfbt8pafbt8pafbt8pafbt8pafbt8pafbt8pafbt8pafbt8pafbt8pafbt8pafbt8pafbt8pafbt8pafbt8pafbt8pafbt8pafbt8pafbt8pafbt8pafbt8pafbt8pafbt8pafbt8pafbt8pafbt8pafbt8pafbt8pafbt8pafbt8pafbt8pafbt8pafbt8pafbt8pafbt8pafbt8pafbt8pafbt8pafbt8pafbt8pafbt8pafbt8pafbt8pafbt8pafbt8pafbt8pafbt8pafbt8pafbt8pafbt8pafbt8pafbt8pafbt8pafbt8pafbt8pafbt8pafbt8pafbt8pafbt8pafbt8pafbt8pafbt8pafbt8pafbt8pafbt8pafbt8pafbt8pafbt8pafbt8pafbt8pafbt8pafbt8pafbt8pafbt8pafbt8pafbt8pafbt8pafbt8pafbt8pafbt8pafbt8pafbt8pafbt8pafbt8pafbt8pafbt8pafbt8pafbt8pafbt8pafbt8pafbt8pafbt8palauralauralauralauralauralauralauralauralauralauralauralauralauralauralauralauralauralauralauralauralauralauralauralauralauralauralauralauralauralauralauralauralauralauralauralauralauralauralauralauralauralauralauralauralauralauralauralauralauralauralauralauralauralauralauralauralauralauralauralauralauralauralauralauralauralauralauralauralauralauralauralauralauralauralauralauralauralauralauralauralauralauralauralauralauralauralauralauralauralauralaurasak2rhsak2rhsak2rhsak2rhsak2rhsak2rhsak2rhsak2rhsak2rhsak2rhsak2rhsak2rhsak2rhsak2rhsak2rhsak2rhsak2rhsak2rhsak2rhsak2rhsak2rhsak2rhsak2rhsak2rhsak2rhsak2rhsak2rhsak2rhsak2rhsak2rhsak2rhsak2rhsak2rhsak2rhsak2rhsak2rhsak2rhsak2rhsak2rhsak2rhsak2rhsak2rhsak2rhsak2rhsak2rhsak2rhsak2rhsak2rhsak2rhsak2rhsak2rhsak2rhsak2rhsak2rhsak2rhsak2rhsak2rhsak2rhsak2rhsak2rhsak2rhsak2rhsak2rhsak2rhsak2rhsak2rhsak2rhsak2rhsak2rhsak2rhsak2rhsak2rhsak2rhsak2rhsak2rhsak2rhsak2rhsak2rhsak2rhsak2rhsak2rhsak2rhsak2rhsak2rhsak2rhsak2rhsak2rhsak2rhsak2rhsak2rhsak2rhrondarondarondarondarondarondarondarondarondarondarondarondarondarondarondarondarondarondarondarondarondarondarondarondarondarondarondarondarondarondarondarondarondarondarondarondarondarondarondarondarondarondarondarondarondarondarondarondarondarondarondarondarondarondarondarondarondarondarondarondarondarondarondarondarondarondarondarondarondarondarondarondarondarondarondarondarondarondarondarondarondarondarondarondarondarondarondarondarondarondarondarondarondarondarondarondarondarondarondarondarondarondarondarondarondarondarondarondarondarondarondarondarondarondarondarondarondarondarondarondarondarondarondarondarondarondarondarondarondarondarondarondarondarondarondarondarondarondarondarondarondarondarondarondarondarondarondarondarondarondarondarondarondarondarondarondarondarondarondarondarondarondarondarondarondarondarondarondarondarondarondarondarondarondarondarondarondarondarondarondasak2rhsak2rhsak2rhsak2rhsak2rhsak2rhsak2rhsak2rhsak2rhsak2rhsak2rhsak2rhsak2rhsak2rhsak2rhsak2rhsak2rhsak2rhsak2rhsak2rhsak2rhsak2rhsak2rhsak2rhsak2rhsak2rhsak2rhsak2rhsak2rhsak2rhsak2rhsak2rhsak2rhsak2rhsak2rhsak2rhsak2rhsak2rhsak2rhsak2rhsak2rhsak2rhsak2rhsak2rhsak2rhsak2rhsak2rhsak2rhsak2rhsak2rhsak2rhsak2rhsak2rhsak2rhsak2rhsak2rhsak2rhsak2rhsak2rhsak2rhsak2rhsak2rhsak2rhsak2rhsak2rhsak2rhsak2rhsak2rhsak2rhsak2rhsak2rhsak2rhsak2rhsak2rhsak2rhsak2rhsak2rhsak2rhsak2rhsak2rhsak2rhsak2rhsak2rhsak2rhsak2rhsak2rhsak2rhsak2rhsak2rhsak2rhsak2rhdm4fndm4fndm4fndm4fndm4fndm4fndm4fndm4fndm4fndm4fndm4fndm4fndm4fndm4fndm4fndm4fndm4fndm4fndm4fndm4fndm4fndm4fndm4fndm4fndm4fndm4fndm4fndm4fndm4fndm4fndm4fndm4fndm4fndm4fndm4fndm4fndm4fndm4fndm4fndm4fndm4fndm4fndm4fndm4fndm4fndm4fndm4fndm4fndm4fndm4fndm4fndm4fndm4fndm4fndm4fndm4fndm4fndm4fndm4fndm4fndm4fndm4fndm4fndm4fndm4fndm4fndm4fndm4fndm4fndm4fndm4fndm4fndm4fndm4fndm4fndm4fndm4fndm4fndm4fndm4fndm4fndm4fndm4fndm4fndm4fndm4fndm4fndm4fndm4fndm4fndm4fnpurdompurdompurdompurdompurdompurdompurdompurdompurdompurdompurdompurdompurdompurdompurdompurdompurdompurdompurdompurdompurdompurdompurdompurdompurdompurdompurdompurdompurdompurdompurdompurdompurdompurdompurdompurdompurdompurdompurdompurdompurdompurdompurdompurdompurdompurdompurdompurdompurdompurdompurdompurdompurdompurdompurdompurdompurdompurdompurdompurdompurdompurdompurdompurdompurdompurdompurdompurdompurdompurdompurdompurdompurdompurdompurdompurdompurdompurdompurdompurdompurdompurdompurdompurdompurdompurdompurdompurdompurdompurdomvai2fcvai2fcvai2fcvai2fcvai2fcvai2fcvai2fcvai2fcvai2fcvai2fcvai2fcvai2fcvai2fcvai2fcvai2fcvai2fcvai2fcvai2fcvai2fcvai2fcvai2fcvai2fcvai2fcvai2fcvai2fcvai2fcvai2fcvai2fcvai2fcvai2fcvai2fcvai2fcvai2fcvai2fcvai2fcvai2fcvai2fcvai2fcvai2fcvai2fcvai2fcvai2fcvai2fcvai2fcvai2fcvai2fcvai2fcvai2fcvai2fcvai2fcvai2fcvai2fcvai2fcvai2fcvai2fcvai2fcvai2fcvai2fcvai2fcvai2fcvai2fcvai2fcvai2fcvai2fcvai2fcvai2fcvai2fcvai2fcvai2fcvai2fcvai2fcvai2fcvai2fcvai2fcvai2fcvai2fcvai2fcvai2fcvai2fcvai2fcvai2fcvai2fcvai2fcvai2fcvai2fcvai2fcvai2fcvai2fcvai2fcvai2fcvai2fcsak2rhsak2rhsak2rhsak2rhsak2rhsak2rhsak2rhsak2rhsak2rhsak2rhsak2rhsak2rhsak2rhsak2rhsak2rhsak2rhsak2rhsak2rhsak2rhsak2rhsak2rhsak2rhsak2rhsak2rhsak2rhsak2rhsak2rhsak2rhsak2rhsak2rhsak2rhsak2rhsak2rhsak2rhsak2rhsak2rhsak2rhsak2rhsak2rhsak2rhsak2rhsak2rhsak2rhsak2rhsak2rhsak2rhsak2rhsak2rhsak2rhsak2rhsak2rhsak2rhsak2rhsak2rhsak2rhsak2rhsak2rhsak2rhsak2rhsak2rhsak2rhsak2rhsak2rhsak2rhsak2rhsak2rhsak2rhsak2rhsak2rhsak2rhsak2rhsak2rhsak2rhsak2rhsak2rhsak2rhsak2rhsak2rhsak2rhsak2rhsak2rhsak2rhsak2rhsak2rhsak2rhsak2rhsak2rhsak2rhsak2rhsak2rhsak2rhpurdompurdompurdompurdompurdompurdompurdompurdompurdompurdompurdompurdompurdompurdompurdompurdompurdompurdompurdompurdompurdompurdompurdompurdompurdompurdompurdompurdompurdompurdompurdompurdompurdompurdompurdompurdompurdompurdompurdompurdompurdompurdompurdompurdompurdompurdompurdompurdompurdompurdompurdompurdompurdompurdompurdompurdompurdompurdompurdompurdompurdompurdompurdompurdompurdompurdompurdompurdompurdompurdompurdompurdompurdompurdompurdompurdompurdompurdompurdompurdompurdompurdompurdompurdompurdompurdompurdompurdompurdompurdompurdompurdompurdompurdompurdompurdompurdompurdompurdompurdompurdompurdompurdompurdompurdompurdompurdompurdompurdompurdompurdompurdompurdompurdompurdompurdompurdompurdompurdompurdompurdompurdompurdompurdompurdompurdompurdompurdompurdompurdompurdompurdompurdompurdompurdompurdompurdompurdompurdompurdompurdompurdompurdompurdompurdompurdompurdompurdompurdompurdompurdompurdompurdompurdompurdompurdompurdompurdompurdompurdompurdompurdompurdompurdompurdompurdompurdompurdompurdompurdompurdompurdompurdompurdompurdompurdompurdompurdompurdompurdomerikdelucaerikdelucaerikdelucaerikdelucaerikdelucaerikdelucaerikdelucaerikdelucaerikdelucaerikdelucaerikdelucaerikdelucaerikdelucaerikdelucaerikdelucaerikdelucaerikdelucaerikdelucaerikdelucaerikdelucaerikdelucaerikdelucaerikdelucaerikdelucaerikdelucaerikdelucaerikdelucaerikdelucaerikdelucaerikdelucaerikdelucaerikdelucaerikdelucaerikdelucaerikdelucaerikdelucaerikdelucaerikdelucaerikdelucaerikdelucaerikdelucaerikdelucaerikdelucaerikdelucaerikdelucaerikdelucaerikdelucaerikdelucaerikdelucaerikdelucaerikdelucaerikdelucaerikdelucaerikdelucaerikdelucaerikdelucaerikdelucaerikdelucaerikdelucaerikdelucaerikdelucaerikdelucaerikdelucaerikdelucaerikdelucaerikdelucaerikdelucaerikdelucaerikdelucaerikdelucaerikdelucaerikdelucaerikdelucaerikdelucaerikdelucaerikdelucaerikdelucaerikdelucaerikdelucaerikdelucaerikdelucaerikdelucaerikdelucaerikdelucaerikdelucaerikdelucaerikdelucaerikdelucaerikdelucaerikdelucaerikdelucaerr8nerr8nerr8nerr8nerr8nerr8nerr8nerr8nerr8nerr8nerr8nerr8nerr8nerr8nerr8nerr8nerr8nerr8nerr8nerr8nerr8nerr8nerr8nerr8nerr8nerr8nerr8nerr8nerr8nerr8nerr8nerr8nerr8nerr8nerr8nerr8nerr8nerr8nerr8nerr8nerr8nerr8nerr8nerr8nerr8nerr8nerr8nerr8nerr8nerr8nerr8nerr8nerr8nerr8nerr8nerr8nerr8nerr8nerr8nerr8nerr8nerr8nerr8nerr8nerr8nerr8nerr8nerr8nerr8nerr8nerr8nerr8nerr8nerr8nerr8nerr8nerr8nerr8nerr8nerr8nerr8nerr8nerr8nerr8nerr8nerr8nerr8nerr8nerr8nerr8nerr8nsak2rhsak2rhsak2rhsak2rhsak2rhsak2rhsak2rhsak2rhsak2rhsak2rhsak2rhsak2rhsak2rhsak2rhsak2rhsak2rhsak2rhsak2rhsak2rhsak2rhsak2rhsak2rhsak2rhsak2rhsak2rhsak2rhsak2rhsak2rhsak2rhsak2rhsak2rhsak2rhsak2rhsak2rhsak2rhsak2rhsak2rhsak2rhsak2rhsak2rhsak2rhsak2rhsak2rhsak2rhsak2rhsak2rhsak2rhsak2rhsak2rhsak2rhsak2rhsak2rhsak2rhsak2rhsak2rhsak2rhsak2rhsak2rhsak2rhsak2rhsak2rhsak2rhsak2rhsak2rhsak2rhsak2rhsak2rhsak2rhsak2rhsak2rhsak2rhsak2rhsak2rhsak2rhsak2rhsak2rhsak2rhsak2rhsak2rhsak2rhsak2rhsak2rhsak2rhsak2rhsak2rhsak2rhsak2rhsak2rhsak2rhsak2rhsak2rhlauralauralauralauralauralauralauralauralauralauralauralauralauralauralauralauralauralauralauralauralauralauralauralauralauralauralauralauralauralauralauralauralauralauralauralauralauralauralauralauralauralauralauralauralauralauralauralauralauralauralauralauralauralauralauralauralauralauralauralauralauralauralauralauralauralauralauralauralauralauralauralauralauralauralauralauralauralauralauralauralauralauralauralauralauralauralauralauralauralauralauraerikdelucaerikdelucaerikdelucaerikdelucaerikdelucaerikdelucaerikdelucaerikdelucaerikdelucaerikdelucaerikdelucaerikdelucaerikdelucaerikdelucaerikdelucaerikdelucaerikdelucaerikdelucaerikdelucaerikdelucaerikdelucaerikdelucaerikdelucaerikdelucaerikdelucaerikdelucaerikdelucaerikdelucaerikdelucaerikdelucaerikdelucaerikdelucaerikdelucaerikdelucaerikdelucaerikdelucaerikdelucaerikdelucaerikdelucaerikdelucaerikdelucaerikdelucaerikdelucaerikdelucaerikdelucaerikdelucaerikdelucaerikdelucaerikdelucaerikdelucaerikdelucaerikdelucaerikdelucaerikdelucaerikdelucaerikdelucaerikdelucaerikdelucaerikdelucaerikdelucaerikdelucaerikdelucaerikdelucaerikdelucaerikdelucaerikdelucaerikdelucaerikdelucaerikdelucaerikdelucaerikdelucaerikdelucaerikdelucaerikdelucaerikdelucaerikdelucaerikdelucaerikdelucaerikdelucaerikdelucaerikdelucaerikdelucaerikdelucaerikdelucaerikdelucaerikdelucaerikdelucaerikdelucaerikdelucaerikdelucaerikdelucazes9bxzes9bxzes9bxzes9bxzes9bxzes9bxzes9bxzes9bxzes9bxzes9bxzes9bxzes9bxzes9bxzes9bxzes9bxzes9bxzes9bxzes9bxzes9bxzes9bxzes9bxzes9bxzes9bxzes9bxzes9bxzes9bxzes9bxzes9bxzes9bxzes9bxzes9bxzes9bxzes9bxzes9bxzes9bxzes9bxzes9bxzes9bxzes9bxzes9bxzes9bxzes9bxzes9bxzes9bxzes9bxzes9bxzes9bxzes9bxzes9bxzes9bxzes9bxzes9bxzes9bxzes9bxzes9bxzes9bxzes9bxzes9bxzes9bxzes9bxzes9bxzes9bxzes9bxzes9bxzes9bxzes9bxzes9bxzes9bxzes9bxzes9bxzes9bxzes9bxzes9bxzes9bxzes9bxzes9bxzes9bxzes9bxzes9bxzes9bxzes9bxzes9bxzes9bxzes9bxzes9bxzes9bxzes9bxzes9bxzes9bxzes9bxzes9bxsak2rhsak2rhsak2rhsak2rhsak2rhsak2rhsak2rhsak2rhsak2rhsak2rhsak2rhsak2rhsak2rhsak2rhsak2rhsak2rhsak2rhsak2rhsak2rhsak2rhsak2rhsak2rhsak2rhsak2rhsak2rhsak2rhsak2rhsak2rhsak2rhsak2rhsak2rhsak2rhsak2rhsak2rhsak2rhsak2rhsak2rhsak2rhsak2rhsak2rhsak2rhsak2rhsak2rhsak2rhsak2rhsak2rhsak2rhsak2rhsak2rhsak2rhsak2rhsak2rhsak2rhsak2rhsak2rhsak2rhsak2rhsak2rhsak2rhsak2rhsak2rhsak2rhsak2rhsak2rhsak2rhsak2rhsak2rhsak2rhsak2rhsak2rhsak2rhsak2rhsak2rhsak2rhsak2rhsak2rhsak2rhsak2rhsak2rhsak2rhsak2rhsak2rhsak2rhsak2rhsak2rhsak2rhsak2rhsak2rhsak2rhsak2rhsak2rhzes9bxzes9bxzes9bxzes9bxzes9bxzes9bxzes9bxzes9bxzes9bxzes9bxzes9bxzes9bxzes9bxzes9bxzes9bxzes9bxzes9bxzes9bxzes9bxzes9bxzes9bxzes9bxzes9bxzes9bxzes9bxzes9bxzes9bxzes9bxzes9bxzes9bxzes9bxzes9bxzes9bxzes9bxzes9bxzes9bxzes9bxzes9bxzes9bxzes9bxzes9bxzes9bxzes9bxzes9bxzes9bxzes9bxzes9bxzes9bxzes9bxzes9bxzes9bxzes9bxzes9bxzes9bxzes9bxzes9bxzes9bxzes9bxzes9bxzes9bxzes9bxzes9bxzes9bxzes9bxzes9bxzes9bxzes9bxzes9bxzes9bxzes9bxzes9bxzes9bxzes9bxzes9bxzes9bxzes9bxzes9bxzes9bxzes9bxzes9bxzes9bxzes9bxzes9bxzes9bxzes9bxzes9bxzes9bxzes9bxzes9bxzes9bxzes9bxdm4fndm4fndm4fndm4fndm4fndm4fndm4fndm4fndm4fndm4fndm4fndm4fndm4fndm4fndm4fndm4fndm4fndm4fndm4fndm4fndm4fndm4fndm4fndm4fndm4fndm4fndm4fndm4fndm4fndm4fndm4fndm4fndm4fndm4fndm4fndm4fndm4fndm4fndm4fndm4fndm4fndm4fndm4fndm4fndm4fndm4fndm4fndm4fndm4fndm4fndm4fndm4fndm4fndm4fndm4fndm4fndm4fndm4fndm4fndm4fndm4fndm4fndm4fndm4fndm4fndm4fndm4fndm4fndm4fndm4fndm4fndm4fndm4fndm4fndm4fndm4fndm4fndm4fndm4fndm4fndm4fndm4fndm4fndm4fndm4fndm4fndm4fndm4fndm4fndm4fndm4fnfbt8pafbt8pafbt8pafbt8pafbt8pafbt8pafbt8pafbt8pafbt8pafbt8pafbt8pafbt8pafbt8pafbt8pafbt8pafbt8pafbt8pafbt8pafbt8pafbt8pafbt8pafbt8pafbt8pafbt8pafbt8pafbt8pafbt8pafbt8pafbt8pafbt8pafbt8pafbt8pafbt8pafbt8pafbt8pafbt8pafbt8pafbt8pafbt8pafbt8pafbt8pafbt8pafbt8pafbt8pafbt8pafbt8pafbt8pafbt8pafbt8pafbt8pafbt8pafbt8pafbt8pafbt8pafbt8pafbt8pafbt8pafbt8pafbt8pafbt8pafbt8pafbt8pafbt8pafbt8pafbt8pafbt8pafbt8pafbt8pafbt8pafbt8pafbt8pafbt8pafbt8pafbt8pafbt8pafbt8pafbt8pafbt8pafbt8pafbt8pafbt8pafbt8pafbt8pafbt8pafbt8pafbt8pafbt8pafbt8pafbt8pafbt8pafbt8palauralauralauralauralauralauralauralauralauralauralauralauralauralauralauralauralauralauralauralauralauralauralauralauralauralauralauralauralauralauralauralauralauralauralauralauralauralauralauralauralauralauralauralauralauralauralauralauralauralauralauralauralauralauralauralauralauralauralauralauralauralauralauralauralauralauralauralauralauralauralauralauralauralauralauralauralauralauralauralauralauralauralauralauralauralauralauralauralauralauralaurasak2rhsak2rhsak2rhsak2rhsak2rhsak2rhsak2rhsak2rhsak2rhsak2rhsak2rhsak2rhsak2rhsak2rhsak2rhsak2rhsak2rhsak2rhsak2rhsak2rhsak2rhsak2rhsak2rhsak2rhsak2rhsak2rhsak2rhsak2rhsak2rhsak2rhsak2rhsak2rhsak2rhsak2rhsak2rhsak2rhsak2rhsak2rhsak2rhsak2rhsak2rhsak2rhsak2rhsak2rhsak2rhsak2rhsak2rhsak2rhsak2rhsak2rhsak2rhsak2rhsak2rhsak2rhsak2rhsak2rhsak2rhsak2rhsak2rhsak2rhsak2rhsak2rhsak2rhsak2rhsak2rhsak2rhsak2rhsak2rhsak2rhsak2rhsak2rhsak2rhsak2rhsak2rhsak2rhsak2rhsak2rhsak2rhsak2rhsak2rhsak2rhsak2rhsak2rhsak2rhsak2rhsak2rhsak2rhsak2rhsak2rhsak2rhsak2rhvai2fcvai2fcvai2fcvai2fcvai2fcvai2fcvai2fcvai2fcvai2fcvai2fcvai2fcvai2fcvai2fcvai2fcvai2fcvai2fcvai2fcvai2fcvai2fcvai2fcvai2fcvai2fcvai2fcvai2fcvai2fcvai2fcvai2fcvai2fcvai2fcvai2fcvai2fcvai2fcvai2fcvai2fcvai2fcvai2fcvai2fcvai2fcvai2fcvai2fcvai2fcvai2fcvai2fcvai2fcvai2fcvai2fcvai2fcvai2fcvai2fcvai2fcvai2fcvai2fcvai2fcvai2fcvai2fcvai2fcvai2fcvai2fcvai2fcvai2fcvai2fcvai2fcvai2fcvai2fcvai2fcvai2fcvai2fcvai2fcvai2fcvai2fcvai2fcvai2fcvai2fcvai2fcvai2fcvai2fcvai2fcvai2fcvai2fcvai2fcvai2fcvai2fcvai2fcvai2fcvai2fcvai2fcvai2fcvai2fcvai2fcvai2fcvai2fcsak2rhsak2rhsak2rhsak2rhsak2rhsak2rhsak2rhsak2rhsak2rhsak2rhsak2rhsak2rhsak2rhsak2rhsak2rhsak2rhsak2rhsak2rhsak2rhsak2rhsak2rhsak2rhsak2rhsak2rhsak2rhsak2rhsak2rhsak2rhsak2rhsak2rhsak2rhsak2rhsak2rhsak2rhsak2rhsak2rhsak2rhsak2rhsak2rhsak2rhsak2rhsak2rhsak2rhsak2rhsak2rhsak2rhsak2rhsak2rhsak2rhsak2rhsak2rhsak2rhsak2rhsak2rhsak2rhsak2rhsak2rhsak2rhsak2rhsak2rhsak2rhsak2rhsak2rhsak2rhsak2rhsak2rhsak2rhsak2rhsak2rhsak2rhsak2rhsak2rhsak2rhsak2rhsak2rhsak2rhsak2rhsak2rhsak2rhsak2rhsak2rhsak2rhsak2rhsak2rhsak2rhsak2rhsak2rhsak2rhsak2rhsak2rhsak2rhdm4fndm4fndm4fndm4fndm4fndm4fndm4fndm4fndm4fndm4fndm4fndm4fndm4fndm4fndm4fndm4fndm4fndm4fndm4fndm4fndm4fndm4fndm4fndm4fndm4fndm4fndm4fndm4fndm4fndm4fndm4fndm4fndm4fndm4fndm4fndm4fndm4fndm4fndm4fndm4fndm4fndm4fndm4fndm4fndm4fndm4fndm4fndm4fndm4fndm4fndm4fndm4fndm4fndm4fndm4fndm4fndm4fndm4fndm4fndm4fndm4fndm4fndm4fndm4fndm4fndm4fndm4fndm4fndm4fndm4fndm4fndm4fndm4fndm4fndm4fndm4fndm4fndm4fndm4fndm4fndm4fndm4fndm4fndm4fndm4fndm4fndm4fndm4fndm4fndm4fndm4fndm4fndm4fndm4fndm4fndm4fndm4fndm4fndm4fndm4fndm4fndm4fndm4fndm4fndm4fndm4fndm4fndm4fndm4fndm4fndm4fndm4fndm4fndm4fndm4fndm4fndm4fndm4fndm4fndm4fndm4fndm4fndm4fndm4fndm4fndm4fndm4fndm4fndm4fndm4fndm4fndm4fndm4fndm4fndm4fndm4fndm4fndm4fndm4fndm4fndm4fndm4fndm4fndm4fndm4fndm4fndm4fndm4fndm4fndm4fndm4fndm4fndm4fndm4fndm4fndm4fndm4fndm4fndm4fndm4fndm4fndm4fndm4fndm4fndm4fndm4fndm4fndm4fndm4fndm4fndm4fndm4fndm4fndm4fndm4fndm4fndm4fndm4fndm4fndm4fndm4fndm4fnsak2rhsak2rhsak2rhsak2rhsak2rhsak2rhsak2rhsak2rhsak2rhsak2rhsak2rhsak2rhsak2rhsak2rhsak2rhsak2rhsak2rhsak2rhsak2rhsak2rhsak2rhsak2rhsak2rhsak2rhsak2rhsak2rhsak2rhsak2rhsak2rhsak2rhsak2rhsak2rhsak2rhsak2rhsak2rhsak2rhsak2rhsak2rhsak2rhsak2rhsak2rhsak2rhsak2rhsak2rhsak2rhsak2rhsak2rhsak2rhsak2rhsak2rhsak2rhsak2rhsak2rhsak2rhsak2rhsak2rhsak2rhsak2rhsak2rhsak2rhsak2rhsak2rhsak2rhsak2rhsak2rhsak2rhsak2rhsak2rhsak2rhsak2rhsak2rhsak2rhsak2rhsak2rhsak2rhsak2rhsak2rhsak2rhsak2rhsak2rhsak2rhsak2rhsak2rhsak2rhsak2rhsak2rhsak2rhsak2rhsak2rhsak2rhsak2rhdm4fndm4fndm4fndm4fndm4fndm4fndm4fndm4fndm4fndm4fndm4fndm4fndm4fndm4fndm4fndm4fndm4fndm4fndm4fndm4fndm4fndm4fndm4fndm4fndm4fndm4fndm4fndm4fndm4fndm4fndm4fndm4fndm4fndm4fndm4fndm4fndm4fndm4fndm4fndm4fndm4fndm4fndm4fndm4fndm4fndm4fndm4fndm4fndm4fndm4fndm4fndm4fndm4fndm4fndm4fndm4fndm4fndm4fndm4fndm4fndm4fndm4fndm4fndm4fndm4fndm4fndm4fndm4fndm4fndm4fndm4fndm4fndm4fndm4fndm4fndm4fndm4fndm4fndm4fndm4fndm4fndm4fndm4fndm4fndm4fndm4fndm4fndm4fndm4fndm4fndm4fndm4fndm4fndm4fndm4fndm4fndm4fndm4fndm4fndm4fndm4fndm4fndm4fndm4fndm4fndm4fndm4fndm4fndm4fndm4fndm4fndm4fndm4fndm4fndm4fndm4fndm4fndm4fndm4fndm4fndm4fndm4fndm4fndm4fndm4fndm4fndm4fndm4fndm4fndm4fndm4fndm4fndm4fndm4fndm4fndm4fndm4fndm4fndm4fndm4fndm4fndm4fndm4fndm4fndm4fndm4fndm4fndm4fndm4fndm4fndm4fndm4fndm4fndm4fndm4fndm4fndm4fndm4fndm4fndm4fndm4fndm4fndm4fndm4fndm4fndm4fndm4fndm4fndm4fndm4fndm4fndm4fndm4fndm4fndm4fndm4fndm4fndm4fndm4fndm4fndm4fndm4fnvai2fcvai2fcvai2fcvai2fcvai2fcvai2fcvai2fcvai2fcvai2fcvai2fcvai2fcvai2fcvai2fcvai2fcvai2fcvai2fcvai2fcvai2fcvai2fcvai2fcvai2fcvai2fcvai2fcvai2fcvai2fcvai2fcvai2fcvai2fcvai2fcvai2fcvai2fcvai2fcvai2fcvai2fcvai2fcvai2fcvai2fcvai2fcvai2fcvai2fcvai2fcvai2fcvai2fcvai2fcvai2fcvai2fcvai2fcvai2fcvai2fcvai2fcvai2fcvai2fcvai2fcvai2fcvai2fcvai2fcvai2fcvai2fcvai2fcvai2fcvai2fcvai2fcvai2fcvai2fcvai2fcvai2fcvai2fcvai2fcvai2fcvai2fcvai2fcvai2fcvai2fcvai2fcvai2fcvai2fcvai2fcvai2fcvai2fcvai2fcvai2fcvai2fcvai2fcvai2fcvai2fcvai2fcvai2fcvai2fcvai2fcvai2fcvai2fcpurdompurdompurdompurdompurdompurdompurdompurdompurdompurdompurdompurdompurdompurdompurdompurdompurdompurdompurdompurdompurdompurdompurdompurdompurdompurdompurdompurdompurdompurdompurdompurdompurdompurdompurdompurdompurdompurdompurdompurdompurdompurdompurdompurdompurdompurdompurdompurdompurdompurdompurdompurdompurdompurdompurdompurdompurdompurdompurdompurdompurdompurdompurdompurdompurdompurdompurdompurdompurdompurdompurdompurdompurdompurdompurdompurdompurdompurdompurdompurdompurdompurdompurdompurdompurdompurdompurdompurdompurdompurdomlauralauralauralauralauralauralauralauralauralauralauralauralauralauralauralauralauralauralauralauralauralauralauralauralauralauralauralauralauralauralauralauralauralauralauralauralauralauralauralauralauralauralauralauralauralauralauralauralauralauralauralauralauralauralauralauralauralauralauralauralauralauralauralauralauralauralauralauralauralauralauralauralauralauralauralauralauralauralauralauralauralauralauralauralauralauralauralauralauralauralaurafbt8pafbt8pafbt8pafbt8pafbt8pafbt8pafbt8pafbt8pafbt8pafbt8pafbt8pafbt8pafbt8pafbt8pafbt8pafbt8pafbt8pafbt8pafbt8pafbt8pafbt8pafbt8pafbt8pafbt8pafbt8pafbt8pafbt8pafbt8pafbt8pafbt8pafbt8pafbt8pafbt8pafbt8pafbt8pafbt8pafbt8pafbt8pafbt8pafbt8pafbt8pafbt8pafbt8pafbt8pafbt8pafbt8pafbt8pafbt8pafbt8pafbt8pafbt8pafbt8pafbt8pafbt8pafbt8pafbt8pafbt8pafbt8pafbt8pafbt8pafbt8pafbt8pafbt8pafbt8pafbt8pafbt8pafbt8pafbt8pafbt8pafbt8pafbt8pafbt8pafbt8pafbt8pafbt8pafbt8pafbt8pafbt8pafbt8pafbt8pafbt8pafbt8pafbt8pafbt8pafbt8pafbt8pafbt8pafbt8pafbt8pafbt8pafbt8pasak2rhsak2rhsak2rhsak2rhsak2rhsak2rhsak2rhsak2rhsak2rhsak2rhsak2rhsak2rhsak2rhsak2rhsak2rhsak2rhsak2rhsak2rhsak2rhsak2rhsak2rhsak2rhsak2rhsak2rhsak2rhsak2rhsak2rhsak2rhsak2rhsak2rhsak2rhsak2rhsak2rhsak2rhsak2rhsak2rhsak2rhsak2rhsak2rhsak2rhsak2rhsak2rhsak2rhsak2rhsak2rhsak2rhsak2rhsak2rhsak2rhsak2rhsak2rhsak2rhsak2rhsak2rhsak2rhsak2rhsak2rhsak2rhsak2rhsak2rhsak2rhsak2rhsak2rhsak2rhsak2rhsak2rhsak2rhsak2rhsak2rhsak2rhsak2rhsak2rhsak2rhsak2rhsak2rhsak2rhsak2rhsak2rhsak2rhsak2rhsak2rhsak2rhsak2rhsak2rhsak2rhsak2rhsak2rhsak2rhsak2rhsak2rhsak2rhsak2rhsak2rhsak2rhsak2rhsak2rhsak2rhsak2rhsak2rhsak2rhsak2rhsak2rhsak2rhsak2rhsak2rhsak2rhsak2rhsak2rhsak2rhsak2rhsak2rhsak2rhsak2rhsak2rhsak2rhsak2rhsak2rhsak2rhsak2rhsak2rhsak2rhsak2rhsak2rhsak2rhsak2rhsak2rhsak2rhsak2rhsak2rhsak2rhsak2rhsak2rhsak2rhsak2rhsak2rhsak2rhsak2rhsak2rhsak2rhsak2rhsak2rhsak2rhsak2rhsak2rhsak2rhsak2rhsak2rhsak2rhsak2rhsak2rhsak2rhsak2rhsak2rhsak2rhsak2rhsak2rhsak2rhsak2rhsak2rhsak2rhsak2rhsak2rhsak2rhsak2rhsak2rhsak2rhsak2rhsak2rhsak2rhsak2rhsak2rhsak2rhsak2rhsak2rhsak2rhsak2rhsak2rhsak2rhsak2rhsak2rhsak2rhsak2rhsak2rhsak2rhsak2rhsak2rhsak2rhsak2rhsak2rhsak2rhsak2rhsak2rhsak2rhsak2rhsak2rhsak2rhsak2rhsak2rhsak2rhsak2rhsak2rhsak2rhsak2rhsak2rhsak2rhsak2rhsak2rhsak2rhsak2rhsak2rhsak2rhsak2rhsak2rhsak2rhsak2rhsak2rhsak2rhsak2rhsak2rhsak2rhsak2rhsak2rhsak2rhsak2rhsak2rhsak2rhsak2rhsak2rhsak2rhsak2rhsak2rhsak2rhsak2rhsak2rhsak2rhsak2rhsak2rhsak2rhsak2rhsak2rhsak2rhsak2rhsak2rhsak2rhsak2rhsak2rhsak2rhsak2rhsak2rhsak2rhsak2rhsak2rhsak2rhsak2rhsak2rhsak2rhsak2rhsak2rhsak2rhsak2rhsak2rhsak2rhsak2rhsak2rhsak2rhsak2rhsak2rhsak2rhsak2rhsak2rhsak2rhsak2rhsak2rhwsg4wwsg4wwsg4wwsg4wwsg4wwsg4wwsg4wwsg4wwsg4wwsg4wwsg4wwsg4wwsg4wwsg4wwsg4wwsg4wwsg4wwsg4wwsg4wwsg4wwsg4wwsg4wwsg4wwsg4wwsg4wwsg4wwsg4wwsg4wwsg4wwsg4wwsg4wwsg4wwsg4wwsg4wwsg4wwsg4wwsg4wwsg4wwsg4wwsg4wwsg4wwsg4wwsg4wwsg4wwsg4wwsg4wwsg4wwsg4wwsg4wwsg4wwsg4wwsg4wwsg4wwsg4wwsg4wwsg4wwsg4wwsg4wwsg4wwsg4wwsg4wwsg4wwsg4wwsg4wwsg4wwsg4wwsg4wwsg4wwsg4wwsg4wwsg4wwsg4wwsg4wwsg4wwsg4wwsg4wwsg4wwsg4wwsg4wwsg4wwsg4wwsg4wwsg4wwsg4wwsg4wwsg4wwsg4wwsg4wwsg4wwsg4wwsg4wcsb5tcsb5tcsb5tcsb5tcsb5tcsb5tcsb5tcsb5tcsb5tcsb5tcsb5tcsb5tcsb5tcsb5tcsb5tcsb5tcsb5tcsb5tcsb5tcsb5tcsb5tcsb5tcsb5tcsb5tcsb5tcsb5tcsb5tcsb5tcsb5tcsb5tcsb5tcsb5tcsb5tcsb5tcsb5tcsb5tcsb5tcsb5tcsb5tcsb5tcsb5tcsb5tcsb5tcsb5tcsb5tcsb5tcsb5tcsb5tcsb5tcsb5tcsb5tcsb5tcsb5tcsb5tcsb5tcsb5tcsb5tcsb5tcsb5tcsb5tcsb5tcsb5tcsb5tcsb5tcsb5tcsb5tcsb5tcsb5tcsb5tcsb5tcsb5tcsb5tcsb5tcsb5tcsb5tcsb5tcsb5tcsb5tcsb5tcsb5tcsb5tcsb5tcsb5tcsb5tcsb5tcsb5tcsb5tcsb5tcsb5tcsb5tvai2fcvai2fcvai2fcvai2fcvai2fcvai2fcvai2fcvai2fcvai2fcvai2fcvai2fcvai2fcvai2fcvai2fcvai2fcvai2fcvai2fcvai2fcvai2fcvai2fcvai2fcvai2fcvai2fcvai2fcvai2fcvai2fcvai2fcvai2fcvai2fcvai2fcvai2fcvai2fcvai2fcvai2fcvai2fcvai2fcvai2fcvai2fcvai2fcvai2fcvai2fcvai2fcvai2fcvai2fcvai2fcvai2fcvai2fcvai2fcvai2fcvai2fcvai2fcvai2fcvai2fcvai2fcvai2fcvai2fcvai2fcvai2fcvai2fcvai2fcvai2fcvai2fcvai2fcvai2fcvai2fcvai2fcvai2fcvai2fcvai2fcvai2fcvai2fcvai2fcvai2fcvai2fcvai2fcvai2fcvai2fcvai2fcvai2fcvai2fcvai2fcvai2fcvai2fcvai2fcvai2fcvai2fcvai2fcvai2fcvai2fcvai2fcvai2fczes9bxzes9bxzes9bxzes9bxzes9bxzes9bxzes9bxzes9bxzes9bxzes9bxzes9bxzes9bxzes9bxzes9bxzes9bxzes9bxzes9bxzes9bxzes9bxzes9bxzes9bxzes9bxzes9bxzes9bxzes9bxzes9bxzes9bxzes9bxzes9bxzes9bxzes9bxzes9bxzes9bxzes9bxzes9bxzes9bxzes9bxzes9bxzes9bxzes9bxzes9bxzes9bxzes9bxzes9bxzes9bxzes9bxzes9bxzes9bxzes9bxzes9bxzes9bxzes9bxzes9bxzes9bxzes9bxzes9bxzes9bxzes9bxzes9bxzes9bxzes9bxzes9bxzes9bxzes9bxzes9bxzes9bxzes9bxzes9bxzes9bxzes9bxzes9bxzes9bxzes9bxzes9bxzes9bxzes9bxzes9bxzes9bxzes9bxzes9bxzes9bxzes9bxzes9bxzes9bxzes9bxzes9bxzes9bxzes9bxzes9bxzes9bxzes9bxbmw9tbmw9tbmw9tbmw9tbmw9tbmw9tbmw9tbmw9tbmw9tbmw9tbmw9tbmw9tbmw9tbmw9tbmw9tbmw9tbmw9tbmw9tbmw9tbmw9tbmw9tbmw9tbmw9tbmw9tbmw9tbmw9tbmw9tbmw9tbmw9tbmw9tbmw9tbmw9tbmw9tbmw9tbmw9tbmw9tbmw9tbmw9tbmw9tbmw9tbmw9tbmw9tbmw9tbmw9tbmw9tbmw9tbmw9tbmw9tbmw9tbmw9tbmw9tbmw9tbmw9tbmw9tbmw9tbmw9tbmw9tbmw9tbmw9tbmw9tbmw9tbmw9tbmw9tbmw9tbmw9tbmw9tbmw9tbmw9tbmw9tbmw9tbmw9tbmw9tbmw9tbmw9tbmw9tbmw9tbmw9tbmw9tbmw9tbmw9tbmw9tbmw9tbmw9tbmw9tbmw9tbmw9tbmw9tbmw9tbmw9tbmw9tebf2pxebf2pxebf2pxebf2pxebf2pxebf2pxebf2pxebf2pxebf2pxebf2pxebf2pxebf2pxebf2pxebf2pxebf2pxebf2pxebf2pxebf2pxebf2pxebf2pxebf2pxebf2pxebf2pxebf2pxebf2pxebf2pxebf2pxebf2pxebf2pxebf2pxebf2pxebf2pxebf2pxebf2pxebf2pxebf2pxebf2pxebf2pxebf2pxebf2pxebf2pxebf2pxebf2pxebf2pxebf2pxebf2pxebf2pxebf2pxebf2pxebf2pxebf2pxebf2pxebf2pxebf2pxebf2pxebf2pxebf2pxebf2pxebf2pxebf2pxebf2pxebf2pxebf2pxebf2pxebf2pxebf2pxebf2pxebf2pxebf2pxebf2pxebf2pxebf2pxebf2pxebf2pxebf2pxebf2pxebf2pxebf2pxebf2pxebf2pxebf2pxebf2pxebf2pxebf2pxebf2pxebf2pxebf2pxebf2pxebf2pxebf2pxebf2pxsas3casas3casas3casas3casas3casas3casas3casas3casas3casas3casas3casas3casas3casas3casas3casas3casas3casas3casas3casas3casas3casas3casas3casas3casas3casas3casas3casas3casas3casas3casas3casas3casas3casas3casas3casas3casas3casas3casas3casas3casas3casas3casas3casas3casas3casas3casas3casas3casas3casas3casas3casas3casas3casas3casas3casas3casas3casas3casas3casas3casas3casas3casas3casas3casas3casas3casas3casas3casas3casas3casas3casas3casas3casas3casas3casas3casas3casas3casas3casas3casas3casas3casas3casas3casas3casas3casas3casas3casas3casas3casas3cafbt8pafbt8pafbt8pafbt8pafbt8pafbt8pafbt8pafbt8pafbt8pafbt8pafbt8pafbt8pafbt8pafbt8pafbt8pafbt8pafbt8pafbt8pafbt8pafbt8pafbt8pafbt8pafbt8pafbt8pafbt8pafbt8pafbt8pafbt8pafbt8pafbt8pafbt8pafbt8pafbt8pafbt8pafbt8pafbt8pafbt8pafbt8pafbt8pafbt8pafbt8pafbt8pafbt8pafbt8pafbt8pafbt8pafbt8pafbt8pafbt8pafbt8pafbt8pafbt8pafbt8pafbt8pafbt8pafbt8pafbt8pafbt8pafbt8pafbt8pafbt8pafbt8pafbt8pafbt8pafbt8pafbt8pafbt8pafbt8pafbt8pafbt8pafbt8pafbt8pafbt8pafbt8pafbt8pafbt8pafbt8pafbt8pafbt8pafbt8pafbt8pafbt8pafbt8pafbt8pafbt8pafbt8pafbt8pafbt8pafbt8pafbt8pafbt8pasak2rhsak2rhsak2rhsak2rhsak2rhsak2rhsak2rhsak2rhsak2rhsak2rhsak2rhsak2rhsak2rhsak2rhsak2rhsak2rhsak2rhsak2rhsak2rhsak2rhsak2rhsak2rhsak2rhsak2rhsak2rhsak2rhsak2rhsak2rhsak2rhsak2rhsak2rhsak2rhsak2rhsak2rhsak2rhsak2rhsak2rhsak2rhsak2rhsak2rhsak2rhsak2rhsak2rhsak2rhsak2rhsak2rhsak2rhsak2rhsak2rhsak2rhsak2rhsak2rhsak2rhsak2rhsak2rhsak2rhsak2rhsak2rhsak2rhsak2rhsak2rhsak2rhsak2rhsak2rhsak2rhsak2rhsak2rhsak2rhsak2rhsak2rhsak2rhsak2rhsak2rhsak2rhsak2rhsak2rhsak2rhsak2rhsak2rhsak2rhsak2rhsak2rhsak2rhsak2rhsak2rhsak2rhsak2rhsak2rhsak2rhsak2rhsak2rhcsb5tcsb5tcsb5tcsb5tcsb5tcsb5tcsb5tcsb5tcsb5tcsb5tcsb5tcsb5tcsb5tcsb5tcsb5tcsb5tcsb5tcsb5tcsb5tcsb5tcsb5tcsb5tcsb5tcsb5tcsb5tcsb5tcsb5tcsb5tcsb5tcsb5tcsb5tcsb5tcsb5tcsb5tcsb5tcsb5tcsb5tcsb5tcsb5tcsb5tcsb5tcsb5tcsb5tcsb5tcsb5tcsb5tcsb5tcsb5tcsb5tcsb5tcsb5tcsb5tcsb5tcsb5tcsb5tcsb5tcsb5tcsb5tcsb5tcsb5tcsb5tcsb5tcsb5tcsb5tcsb5tcsb5tcsb5tcsb5tcsb5tcsb5tcsb5tcsb5tcsb5tcsb5tcsb5tcsb5tcsb5tcsb5tcsb5tcsb5tcsb5tcsb5tcsb5tcsb5tcsb5tcsb5tcsb5tcsb5tcsb5tcsb5tpurdompurdompurdompurdompurdompurdompurdompurdompurdompurdompurdompurdompurdompurdompurdompurdompurdompurdompurdompurdompurdompurdompurdompurdompurdompurdompurdompurdompurdompurdompurdompurdompurdompurdompurdompurdompurdompurdompurdompurdompurdompurdompurdompurdompurdompurdompurdompurdompurdompurdompurdompurdompurdompurdompurdompurdompurdompurdompurdompurdompurdompurdompurdompurdompurdompurdompurdompurdompurdompurdompurdompurdompurdompurdompurdompurdompurdompurdompurdompurdompurdompurdompurdompurdompurdompurdompurdompurdompurdompurdomkgj3tkgj3tkgj3tkgj3tkgj3tkgj3tkgj3tkgj3tkgj3tkgj3tkgj3tkgj3tkgj3tkgj3tkgj3tkgj3tkgj3tkgj3tkgj3tkgj3tkgj3tkgj3tkgj3tkgj3tkgj3tkgj3tkgj3tkgj3tkgj3tkgj3tkgj3tkgj3tkgj3tkgj3tkgj3tkgj3tkgj3tkgj3tkgj3tkgj3tkgj3tkgj3tkgj3tkgj3tkgj3tkgj3tkgj3tkgj3tkgj3tkgj3tkgj3tkgj3tkgj3tkgj3tkgj3tkgj3tkgj3tkgj3tkgj3tkgj3tkgj3tkgj3tkgj3tkgj3tkgj3tkgj3tkgj3tkgj3tkgj3tkgj3tkgj3tkgj3tkgj3tkgj3tkgj3tkgj3tkgj3tkgj3tkgj3tkgj3tkgj3tkgj3tkgj3tkgj3tkgj3tkgj3tkgj3tkgj3tkgj3tkgj3tkgj3tedward.triplettedward.triplettedward.triplettedward.triplettedward.triplettedward.triplettedward.triplettedward.triplettedward.triplettedward.triplettedward.triplettedward.triplettedward.triplettedward.triplettedward.triplettedward.triplettedward.triplettedward.triplettedward.triplettedward.triplettedward.triplettedward.triplettedward.triplettedward.triplettedward.triplettedward.triplettedward.triplettedward.triplettedward.triplettedward.triplettedward.triplettedward.triplettedward.triplettedward.triplettedward.triplettedward.triplettedward.triplettedward.triplettedward.triplettedward.triplettedward.triplettedward.triplettedward.triplettedward.triplettedward.triplettedward.triplettedward.triplettedward.triplettedward.triplettedward.triplettedward.triplettedward.triplettedward.triplettedward.triplettedward.triplettedward.triplettedward.triplettedward.triplettedward.triplettedward.triplettedward.triplettedward.triplettedward.triplettedward.triplettedward.triplettedward.triplettedward.triplettedward.triplettedward.triplettedward.triplettedward.triplettedward.triplettedward.triplettedward.triplettedward.triplettedward.triplettedward.triplettedward.triplettedward.triplettedward.triplettedward.triplettedward.triplettedward.triplettedward.triplettedward.triplettedward.triplettedward.triplettedward.triplettedward.triplettedward.triplettedward.triplettpurdompurdompurdompurdompurdompurdompurdompurdompurdompurdompurdompurdompurdompurdompurdompurdompurdompurdompurdompurdompurdompurdompurdompurdompurdompurdompurdompurdompurdompurdompurdompurdompurdompurdompurdompurdompurdompurdompurdompurdompurdompurdompurdompurdompurdompurdompurdompurdompurdompurdompurdompurdompurdompurdompurdompurdompurdompurdompurdompurdompurdompurdompurdompurdompurdompurdompurdompurdompurdompurdompurdompurdompurdompurdompurdompurdompurdompurdompurdompurdompurdompurdompurdompurdompurdompurdompurdompurdompurdompurdomlauralauralauralauralauralauralauralauralauralauralauralauralauralauralauralauralauralauralauralauralauralauralauralauralauralauralauralauralauralauralauralauralauralauralauralauralauralauralauralauralauralauralauralauralauralauralauralauralauralauralauralauralauralauralauralauralauralauralauralauralauralauralauralauralauralauralauralauralauralauralauralauralauralauralauralauralauralauralauralauralauralauralauralauralauralauralauralauralauralauralaurajeremyjeremyjeremyjeremyjeremyjeremyjeremyjeremyjeremyjeremyjeremyjeremyjeremyjeremyjeremyjeremyjeremyjeremyjeremyjeremyjeremyjeremyjeremyjeremyjeremyjeremyjeremyjeremyjeremyjeremyjeremyjeremyjeremyjeremyjeremyjeremyjeremyjeremyjeremyjeremyjeremyjeremyjeremyjeremyjeremyjeremyjeremyjeremyjeremyjeremyjeremyjeremyjeremyjeremyjeremyjeremyjeremyjeremyjeremyjeremyjeremyjeremyjeremyjeremyjeremyjeremyjeremyjeremyjeremyjeremyjeremyjeremyjeremyjeremyjeremyjeremyjeremyjeremyjeremyjeremyjeremyjeremyjeremyjeremyjeremyjeremyjeremyjeremyjeremyjeremypurdompurdompurdompurdompurdompurdompurdompurdompurdompurdompurdompurdompurdompurdompurdompurdompurdompurdompurdompurdompurdompurdompurdompurdompurdompurdompurdompurdompurdompurdompurdompurdompurdompurdompurdompurdompurdompurdompurdompurdompurdompurdompurdompurdompurdompurdompurdompurdompurdompurdompurdompurdompurdompurdompurdompurdompurdompurdompurdompurdompurdompurdompurdompurdompurdompurdompurdompurdompurdompurdompurdompurdompurdompurdompurdompurdompurdompurdompurdompurdompurdompurdompurdompurdompurdompurdompurdompurdompurdompurdomdm4fndm4fndm4fndm4fndm4fndm4fndm4fndm4fndm4fndm4fndm4fndm4fndm4fndm4fndm4fndm4fndm4fndm4fndm4fndm4fndm4fndm4fndm4fndm4fndm4fndm4fndm4fndm4fndm4fndm4fndm4fndm4fndm4fndm4fndm4fndm4fndm4fndm4fndm4fndm4fndm4fndm4fndm4fndm4fndm4fndm4fndm4fndm4fndm4fndm4fndm4fndm4fndm4fndm4fndm4fndm4fndm4fndm4fndm4fndm4fndm4fndm4fndm4fndm4fndm4fndm4fndm4fndm4fndm4fndm4fndm4fndm4fndm4fndm4fndm4fndm4fndm4fndm4fndm4fndm4fndm4fndm4fndm4fndm4fndm4fndm4fndm4fndm4fndm4fndm4fndm4fndm4fndm4fndm4fndm4fndm4fndm4fndm4fndm4fndm4fndm4fndm4fndm4fndm4fndm4fndm4fndm4fndm4fndm4fndm4fndm4fndm4fndm4fndm4fndm4fndm4fndm4fndm4fndm4fndm4fndm4fndm4fndm4fndm4fndm4fndm4fndm4fndm4fndm4fndm4fndm4fndm4fndm4fndm4fndm4fndm4fndm4fndm4fndm4fndm4fndm4fndm4fndm4fndm4fndm4fndm4fndm4fndm4fndm4fndm4fndm4fndm4fndm4fndm4fndm4fndm4fndm4fndm4fndm4fndm4fndm4fndm4fndm4fndm4fndm4fndm4fndm4fndm4fndm4fndm4fndm4fndm4fndm4fndm4fndm4fndm4fndm4fndm4fndm4fndm4fndm4fndm4fnBethanyBethanyBethanyBethanyBethanyBethanyBethanyBethanyBethanyBethanyBethanyBethanyBethanyBethanyBethanyBethanyBethanyBethanyBethanyBethanyBethanyBethanyBethanyBethanyBethanyBethanyBethanyBethanyBethanyBethanyBethanyBethanyBethanyBethanyBethanyBethanyBethanyBethanyBethanyBethanyBethanyBethanyBethanyBethanyBethanyBethanyBethanyBethanyBethanyBethanyBethanyBethanyBethanyBethanyBethanyBethanyBethanyBethanyBethanyBethanyBethanyBethanyBethanyBethanyBethanyBethanyBethanyBethanyBethanyBethanyBethanyBethanyBethanyBethanyBethanyBethanyBethanyBethanyBethanyBethanyBethanyBethanyBethanyBethanyBethanyBethanyBethanyBethanyBethanyBethanyBethanyerr8nerr8nerr8nerr8nerr8nerr8nerr8nerr8nerr8nerr8nerr8nerr8nerr8nerr8nerr8nerr8nerr8nerr8nerr8nerr8nerr8nerr8nerr8nerr8nerr8nerr8nerr8nerr8nerr8nerr8nerr8nerr8nerr8nerr8nerr8nerr8nerr8nerr8nerr8nerr8nerr8nerr8nerr8nerr8nerr8nerr8nerr8nerr8nerr8nerr8nerr8nerr8nerr8nerr8nerr8nerr8nerr8nerr8nerr8nerr8nerr8nerr8nerr8nerr8nerr8nerr8nerr8nerr8nerr8nerr8nerr8nerr8nerr8nerr8nerr8nerr8nerr8nerr8nerr8nerr8nerr8nerr8nerr8nerr8nerr8nerr8nerr8nerr8nerr8nerr8nerr8nbmw9tbmw9tbmw9tbmw9tbmw9tbmw9tbmw9tbmw9tbmw9tbmw9tbmw9tbmw9tbmw9tbmw9tbmw9tbmw9tbmw9tbmw9tbmw9tbmw9tbmw9tbmw9tbmw9tbmw9tbmw9tbmw9tbmw9tbmw9tbmw9tbmw9tbmw9tbmw9tbmw9tbmw9tbmw9tbmw9tbmw9tbmw9tbmw9tbmw9tbmw9tbmw9tbmw9tbmw9tbmw9tbmw9tbmw9tbmw9tbmw9tbmw9tbmw9tbmw9tbmw9tbmw9tbmw9tbmw9tbmw9tbmw9tbmw9tbmw9tbmw9tbmw9tbmw9tbmw9tbmw9tbmw9tbmw9tbmw9tbmw9tbmw9tbmw9tbmw9tbmw9tbmw9tbmw9tbmw9tbmw9tbmw9tbmw9tbmw9tbmw9tbmw9tbmw9tbmw9tbmw9tbmw9tbmw9tbmw9tbmw9tbmw9tcsb5tcsb5tcsb5tcsb5tcsb5tcsb5tcsb5tcsb5tcsb5tcsb5tcsb5tcsb5tcsb5tcsb5tcsb5tcsb5tcsb5tcsb5tcsb5tcsb5tcsb5tcsb5tcsb5tcsb5tcsb5tcsb5tcsb5tcsb5tcsb5tcsb5tcsb5tcsb5tcsb5tcsb5tcsb5tcsb5tcsb5tcsb5tcsb5tcsb5tcsb5tcsb5tcsb5tcsb5tcsb5tcsb5tcsb5tcsb5tcsb5tcsb5tcsb5tcsb5tcsb5tcsb5tcsb5tcsb5tcsb5tcsb5tcsb5tcsb5tcsb5tcsb5tcsb5tcsb5tcsb5tcsb5tcsb5tcsb5tcsb5tcsb5tcsb5tcsb5tcsb5tcsb5tcsb5tcsb5tcsb5tcsb5tcsb5tcsb5tcsb5tcsb5tcsb5tcsb5tcsb5tcsb5tcsb5tcsb5tcsb5tcsb5tlauralauralauralauralauralauralauralauralauralauralauralauralauralauralauralauralauralauralauralauralauralauralauralauralauralauralauralauralauralauralauralauralauralauralauralauralauralauralauralauralauralauralauralauralauralauralauralauralauralauralauralauralauralauralauralauralauralauralauralauralauralauralauralauralauralauralauralauralauralauralauralauralauralauralauralauralauralauralauralauralauralauralauralauralauralauralauralauralauralauralaurapurdompurdompurdompurdompurdompurdompurdompurdompurdompurdompurdompurdompurdompurdompurdompurdompurdompurdompurdompurdompurdompurdompurdompurdompurdompurdompurdompurdompurdompurdompurdompurdompurdompurdompurdompurdompurdompurdompurdompurdompurdompurdompurdompurdompurdompurdompurdompurdompurdompurdompurdompurdompurdompurdompurdompurdompurdompurdompurdompurdompurdompurdompurdompurdompurdompurdompurdompurdompurdompurdompurdompurdompurdompurdompurdompurdompurdompurdompurdompurdompurdompurdompurdompurdompurdompurdompurdompurdompurdompurdomsak2rhsak2rhsak2rhsak2rhsak2rhsak2rhsak2rhsak2rhsak2rhsak2rhsak2rhsak2rhsak2rhsak2rhsak2rhsak2rhsak2rhsak2rhsak2rhsak2rhsak2rhsak2rhsak2rhsak2rhsak2rhsak2rhsak2rhsak2rhsak2rhsak2rhsak2rhsak2rhsak2rhsak2rhsak2rhsak2rhsak2rhsak2rhsak2rhsak2rhsak2rhsak2rhsak2rhsak2rhsak2rhsak2rhsak2rhsak2rhsak2rhsak2rhsak2rhsak2rhsak2rhsak2rhsak2rhsak2rhsak2rhsak2rhsak2rhsak2rhsak2rhsak2rhsak2rhsak2rhsak2rhsak2rhsak2rhsak2rhsak2rhsak2rhsak2rhsak2rhsak2rhsak2rhsak2rhsak2rhsak2rhsak2rhsak2rhsak2rhsak2rhsak2rhsak2rhsak2rhsak2rhsak2rhsak2rhsak2rhsak2rhsak2rhsak2rhdcg6bdcg6bdcg6bdcg6bdcg6bdcg6bdcg6bdcg6bdcg6bdcg6bdcg6bdcg6bdcg6bdcg6bdcg6bdcg6bdcg6bdcg6bdcg6bdcg6bdcg6bdcg6bdcg6bdcg6bdcg6bdcg6bdcg6bdcg6bdcg6bdcg6bdcg6bdcg6bdcg6bdcg6bdcg6bdcg6bdcg6bdcg6bdcg6bdcg6bdcg6bdcg6bdcg6bdcg6bdcg6bdcg6bdcg6bdcg6bdcg6bdcg6bdcg6bdcg6bdcg6bdcg6bdcg6bdcg6bdcg6bdcg6bdcg6bdcg6bdcg6bdcg6bdcg6bdcg6bdcg6bdcg6bdcg6bdcg6bdcg6bdcg6bdcg6bdcg6bdcg6bdcg6bdcg6bdcg6bdcg6bdcg6bdcg6bdcg6bdcg6bdcg6bdcg6bdcg6bdcg6bdcg6bdcg6bdcg6bdcg6bdcg6bdcg6bjeremyjeremyjeremyjeremyjeremyjeremyjeremyjeremyjeremyjeremyjeremyjeremyjeremyjeremyjeremyjeremyjeremyjeremyjeremyjeremyjeremyjeremyjeremyjeremyjeremyjeremyjeremyjeremyjeremyjeremyjeremyjeremyjeremyjeremyjeremyjeremyjeremyjeremyjeremyjeremyjeremyjeremyjeremyjeremyjeremyjeremyjeremyjeremyjeremyjeremyjeremyjeremyjeremyjeremyjeremyjeremyjeremyjeremyjeremyjeremyjeremyjeremyjeremyjeremyjeremyjeremyjeremyjeremyjeremyjeremyjeremyjeremyjeremyjeremyjeremyjeremyjeremyjeremyjeremyjeremyjeremyjeremyjeremyjeremyjeremyjeremyjeremyjeremyjeremyjeremyjg2nkjg2nkjg2nkjg2nkjg2nkjg2nkjg2nkjg2nkjg2nkjg2nkjg2nkjg2nkjg2nkjg2nkjg2nkjg2nkjg2nkjg2nkjg2nkjg2nkjg2nkjg2nkjg2nkjg2nkjg2nkjg2nkjg2nkjg2nkjg2nkjg2nkjg2nkjg2nkjg2nkjg2nkjg2nkjg2nkjg2nkjg2nkjg2nkjg2nkjg2nkjg2nkjg2nkjg2nkjg2nkjg2nkjg2nkjg2nkjg2nkjg2nkjg2nkjg2nkjg2nkjg2nkjg2nkjg2nkjg2nkjg2nkjg2nkjg2nkjg2nkjg2nkjg2nkjg2nkjg2nkjg2nkjg2nkjg2nkjg2nkjg2nkjg2nkjg2nkjg2nkjg2nkjg2nkjg2nkjg2nkjg2nkjg2nkjg2nkjg2nkjg2nkjg2nkjg2nkjg2nkjg2nkjg2nkjg2nkjg2nkjg2nkjg2nkarb5fcarb5fcarb5fcarb5fcarb5fcarb5fcarb5fcarb5fcarb5fcarb5fcarb5fcarb5fcarb5fcarb5fcarb5fcarb5fcarb5fcarb5fcarb5fcarb5fcarb5fcarb5fcarb5fcarb5fcarb5fcarb5fcarb5fcarb5fcarb5fcarb5fcarb5fcarb5fcarb5fcarb5fcarb5fcarb5fcarb5fcarb5fcarb5fcarb5fcarb5fcarb5fcarb5fcarb5fcarb5fcarb5fcarb5fcarb5fcarb5fcarb5fcarb5fcarb5fcarb5fcarb5fcarb5fcarb5fcarb5fcarb5fcarb5fcarb5fcarb5fcarb5fcarb5fcarb5fcarb5fcarb5fcarb5fcarb5fcarb5fcarb5fcarb5fcarb5fcarb5fcarb5fcarb5fcarb5fcarb5fcarb5fcarb5fcarb5fcarb5fcarb5fcarb5fcarb5fcarb5fcarb5fcarb5fcarb5fcarb5fcarb5fcarb5fcjng3aujng3aujng3aujng3aujng3aujng3aujng3aujng3aujng3aujng3aujng3aujng3aujng3aujng3aujng3aujng3aujng3aujng3aujng3aujng3aujng3aujng3aujng3aujng3aujng3aujng3aujng3aujng3aujng3aujng3aujng3aujng3aujng3aujng3aujng3aujng3aujng3aujng3aujng3aujng3aujng3aujng3aujng3aujng3aujng3aujng3aujng3aujng3aujng3aujng3aujng3aujng3aujng3aujng3aujng3aujng3aujng3aujng3aujng3aujng3aujng3aujng3aujng3aujng3aujng3aujng3aujng3aujng3aujng3aujng3aujng3aujng3aujng3aujng3aujng3aujng3aujng3aujng3aujng3aujng3aujng3aujng3aujng3aujng3aujng3aujng3aujng3aujng3aujng3aujng3aujng3auaf3pjaf3pjaf3pjaf3pjaf3pjaf3pjaf3pjaf3pjaf3pjaf3pjaf3pjaf3pjaf3pjaf3pjaf3pjaf3pjaf3pjaf3pjaf3pjaf3pjaf3pjaf3pjaf3pjaf3pjaf3pjaf3pjaf3pjaf3pjaf3pjaf3pjaf3pjaf3pjaf3pjaf3pjaf3pjaf3pjaf3pjaf3pjaf3pjaf3pjaf3pjaf3pjaf3pjaf3pjaf3pjaf3pjaf3pjaf3pjaf3pjaf3pjaf3pjaf3pjaf3pjaf3pjaf3pjaf3pjaf3pjaf3pjaf3pjaf3pjaf3pjaf3pjaf3pjaf3pjaf3pjaf3pjaf3pjaf3pjaf3pjaf3pjaf3pjaf3pjaf3pjaf3pjaf3pjaf3pjaf3pjaf3pjaf3pjaf3pjaf3pjaf3pjaf3pjaf3pjaf3pjaf3pjaf3pjaf3pjaf3pjaf3pjaf3pjbmw9tbmw9tbmw9tbmw9tbmw9tbmw9tbmw9tbmw9tbmw9tbmw9tbmw9tbmw9tbmw9tbmw9tbmw9tbmw9tbmw9tbmw9tbmw9tbmw9tbmw9tbmw9tbmw9tbmw9tbmw9tbmw9tbmw9tbmw9tbmw9tbmw9tbmw9tbmw9tbmw9tbmw9tbmw9tbmw9tbmw9tbmw9tbmw9tbmw9tbmw9tbmw9tbmw9tbmw9tbmw9tbmw9tbmw9tbmw9tbmw9tbmw9tbmw9tbmw9tbmw9tbmw9tbmw9tbmw9tbmw9tbmw9tbmw9tbmw9tbmw9tbmw9tbmw9tbmw9tbmw9tbmw9tbmw9tbmw9tbmw9tbmw9tbmw9tbmw9tbmw9tbmw9tbmw9tbmw9tbmw9tbmw9tbmw9tbmw9tbmw9tbmw9tbmw9tbmw9tbmw9tbmw9tbmw9tbmw9tbmw9tbmw9tswl5nwswl5nwswl5nwswl5nwswl5nwswl5nwswl5nwswl5nwswl5nwswl5nwswl5nwswl5nwswl5nwswl5nwswl5nwswl5nwswl5nwswl5nwswl5nwswl5nwswl5nwswl5nwswl5nwswl5nwswl5nwswl5nwswl5nwswl5nwswl5nwswl5nwswl5nwswl5nwswl5nwswl5nwswl5nwswl5nwswl5nwswl5nwswl5nwswl5nwswl5nwswl5nwswl5nwswl5nwswl5nwswl5nwswl5nwswl5nwswl5nwswl5nwswl5nwswl5nwswl5nwswl5nwswl5nwswl5nwswl5nwswl5nwswl5nwswl5nwswl5nwswl5nwswl5nwswl5nwswl5nwswl5nwswl5nwswl5nwswl5nwswl5nwswl5nwswl5nwswl5nwswl5nwswl5nwswl5nwswl5nwswl5nwswl5nwswl5nwswl5nwswl5nwswl5nwswl5nwswl5nwswl5nwswl5nwswl5nwswl5nwswl5nwswl5nwjvs6btjvs6btjvs6btjvs6btjvs6btjvs6btjvs6btjvs6btjvs6btjvs6btjvs6btjvs6btjvs6btjvs6btjvs6btjvs6btjvs6btjvs6btjvs6btjvs6btjvs6btjvs6btjvs6btjvs6btjvs6btjvs6btjvs6btjvs6btjvs6btjvs6btjvs6btjvs6btjvs6btjvs6btjvs6btjvs6btjvs6btjvs6btjvs6btjvs6btjvs6btjvs6btjvs6btjvs6btjvs6btjvs6btjvs6btjvs6btjvs6btjvs6btjvs6btjvs6btjvs6btjvs6btjvs6btjvs6btjvs6btjvs6btjvs6btjvs6btjvs6btjvs6btjvs6btjvs6btjvs6btjvs6btjvs6btjvs6btjvs6btjvs6btjvs6btjvs6btjvs6btjvs6btjvs6btjvs6btjvs6btjvs6btjvs6btjvs6btjvs6btjvs6btjvs6btjvs6btjvs6btjvs6btjvs6btjvs6btjvs6btjvs6btjvs6btsc2wtsc2wtsc2wtsc2wtsc2wtsc2wtsc2wtsc2wtsc2wtsc2wtsc2wtsc2wtsc2wtsc2wtsc2wtsc2wtsc2wtsc2wtsc2wtsc2wtsc2wtsc2wtsc2wtsc2wtsc2wtsc2wtsc2wtsc2wtsc2wtsc2wtsc2wtsc2wtsc2wtsc2wtsc2wtsc2wtsc2wtsc2wtsc2wtsc2wtsc2wtsc2wtsc2wtsc2wtsc2wtsc2wtsc2wtsc2wtsc2wtsc2wtsc2wtsc2wtsc2wtsc2wtsc2wtsc2wtsc2wtsc2wtsc2wtsc2wtsc2wtsc2wtsc2wtsc2wtsc2wtsc2wtsc2wtsc2wtsc2wtsc2wtsc2wtsc2wtsc2wtsc2wtsc2wtsc2wtsc2wtsc2wtsc2wtsc2wtsc2wtsc2wtsc2wtsc2wtsc2wtsc2wtsc2wtsc2wtsc2wtsc2wtsc2wtjpa4adjpa4adjpa4adjpa4adjpa4adjpa4adjpa4adjpa4adjpa4adjpa4adjpa4adjpa4adjpa4adjpa4adjpa4adjpa4adjpa4adjpa4adjpa4adjpa4adjpa4adjpa4adjpa4adjpa4adjpa4adjpa4adjpa4adjpa4adjpa4adjpa4adjpa4adjpa4adjpa4adjpa4adjpa4adjpa4adjpa4adjpa4adjpa4adjpa4adjpa4adjpa4adjpa4adjpa4adjpa4adjpa4adjpa4adjpa4adjpa4adjpa4adjpa4adjpa4adjpa4adjpa4adjpa4adjpa4adjpa4adjpa4adjpa4adjpa4adjpa4adjpa4adjpa4adjpa4adjpa4adjpa4adjpa4adjpa4adjpa4adjpa4adjpa4adjpa4adjpa4adjpa4adjpa4adjpa4adjpa4adjpa4adjpa4adjpa4adjpa4adjpa4adjpa4adjpa4adjpa4adjpa4adjpa4adjpa4adjpa4adjpa4adjpa4adammonammonammonammonammonammonammonammonammonammonammonammonammonammonammonammonammonammonammonammonammonammonammonammonammonammonammonammonammonammonammonammonammonammonammonammonammonammonammonammonammonammonammonammonammonammonammonammonammonammonammonammonammonammonammonammonammonammonammonammonammonammonammonammonammonammonammonammonammonammonammonammonammonammonammonammonammonammonammonammonammonammonammonammonammonammonammonammonammonammonjeremyjeremyjeremyjeremyjeremyjeremyjeremyjeremyjeremyjeremyjeremyjeremyjeremyjeremyjeremyjeremyjeremyjeremyjeremyjeremyjeremyjeremyjeremyjeremyjeremyjeremyjeremyjeremyjeremyjeremyjeremyjeremyjeremyjeremyjeremyjeremyjeremyjeremyjeremyjeremyjeremyjeremyjeremyjeremyjeremyjeremyjeremyjeremyjeremyjeremyjeremyjeremyjeremyjeremyjeremyjeremyjeremyjeremyjeremyjeremyjeremyjeremyjeremyjeremyjeremyjeremyjeremyjeremyjeremyjeremyjeremyjeremyjeremyjeremyjeremyjeremyjeremyjeremyjeremyjeremyjeremyjeremyjeremyjeremyjeremyjeremyjeremyjeremyjeremyjeremydm4fndm4fndm4fndm4fndm4fndm4fndm4fndm4fndm4fndm4fndm4fndm4fndm4fndm4fndm4fndm4fndm4fndm4fndm4fndm4fndm4fndm4fndm4fndm4fndm4fndm4fndm4fndm4fndm4fndm4fndm4fndm4fndm4fndm4fndm4fndm4fndm4fndm4fndm4fndm4fndm4fndm4fndm4fndm4fndm4fndm4fndm4fndm4fndm4fndm4fndm4fndm4fndm4fndm4fndm4fndm4fndm4fndm4fndm4fndm4fndm4fndm4fndm4fndm4fndm4fndm4fndm4fndm4fndm4fndm4fndm4fndm4fndm4fndm4fndm4fndm4fndm4fndm4fndm4fndm4fndm4fndm4fndm4fndm4fndm4fndm4fndm4fndm4fndm4fndm4fndm4fnecr6ndecr6ndecr6ndecr6ndecr6ndecr6ndecr6ndecr6ndecr6ndecr6ndecr6ndecr6ndecr6ndecr6ndecr6ndecr6ndecr6ndecr6ndecr6ndecr6ndecr6ndecr6ndecr6ndecr6ndecr6ndecr6ndecr6ndecr6ndecr6ndecr6ndecr6ndecr6ndecr6ndecr6ndecr6ndecr6ndecr6ndecr6ndecr6ndecr6ndecr6ndecr6ndecr6ndecr6ndecr6ndecr6ndecr6ndecr6ndecr6ndecr6ndecr6ndecr6ndecr6ndecr6ndecr6ndecr6ndecr6ndecr6ndecr6ndecr6ndecr6ndecr6ndecr6ndecr6ndecr6ndecr6ndecr6ndecr6ndecr6ndecr6ndecr6ndecr6ndecr6ndecr6ndecr6ndecr6ndecr6ndecr6ndecr6ndecr6ndecr6ndecr6ndecr6ndecr6ndecr6ndecr6ndecr6ndecr6ndecr6ndecr6ndecr6ndjg2nkjg2nkjg2nkjg2nkjg2nkjg2nkjg2nkjg2nkjg2nkjg2nkjg2nkjg2nkjg2nkjg2nkjg2nkjg2nkjg2nkjg2nkjg2nkjg2nkjg2nkjg2nkjg2nkjg2nkjg2nkjg2nkjg2nkjg2nkjg2nkjg2nkjg2nkjg2nkjg2nkjg2nkjg2nkjg2nkjg2nkjg2nkjg2nkjg2nkjg2nkjg2nkjg2nkjg2nkjg2nkjg2nkjg2nkjg2nkjg2nkjg2nkjg2nkjg2nkjg2nkjg2nkjg2nkjg2nkjg2nkjg2nkjg2nkjg2nkjg2nkjg2nkjg2nkjg2nkjg2nkjg2nkjg2nkjg2nkjg2nkjg2nkjg2nkjg2nkjg2nkjg2nkjg2nkjg2nkjg2nkjg2nkjg2nkjg2nkjg2nkjg2nkjg2nkjg2nkjg2nkjg2nkjg2nkjg2nkjg2nkjg2nkjg2nkswl5nwswl5nwswl5nwswl5nwswl5nwswl5nwswl5nwswl5nwswl5nwswl5nwswl5nwswl5nwswl5nwswl5nwswl5nwswl5nwswl5nwswl5nwswl5nwswl5nwswl5nwswl5nwswl5nwswl5nwswl5nwswl5nwswl5nwswl5nwswl5nwswl5nwswl5nwswl5nwswl5nwswl5nwswl5nwswl5nwswl5nwswl5nwswl5nwswl5nwswl5nwswl5nwswl5nwswl5nwswl5nwswl5nwswl5nwswl5nwswl5nwswl5nwswl5nwswl5nwswl5nwswl5nwswl5nwswl5nwswl5nwswl5nwswl5nwswl5nwswl5nwswl5nwswl5nwswl5nwswl5nwswl5nwswl5nwswl5nwswl5nwswl5nwswl5nwswl5nwswl5nwswl5nwswl5nwswl5nwswl5nwswl5nwswl5nwswl5nwswl5nwswl5nwswl5nwswl5nwswl5nwswl5nwswl5nwswl5nwswl5nwswl5nwswl5nwaf3pjaf3pjaf3pjaf3pjaf3pjaf3pjaf3pjaf3pjaf3pjaf3pjaf3pjaf3pjaf3pjaf3pjaf3pjaf3pjaf3pjaf3pjaf3pjaf3pjaf3pjaf3pjaf3pjaf3pjaf3pjaf3pjaf3pjaf3pjaf3pjaf3pjaf3pjaf3pjaf3pjaf3pjaf3pjaf3pjaf3pjaf3pjaf3pjaf3pjaf3pjaf3pjaf3pjaf3pjaf3pjaf3pjaf3pjaf3pjaf3pjaf3pjaf3pjaf3pjaf3pjaf3pjaf3pjaf3pjaf3pjaf3pjaf3pjaf3pjaf3pjaf3pjaf3pjaf3pjaf3pjaf3pjaf3pjaf3pjaf3pjaf3pjaf3pjaf3pjaf3pjaf3pjaf3pjaf3pjaf3pjaf3pjaf3pjaf3pjaf3pjaf3pjaf3pjaf3pjaf3pjaf3pjaf3pjaf3pjaf3pjaf3pjaf3pjlauralauralauralauralauralauralauralauralauralauralauralauralauralauralauralauralauralauralauralauralauralauralauralauralauralauralauralauralauralauralauralauralauralauralauralauralauralauralauralauralauralauralauralauralauralauralauralauralauralauralauralauralauralauralauralauralauralauralauralauralauralauralauralauralauralauralauralauralauralauralauralauralauralauralauralauralauralauralauralauralauralauralauralauralauralauralauralauralauralauralaurajng3aujng3aujng3aujng3aujng3aujng3aujng3aujng3aujng3aujng3aujng3aujng3aujng3aujng3aujng3aujng3aujng3aujng3aujng3aujng3aujng3aujng3aujng3aujng3aujng3aujng3aujng3aujng3aujng3aujng3aujng3aujng3aujng3aujng3aujng3aujng3aujng3aujng3aujng3aujng3aujng3aujng3aujng3aujng3aujng3aujng3aujng3aujng3aujng3aujng3aujng3aujng3aujng3aujng3aujng3aujng3aujng3aujng3aujng3aujng3aujng3aujng3aujng3aujng3aujng3aujng3aujng3aujng3aujng3aujng3aujng3aujng3aujng3aujng3aujng3aujng3aujng3aujng3aujng3aujng3aujng3aujng3aujng3aujng3aujng3aujng3aujng3aujng3aujng3aujng3aujng3aucsb5tcsb5tcsb5tcsb5tcsb5tcsb5tcsb5tcsb5tcsb5tcsb5tcsb5tcsb5tcsb5tcsb5tcsb5tcsb5tcsb5tcsb5tcsb5tcsb5tcsb5tcsb5tcsb5tcsb5tcsb5tcsb5tcsb5tcsb5tcsb5tcsb5tcsb5tcsb5tcsb5tcsb5tcsb5tcsb5tcsb5tcsb5tcsb5tcsb5tcsb5tcsb5tcsb5tcsb5tcsb5tcsb5tcsb5tcsb5tcsb5tcsb5tcsb5tcsb5tcsb5tcsb5tcsb5tcsb5tcsb5tcsb5tcsb5tcsb5tcsb5tcsb5tcsb5tcsb5tcsb5tcsb5tcsb5tcsb5tcsb5tcsb5tcsb5tcsb5tcsb5tcsb5tcsb5tcsb5tcsb5tcsb5tcsb5tcsb5tcsb5tcsb5tcsb5tcsb5tcsb5tcsb5tcsb5tcsb5tcsb5tcsb5tjng3aujng3aujng3aujng3aujng3aujng3aujng3aujng3aujng3aujng3aujng3aujng3aujng3aujng3aujng3aujng3aujng3aujng3aujng3aujng3aujng3aujng3aujng3aujng3aujng3aujng3aujng3aujng3aujng3aujng3aujng3aujng3aujng3aujng3aujng3aujng3aujng3aujng3aujng3aujng3aujng3aujng3aujng3aujng3aujng3aujng3aujng3aujng3aujng3aujng3aujng3aujng3aujng3aujng3aujng3aujng3aujng3aujng3aujng3aujng3aujng3aujng3aujng3aujng3aujng3aujng3aujng3aujng3aujng3aujng3aujng3aujng3aujng3aujng3aujng3aujng3aujng3aujng3aujng3aujng3aujng3aujng3aujng3aujng3aujng3aujng3aujng3aujng3aujng3aujng3aujng3aulauralauralauralauralauralauralauralauralauralauralauralauralauralauralauralauralauralauralauralauralauralauralauralauralauralauralauralauralauralauralauralauralauralauralauralauralauralauralauralauralauralauralauralauralauralauralauralauralauralauralauralauralauralauralauralauralauralauralauralauralauralauralauralauralauralauralauralauralauralauralauralauralauralauralauralauralauralauralauralauralauralauralauralauralauralauralauralauralauralauralauraecr6ndecr6ndecr6ndecr6ndecr6ndecr6ndecr6ndecr6ndecr6ndecr6ndecr6ndecr6ndecr6ndecr6ndecr6ndecr6ndecr6ndecr6ndecr6ndecr6ndecr6ndecr6ndecr6ndecr6ndecr6ndecr6ndecr6ndecr6ndecr6ndecr6ndecr6ndecr6ndecr6ndecr6ndecr6ndecr6ndecr6ndecr6ndecr6ndecr6ndecr6ndecr6ndecr6ndecr6ndecr6ndecr6ndecr6ndecr6ndecr6ndecr6ndecr6ndecr6ndecr6ndecr6ndecr6ndecr6ndecr6ndecr6ndecr6ndecr6ndecr6ndecr6ndecr6ndecr6ndecr6ndecr6ndecr6ndecr6ndecr6ndecr6ndecr6ndecr6ndecr6ndecr6ndecr6ndecr6ndecr6ndecr6ndecr6ndecr6ndecr6ndecr6ndecr6ndecr6ndecr6ndecr6ndecr6ndecr6ndecr6ndecr6ndecr6nddcg6bdcg6bdcg6bdcg6bdcg6bdcg6bdcg6bdcg6bdcg6bdcg6bdcg6bdcg6bdcg6bdcg6bdcg6bdcg6bdcg6bdcg6bdcg6bdcg6bdcg6bdcg6bdcg6bdcg6bdcg6bdcg6bdcg6bdcg6bdcg6bdcg6bdcg6bdcg6bdcg6bdcg6bdcg6bdcg6bdcg6bdcg6bdcg6bdcg6bdcg6bdcg6bdcg6bdcg6bdcg6bdcg6bdcg6bdcg6bdcg6bdcg6bdcg6bdcg6bdcg6bdcg6bdcg6bdcg6bdcg6bdcg6bdcg6bdcg6bdcg6bdcg6bdcg6bdcg6bdcg6bdcg6bdcg6bdcg6bdcg6bdcg6bdcg6bdcg6bdcg6bdcg6bdcg6bdcg6bdcg6bdcg6bdcg6bdcg6bdcg6bdcg6bdcg6bdcg6bdcg6bdcg6bdcg6bdcg6bdcg6bdcg6bdcg6blauralauralauralauralauralauralauralauralauralauralauralauralauralauralauralauralauralauralauralauralauralauralauralauralauralauralauralauralauralauralauralauralauralauralauralauralauralauralauralauralauralauralauralauralauralauralauralauralauralauralauralauralauralauralauralauralauralauralauralauralauralauralauralauralauralauralauralauralauralauralauralauralauralauralauralauralauralauralauralauralauralauralauralauralauralauralauralauralauralauralauraammonammonammonammonammonammonammonammonammonammonammonammonammonammonammonammonammonammonammonammonammonammonammonammonammonammonammonammonammonammonammonammonammonammonammonammonammonammonammonammonammonammonammonammonammonammonammonammonammonammonammonammonammonammonammonammonammonammonammonammonammonammonammonammonammonammonammonammonammonammonammonammonammonammonammonammonammonammonammonammonammonammonammonammonammonammonammonammonammonammonjg2nkjg2nkjg2nkjg2nkjg2nkjg2nkjg2nkjg2nkjg2nkjg2nkjg2nkjg2nkjg2nkjg2nkjg2nkjg2nkjg2nkjg2nkjg2nkjg2nkjg2nkjg2nkjg2nkjg2nkjg2nkjg2nkjg2nkjg2nkjg2nkjg2nkjg2nkjg2nkjg2nkjg2nkjg2nkjg2nkjg2nkjg2nkjg2nkjg2nkjg2nkjg2nkjg2nkjg2nkjg2nkjg2nkjg2nkjg2nkjg2nkjg2nkjg2nkjg2nkjg2nkjg2nkjg2nkjg2nkjg2nkjg2nkjg2nkjg2nkjg2nkjg2nkjg2nkjg2nkjg2nkjg2nkjg2nkjg2nkjg2nkjg2nkjg2nkjg2nkjg2nkjg2nkjg2nkjg2nkjg2nkjg2nkjg2nkjg2nkjg2nkjg2nkjg2nkjg2nkjg2nkjg2nkjg2nkjg2nkjg2nkjg2nkjg2nkbmw9tbmw9tbmw9tbmw9tbmw9tbmw9tbmw9tbmw9tbmw9tbmw9tbmw9tbmw9tbmw9tbmw9tbmw9tbmw9tbmw9tbmw9tbmw9tbmw9tbmw9tbmw9tbmw9tbmw9tbmw9tbmw9tbmw9tbmw9tbmw9tbmw9tbmw9tbmw9tbmw9tbmw9tbmw9tbmw9tbmw9tbmw9tbmw9tbmw9tbmw9tbmw9tbmw9tbmw9tbmw9tbmw9tbmw9tbmw9tbmw9tbmw9tbmw9tbmw9tbmw9tbmw9tbmw9tbmw9tbmw9tbmw9tbmw9tbmw9tbmw9tbmw9tbmw9tbmw9tbmw9tbmw9tbmw9tbmw9tbmw9tbmw9tbmw9tbmw9tbmw9tbmw9tbmw9tbmw9tbmw9tbmw9tbmw9tbmw9tbmw9tbmw9tbmw9tbmw9tbmw9tbmw9tbmw9tbmw9tbmw9tbmw9tpurdompurdompurdompurdompurdompurdompurdompurdompurdompurdompurdompurdompurdompurdompurdompurdompurdompurdompurdompurdompurdompurdompurdompurdompurdompurdompurdompurdompurdompurdompurdompurdompurdompurdompurdompurdompurdompurdompurdompurdompurdompurdompurdompurdompurdompurdompurdompurdompurdompurdompurdompurdompurdompurdompurdompurdompurdompurdompurdompurdompurdompurdompurdompurdompurdompurdompurdompurdompurdompurdompurdompurdompurdompurdompurdompurdompurdompurdompurdompurdompurdompurdompurdompurdompurdompurdompurdompurdompurdompurdomcsb5tcsb5tcsb5tcsb5tcsb5tcsb5tcsb5tcsb5tcsb5tcsb5tcsb5tcsb5tcsb5tcsb5tcsb5tcsb5tcsb5tcsb5tcsb5tcsb5tcsb5tcsb5tcsb5tcsb5tcsb5tcsb5tcsb5tcsb5tcsb5tcsb5tcsb5tcsb5tcsb5tcsb5tcsb5tcsb5tcsb5tcsb5tcsb5tcsb5tcsb5tcsb5tcsb5tcsb5tcsb5tcsb5tcsb5tcsb5tcsb5tcsb5tcsb5tcsb5tcsb5tcsb5tcsb5tcsb5tcsb5tcsb5tcsb5tcsb5tcsb5tcsb5tcsb5tcsb5tcsb5tcsb5tcsb5tcsb5tcsb5tcsb5tcsb5tcsb5tcsb5tcsb5tcsb5tcsb5tcsb5tcsb5tcsb5tcsb5tcsb5tcsb5tcsb5tcsb5tcsb5tcsb5tcsb5tcsb5tcsb5tcsb5tpurdompurdompurdompurdompurdompurdompurdompurdompurdompurdompurdompurdompurdompurdompurdompurdompurdompurdompurdompurdompurdompurdompurdompurdompurdompurdompurdompurdompurdompurdompurdompurdompurdompurdompurdompurdompurdompurdompurdompurdompurdompurdompurdompurdompurdompurdompurdompurdompurdompurdompurdompurdompurdompurdompurdompurdompurdompurdompurdompurdompurdompurdompurdompurdompurdompurdompurdompurdompurdompurdompurdompurdompurdompurdompurdompurdompurdompurdompurdompurdompurdompurdompurdompurdompurdompurdompurdompurdompurdompurdomwsg4wwsg4wwsg4wwsg4wwsg4wwsg4wwsg4wwsg4wwsg4wwsg4wwsg4wwsg4wwsg4wwsg4wwsg4wwsg4wwsg4wwsg4wwsg4wwsg4wwsg4wwsg4wwsg4wwsg4wwsg4wwsg4wwsg4wwsg4wwsg4wwsg4wwsg4wwsg4wwsg4wwsg4wwsg4wwsg4wwsg4wwsg4wwsg4wwsg4wwsg4wwsg4wwsg4wwsg4wwsg4wwsg4wwsg4wwsg4wwsg4wwsg4wwsg4wwsg4wwsg4wwsg4wwsg4wwsg4wwsg4wwsg4wwsg4wwsg4wwsg4wwsg4wwsg4wwsg4wwsg4wwsg4wwsg4wwsg4wwsg4wwsg4wwsg4wwsg4wwsg4wwsg4wwsg4wwsg4wwsg4wwsg4wwsg4wwsg4wwsg4wwsg4wwsg4wwsg4wwsg4wwsg4wwsg4wwsg4wwsg4wwsg4wwsg4wpurdompurdompurdompurdompurdompurdompurdompurdompurdompurdompurdompurdompurdompurdompurdompurdompurdompurdompurdompurdompurdompurdompurdompurdompurdompurdompurdompurdompurdompurdompurdompurdompurdompurdompurdompurdompurdompurdompurdompurdompurdompurdompurdompurdompurdompurdompurdompurdompurdompurdompurdompurdompurdompurdompurdompurdompurdompurdompurdompurdompurdompurdompurdompurdompurdompurdompurdompurdompurdompurdompurdompurdompurdompurdompurdompurdompurdompurdompurdompurdompurdompurdompurdompurdompurdompurdompurdompurdompurdompurdomaf3pjaf3pjaf3pjaf3pjaf3pjaf3pjaf3pjaf3pjaf3pjaf3pjaf3pjaf3pjaf3pjaf3pjaf3pjaf3pjaf3pjaf3pjaf3pjaf3pjaf3pjaf3pjaf3pjaf3pjaf3pjaf3pjaf3pjaf3pjaf3pjaf3pjaf3pjaf3pjaf3pjaf3pjaf3pjaf3pjaf3pjaf3pjaf3pjaf3pjaf3pjaf3pjaf3pjaf3pjaf3pjaf3pjaf3pjaf3pjaf3pjaf3pjaf3pjaf3pjaf3pjaf3pjaf3pjaf3pjaf3pjaf3pjaf3pjaf3pjaf3pjaf3pjaf3pjaf3pjaf3pjaf3pjaf3pjaf3pjaf3pjaf3pjaf3pjaf3pjaf3pjaf3pjaf3pjaf3pjaf3pjaf3pjaf3pjaf3pjaf3pjaf3pjaf3pjaf3pjaf3pjaf3pjaf3pjaf3pjaf3pjaf3pjaf3pjssl2abssl2abssl2abssl2abssl2abssl2abssl2abssl2abssl2abssl2abssl2abssl2abssl2abssl2abssl2abssl2abssl2abssl2abssl2abssl2abssl2abssl2abssl2abssl2abssl2abssl2abssl2abssl2abssl2abssl2abssl2abssl2abssl2abssl2abssl2abssl2abssl2abssl2abssl2abssl2abssl2abssl2abssl2abssl2abssl2abssl2abssl2abssl2abssl2abssl2abssl2abssl2abssl2abssl2abssl2abssl2abssl2abssl2abssl2abssl2abssl2abssl2abssl2abssl2abssl2abssl2abssl2abssl2abssl2abssl2abssl2abssl2abssl2abssl2abssl2abssl2abssl2abssl2abssl2abssl2abssl2abssl2abssl2abssl2abssl2abssl2abssl2abssl2abssl2abssl2abecr6ndecr6ndecr6ndecr6ndecr6ndecr6ndecr6ndecr6ndecr6ndecr6ndecr6ndecr6ndecr6ndecr6ndecr6ndecr6ndecr6ndecr6ndecr6ndecr6ndecr6ndecr6ndecr6ndecr6ndecr6ndecr6ndecr6ndecr6ndecr6ndecr6ndecr6ndecr6ndecr6ndecr6ndecr6ndecr6ndecr6ndecr6ndecr6ndecr6ndecr6ndecr6ndecr6ndecr6ndecr6ndecr6ndecr6ndecr6ndecr6ndecr6ndecr6ndecr6ndecr6ndecr6ndecr6ndecr6ndecr6ndecr6ndecr6ndecr6ndecr6ndecr6ndecr6ndecr6ndecr6ndecr6ndecr6ndecr6ndecr6ndecr6ndecr6ndecr6ndecr6ndecr6ndecr6ndecr6ndecr6ndecr6ndecr6ndecr6ndecr6ndecr6ndecr6ndecr6ndecr6ndecr6ndecr6ndecr6ndecr6ndecr6ndecr6ndpurdompurdompurdompurdompurdompurdompurdompurdompurdompurdompurdompurdompurdompurdompurdompurdompurdompurdompurdompurdompurdompurdompurdompurdompurdompurdompurdompurdompurdompurdompurdompurdompurdompurdompurdompurdompurdompurdompurdompurdompurdompurdompurdompurdompurdompurdompurdompurdompurdompurdompurdompurdompurdompurdompurdompurdompurdompurdompurdompurdompurdompurdompurdompurdompurdompurdompurdompurdompurdompurdompurdompurdompurdompurdompurdompurdompurdompurdompurdompurdompurdompurdompurdompurdompurdompurdompurdompurdompurdompurdomswl5nwswl5nwswl5nwswl5nwswl5nwswl5nwswl5nwswl5nwswl5nwswl5nwswl5nwswl5nwswl5nwswl5nwswl5nwswl5nwswl5nwswl5nwswl5nwswl5nwswl5nwswl5nwswl5nwswl5nwswl5nwswl5nwswl5nwswl5nwswl5nwswl5nwswl5nwswl5nwswl5nwswl5nwswl5nwswl5nwswl5nwswl5nwswl5nwswl5nwswl5nwswl5nwswl5nwswl5nwswl5nwswl5nwswl5nwswl5nwswl5nwswl5nwswl5nwswl5nwswl5nwswl5nwswl5nwswl5nwswl5nwswl5nwswl5nwswl5nwswl5nwswl5nwswl5nwswl5nwswl5nwswl5nwswl5nwswl5nwswl5nwswl5nwswl5nwswl5nwswl5nwswl5nwswl5nwswl5nwswl5nwswl5nwswl5nwswl5nwswl5nwswl5nwswl5nwswl5nwswl5nwswl5nwswl5nwswl5nwswl5nwswl5nwswl5nwwsg4wwsg4wwsg4wwsg4wwsg4wwsg4wwsg4wwsg4wwsg4wwsg4wwsg4wwsg4wwsg4wwsg4wwsg4wwsg4wwsg4wwsg4wwsg4wwsg4wwsg4wwsg4wwsg4wwsg4wwsg4wwsg4wwsg4wwsg4wwsg4wwsg4wwsg4wwsg4wwsg4wwsg4wwsg4wwsg4wwsg4wwsg4wwsg4wwsg4wwsg4wwsg4wwsg4wwsg4wwsg4wwsg4wwsg4wwsg4wwsg4wwsg4wwsg4wwsg4wwsg4wwsg4wwsg4wwsg4wwsg4wwsg4wwsg4wwsg4wwsg4wwsg4wwsg4wwsg4wwsg4wwsg4wwsg4wwsg4wwsg4wwsg4wwsg4wwsg4wwsg4wwsg4wwsg4wwsg4wwsg4wwsg4wwsg4wwsg4wwsg4wwsg4wwsg4wwsg4wwsg4wwsg4wwsg4wwsg4wwsg4wwsg4wwsg4wjng3aujng3aujng3aujng3aujng3aujng3aujng3aujng3aujng3aujng3aujng3aujng3aujng3aujng3aujng3aujng3aujng3aujng3aujng3aujng3aujng3aujng3aujng3aujng3aujng3aujng3aujng3aujng3aujng3aujng3aujng3aujng3aujng3aujng3aujng3aujng3aujng3aujng3aujng3aujng3aujng3aujng3aujng3aujng3aujng3aujng3aujng3aujng3aujng3aujng3aujng3aujng3aujng3aujng3aujng3aujng3aujng3aujng3aujng3aujng3aujng3aujng3aujng3aujng3aujng3aujng3aujng3aujng3aujng3aujng3aujng3aujng3aujng3aujng3aujng3aujng3aujng3aujng3aujng3aujng3aujng3aujng3aujng3aujng3aujng3aujng3aujng3aujng3aujng3aujng3aujng3aubmw9tbmw9tbmw9tbmw9tbmw9tbmw9tbmw9tbmw9tbmw9tbmw9tbmw9tbmw9tbmw9tbmw9tbmw9tbmw9tbmw9tbmw9tbmw9tbmw9tbmw9tbmw9tbmw9tbmw9tbmw9tbmw9tbmw9tbmw9tbmw9tbmw9tbmw9tbmw9tbmw9tbmw9tbmw9tbmw9tbmw9tbmw9tbmw9tbmw9tbmw9tbmw9tbmw9tbmw9tbmw9tbmw9tbmw9tbmw9tbmw9tbmw9tbmw9tbmw9tbmw9tbmw9tbmw9tbmw9tbmw9tbmw9tbmw9tbmw9tbmw9tbmw9tbmw9tbmw9tbmw9tbmw9tbmw9tbmw9tbmw9tbmw9tbmw9tbmw9tbmw9tbmw9tbmw9tbmw9tbmw9tbmw9tbmw9tbmw9tbmw9tbmw9tbmw9tbmw9tbmw9tbmw9tbmw9tbmw9tbmw9tbmw9tlauralauralauralauralauralauralauralauralauralauralauralauralauralauralauralauralauralauralauralauralauralauralauralauralauralauralauralauralauralauralauralauralauralauralauralauralauralauralauralauralauralauralauralauralauralauralauralauralauralauralauralauralauralauralauralauralauralauralauralauralauralauralauralauralauralauralauralauralauralauralauralauralauralauralauralauralauralauralauralauralauralauralauralauralauralauralauralauralauralauralaurasc2wtsc2wtsc2wtsc2wtsc2wtsc2wtsc2wtsc2wtsc2wtsc2wtsc2wtsc2wtsc2wtsc2wtsc2wtsc2wtsc2wtsc2wtsc2wtsc2wtsc2wtsc2wtsc2wtsc2wtsc2wtsc2wtsc2wtsc2wtsc2wtsc2wtsc2wtsc2wtsc2wtsc2wtsc2wtsc2wtsc2wtsc2wtsc2wtsc2wtsc2wtsc2wtsc2wtsc2wtsc2wtsc2wtsc2wtsc2wtsc2wtsc2wtsc2wtsc2wtsc2wtsc2wtsc2wtsc2wtsc2wtsc2wtsc2wtsc2wtsc2wtsc2wtsc2wtsc2wtsc2wtsc2wtsc2wtsc2wtsc2wtsc2wtsc2wtsc2wtsc2wtsc2wtsc2wtsc2wtsc2wtsc2wtsc2wtsc2wtsc2wtsc2wtsc2wtsc2wtsc2wtsc2wtsc2wtsc2wtsc2wtsc2wtsc2wtlauralauralauralauralauralauralauralauralauralauralauralauralauralauralauralauralauralauralauralauralauralauralauralauralauralauralauralauralauralauralauralauralauralauralauralauralauralauralauralauralauralauralauralauralauralauralauralauralauralauralauralauralauralauralauralauralauralauralauralauralauralauralauralauralauralauralauralauralauralauralauralauralauralauralauralauralauralauralauralauralauralauralauralauralauralauralauralauralauralauralaurajg2nkjg2nkjg2nkjg2nkjg2nkjg2nkjg2nkjg2nkjg2nkjg2nkjg2nkjg2nkjg2nkjg2nkjg2nkjg2nkjg2nkjg2nkjg2nkjg2nkjg2nkjg2nkjg2nkjg2nkjg2nkjg2nkjg2nkjg2nkjg2nkjg2nkjg2nkjg2nkjg2nkjg2nkjg2nkjg2nkjg2nkjg2nkjg2nkjg2nkjg2nkjg2nkjg2nkjg2nkjg2nkjg2nkjg2nkjg2nkjg2nkjg2nkjg2nkjg2nkjg2nkjg2nkjg2nkjg2nkjg2nkjg2nkjg2nkjg2nkjg2nkjg2nkjg2nkjg2nkjg2nkjg2nkjg2nkjg2nkjg2nkjg2nkjg2nkjg2nkjg2nkjg2nkjg2nkjg2nkjg2nkjg2nkjg2nkjg2nkjg2nkjg2nkjg2nkjg2nkjg2nkjg2nkjg2nkjg2nkjg2nkjg2nkjg2nkerr8nerr8nerr8nerr8nerr8nerr8nerr8nerr8nerr8nerr8nerr8nerr8nerr8nerr8nerr8nerr8nerr8nerr8nerr8nerr8nerr8nerr8nerr8nerr8nerr8nerr8nerr8nerr8nerr8nerr8nerr8nerr8nerr8nerr8nerr8nerr8nerr8nerr8nerr8nerr8nerr8nerr8nerr8nerr8nerr8nerr8nerr8nerr8nerr8nerr8nerr8nerr8nerr8nerr8nerr8nerr8nerr8nerr8nerr8nerr8nerr8nerr8nerr8nerr8nerr8nerr8nerr8nerr8nerr8nerr8nerr8nerr8nerr8nerr8nerr8nerr8nerr8nerr8nerr8nerr8nerr8nerr8nerr8nerr8nerr8nerr8nerr8nerr8nerr8nerr8nerr8njeremyjeremyjeremyjeremyjeremyjeremyjeremyjeremyjeremyjeremyjeremyjeremyjeremyjeremyjeremyjeremyjeremyjeremyjeremyjeremyjeremyjeremyjeremyjeremyjeremyjeremyjeremyjeremyjeremyjeremyjeremyjeremyjeremyjeremyjeremyjeremyjeremyjeremyjeremyjeremyjeremyjeremyjeremyjeremyjeremyjeremyjeremyjeremyjeremyjeremyjeremyjeremyjeremyjeremyjeremyjeremyjeremyjeremyjeremyjeremyjeremyjeremyjeremyjeremyjeremyjeremyjeremyjeremyjeremyjeremyjeremyjeremyjeremyjeremyjeremyjeremyjeremyjeremyjeremyjeremyjeremyjeremyjeremyjeremyjeremyjeremyjeremyjeremyjeremyjeremylauralauralauralauralauralauralauralauralauralauralauralauralauralauralauralauralauralauralauralauralauralauralauralauralauralauralauralauralauralauralauralauralauralauralauralauralauralauralauralauralauralauralauralauralauralauralauralauralauralauralauralauralauralauralauralauralauralauralauralauralauralauralauralauralauralauralauralauralauralauralauralauralauralauralauralauralauralauralauralauralauralauralauralauralauralauralauralauralauralauralaurarondarondarondarondarondarondarondarondarondarondarondarondarondarondarondarondarondarondarondarondarondarondarondarondarondarondarondarondarondarondarondarondarondarondarondarondarondarondarondarondarondarondarondarondarondarondarondarondarondarondarondarondarondarondarondarondarondarondarondarondarondarondarondarondarondarondarondarondarondarondarondarondarondarondarondarondarondarondarondarondarondarondarondarondarondarondarondarondarondarondassl2abssl2abssl2abssl2abssl2abssl2abssl2abssl2abssl2abssl2abssl2abssl2abssl2abssl2abssl2abssl2abssl2abssl2abssl2abssl2abssl2abssl2abssl2abssl2abssl2abssl2abssl2abssl2abssl2abssl2abssl2abssl2abssl2abssl2abssl2abssl2abssl2abssl2abssl2abssl2abssl2abssl2abssl2abssl2abssl2abssl2abssl2abssl2abssl2abssl2abssl2abssl2abssl2abssl2abssl2abssl2abssl2abssl2abssl2abssl2abssl2abssl2abssl2abssl2abssl2abssl2abssl2abssl2abssl2abssl2abssl2abssl2abssl2abssl2abssl2abssl2abssl2abssl2abssl2abssl2abssl2abssl2abssl2abssl2abssl2abssl2abssl2abssl2abssl2abssl2ablauralauralauralauralauralauralauralauralauralauralauralauralauralauralauralauralauralauralauralauralauralauralauralauralauralauralauralauralauralauralauralauralauralauralauralauralauralauralauralauralauralauralauralauralauralauralauralauralauralauralauralauralauralauralauralauralauralauralauralauralauralauralauralauralauralauralauralauralauralauralauralauralauralauralauralauralauralauralauralauralauralauralauralauralauralauralauralauralauralauralaurapurdompurdompurdompurdompurdompurdompurdompurdompurdompurdompurdompurdompurdompurdompurdompurdompurdompurdompurdompurdompurdompurdompurdompurdompurdompurdompurdompurdompurdompurdompurdompurdompurdompurdompurdompurdompurdompurdompurdompurdompurdompurdompurdompurdompurdompurdompurdompurdompurdompurdompurdompurdompurdompurdompurdompurdompurdompurdompurdompurdompurdompurdompurdompurdompurdompurdompurdompurdompurdompurdompurdompurdompurdompurdompurdompurdompurdompurdompurdompurdompurdompurdompurdompurdompurdompurdompurdompurdompurdompurdomjvs6btjvs6btjvs6btjvs6btjvs6btjvs6btjvs6btjvs6btjvs6btjvs6btjvs6btjvs6btjvs6btjvs6btjvs6btjvs6btjvs6btjvs6btjvs6btjvs6btjvs6btjvs6btjvs6btjvs6btjvs6btjvs6btjvs6btjvs6btjvs6btjvs6btjvs6btjvs6btjvs6btjvs6btjvs6btjvs6btjvs6btjvs6btjvs6btjvs6btjvs6btjvs6btjvs6btjvs6btjvs6btjvs6btjvs6btjvs6btjvs6btjvs6btjvs6btjvs6btjvs6btjvs6btjvs6btjvs6btjvs6btjvs6btjvs6btjvs6btjvs6btjvs6btjvs6btjvs6btjvs6btjvs6btjvs6btjvs6btjvs6btjvs6btjvs6btjvs6btjvs6btjvs6btjvs6btjvs6btjvs6btjvs6btjvs6btjvs6btjvs6btjvs6btjvs6btjvs6btjvs6btjvs6btjvs6btjvs6btjvs6btjvs6btjvs6btammonammonammonammonammonammonammonammonammonammonammonammonammonammonammonammonammonammonammonammonammonammonammonammonammonammonammonammonammonammonammonammonammonammonammonammonammonammonammonammonammonammonammonammonammonammonammonammonammonammonammonammonammonammonammonammonammonammonammonammonammonammonammonammonammonammonammonammonammonammonammonammonammonammonammonammonammonammonammonammonammonammonammonammonammonammonammonammonammonammonwsg4wwsg4wwsg4wwsg4wwsg4wwsg4wwsg4wwsg4wwsg4wwsg4wwsg4wwsg4wwsg4wwsg4wwsg4wwsg4wwsg4wwsg4wwsg4wwsg4wwsg4wwsg4wwsg4wwsg4wwsg4wwsg4wwsg4wwsg4wwsg4wwsg4wwsg4wwsg4wwsg4wwsg4wwsg4wwsg4wwsg4wwsg4wwsg4wwsg4wwsg4wwsg4wwsg4wwsg4wwsg4wwsg4wwsg4wwsg4wwsg4wwsg4wwsg4wwsg4wwsg4wwsg4wwsg4wwsg4wwsg4wwsg4wwsg4wwsg4wwsg4wwsg4wwsg4wwsg4wwsg4wwsg4wwsg4wwsg4wwsg4wwsg4wwsg4wwsg4wwsg4wwsg4wwsg4wwsg4wwsg4wwsg4wwsg4wwsg4wwsg4wwsg4wwsg4wwsg4wwsg4wwsg4wwsg4wwsg4wwsg4wwsg4wwsg4wecr6ndecr6ndecr6ndecr6ndecr6ndecr6ndecr6ndecr6ndecr6ndecr6ndecr6ndecr6ndecr6ndecr6ndecr6ndecr6ndecr6ndecr6ndecr6ndecr6ndecr6ndecr6ndecr6ndecr6ndecr6ndecr6ndecr6ndecr6ndecr6ndecr6ndecr6ndecr6ndecr6ndecr6ndecr6ndecr6ndecr6ndecr6ndecr6ndecr6ndecr6ndecr6ndecr6ndecr6ndecr6ndecr6ndecr6ndecr6ndecr6ndecr6ndecr6ndecr6ndecr6ndecr6ndecr6ndecr6ndecr6ndecr6ndecr6ndecr6ndecr6ndecr6ndecr6ndecr6ndecr6ndecr6ndecr6ndecr6ndecr6ndecr6ndecr6ndecr6ndecr6ndecr6ndecr6ndecr6ndecr6ndecr6ndecr6ndecr6ndecr6ndecr6ndecr6ndecr6ndecr6ndecr6ndecr6ndecr6ndecr6ndecr6ndecr6nddcg6bdcg6bdcg6bdcg6bdcg6bdcg6bdcg6bdcg6bdcg6bdcg6bdcg6bdcg6bdcg6bdcg6bdcg6bdcg6bdcg6bdcg6bdcg6bdcg6bdcg6bdcg6bdcg6bdcg6bdcg6bdcg6bdcg6bdcg6bdcg6bdcg6bdcg6bdcg6bdcg6bdcg6bdcg6bdcg6bdcg6bdcg6bdcg6bdcg6bdcg6bdcg6bdcg6bdcg6bdcg6bdcg6bdcg6bdcg6bdcg6bdcg6bdcg6bdcg6bdcg6bdcg6bdcg6bdcg6bdcg6bdcg6bdcg6bdcg6bdcg6bdcg6bdcg6bdcg6bdcg6bdcg6bdcg6bdcg6bdcg6bdcg6bdcg6bdcg6bdcg6bdcg6bdcg6bdcg6bdcg6bdcg6bdcg6bdcg6bdcg6bdcg6bdcg6bdcg6bdcg6bdcg6bdcg6bdcg6bdcg6bdcg6bdcg6bwsg4wwsg4wwsg4wwsg4wwsg4wwsg4wwsg4wwsg4wwsg4wwsg4wwsg4wwsg4wwsg4wwsg4wwsg4wwsg4wwsg4wwsg4wwsg4wwsg4wwsg4wwsg4wwsg4wwsg4wwsg4wwsg4wwsg4wwsg4wwsg4wwsg4wwsg4wwsg4wwsg4wwsg4wwsg4wwsg4wwsg4wwsg4wwsg4wwsg4wwsg4wwsg4wwsg4wwsg4wwsg4wwsg4wwsg4wwsg4wwsg4wwsg4wwsg4wwsg4wwsg4wwsg4wwsg4wwsg4wwsg4wwsg4wwsg4wwsg4wwsg4wwsg4wwsg4wwsg4wwsg4wwsg4wwsg4wwsg4wwsg4wwsg4wwsg4wwsg4wwsg4wwsg4wwsg4wwsg4wwsg4wwsg4wwsg4wwsg4wwsg4wwsg4wwsg4wwsg4wwsg4wwsg4wwsg4wwsg4wwsg4wwsg4wwsg4wbmw9tbmw9tbmw9tbmw9tbmw9tbmw9tbmw9tbmw9tbmw9tbmw9tbmw9tbmw9tbmw9tbmw9tbmw9tbmw9tbmw9tbmw9tbmw9tbmw9tbmw9tbmw9tbmw9tbmw9tbmw9tbmw9tbmw9tbmw9tbmw9tbmw9tbmw9tbmw9tbmw9tbmw9tbmw9tbmw9tbmw9tbmw9tbmw9tbmw9tbmw9tbmw9tbmw9tbmw9tbmw9tbmw9tbmw9tbmw9tbmw9tbmw9tbmw9tbmw9tbmw9tbmw9tbmw9tbmw9tbmw9tbmw9tbmw9tbmw9tbmw9tbmw9tbmw9tbmw9tbmw9tbmw9tbmw9tbmw9tbmw9tbmw9tbmw9tbmw9tbmw9tbmw9tbmw9tbmw9tbmw9tbmw9tbmw9tbmw9tbmw9tbmw9tbmw9tbmw9tbmw9tbmw9tbmw9tbmw9tbmw9tbmw9tecr6ndecr6ndecr6ndecr6ndecr6ndecr6ndecr6ndecr6ndecr6ndecr6ndecr6ndecr6ndecr6ndecr6ndecr6ndecr6ndecr6ndecr6ndecr6ndecr6ndecr6ndecr6ndecr6ndecr6ndecr6ndecr6ndecr6ndecr6ndecr6ndecr6ndecr6ndecr6ndecr6ndecr6ndecr6ndecr6ndecr6ndecr6ndecr6ndecr6ndecr6ndecr6ndecr6ndecr6ndecr6ndecr6ndecr6ndecr6ndecr6ndecr6ndecr6ndecr6ndecr6ndecr6ndecr6ndecr6ndecr6ndecr6ndecr6ndecr6ndecr6ndecr6ndecr6ndecr6ndecr6ndecr6ndecr6ndecr6ndecr6ndecr6ndecr6ndecr6ndecr6ndecr6ndecr6ndecr6ndecr6ndecr6ndecr6ndecr6ndecr6ndecr6ndecr6ndecr6ndecr6ndecr6ndecr6ndecr6ndecr6ndecr6ndecr6ndjng3aujng3aujng3aujng3aujng3aujng3aujng3aujng3aujng3aujng3aujng3aujng3aujng3aujng3aujng3aujng3aujng3aujng3aujng3aujng3aujng3aujng3aujng3aujng3aujng3aujng3aujng3aujng3aujng3aujng3aujng3aujng3aujng3aujng3aujng3aujng3aujng3aujng3aujng3aujng3aujng3aujng3aujng3aujng3aujng3aujng3aujng3aujng3aujng3aujng3aujng3aujng3aujng3aujng3aujng3aujng3aujng3aujng3aujng3aujng3aujng3aujng3aujng3aujng3aujng3aujng3aujng3aujng3aujng3aujng3aujng3aujng3aujng3aujng3aujng3aujng3aujng3aujng3aujng3aujng3aujng3aujng3aujng3aujng3aujng3aujng3aujng3aujng3aujng3aujng3aujng3aubmw9tbmw9tbmw9tbmw9tbmw9tbmw9tbmw9tbmw9tbmw9tbmw9tbmw9tbmw9tbmw9tbmw9tbmw9tbmw9tbmw9tbmw9tbmw9tbmw9tbmw9tbmw9tbmw9tbmw9tbmw9tbmw9tbmw9tbmw9tbmw9tbmw9tbmw9tbmw9tbmw9tbmw9tbmw9tbmw9tbmw9tbmw9tbmw9tbmw9tbmw9tbmw9tbmw9tbmw9tbmw9tbmw9tbmw9tbmw9tbmw9tbmw9tbmw9tbmw9tbmw9tbmw9tbmw9tbmw9tbmw9tbmw9tbmw9tbmw9tbmw9tbmw9tbmw9tbmw9tbmw9tbmw9tbmw9tbmw9tbmw9tbmw9tbmw9tbmw9tbmw9tbmw9tbmw9tbmw9tbmw9tbmw9tbmw9tbmw9tbmw9tbmw9tbmw9tbmw9tbmw9tbmw9tbmw9tbmw9tbmw9tbmw9tpurdompurdompurdompurdompurdompurdompurdompurdompurdompurdompurdompurdompurdompurdompurdompurdompurdompurdompurdompurdompurdompurdompurdompurdompurdompurdompurdompurdompurdompurdompurdompurdompurdompurdompurdompurdompurdompurdompurdompurdompurdompurdompurdompurdompurdompurdompurdompurdompurdompurdompurdompurdompurdompurdompurdompurdompurdompurdompurdompurdompurdompurdompurdompurdompurdompurdompurdompurdompurdompurdompurdompurdompurdompurdompurdompurdompurdompurdompurdompurdompurdompurdompurdompurdompurdompurdompurdompurdompurdompurdomecr6ndecr6ndecr6ndecr6ndecr6ndecr6ndecr6ndecr6ndecr6ndecr6ndecr6ndecr6ndecr6ndecr6ndecr6ndecr6ndecr6ndecr6ndecr6ndecr6ndecr6ndecr6ndecr6ndecr6ndecr6ndecr6ndecr6ndecr6ndecr6ndecr6ndecr6ndecr6ndecr6ndecr6ndecr6ndecr6ndecr6ndecr6ndecr6ndecr6ndecr6ndecr6ndecr6ndecr6ndecr6ndecr6ndecr6ndecr6ndecr6ndecr6ndecr6ndecr6ndecr6ndecr6ndecr6ndecr6ndecr6ndecr6ndecr6ndecr6ndecr6ndecr6ndecr6ndecr6ndecr6ndecr6ndecr6ndecr6ndecr6ndecr6ndecr6ndecr6ndecr6ndecr6ndecr6ndecr6ndecr6ndecr6ndecr6ndecr6ndecr6ndecr6ndecr6ndecr6ndecr6ndecr6ndecr6ndecr6ndecr6ndecr6ndecr6ndecr6ndecr6ndecr6ndecr6ndecr6ndecr6ndecr6ndecr6ndecr6ndecr6ndecr6ndecr6ndecr6ndecr6ndecr6ndecr6ndecr6ndecr6ndecr6ndecr6ndecr6ndecr6ndecr6ndecr6ndecr6ndecr6ndecr6ndecr6ndecr6ndecr6ndecr6ndecr6ndecr6ndecr6ndecr6ndecr6ndecr6ndecr6ndecr6ndecr6ndecr6ndecr6ndecr6ndecr6ndecr6ndecr6ndecr6ndecr6ndecr6ndecr6ndecr6ndecr6ndecr6ndecr6ndecr6ndecr6ndecr6ndecr6ndecr6ndecr6ndecr6ndecr6ndecr6ndecr6ndecr6ndecr6ndecr6ndecr6ndecr6ndecr6ndecr6ndecr6ndecr6ndecr6ndecr6ndecr6ndecr6ndecr6ndecr6ndecr6ndecr6ndecr6ndecr6ndecr6ndecr6ndecr6ndecr6ndecr6ndecr6ndecr6ndecr6ndecr6ndecr6ndecr6ndecr6ndecr6ndecr6ndecr6ndecr6ndecr6ndecr6ndecr6ndecr6ndecr6ndecr6ndecr6ndecr6ndecr6ndecr6ndecr6ndecr6ndecr6ndecr6ndecr6ndecr6ndecr6ndecr6ndecr6ndecr6ndecr6ndecr6ndecr6ndecr6ndecr6ndecr6ndecr6ndecr6ndecr6ndecr6ndecr6ndecr6ndecr6ndecr6ndecr6ndecr6ndecr6ndecr6ndecr6ndecr6ndecr6ndecr6ndecr6ndecr6ndecr6ndecr6ndecr6ndecr6ndecr6ndecr6ndecr6ndecr6ndecr6ndecr6ndecr6ndecr6ndecr6ndecr6ndecr6ndecr6ndecr6ndecr6ndecr6ndecr6ndecr6ndecr6ndecr6ndecr6ndecr6ndecr6ndecr6ndecr6ndecr6ndecr6ndecr6ndecr6ndecr6ndecr6ndecr6ndecr6ndecr6ndecr6ndecr6ndrondarondarondarondarondarondarondarondarondarondarondarondarondarondarondarondarondarondarondarondarondarondarondarondarondarondarondarondarondarondarondarondarondarondarondarondarondarondarondarondarondarondarondarondarondarondarondarondarondarondarondarondarondarondarondarondarondarondarondarondarondarondarondarondarondarondarondarondarondarondarondarondarondarondarondarondarondarondarondarondarondarondarondarondarondarondarondarondarondarondancb3kancb3kancb3kancb3kancb3kancb3kancb3kancb3kancb3kancb3kancb3kancb3kancb3kancb3kancb3kancb3kancb3kancb3kancb3kancb3kancb3kancb3kancb3kancb3kancb3kancb3kancb3kancb3kancb3kancb3kancb3kancb3kancb3kancb3kancb3kancb3kancb3kancb3kancb3kancb3kancb3kancb3kancb3kancb3kancb3kancb3kancb3kancb3kancb3kancb3kancb3kancb3kancb3kancb3kancb3kancb3kancb3kancb3kancb3kancb3kancb3kancb3kancb3kancb3kancb3kancb3kancb3kancb3kancb3kancb3kancb3kancb3kancb3kancb3kancb3kancb3kancb3kancb3kancb3kancb3kancb3kancb3kancb3kancb3kancb3kancb3kancb3kancb3kancb3kancb3kancb3kammf8bhmmf8bhmmf8bhmmf8bhmmf8bhmmf8bhmmf8bhmmf8bhmmf8bhmmf8bhmmf8bhmmf8bhmmf8bhmmf8bhmmf8bhmmf8bhmmf8bhmmf8bhmmf8bhmmf8bhmmf8bhmmf8bhmmf8bhmmf8bhmmf8bhmmf8bhmmf8bhmmf8bhmmf8bhmmf8bhmmf8bhmmf8bhmmf8bhmmf8bhmmf8bhmmf8bhmmf8bhmmf8bhmmf8bhmmf8bhmmf8bhmmf8bhmmf8bhmmf8bhmmf8bhmmf8bhmmf8bhmmf8bhmmf8bhmmf8bhmmf8bhmmf8bhmmf8bhmmf8bhmmf8bhmmf8bhmmf8bhmmf8bhmmf8bhmmf8bhmmf8bhmmf8bhmmf8bhmmf8bhmmf8bhmmf8bhmmf8bhmmf8bhmmf8bhmmf8bhmmf8bhmmf8bhmmf8bhmmf8bhmmf8bhmmf8bhmmf8bhmmf8bhmmf8bhmmf8bhmmf8bhmmf8bhmmf8bhmmf8bhmmf8bhmmf8bhmmf8bhmmf8bhmmf8bhmmf8bhmmf8bhcdm6zfcdm6zfcdm6zfcdm6zfcdm6zfcdm6zfcdm6zfcdm6zfcdm6zfcdm6zfcdm6zfcdm6zfcdm6zfcdm6zfcdm6zfcdm6zfcdm6zfcdm6zfcdm6zfcdm6zfcdm6zfcdm6zfcdm6zfcdm6zfcdm6zfcdm6zfcdm6zfcdm6zfcdm6zfcdm6zfcdm6zfcdm6zfcdm6zfcdm6zfcdm6zfcdm6zfcdm6zfcdm6zfcdm6zfcdm6zfcdm6zfcdm6zfcdm6zfcdm6zfcdm6zfcdm6zfcdm6zfcdm6zfcdm6zfcdm6zfcdm6zfcdm6zfcdm6zfcdm6zfcdm6zfcdm6zfcdm6zfcdm6zfcdm6zfcdm6zfcdm6zfcdm6zfcdm6zfcdm6zfcdm6zfcdm6zfcdm6zfcdm6zfcdm6zfcdm6zfcdm6zfcdm6zfcdm6zfcdm6zfcdm6zfcdm6zfcdm6zfcdm6zfcdm6zfcdm6zfcdm6zfcdm6zfcdm6zfcdm6zfcdm6zfcdm6zfcdm6zfcdm6zfcdm6zfcdm6zfcdm6zfecr6ndecr6ndecr6ndecr6ndecr6ndecr6ndecr6ndecr6ndecr6ndecr6ndecr6ndecr6ndecr6ndecr6ndecr6ndecr6ndecr6ndecr6ndecr6ndecr6ndecr6ndecr6ndecr6ndecr6ndecr6ndecr6ndecr6ndecr6ndecr6ndecr6ndecr6ndecr6ndecr6ndecr6ndecr6ndecr6ndecr6ndecr6ndecr6ndecr6ndecr6ndecr6ndecr6ndecr6ndecr6ndecr6ndecr6ndecr6ndecr6ndecr6ndecr6ndecr6ndecr6ndecr6ndecr6ndecr6ndecr6ndecr6ndecr6ndecr6ndecr6ndecr6ndecr6ndecr6ndecr6ndecr6ndecr6ndecr6ndecr6ndecr6ndecr6ndecr6ndecr6ndecr6ndecr6ndecr6ndecr6ndecr6ndecr6ndecr6ndecr6ndecr6ndecr6ndecr6ndecr6ndecr6ndecr6ndecr6ndecr6ndecr6ndecr6ndbmw9tbmw9tbmw9tbmw9tbmw9tbmw9tbmw9tbmw9tbmw9tbmw9tbmw9tbmw9tbmw9tbmw9tbmw9tbmw9tbmw9tbmw9tbmw9tbmw9tbmw9tbmw9tbmw9tbmw9tbmw9tbmw9tbmw9tbmw9tbmw9tbmw9tbmw9tbmw9tbmw9tbmw9tbmw9tbmw9tbmw9tbmw9tbmw9tbmw9tbmw9tbmw9tbmw9tbmw9tbmw9tbmw9tbmw9tbmw9tbmw9tbmw9tbmw9tbmw9tbmw9tbmw9tbmw9tbmw9tbmw9tbmw9tbmw9tbmw9tbmw9tbmw9tbmw9tbmw9tbmw9tbmw9tbmw9tbmw9tbmw9tbmw9tbmw9tbmw9tbmw9tbmw9tbmw9tbmw9tbmw9tbmw9tbmw9tbmw9tbmw9tbmw9tbmw9tbmw9tbmw9tbmw9tbmw9tbmw9tbmw9tbmw9tjng3aujng3aujng3aujng3aujng3aujng3aujng3aujng3aujng3aujng3aujng3aujng3aujng3aujng3aujng3aujng3aujng3aujng3aujng3aujng3aujng3aujng3aujng3aujng3aujng3aujng3aujng3aujng3aujng3aujng3aujng3aujng3aujng3aujng3aujng3aujng3aujng3aujng3aujng3aujng3aujng3aujng3aujng3aujng3aujng3aujng3aujng3aujng3aujng3aujng3aujng3aujng3aujng3aujng3aujng3aujng3aujng3aujng3aujng3aujng3aujng3aujng3aujng3aujng3aujng3aujng3aujng3aujng3aujng3aujng3aujng3aujng3aujng3aujng3aujng3aujng3aujng3aujng3aujng3aujng3aujng3aujng3aujng3aujng3aujng3aujng3aujng3aujng3aujng3aujng3aujng3aummf8bhmmf8bhmmf8bhmmf8bhmmf8bhmmf8bhmmf8bhmmf8bhmmf8bhmmf8bhmmf8bhmmf8bhmmf8bhmmf8bhmmf8bhmmf8bhmmf8bhmmf8bhmmf8bhmmf8bhmmf8bhmmf8bhmmf8bhmmf8bhmmf8bhmmf8bhmmf8bhmmf8bhmmf8bhmmf8bhmmf8bhmmf8bhmmf8bhmmf8bhmmf8bhmmf8bhmmf8bhmmf8bhmmf8bhmmf8bhmmf8bhmmf8bhmmf8bhmmf8bhmmf8bhmmf8bhmmf8bhmmf8bhmmf8bhmmf8bhmmf8bhmmf8bhmmf8bhmmf8bhmmf8bhmmf8bhmmf8bhmmf8bhmmf8bhmmf8bhmmf8bhmmf8bhmmf8bhmmf8bhmmf8bhmmf8bhmmf8bhmmf8bhmmf8bhmmf8bhmmf8bhmmf8bhmmf8bhmmf8bhmmf8bhmmf8bhmmf8bhmmf8bhmmf8bhmmf8bhmmf8bhmmf8bhmmf8bhmmf8bhmmf8bhmmf8bhmmf8bhmmf8bhmmf8bhmmf8bhmmf8bhammonammonammonammonammonammonammonammonammonammonammonammonammonammonammonammonammonammonammonammonammonammonammonammonammonammonammonammonammonammonammonammonammonammonammonammonammonammonammonammonammonammonammonammonammonammonammonammonammonammonammonammonammonammonammonammonammonammonammonammonammonammonammonammonammonammonammonammonammonammonammonammonammonammonammonammonammonammonammonammonammonammonammonammonammonammonammonammonammonammonammonammonammonammonammonammonammonammonammonammonammonammonammonammonammonammonammonammonammonammonammonammonammonammonammonammonammonammonammonammonammonammonammonammonammonammonammonammonammonammonammonammonammonammonammonammonammonammonammonammonammonammonammonammonammonammonammonammonammonammonammonammonammonammonammonammonammonammonammonammonammonammonammonammonammonammonammonammonammonammonammonammonammonammonammonammonammonammonammonammonpurdompurdompurdompurdompurdompurdompurdompurdompurdompurdompurdompurdompurdompurdompurdompurdompurdompurdompurdompurdompurdompurdompurdompurdompurdompurdompurdompurdompurdompurdompurdompurdompurdompurdompurdompurdompurdompurdompurdompurdompurdompurdompurdompurdompurdompurdompurdompurdompurdompurdompurdompurdompurdompurdompurdompurdompurdompurdompurdompurdompurdompurdompurdompurdompurdompurdompurdompurdompurdompurdompurdompurdompurdompurdompurdompurdompurdompurdompurdompurdompurdompurdompurdompurdompurdompurdompurdompurdompurdompurdompurdompurdompurdompurdompurdompurdompurdompurdompurdompurdompurdompurdompurdompurdompurdompurdompurdompurdompurdompurdompurdompurdompurdompurdompurdompurdompurdompurdompurdompurdompurdompurdompurdompurdompurdompurdompurdompurdompurdompurdompurdompurdompurdompurdompurdompurdompurdompurdompurdompurdompurdompurdompurdompurdompurdompurdompurdompurdompurdompurdompurdompurdompurdompurdompurdompurdompurdompurdompurdompurdompurdompurdompurdompurdompurdompurdompurdompurdompurdompurdompurdompurdompurdompurdompurdompurdompurdompurdompurdompurdomssl2abssl2abssl2abssl2abssl2abssl2abssl2abssl2abssl2abssl2abssl2abssl2abssl2abssl2abssl2abssl2abssl2abssl2abssl2abssl2abssl2abssl2abssl2abssl2abssl2abssl2abssl2abssl2abssl2abssl2abssl2abssl2abssl2abssl2abssl2abssl2abssl2abssl2abssl2abssl2abssl2abssl2abssl2abssl2abssl2abssl2abssl2abssl2abssl2abssl2abssl2abssl2abssl2abssl2abssl2abssl2abssl2abssl2abssl2abssl2abssl2abssl2abssl2abssl2abssl2abssl2abssl2abssl2abssl2abssl2abssl2abssl2abssl2abssl2abssl2abssl2abssl2abssl2abssl2abssl2abssl2abssl2abssl2abssl2abssl2abssl2abssl2abssl2abssl2abssl2ablauralauralauralauralauralauralauralauralauralauralauralauralauralauralauralauralauralauralauralauralauralauralauralauralauralauralauralauralauralauralauralauralauralauralauralauralauralauralauralauralauralauralauralauralauralauralauralauralauralauralauralauralauralauralauralauralauralauralauralauralauralauralauralauralauralauralauralauralauralauralauralauralauralauralauralauralauralauralauralauralauralauralauralauralauralauralauralauralauralauralaurajng3aujng3aujng3aujng3aujng3aujng3aujng3aujng3aujng3aujng3aujng3aujng3aujng3aujng3aujng3aujng3aujng3aujng3aujng3aujng3aujng3aujng3aujng3aujng3aujng3aujng3aujng3aujng3aujng3aujng3aujng3aujng3aujng3aujng3aujng3aujng3aujng3aujng3aujng3aujng3aujng3aujng3aujng3aujng3aujng3aujng3aujng3aujng3aujng3aujng3aujng3aujng3aujng3aujng3aujng3aujng3aujng3aujng3aujng3aujng3aujng3aujng3aujng3aujng3aujng3aujng3aujng3aujng3aujng3aujng3aujng3aujng3aujng3aujng3aujng3aujng3aujng3aujng3aujng3aujng3aujng3aujng3aujng3aujng3aujng3aujng3aujng3aujng3aujng3aujng3aujng3aujng3aujng3aujng3aujng3aujng3aujng3aujng3aujng3aujng3aujng3aujng3aujng3aujng3aujng3aujng3aujng3aujng3aujng3aujng3aujng3aujng3aujng3aujng3aujng3aujng3aujng3aujng3aujng3aujng3aujng3aujng3aujng3aujng3aujng3aujng3aujng3aujng3aujng3aujng3aujng3aujng3aujng3aujng3aujng3aujng3aujng3aujng3aujng3aujng3aujng3aujng3aujng3aujng3aujng3aujng3aujng3aujng3aujng3aujng3aujng3aujng3aujng3aujng3aujng3aujng3aujng3aujng3aujng3aujng3aujng3aujng3aujng3aujng3aujng3aujng3aujng3aujng3aujng3aujng3aujng3aujng3aujng3aujng3aujng3aujng3aujng3aujng3aujng3aujng3aujng3aujng3aucdm6zfcdm6zfcdm6zfcdm6zfcdm6zfcdm6zfcdm6zfcdm6zfcdm6zfcdm6zfcdm6zfcdm6zfcdm6zfcdm6zfcdm6zfcdm6zfcdm6zfcdm6zfcdm6zfcdm6zfcdm6zfcdm6zfcdm6zfcdm6zfcdm6zfcdm6zfcdm6zfcdm6zfcdm6zfcdm6zfcdm6zfcdm6zfcdm6zfcdm6zfcdm6zfcdm6zfcdm6zfcdm6zfcdm6zfcdm6zfcdm6zfcdm6zfcdm6zfcdm6zfcdm6zfcdm6zfcdm6zfcdm6zfcdm6zfcdm6zfcdm6zfcdm6zfcdm6zfcdm6zfcdm6zfcdm6zfcdm6zfcdm6zfcdm6zfcdm6zfcdm6zfcdm6zfcdm6zfcdm6zfcdm6zfcdm6zfcdm6zfcdm6zfcdm6zfcdm6zfcdm6zfcdm6zfcdm6zfcdm6zfcdm6zfcdm6zfcdm6zfcdm6zfcdm6zfcdm6zfcdm6zfcdm6zfcdm6zfcdm6zfcdm6zfcdm6zfcdm6zfcdm6zfcdm6zfcdm6zfcdm6zfammonammonammonammonammonammonammonammonammonammonammonammonammonammonammonammonammonammonammonammonammonammonammonammonammonammonammonammonammonammonammonammonammonammonammonammonammonammonammonammonammonammonammonammonammonammonammonammonammonammonammonammonammonammonammonammonammonammonammonammonammonammonammonammonammonammonammonammonammonammonammonammonammonammonammonammonammonammonammonammonammonammonammonammonammonammonammonammonammonammonbmw9tbmw9tbmw9tbmw9tbmw9tbmw9tbmw9tbmw9tbmw9tbmw9tbmw9tbmw9tbmw9tbmw9tbmw9tbmw9tbmw9tbmw9tbmw9tbmw9tbmw9tbmw9tbmw9tbmw9tbmw9tbmw9tbmw9tbmw9tbmw9tbmw9tbmw9tbmw9tbmw9tbmw9tbmw9tbmw9tbmw9tbmw9tbmw9tbmw9tbmw9tbmw9tbmw9tbmw9tbmw9tbmw9tbmw9tbmw9tbmw9tbmw9tbmw9tbmw9tbmw9tbmw9tbmw9tbmw9tbmw9tbmw9tbmw9tbmw9tbmw9tbmw9tbmw9tbmw9tbmw9tbmw9tbmw9tbmw9tbmw9tbmw9tbmw9tbmw9tbmw9tbmw9tbmw9tbmw9tbmw9tbmw9tbmw9tbmw9tbmw9tbmw9tbmw9tbmw9tbmw9tbmw9tbmw9tbmw9tbmw9tbmw9tjng3aujng3aujng3aujng3aujng3aujng3aujng3aujng3aujng3aujng3aujng3aujng3aujng3aujng3aujng3aujng3aujng3aujng3aujng3aujng3aujng3aujng3aujng3aujng3aujng3aujng3aujng3aujng3aujng3aujng3aujng3aujng3aujng3aujng3aujng3aujng3aujng3aujng3aujng3aujng3aujng3aujng3aujng3aujng3aujng3aujng3aujng3aujng3aujng3aujng3aujng3aujng3aujng3aujng3aujng3aujng3aujng3aujng3aujng3aujng3aujng3aujng3aujng3aujng3aujng3aujng3aujng3aujng3aujng3aujng3aujng3aujng3aujng3aujng3aujng3aujng3aujng3aujng3aujng3aujng3aujng3aujng3aujng3aujng3aujng3aujng3aujng3aujng3aujng3aujng3aujng3aujng3aujng3aujng3aujng3aujng3aujng3aujng3aujng3aujng3aujng3aujng3aujng3aujng3aujng3aujng3aujng3aujng3aujng3aujng3aujng3aujng3aujng3aujng3aujng3aujng3aujng3aujng3aujng3aujng3aujng3aujng3aujng3aujng3aujng3aujng3aujng3aujng3aujng3aujng3aujng3aujng3aujng3aujng3aujng3aujng3aujng3aujng3aujng3aujng3aujng3aujng3aujng3aujng3aujng3aujng3aujng3aujng3aujng3aujng3aujng3aujng3aujng3aujng3aujng3aujng3aujng3aujng3aujng3aujng3aujng3aujng3aujng3aujng3aujng3aujng3aujng3aujng3aujng3aujng3aujng3aujng3aujng3aujng3aujng3aujng3aujng3aujng3aujng3aujng3aujng3aujng3auKelliKelliKelliKelliKelliKelliKelliKelliKelliKelliKelliKelliKelliKelliKelliKelliKelliKelliKelliKelliKelliKelliKelliKelliKelliKelliKelliKelliKelliKelliKelliKelliKelliKelliKelliKelliKelliKelliKelliKelliKelliKelliKelliKelliKelliKelliKelliKelliKelliKelliKelliKelliKelliKelliKelliKelliKelliKelliKelliKelliKelliKelliKelliKelliKelliKelliKelliKelliKelliKelliKelliKelliKelliKelliKelliKelliKelliKelliKelliKelliKelliKelliKelliKelliKelliKelliKelliKelliKelliKelliKellilauralauralauralauralauralauralauralauralauralauralauralauralauralauralauralauralauralauralauralauralauralauralauralauralauralauralauralauralauralauralauralauralauralauralauralauralauralauralauralauralauralauralauralauralauralauralauralauralauralauralauralauralauralauralauralauralauralauralauralauralauralauralauralauralauralauralauralauralauralauralauralauralauralauralauralauralauralauralauralauralauralauralauralauralauralauralauralauralauralauralauraab6jab6jab6jab6jab6jab6jab6jab6jab6jab6jab6jab6jab6jab6jab6jab6jab6jab6jab6jab6jab6jab6jab6jab6jab6jab6jab6jab6jab6jab6jab6jab6jab6jab6jab6jab6jab6jab6jab6jab6jab6jab6jab6jab6jab6jab6jab6jab6jab6jab6jab6jab6jab6jab6jab6jab6jab6jab6jab6jab6jab6jab6jab6jab6jab6jab6jab6jab6jab6jab6jab6jab6jab6jab6jab6jab6jab6jab6jab6jab6jab6jab6jab6jab6jab6jab6jab6jab6jab6jab6jab6jab6jab6jab6jab6jab6jab6jab6jab6jab6jab6jab6jab6jab6jab6jab6jab6jab6jab6jab6jab6jab6jab6jab6jab6jab6jab6jab6jab6jab6jab6jab6jab6jab6jab6jab6jab6jab6jab6jab6jab6jab6jab6jab6jab6jab6jab6jab6jab6jab6jab6jab6jab6jab6jab6jab6jab6jab6jab6jab6jab6jab6jab6jab6jab6jab6jab6jab6jab6jab6jab6jab6jab6jab6jab6jab6jab6jab6jab6jab6jab6jab6jab6jab6jab6jab6jab6jab6jab6jab6jab6jab6jab6jab6jab6jab6jab6jab6jab6jab6jab6jab6jab6jab6jab6jab6jab6jab6jab6jab6jab6jab6jab6jab6jab6jab6jab6jab6jab6jab6jab6jab6jab6jab6jab6jab6jab6jab6jab6jab6jab6jab6jab6jab6jab6jab6jab6jab6jab6jab6jab6jab6jab6jab6jab6jab6jab6jab6jab6jab6jab6jab6jab6jab6jab6jab6jab6jab6jab6jab6jab6jab6jab6jab6jab6jab6jab6jab6jab6jab6jab6jab6jab6jab6jab6jab6jab6jab6jab6jab6jab6jab6jab6jrondarondarondarondarondarondarondarondarondarondarondarondarondarondarondarondarondarondarondarondarondarondarondarondarondarondarondarondarondarondarondarondarondarondarondarondarondarondarondarondarondarondarondarondarondarondarondarondarondarondarondarondarondarondarondarondarondarondarondarondarondarondarondarondarondarondarondarondarondarondarondarondarondarondarondarondarondarondarondarondarondarondarondarondarondarondarondarondarondarondaammonammonammonammonammonammonammonammonammonammonammonammonammonammonammonammonammonammonammonammonammonammonammonammonammonammonammonammonammonammonammonammonammonammonammonammonammonammonammonammonammonammonammonammonammonammonammonammonammonammonammonammonammonammonammonammonammonammonammonammonammonammonammonammonammonammonammonammonammonammonammonammonammonammonammonammonammonammonammonammonammonammonammonammonammonammonammonammonammonammonerr8nerr8nerr8nerr8nerr8nerr8nerr8nerr8nerr8nerr8nerr8nerr8nerr8nerr8nerr8nerr8nerr8nerr8nerr8nerr8nerr8nerr8nerr8nerr8nerr8nerr8nerr8nerr8nerr8nerr8nerr8nerr8nerr8nerr8nerr8nerr8nerr8nerr8nerr8nerr8nerr8nerr8nerr8nerr8nerr8nerr8nerr8nerr8nerr8nerr8nerr8nerr8nerr8nerr8nerr8nerr8nerr8nerr8nerr8nerr8nerr8nerr8nerr8nerr8nerr8nerr8nerr8nerr8nerr8nerr8nerr8nerr8nerr8nerr8nerr8nerr8nerr8nerr8nerr8nerr8nerr8nerr8nerr8nerr8nerr8nerr8nerr8nerr8nerr8nerr8nerr8ncsb5tcsb5tcsb5tcsb5tcsb5tcsb5tcsb5tcsb5tcsb5tcsb5tcsb5tcsb5tcsb5tcsb5tcsb5tcsb5tcsb5tcsb5tcsb5tcsb5tcsb5tcsb5tcsb5tcsb5tcsb5tcsb5tcsb5tcsb5tcsb5tcsb5tcsb5tcsb5tcsb5tcsb5tcsb5tcsb5tcsb5tcsb5tcsb5tcsb5tcsb5tcsb5tcsb5tcsb5tcsb5tcsb5tcsb5tcsb5tcsb5tcsb5tcsb5tcsb5tcsb5tcsb5tcsb5tcsb5tcsb5tcsb5tcsb5tcsb5tcsb5tcsb5tcsb5tcsb5tcsb5tcsb5tcsb5tcsb5tcsb5tcsb5tcsb5tcsb5tcsb5tcsb5tcsb5tcsb5tcsb5tcsb5tcsb5tcsb5tcsb5tcsb5tcsb5tcsb5tcsb5tcsb5tcsb5tcsb5tcsb5tcsb5tdcg6bdcg6bdcg6bdcg6bdcg6bdcg6bdcg6bdcg6bdcg6bdcg6bdcg6bdcg6bdcg6bdcg6bdcg6bdcg6bdcg6bdcg6bdcg6bdcg6bdcg6bdcg6bdcg6bdcg6bdcg6bdcg6bdcg6bdcg6bdcg6bdcg6bdcg6bdcg6bdcg6bdcg6bdcg6bdcg6bdcg6bdcg6bdcg6bdcg6bdcg6bdcg6bdcg6bdcg6bdcg6bdcg6bdcg6bdcg6bdcg6bdcg6bdcg6bdcg6bdcg6bdcg6bdcg6bdcg6bdcg6bdcg6bdcg6bdcg6bdcg6bdcg6bdcg6bdcg6bdcg6bdcg6bdcg6bdcg6bdcg6bdcg6bdcg6bdcg6bdcg6bdcg6bdcg6bdcg6bdcg6bdcg6bdcg6bdcg6bdcg6bdcg6bdcg6bdcg6bdcg6bdcg6bdcg6bdcg6bdcg6bdcg6bdcg6bab6jab6jab6jab6jab6jab6jab6jab6jab6jab6jab6jab6jab6jab6jab6jab6jab6jab6jab6jab6jab6jab6jab6jab6jab6jab6jab6jab6jab6jab6jab6jab6jab6jab6jab6jab6jab6jab6jab6jab6jab6jab6jab6jab6jab6jab6jab6jab6jab6jab6jab6jab6jab6jab6jab6jab6jab6jab6jab6jab6jab6jab6jab6jab6jab6jab6jab6jab6jab6jab6jab6jab6jab6jab6jab6jab6jab6jab6jab6jab6jab6jab6jab6jab6jab6jab6jab6jab6jab6jab6jab6jab6jab6jab6jab6jab6jab6jab6jab6jab6jab6jab6jab6jab6jab6jab6jab6jab6jab6jab6jab6jab6jab6jab6jab6jab6jab6jab6jab6jab6jab6jab6jab6jab6jab6jab6jab6jab6jab6jab6jab6jab6jab6jab6jab6jab6jab6jab6jab6jab6jab6jab6jab6jab6jab6jab6jab6jab6jab6jab6jab6jab6jab6jab6jab6jab6jab6jab6jab6jab6jab6jab6jab6jab6jab6jab6jab6jab6jab6jab6jab6jab6jab6jab6jab6jab6jab6jab6jab6jab6jab6jab6jammonammonammonammonammonammonammonammonammonammonammonammonammonammonammonammonammonammonammonammonammonammonammonammonammonammonammonammonammonammonammonammonammonammonammonammonammonammonammonammonammonammonammonammonammonammonammonammonammonammonammonammonammonammonammonammonammonammonammonammonammonammonammonammonammonammonammonammonammonammonammonammonammonammonammonammonammonammonammonammonammonammonammonammonammonammonammonammonammonammonch4zsch4zsch4zsch4zsch4zsch4zsch4zsch4zsch4zsch4zsch4zsch4zsch4zsch4zsch4zsch4zsch4zsch4zsch4zsch4zsch4zsch4zsch4zsch4zsch4zsch4zsch4zsch4zsch4zsch4zsch4zsch4zsch4zsch4zsch4zsch4zsch4zsch4zsch4zsch4zsch4zsch4zsch4zsch4zsch4zsch4zsch4zsch4zsch4zsch4zsch4zsch4zsch4zsch4zsch4zsch4zsch4zsch4zsch4zsch4zsch4zsch4zsch4zsch4zsch4zsch4zsch4zsch4zsch4zsch4zsch4zsch4zsch4zsch4zsch4zsch4zsch4zsch4zsch4zsch4zsch4zsch4zsch4zsch4zsch4zsch4zsch4zsch4zsch4zsch4zsch4zsammonammonammonammonammonammonammonammonammonammonammonammonammonammonammonammonammonammonammonammonammonammonammonammonammonammonammonammonammonammonammonammonammonammonammonammonammonammonammonammonammonammonammonammonammonammonammonammonammonammonammonammonammonammonammonammonammonammonammonammonammonammonammonammonammonammonammonammonammonammonammonammonammonammonammonammonammonammonammonammonammonammonammonammonammonammonammonammonammonammonsb3edsb3edsb3edsb3edsb3edsb3edsb3edsb3edsb3edsb3edsb3edsb3edsb3edsb3edsb3edsb3edsb3edsb3edsb3edsb3edsb3edsb3edsb3edsb3edsb3edsb3edsb3edsb3edsb3edsb3edsb3edsb3edsb3edsb3edsb3edsb3edsb3edsb3edsb3edsb3edsb3edsb3edsb3edsb3edsb3edsb3edsb3edsb3edsb3edsb3edsb3edsb3edsb3edsb3edsb3edsb3edsb3edsb3edsb3edsb3edsb3edsb3edsb3edsb3edsb3edsb3edsb3edsb3edsb3edsb3edsb3edsb3edsb3edsb3edsb3edsb3edsb3edsb3edsb3edsb3edsb3edsb3edsb3edsb3edsb3edsb3edsb3edsb3edsb3edsb3edsb3edac6cwac6cwac6cwac6cwac6cwac6cwac6cwac6cwac6cwac6cwac6cwac6cwac6cwac6cwac6cwac6cwac6cwac6cwac6cwac6cwac6cwac6cwac6cwac6cwac6cwac6cwac6cwac6cwac6cwac6cwac6cwac6cwac6cwac6cwac6cwac6cwac6cwac6cwac6cwac6cwac6cwac6cwac6cwac6cwac6cwac6cwac6cwac6cwac6cwac6cwac6cwac6cwac6cwac6cwac6cwac6cwac6cwac6cwac6cwac6cwac6cwac6cwac6cwac6cwac6cwac6cwac6cwac6cwac6cwac6cwac6cwac6cwac6cwac6cwac6cwac6cwac6cwac6cwac6cwac6cwac6cwac6cwac6cwac6cwac6cwac6cwac6cwac6cwac6cwac6cwac6cwjmt5cejmt5cejmt5cejmt5cejmt5cejmt5cejmt5cejmt5cejmt5cejmt5cejmt5cejmt5cejmt5cejmt5cejmt5cejmt5cejmt5cejmt5cejmt5cejmt5cejmt5cejmt5cejmt5cejmt5cejmt5cejmt5cejmt5cejmt5cejmt5cejmt5cejmt5cejmt5cejmt5cejmt5cejmt5cejmt5cejmt5cejmt5cejmt5cejmt5cejmt5cejmt5cejmt5cejmt5cejmt5cejmt5cejmt5cejmt5cejmt5cejmt5cejmt5cejmt5cejmt5cejmt5cejmt5cejmt5cejmt5cejmt5cejmt5cejmt5cejmt5cejmt5cejmt5cejmt5cejmt5cejmt5cejmt5cejmt5cejmt5cejmt5cejmt5cejmt5cejmt5cejmt5cejmt5cejmt5cejmt5cejmt5cejmt5cejmt5cejmt5cejmt5cejmt5cejmt5cejmt5cejmt5cejmt5cejmt5cejmt5cejmt5cejmt5ceadc2dcadc2dcadc2dcadc2dcadc2dcadc2dcadc2dcadc2dcadc2dcadc2dcadc2dcadc2dcadc2dcadc2dcadc2dcadc2dcadc2dcadc2dcadc2dcadc2dcadc2dcadc2dcadc2dcadc2dcadc2dcadc2dcadc2dcadc2dcadc2dcadc2dcadc2dcadc2dcadc2dcadc2dcadc2dcadc2dcadc2dcadc2dcadc2dcadc2dcadc2dcadc2dcadc2dcadc2dcadc2dcadc2dcadc2dcadc2dcadc2dcadc2dcadc2dcadc2dcadc2dcadc2dcadc2dcadc2dcadc2dcadc2dcadc2dcadc2dcadc2dcadc2dcadc2dcadc2dcadc2dcadc2dcadc2dcadc2dcadc2dcadc2dcadc2dcadc2dcadc2dcadc2dcadc2dcadc2dcadc2dcadc2dcadc2dcadc2dcadc2dcadc2dcadc2dcadc2dcadc2dcadc2dcadc2dcadc2dcadc2dcadc2dcadc2dcjb2ztjb2ztjb2ztjb2ztjb2ztjb2ztjb2ztjb2ztjb2ztjb2ztjb2ztjb2ztjb2ztjb2ztjb2ztjb2ztjb2ztjb2ztjb2ztjb2ztjb2ztjb2ztjb2ztjb2ztjb2ztjb2ztjb2ztjb2ztjb2ztjb2ztjb2ztjb2ztjb2ztjb2ztjb2ztjb2ztjb2ztjb2ztjb2ztjb2ztjb2ztjb2ztjb2ztjb2ztjb2ztjb2ztjb2ztjb2ztjb2ztjb2ztjb2ztjb2ztjb2ztjb2ztjb2ztjb2ztjb2ztjb2ztjb2ztjb2ztjb2ztjb2ztjb2ztjb2ztjb2ztjb2ztjb2ztjb2ztjb2ztjb2ztjb2ztjb2ztjb2ztjb2ztjb2ztjb2ztjb2ztjb2ztjb2ztjb2ztjb2ztjb2ztjb2ztjb2ztjb2ztjb2ztjb2ztjb2ztjb2ztjb2ztjb2ztch4zsch4zsch4zsch4zsch4zsch4zsch4zsch4zsch4zsch4zsch4zsch4zsch4zsch4zsch4zsch4zsch4zsch4zsch4zsch4zsch4zsch4zsch4zsch4zsch4zsch4zsch4zsch4zsch4zsch4zsch4zsch4zsch4zsch4zsch4zsch4zsch4zsch4zsch4zsch4zsch4zsch4zsch4zsch4zsch4zsch4zsch4zsch4zsch4zsch4zsch4zsch4zsch4zsch4zsch4zsch4zsch4zsch4zsch4zsch4zsch4zsch4zsch4zsch4zsch4zsch4zsch4zsch4zsch4zsch4zsch4zsch4zsch4zsch4zsch4zsch4zsch4zsch4zsch4zsch4zsch4zsch4zsch4zsch4zsch4zsch4zsch4zsch4zsch4zsch4zsch4zsjmt5cejmt5cejmt5cejmt5cejmt5cejmt5cejmt5cejmt5cejmt5cejmt5cejmt5cejmt5cejmt5cejmt5cejmt5cejmt5cejmt5cejmt5cejmt5cejmt5cejmt5cejmt5cejmt5cejmt5cejmt5cejmt5cejmt5cejmt5cejmt5cejmt5cejmt5cejmt5cejmt5cejmt5cejmt5cejmt5cejmt5cejmt5cejmt5cejmt5cejmt5cejmt5cejmt5cejmt5cejmt5cejmt5cejmt5cejmt5cejmt5cejmt5cejmt5cejmt5cejmt5cejmt5cejmt5cejmt5cejmt5cejmt5cejmt5cejmt5cejmt5cejmt5cejmt5cejmt5cejmt5cejmt5cejmt5cejmt5cejmt5cejmt5cejmt5cejmt5cejmt5cejmt5cejmt5cejmt5cejmt5cejmt5cejmt5cejmt5cejmt5cejmt5cejmt5cejmt5cejmt5cejmt5cejmt5cejmt5cejmt5cejmt5cejmt5cedcg6bdcg6bdcg6bdcg6bdcg6bdcg6bdcg6bdcg6bdcg6bdcg6bdcg6bdcg6bdcg6bdcg6bdcg6bdcg6bdcg6bdcg6bdcg6bdcg6bdcg6bdcg6bdcg6bdcg6bdcg6bdcg6bdcg6bdcg6bdcg6bdcg6bdcg6bdcg6bdcg6bdcg6bdcg6bdcg6bdcg6bdcg6bdcg6bdcg6bdcg6bdcg6bdcg6bdcg6bdcg6bdcg6bdcg6bdcg6bdcg6bdcg6bdcg6bdcg6bdcg6bdcg6bdcg6bdcg6bdcg6bdcg6bdcg6bdcg6bdcg6bdcg6bdcg6bdcg6bdcg6bdcg6bdcg6bdcg6bdcg6bdcg6bdcg6bdcg6bdcg6bdcg6bdcg6bdcg6bdcg6bdcg6bdcg6bdcg6bdcg6bdcg6bdcg6bdcg6bdcg6bdcg6bdcg6bdcg6bdcg6bdcg6bdcg6blauralauralauralauralauralauralauralauralauralauralauralauralauralauralauralauralauralauralauralauralauralauralauralauralauralauralauralauralauralauralauralauralauralauralauralauralauralauralauralauralauralauralauralauralauralauralauralauralauralauralauralauralauralauralauralauralauralauralauralauralauralauralauralauralauralauralauralauralauralauralauralauralauralauralauralauralauralauralauralauralauralauralauralauralauralauralauralauralauralauralauraab6jab6jab6jab6jab6jab6jab6jab6jab6jab6jab6jab6jab6jab6jab6jab6jab6jab6jab6jab6jab6jab6jab6jab6jab6jab6jab6jab6jab6jab6jab6jab6jab6jab6jab6jab6jab6jab6jab6jab6jab6jab6jab6jab6jab6jab6jab6jab6jab6jab6jab6jab6jab6jab6jab6jab6jab6jab6jab6jab6jab6jab6jab6jab6jab6jab6jab6jab6jab6jab6jab6jab6jab6jab6jab6jab6jab6jab6jab6jab6jab6jab6jab6jab6jab6jab6jab6jab6jab6jab6jab6jab6jab6jab6jab6jab6jab6jab6jab6jab6jab6jab6jab6jab6jab6jab6jab6jab6jab6jab6jab6jab6jab6jab6jab6jab6jab6jab6jab6jab6jab6jab6jab6jab6jab6jab6jab6jab6jab6jab6jab6jab6jab6jab6jab6jab6jab6jab6jab6jab6jab6jab6jab6jab6jab6jab6jab6jab6jab6jab6jab6jab6jab6jab6jab6jab6jab6jab6jab6jab6jab6jab6jab6jab6jab6jab6jab6jab6jab6jab6jab6jab6jab6jab6jab6jab6jab6jab6jab6jab6jab6jab6jab6jab6jab6jab6jab6jab6jab6jab6jab6jab6jab6jab6jab6jab6jab6jab6jab6jab6jab6jab6jab6jab6jab6jab6jab6jab6jab6jab6jab6jab6jab6jab6jab6jab6jab6jab6jab6jab6jab6jab6jab6jab6jab6jab6jab6jab6jab6jab6jab6jab6jab6jab6jab6jab6jab6jab6jab6jab6jab6jab6jab6jab6jab6jab6jab6jab6jab6jab6jab6jab6jab6jab6jab6jab6jab6jab6jab6jab6jab6jab6jab6jab6jab6jab6jab6jab6jab6jab6jab6jab6jab6jac6cwac6cwac6cwac6cwac6cwac6cwac6cwac6cwac6cwac6cwac6cwac6cwac6cwac6cwac6cwac6cwac6cwac6cwac6cwac6cwac6cwac6cwac6cwac6cwac6cwac6cwac6cwac6cwac6cwac6cwac6cwac6cwac6cwac6cwac6cwac6cwac6cwac6cwac6cwac6cwac6cwac6cwac6cwac6cwac6cwac6cwac6cwac6cwac6cwac6cwac6cwac6cwac6cwac6cwac6cwac6cwac6cwac6cwac6cwac6cwac6cwac6cwac6cwac6cwac6cwac6cwac6cwac6cwac6cwac6cwac6cwac6cwac6cwac6cwac6cwac6cwac6cwac6cwac6cwac6cwac6cwac6cwac6cwac6cwac6cwac6cwac6cwac6cwac6cwac6cwac6cwab6jab6jab6jab6jab6jab6jab6jab6jab6jab6jab6jab6jab6jab6jab6jab6jab6jab6jab6jab6jab6jab6jab6jab6jab6jab6jab6jab6jab6jab6jab6jab6jab6jab6jab6jab6jab6jab6jab6jab6jab6jab6jab6jab6jab6jab6jab6jab6jab6jab6jab6jab6jab6jab6jab6jab6jab6jab6jab6jab6jab6jab6jab6jab6jab6jab6jab6jab6jab6jab6jab6jab6jab6jab6jab6jab6jab6jab6jab6jab6jab6jab6jab6jab6jab6jab6jab6jab6jab6jab6jab6jab6jab6jab6jab6jab6jab6jab6jab6jab6jab6jab6jab6jab6jab6jab6jab6jab6jab6jab6jab6jab6jab6jab6jab6jab6jab6jab6jab6jab6jab6jab6jab6jab6jab6jab6jab6jab6jab6jab6jab6jab6jab6jab6jab6jab6jab6jab6jab6jab6jab6jab6jab6jab6jab6jab6jab6jab6jab6jab6jab6jab6jab6jab6jab6jab6jab6jab6jab6jab6jab6jab6jab6jab6jab6jab6jab6jab6jab6jab6jab6jab6jab6jab6jab6jab6jab6jab6jab6jab6jab6jab6jamandaamandaamandaamandaamandaamandaamandaamandaamandaamandaamandaamandaamandaamandaamandaamandaamandaamandaamandaamandaamandaamandaamandaamandaamandaamandaamandaamandaamandaamandaamandaamandaamandaamandaamandaamandaamandaamandaamandaamandaamandaamandaamandaamandaamandaamandaamandaamandaamandaamandaamandaamandaamandaamandaamandaamandaamandaamandaamandaamandaamandaamandaamandaamandaamandaamandaamandaamandaamandaamandaamandaamandaamandaamandaamandaamandaamandaamandaamandaamandaamandaamandaamandaamandaamandaamandaamandaamandaamandaamandabmw9tbmw9tbmw9tbmw9tbmw9tbmw9tbmw9tbmw9tbmw9tbmw9tbmw9tbmw9tbmw9tbmw9tbmw9tbmw9tbmw9tbmw9tbmw9tbmw9tbmw9tbmw9tbmw9tbmw9tbmw9tbmw9tbmw9tbmw9tbmw9tbmw9tbmw9tbmw9tbmw9tbmw9tbmw9tbmw9tbmw9tbmw9tbmw9tbmw9tbmw9tbmw9tbmw9tbmw9tbmw9tbmw9tbmw9tbmw9tbmw9tbmw9tbmw9tbmw9tbmw9tbmw9tbmw9tbmw9tbmw9tbmw9tbmw9tbmw9tbmw9tbmw9tbmw9tbmw9tbmw9tbmw9tbmw9tbmw9tbmw9tbmw9tbmw9tbmw9tbmw9tbmw9tbmw9tbmw9tbmw9tbmw9tbmw9tbmw9tbmw9tbmw9tbmw9tbmw9tbmw9tbmw9tbmw9tbmw9tbmw9tbmw9tch4zsch4zsch4zsch4zsch4zsch4zsch4zsch4zsch4zsch4zsch4zsch4zsch4zsch4zsch4zsch4zsch4zsch4zsch4zsch4zsch4zsch4zsch4zsch4zsch4zsch4zsch4zsch4zsch4zsch4zsch4zsch4zsch4zsch4zsch4zsch4zsch4zsch4zsch4zsch4zsch4zsch4zsch4zsch4zsch4zsch4zsch4zsch4zsch4zsch4zsch4zsch4zsch4zsch4zsch4zsch4zsch4zsch4zsch4zsch4zsch4zsch4zsch4zsch4zsch4zsch4zsch4zsch4zsch4zsch4zsch4zsch4zsch4zsch4zsch4zsch4zsch4zsch4zsch4zsch4zsch4zsch4zsch4zsch4zsch4zsch4zsch4zsch4zsch4zsch4zsch4zsac6cwac6cwac6cwac6cwac6cwac6cwac6cwac6cwac6cwac6cwac6cwac6cwac6cwac6cwac6cwac6cwac6cwac6cwac6cwac6cwac6cwac6cwac6cwac6cwac6cwac6cwac6cwac6cwac6cwac6cwac6cwac6cwac6cwac6cwac6cwac6cwac6cwac6cwac6cwac6cwac6cwac6cwac6cwac6cwac6cwac6cwac6cwac6cwac6cwac6cwac6cwac6cwac6cwac6cwac6cwac6cwac6cwac6cwac6cwac6cwac6cwac6cwac6cwac6cwac6cwac6cwac6cwac6cwac6cwac6cwac6cwac6cwac6cwac6cwac6cwac6cwac6cwac6cwac6cwac6cwac6cwac6cwac6cwac6cwac6cwac6cwac6cwac6cwac6cwac6cwac6cwncb3kancb3kancb3kancb3kancb3kancb3kancb3kancb3kancb3kancb3kancb3kancb3kancb3kancb3kancb3kancb3kancb3kancb3kancb3kancb3kancb3kancb3kancb3kancb3kancb3kancb3kancb3kancb3kancb3kancb3kancb3kancb3kancb3kancb3kancb3kancb3kancb3kancb3kancb3kancb3kancb3kancb3kancb3kancb3kancb3kancb3kancb3kancb3kancb3kancb3kancb3kancb3kancb3kancb3kancb3kancb3kancb3kancb3kancb3kancb3kancb3kancb3kancb3kancb3kancb3kancb3kancb3kancb3kancb3kancb3kancb3kancb3kancb3kancb3kancb3kancb3kancb3kancb3kancb3kancb3kancb3kancb3kancb3kancb3kancb3kancb3kancb3kancb3kancb3kancb3kancb3kajmt5cejmt5cejmt5cejmt5cejmt5cejmt5cejmt5cejmt5cejmt5cejmt5cejmt5cejmt5cejmt5cejmt5cejmt5cejmt5cejmt5cejmt5cejmt5cejmt5cejmt5cejmt5cejmt5cejmt5cejmt5cejmt5cejmt5cejmt5cejmt5cejmt5cejmt5cejmt5cejmt5cejmt5cejmt5cejmt5cejmt5cejmt5cejmt5cejmt5cejmt5cejmt5cejmt5cejmt5cejmt5cejmt5cejmt5cejmt5cejmt5cejmt5cejmt5cejmt5cejmt5cejmt5cejmt5cejmt5cejmt5cejmt5cejmt5cejmt5cejmt5cejmt5cejmt5cejmt5cejmt5cejmt5cejmt5cejmt5cejmt5cejmt5cejmt5cejmt5cejmt5cejmt5cejmt5cejmt5cejmt5cejmt5cejmt5cejmt5cejmt5cejmt5cejmt5cejmt5cejmt5cejmt5cejmt5cejmt5cejmt5cejmt5cejmt5cessl2abssl2abssl2abssl2abssl2abssl2abssl2abssl2abssl2abssl2abssl2abssl2abssl2abssl2abssl2abssl2abssl2abssl2abssl2abssl2abssl2abssl2abssl2abssl2abssl2abssl2abssl2abssl2abssl2abssl2abssl2abssl2abssl2abssl2abssl2abssl2abssl2abssl2abssl2abssl2abssl2abssl2abssl2abssl2abssl2abssl2abssl2abssl2abssl2abssl2abssl2abssl2abssl2abssl2abssl2abssl2abssl2abssl2abssl2abssl2abssl2abssl2abssl2abssl2abssl2abssl2abssl2abssl2abssl2abssl2abssl2abssl2abssl2abssl2abssl2abssl2abssl2abssl2abssl2abssl2abssl2abssl2abssl2abssl2abssl2abssl2abssl2abssl2abssl2abssl2abac6cwac6cwac6cwac6cwac6cwac6cwac6cwac6cwac6cwac6cwac6cwac6cwac6cwac6cwac6cwac6cwac6cwac6cwac6cwac6cwac6cwac6cwac6cwac6cwac6cwac6cwac6cwac6cwac6cwac6cwac6cwac6cwac6cwac6cwac6cwac6cwac6cwac6cwac6cwac6cwac6cwac6cwac6cwac6cwac6cwac6cwac6cwac6cwac6cwac6cwac6cwac6cwac6cwac6cwac6cwac6cwac6cwac6cwac6cwac6cwac6cwac6cwac6cwac6cwac6cwac6cwac6cwac6cwac6cwac6cwac6cwac6cwac6cwac6cwac6cwac6cwac6cwac6cwac6cwac6cwac6cwac6cwac6cwac6cwac6cwac6cwac6cwac6cwac6cwac6cwac6cwammonammonammonammonammonammonammonammonammonammonammonammonammonammonammonammonammonammonammonammonammonammonammonammonammonammonammonammonammonammonammonammonammonammonammonammonammonammonammonammonammonammonammonammonammonammonammonammonammonammonammonammonammonammonammonammonammonammonammonammonammonammonammonammonammonammonammonammonammonammonammonammonammonammonammonammonammonammonammonammonammonammonammonammonammonammonammonammonammonammonab6jab6jab6jab6jab6jab6jab6jab6jab6jab6jab6jab6jab6jab6jab6jab6jab6jab6jab6jab6jab6jab6jab6jab6jab6jab6jab6jab6jab6jab6jab6jab6jab6jab6jab6jab6jab6jab6jab6jab6jab6jab6jab6jab6jab6jab6jab6jab6jab6jab6jab6jab6jab6jab6jab6jab6jab6jab6jab6jab6jab6jab6jab6jab6jab6jab6jab6jab6jab6jab6jab6jab6jab6jab6jab6jab6jab6jab6jab6jab6jab6jab6jab6jab6jab6jab6jab6jab6jab6jab6jab6jab6jab6jab6jab6jab6jab6jab6jab6jab6jab6jab6jab6jab6jab6jab6jab6jab6jab6jab6jab6jab6jab6jab6jab6jab6jab6jab6jab6jab6jab6jab6jab6jab6jab6jab6jab6jab6jab6jab6jab6jab6jab6jab6jab6jab6jab6jab6jab6jab6jab6jab6jab6jab6jab6jab6jab6jab6jab6jab6jab6jab6jab6jab6jab6jab6jab6jab6jab6jab6jab6jab6jab6jab6jab6jab6jab6jab6jab6jab6jab6jab6jab6jab6jab6jab6jab6jab6jab6jab6jab6jab6jbmw9tbmw9tbmw9tbmw9tbmw9tbmw9tbmw9tbmw9tbmw9tbmw9tbmw9tbmw9tbmw9tbmw9tbmw9tbmw9tbmw9tbmw9tbmw9tbmw9tbmw9tbmw9tbmw9tbmw9tbmw9tbmw9tbmw9tbmw9tbmw9tbmw9tbmw9tbmw9tbmw9tbmw9tbmw9tbmw9tbmw9tbmw9tbmw9tbmw9tbmw9tbmw9tbmw9tbmw9tbmw9tbmw9tbmw9tbmw9tbmw9tbmw9tbmw9tbmw9tbmw9tbmw9tbmw9tbmw9tbmw9tbmw9tbmw9tbmw9tbmw9tbmw9tbmw9tbmw9tbmw9tbmw9tbmw9tbmw9tbmw9tbmw9tbmw9tbmw9tbmw9tbmw9tbmw9tbmw9tbmw9tbmw9tbmw9tbmw9tbmw9tbmw9tbmw9tbmw9tbmw9tbmw9tbmw9tbmw9tbmw9tbmw9tammonammonammonammonammonammonammonammonammonammonammonammonammonammonammonammonammonammonammonammonammonammonammonammonammonammonammonammonammonammonammonammonammonammonammonammonammonammonammonammonammonammonammonammonammonammonammonammonammonammonammonammonammonammonammonammonammonammonammonammonammonammonammonammonammonammonammonammonammonammonammonammonammonammonammonammonammonammonammonammonammonammonammonammonammonammonammonammonammonammonseb3fxseb3fxseb3fxseb3fxseb3fxseb3fxseb3fxseb3fxseb3fxseb3fxseb3fxseb3fxseb3fxseb3fxseb3fxseb3fxseb3fxseb3fxseb3fxseb3fxseb3fxseb3fxseb3fxseb3fxseb3fxseb3fxseb3fxseb3fxseb3fxseb3fxseb3fxseb3fxseb3fxseb3fxseb3fxseb3fxseb3fxseb3fxseb3fxseb3fxseb3fxseb3fxseb3fxseb3fxseb3fxseb3fxseb3fxseb3fxseb3fxseb3fxseb3fxseb3fxseb3fxseb3fxseb3fxseb3fxseb3fxseb3fxseb3fxseb3fxseb3fxseb3fxseb3fxseb3fxseb3fxseb3fxseb3fxseb3fxseb3fxseb3fxseb3fxseb3fxseb3fxseb3fxseb3fxseb3fxseb3fxseb3fxseb3fxseb3fxseb3fxseb3fxseb3fxseb3fxseb3fxseb3fxseb3fxseb3fxseb3fxseb3fxseb3fxseb3fxseb3fxseb3fxseb3fxseb3fxseb3fxseb3fxseb3fxseb3fxseb3fxseb3fxseb3fxseb3fxseb3fxseb3fxseb3fxseb3fxseb3fxseb3fxseb3fxseb3fxseb3fxseb3fxseb3fxseb3fxseb3fxseb3fxseb3fxseb3fxseb3fxseb3fxseb3fxseb3fxseb3fxseb3fxseb3fxseb3fxseb3fxseb3fxseb3fxseb3fxseb3fxseb3fxseb3fxseb3fxseb3fxseb3fxseb3fxseb3fxseb3fxseb3fxseb3fxseb3fxseb3fxseb3fxseb3fxseb3fxseb3fxseb3fxseb3fxseb3fxseb3fxseb3fxseb3fxseb3fxseb3fxseb3fxseb3fxseb3fxseb3fxseb3fxseb3fxseb3fxseb3fxseb3fxseb3fxseb3fxseb3fxseb3fxseb3fxseb3fxseb3fxseb3fxseb3fxseb3fxseb3fxseb3fxseb3fxseb3fxseb3fxseb3fxamandaamandaamandaamandaamandaamandaamandaamandaamandaamandaamandaamandaamandaamandaamandaamandaamandaamandaamandaamandaamandaamandaamandaamandaamandaamandaamandaamandaamandaamandaamandaamandaamandaamandaamandaamandaamandaamandaamandaamandaamandaamandaamandaamandaamandaamandaamandaamandaamandaamandaamandaamandaamandaamandaamandaamandaamandaamandaamandaamandaamandaamandaamandaamandaamandaamandaamandaamandaamandaamandaamandaamandaamandaamandaamandaamandaamandaamandaamandaamandaamandaamandaamandaamandaamandaamandaamandaamandaamandaamandajpa4qjpa4qjpa4qjpa4qjpa4qjpa4qjpa4qjpa4qjpa4qjpa4qjpa4qjpa4qjpa4qjpa4qjpa4qjpa4qjpa4qjpa4qjpa4qjpa4qjpa4qjpa4qjpa4qjpa4qjpa4qjpa4qjpa4qjpa4qjpa4qjpa4qjpa4qjpa4qjpa4qjpa4qjpa4qjpa4qjpa4qjpa4qjpa4qjpa4qjpa4qjpa4qjpa4qjpa4qjpa4qjpa4qjpa4qjpa4qjpa4qjpa4qjpa4qjpa4qjpa4qjpa4qjpa4qjpa4qjpa4qjpa4qjpa4qjpa4qjpa4qjpa4qjpa4qjpa4qjpa4qjpa4qjpa4qjpa4qjpa4qjpa4qjpa4qjpa4qjpa4qjpa4qjpa4qjpa4qjpa4qjpa4qjpa4qjpa4qjpa4qjpa4qjpa4qjpa4qjpa4qjpa4qjpa4qjpa4qjpa4qjpa4qjpa4qjpa4qjpa4qjpa4qjpa4qjpa4qjpa4qjpa4qjpa4qjpa4qjpa4qjpa4qjpa4qjpa4qjpa4qjpa4qjpa4qjpa4qjpa4qjpa4qjpa4qjpa4qjpa4qjpa4qjpa4qjpa4qjpa4qjpa4qjpa4qjpa4qjpa4qjpa4qjpa4qjpa4qjpa4qjpa4qjpa4qjpa4qjpa4qjpa4qjpa4qjpa4qjpa4qjpa4qjpa4qjpa4qjpa4qjpa4qjpa4qjpa4qjpa4qjpa4qjpa4qjpa4qjpa4qjpa4qjpa4qjpa4qjpa4qjpa4qjpa4qjpa4qjpa4qjpa4qjpa4qjpa4qjpa4qjpa4qjpa4qjpa4qjpa4qjpa4qjpa4qjpa4qjpa4qjpa4qjpa4qjpa4qjpa4qjpa4qjpa4qjpa4qjpa4qjpa4qjpa4qjpa4qjpa4qjpa4qjpa4qjpa4qbmw9tbmw9tbmw9tbmw9tbmw9tbmw9tbmw9tbmw9tbmw9tbmw9tbmw9tbmw9tbmw9tbmw9tbmw9tbmw9tbmw9tbmw9tbmw9tbmw9tbmw9tbmw9tbmw9tbmw9tbmw9tbmw9tbmw9tbmw9tbmw9tbmw9tbmw9tbmw9tbmw9tbmw9tbmw9tbmw9tbmw9tbmw9tbmw9tbmw9tbmw9tbmw9tbmw9tbmw9tbmw9tbmw9tbmw9tbmw9tbmw9tbmw9tbmw9tbmw9tbmw9tbmw9tbmw9tbmw9tbmw9tbmw9tbmw9tbmw9tbmw9tbmw9tbmw9tbmw9tbmw9tbmw9tbmw9tbmw9tbmw9tbmw9tbmw9tbmw9tbmw9tbmw9tbmw9tbmw9tbmw9tbmw9tbmw9tbmw9tbmw9tbmw9tbmw9tbmw9tbmw9tbmw9tbmw9tbmw9tbmw9tbmw9tbmw9tbmw9tbmw9tbmw9tbmw9tbmw9tbmw9tbmw9tbmw9tbmw9tbmw9tbmw9tbmw9tbmw9tbmw9tbmw9tbmw9tbmw9tbmw9tbmw9tbmw9tbmw9tbmw9tbmw9tbmw9tbmw9tbmw9tbmw9tbmw9tbmw9tbmw9tbmw9tbmw9tbmw9tbmw9tbmw9tbmw9tbmw9tbmw9tbmw9tbmw9tbmw9tbmw9tbmw9tbmw9tbmw9tbmw9tbmw9tbmw9tbmw9tbmw9tbmw9tbmw9tbmw9tbmw9tbmw9tbmw9tbmw9tbmw9tbmw9tbmw9tbmw9tbmw9tbmw9tbmw9tbmw9tbmw9tbmw9tbmw9tbmw9tbmw9tbmw9tbmw9tbmw9tbmw9tbmw9tbmw9tbmw9tbmw9tbmw9tbmw9tbmw9tbmw9tbmw9tbmw9tbmw9tbmw9tbmw9tbmw9tbmw9trondarondarondarondarondarondarondarondarondarondarondarondarondarondarondarondarondarondarondarondarondarondarondarondarondarondarondarondarondarondarondarondarondarondarondarondarondarondarondarondarondarondarondarondarondarondarondarondarondarondarondarondarondarondarondarondarondarondarondarondarondarondarondarondarondarondarondarondarondarondarondarondarondarondarondarondarondarondarondarondarondarondarondarondarondarondarondarondarondaronda